Activate fit_env (Python 3.12.13).
Node nid005884 running run_fits.py tracer=LRG1 zerr=verr_nonparam stats=mesh2 mockid=0-24
[000000.01]  06-07 10:10  compute_mesh                 INFO     Received arguments: Namespace(todos=['sample'], version='AbacusHF-v2', cov_version='holi-v3', domain='altmtl', tracers=['LRG1'], mockid='0-24', zerrs=['verr_nonparam'], fits_dir='/global/cfs/cdirs/desi/users/shengyu/Y3/full-shape/redshift_errors/fits', stats=['mesh2', 'mesh3'], kmax='0.300-0.300-0.20-0.08', regions=['ALL'], theory_model='folpsD', prior_basis='physical_aap', cosmo_params='base', sampler='pocomc', nchains=1, resume=False)
[000008.98]  06-07 10:10  jax._src.xla_bridge          ERROR    Jax plugin configuration error: Exception when calling jax_plugins.xla_cuda12.initialize()
Traceback (most recent call last):
  File "/global/homes/s/shengyu/.conda/envs/fit_env/lib/python3.12/site-packages/jax/_src/xla_bridge.py", line 487, in discover_pjrt_plugins
    plugin_module.initialize()
  File "/global/homes/s/shengyu/.conda/envs/fit_env/lib/python3.12/site-packages/jax_plugins/xla_cuda12/__init__.py", line 370, in initialize
    _check_cuda_versions(raise_on_first_error = True)
  File "/global/homes/s/shengyu/.conda/envs/fit_env/lib/python3.12/site-packages/jax_plugins/xla_cuda12/__init__.py", line 274, in _check_cuda_versions
    for d in range(cuda_versions.cuda_device_count())
                   ^^^^^^^^^^^^^^^^^^^^^^^^^^^^^^^^^
RuntimeError: jaxlib/cuda/versions_helpers.cc:135: operation cuInit(0) failed: CUDA_ERROR_NO_DEVICE
[000008.98]  06-07 10:10  jax._src.xla_bridge          ERROR    Jax plugin configuration error: Exception when calling jax_plugins.xla_cuda12.initialize()
Traceback (most recent call last):
  File "/global/homes/s/shengyu/.conda/envs/fit_env/lib/python3.12/site-packages/jax/_src/xla_bridge.py", line 487, in discover_pjrt_plugins
    plugin_module.initialize()
  File "/global/homes/s/shengyu/.conda/envs/fit_env/lib/python3.12/site-packages/jax_plugins/xla_cuda12/__init__.py", line 370, in initialize
    _check_cuda_versions(raise_on_first_error = True)
  File "/global/homes/s/shengyu/.conda/envs/fit_env/lib/python3.12/site-packages/jax_plugins/xla_cuda12/__init__.py", line 274, in _check_cuda_versions
    for d in range(cuda_versions.cuda_device_count())
                   ^^^^^^^^^^^^^^^^^^^^^^^^^^^^^^^^^
RuntimeError: jaxlib/cuda/versions_helpers.cc:135: operation cuInit(0) failed: CUDA_ERROR_NO_DEVICE
[000008.98]  06-07 10:10  jax._src.xla_bridge          ERROR    Jax plugin configuration error: Exception when calling jax_plugins.xla_cuda12.initialize()
Traceback (most recent call last):
  File "/global/homes/s/shengyu/.conda/envs/fit_env/lib/python3.12/site-packages/jax/_src/xla_bridge.py", line 487, in discover_pjrt_plugins
    plugin_module.initialize()
  File "/global/homes/s/shengyu/.conda/envs/fit_env/lib/python3.12/site-packages/jax_plugins/xla_cuda12/__init__.py", line 370, in initialize
    _check_cuda_versions(raise_on_first_error = True)
  File "/global/homes/s/shengyu/.conda/envs/fit_env/lib/python3.12/site-packages/jax_plugins/xla_cuda12/__init__.py", line 274, in _check_cuda_versions
    for d in range(cuda_versions.cuda_device_count())
                   ^^^^^^^^^^^^^^^^^^^^^^^^^^^^^^^^^
RuntimeError: jaxlib/cuda/versions_helpers.cc:135: operation cuInit(0) failed: CUDA_ERROR_NO_DEVICE
[000008.97]  06-07 10:10  jax._src.xla_bridge          ERROR    Jax plugin configuration error: Exception when calling jax_plugins.xla_cuda12.initialize()
Traceback (most recent call last):
  File "/global/homes/s/shengyu/.conda/envs/fit_env/lib/python3.12/site-packages/jax/_src/xla_bridge.py", line 487, in discover_pjrt_plugins
    plugin_module.initialize()
  File "/global/homes/s/shengyu/.conda/envs/fit_env/lib/python3.12/site-packages/jax_plugins/xla_cuda12/__init__.py", line 370, in initialize
    _check_cuda_versions(raise_on_first_error = True)
  File "/global/homes/s/shengyu/.conda/envs/fit_env/lib/python3.12/site-packages/jax_plugins/xla_cuda12/__init__.py", line 274, in _check_cuda_versions
    for d in range(cuda_versions.cuda_device_count())
                   ^^^^^^^^^^^^^^^^^^^^^^^^^^^^^^^^^
RuntimeError: jaxlib/cuda/versions_helpers.cc:135: operation cuInit(0) failed: CUDA_ERROR_NO_DEVICE
[000009.01]  06-07 10:10  jax._src.xla_bridge          INFO     Unable to initialize backend 'tpu': INTERNAL: Failed to open libtpu.so: libtpu.so: cannot open shared object file: No such file or directory
[000008.99]  06-07 10:10  jax._src.xla_bridge          INFO     Unable to initialize backend 'tpu': INTERNAL: Failed to open libtpu.so: libtpu.so: cannot open shared object file: No such file or directory
[000009.00]  06-07 10:10  jax._src.xla_bridge          INFO     Unable to initialize backend 'tpu': INTERNAL: Failed to open libtpu.so: libtpu.so: cannot open shared object file: No such file or directory
[000009.00]  06-07 10:10  jax._src.xla_bridge          INFO     Unable to initialize backend 'tpu': INTERNAL: Failed to open libtpu.so: libtpu.so: cannot open shared object file: No such file or directory
[000015.24]  06-07 10:10  fit_tools                    INFO     Reading data for mesh2 from /global/cfs/cdirs/desi/users/shengyu/galaxies/catalogs/Y3/AbacusHF-v2/altmtl/LRG/mock0/mpspk/mesh2_spectrum_poles_LRG_z0.4-0.6_DR2_v2.0+dv_verr_nonparam.h5
[000015.34]  06-07 10:10  fit_tools                    INFO     Reading data for mesh2 from /global/cfs/cdirs/desi/users/shengyu/galaxies/catalogs/Y3/AbacusHF-v2/altmtl/LRG/mock1/mpspk/mesh2_spectrum_poles_LRG_z0.4-0.6_DR2_v2.0+dv_verr_nonparam.h5
[000015.45]  06-07 10:10  fit_tools                    INFO     Reading data for mesh2 from /global/cfs/cdirs/desi/users/shengyu/galaxies/catalogs/Y3/AbacusHF-v2/altmtl/LRG/mock2/mpspk/mesh2_spectrum_poles_LRG_z0.4-0.6_DR2_v2.0+dv_verr_nonparam.h5
[000015.53]  06-07 10:10  fit_tools                    INFO     Reading data for mesh2 from /global/cfs/cdirs/desi/users/shengyu/galaxies/catalogs/Y3/AbacusHF-v2/altmtl/LRG/mock3/mpspk/mesh2_spectrum_poles_LRG_z0.4-0.6_DR2_v2.0+dv_verr_nonparam.h5
[000015.64]  06-07 10:10  fit_tools                    INFO     Reading data for mesh2 from /global/cfs/cdirs/desi/users/shengyu/galaxies/catalogs/Y3/AbacusHF-v2/altmtl/LRG/mock4/mpspk/mesh2_spectrum_poles_LRG_z0.4-0.6_DR2_v2.0+dv_verr_nonparam.h5
[000015.71]  06-07 10:10  fit_tools                    INFO     Reading data for mesh2 from /global/cfs/cdirs/desi/users/shengyu/galaxies/catalogs/Y3/AbacusHF-v2/altmtl/LRG/mock5/mpspk/mesh2_spectrum_poles_LRG_z0.4-0.6_DR2_v2.0+dv_verr_nonparam.h5
[000015.80]  06-07 10:10  fit_tools                    INFO     Reading data for mesh2 from /global/cfs/cdirs/desi/users/shengyu/galaxies/catalogs/Y3/AbacusHF-v2/altmtl/LRG/mock6/mpspk/mesh2_spectrum_poles_LRG_z0.4-0.6_DR2_v2.0+dv_verr_nonparam.h5
[000015.88]  06-07 10:10  fit_tools                    INFO     Reading data for mesh2 from /global/cfs/cdirs/desi/users/shengyu/galaxies/catalogs/Y3/AbacusHF-v2/altmtl/LRG/mock7/mpspk/mesh2_spectrum_poles_LRG_z0.4-0.6_DR2_v2.0+dv_verr_nonparam.h5
[000015.97]  06-07 10:10  fit_tools                    INFO     Reading data for mesh2 from /global/cfs/cdirs/desi/users/shengyu/galaxies/catalogs/Y3/AbacusHF-v2/altmtl/LRG/mock8/mpspk/mesh2_spectrum_poles_LRG_z0.4-0.6_DR2_v2.0+dv_verr_nonparam.h5
[000016.20]  06-07 10:10  fit_tools                    INFO     Reading data for mesh2 from /global/cfs/cdirs/desi/users/shengyu/galaxies/catalogs/Y3/AbacusHF-v2/altmtl/LRG/mock9/mpspk/mesh2_spectrum_poles_LRG_z0.4-0.6_DR2_v2.0+dv_verr_nonparam.h5
[000016.33]  06-07 10:10  fit_tools                    INFO     Reading data for mesh2 from /global/cfs/cdirs/desi/users/shengyu/galaxies/catalogs/Y3/AbacusHF-v2/altmtl/LRG/mock10/mpspk/mesh2_spectrum_poles_LRG_z0.4-0.6_DR2_v2.0+dv_verr_nonparam.h5
[000016.45]  06-07 10:10  fit_tools                    INFO     Reading data for mesh2 from /global/cfs/cdirs/desi/users/shengyu/galaxies/catalogs/Y3/AbacusHF-v2/altmtl/LRG/mock11/mpspk/mesh2_spectrum_poles_LRG_z0.4-0.6_DR2_v2.0+dv_verr_nonparam.h5
[000016.54]  06-07 10:10  fit_tools                    INFO     Reading data for mesh2 from /global/cfs/cdirs/desi/users/shengyu/galaxies/catalogs/Y3/AbacusHF-v2/altmtl/LRG/mock12/mpspk/mesh2_spectrum_poles_LRG_z0.4-0.6_DR2_v2.0+dv_verr_nonparam.h5
[000016.65]  06-07 10:10  fit_tools                    INFO     Reading data for mesh2 from /global/cfs/cdirs/desi/users/shengyu/galaxies/catalogs/Y3/AbacusHF-v2/altmtl/LRG/mock13/mpspk/mesh2_spectrum_poles_LRG_z0.4-0.6_DR2_v2.0+dv_verr_nonparam.h5
[000016.76]  06-07 10:10  fit_tools                    INFO     Reading data for mesh2 from /global/cfs/cdirs/desi/users/shengyu/galaxies/catalogs/Y3/AbacusHF-v2/altmtl/LRG/mock14/mpspk/mesh2_spectrum_poles_LRG_z0.4-0.6_DR2_v2.0+dv_verr_nonparam.h5
[000016.88]  06-07 10:10  fit_tools                    INFO     Reading data for mesh2 from /global/cfs/cdirs/desi/users/shengyu/galaxies/catalogs/Y3/AbacusHF-v2/altmtl/LRG/mock15/mpspk/mesh2_spectrum_poles_LRG_z0.4-0.6_DR2_v2.0+dv_verr_nonparam.h5
[000016.98]  06-07 10:10  fit_tools                    INFO     Reading data for mesh2 from /global/cfs/cdirs/desi/users/shengyu/galaxies/catalogs/Y3/AbacusHF-v2/altmtl/LRG/mock16/mpspk/mesh2_spectrum_poles_LRG_z0.4-0.6_DR2_v2.0+dv_verr_nonparam.h5
[000017.10]  06-07 10:10  fit_tools                    INFO     Reading data for mesh2 from /global/cfs/cdirs/desi/users/shengyu/galaxies/catalogs/Y3/AbacusHF-v2/altmtl/LRG/mock17/mpspk/mesh2_spectrum_poles_LRG_z0.4-0.6_DR2_v2.0+dv_verr_nonparam.h5
[000017.18]  06-07 10:10  fit_tools                    INFO     Reading data for mesh2 from /global/cfs/cdirs/desi/users/shengyu/galaxies/catalogs/Y3/AbacusHF-v2/altmtl/LRG/mock18/mpspk/mesh2_spectrum_poles_LRG_z0.4-0.6_DR2_v2.0+dv_verr_nonparam.h5
[000017.33]  06-07 10:10  fit_tools                    INFO     Reading data for mesh2 from /global/cfs/cdirs/desi/users/shengyu/galaxies/catalogs/Y3/AbacusHF-v2/altmtl/LRG/mock19/mpspk/mesh2_spectrum_poles_LRG_z0.4-0.6_DR2_v2.0+dv_verr_nonparam.h5
[000017.43]  06-07 10:10  fit_tools                    INFO     Reading data for mesh2 from /global/cfs/cdirs/desi/users/shengyu/galaxies/catalogs/Y3/AbacusHF-v2/altmtl/LRG/mock20/mpspk/mesh2_spectrum_poles_LRG_z0.4-0.6_DR2_v2.0+dv_verr_nonparam.h5
[000017.51]  06-07 10:10  fit_tools                    INFO     Reading data for mesh2 from /global/cfs/cdirs/desi/users/shengyu/galaxies/catalogs/Y3/AbacusHF-v2/altmtl/LRG/mock21/mpspk/mesh2_spectrum_poles_LRG_z0.4-0.6_DR2_v2.0+dv_verr_nonparam.h5
[000017.60]  06-07 10:10  fit_tools                    INFO     Reading data for mesh2 from /global/cfs/cdirs/desi/users/shengyu/galaxies/catalogs/Y3/AbacusHF-v2/altmtl/LRG/mock22/mpspk/mesh2_spectrum_poles_LRG_z0.4-0.6_DR2_v2.0+dv_verr_nonparam.h5
[000017.74]  06-07 10:10  fit_tools                    INFO     Reading data for mesh2 from /global/cfs/cdirs/desi/users/shengyu/galaxies/catalogs/Y3/AbacusHF-v2/altmtl/LRG/mock23/mpspk/mesh2_spectrum_poles_LRG_z0.4-0.6_DR2_v2.0+dv_verr_nonparam.h5
[000017.84]  06-07 10:10  fit_tools                    INFO     Reading data for mesh2 from /global/cfs/cdirs/desi/users/shengyu/galaxies/catalogs/Y3/AbacusHF-v2/altmtl/LRG/mock24/mpspk/mesh2_spectrum_poles_LRG_z0.4-0.6_DR2_v2.0+dv_verr_nonparam.h5
[000017.89]  06-07 10:10  fit_tools                    INFO     Averaged data for mesh2 over 25 mock realizations
[000017.90]  06-07 10:10  fit_tools                    INFO     Reading window for mesh2 from /global/cfs/cdirs/desi/users/shengyu/galaxies/catalogs/Y3/AbacusHF-v2/altmtl/LRG/mock0/mpspk/window_mesh2_spectrum_poles_LRG_z0.4-0.6_DR2_v2.0+dv_verr_nonparam.h5
[000018.06]  06-07 10:10  fit_tools                    INFO     Reading window for mesh2 from /global/cfs/cdirs/desi/users/shengyu/galaxies/catalogs/Y3/AbacusHF-v2/altmtl/LRG/mock1/mpspk/window_mesh2_spectrum_poles_LRG_z0.4-0.6_DR2_v2.0+dv_verr_nonparam.h5
[000018.22]  06-07 10:10  fit_tools                    INFO     Reading window for mesh2 from /global/cfs/cdirs/desi/users/shengyu/galaxies/catalogs/Y3/AbacusHF-v2/altmtl/LRG/mock2/mpspk/window_mesh2_spectrum_poles_LRG_z0.4-0.6_DR2_v2.0+dv_verr_nonparam.h5
[000018.39]  06-07 10:10  fit_tools                    INFO     Reading window for mesh2 from /global/cfs/cdirs/desi/users/shengyu/galaxies/catalogs/Y3/AbacusHF-v2/altmtl/LRG/mock3/mpspk/window_mesh2_spectrum_poles_LRG_z0.4-0.6_DR2_v2.0+dv_verr_nonparam.h5
[000018.55]  06-07 10:10  fit_tools                    INFO     Reading window for mesh2 from /global/cfs/cdirs/desi/users/shengyu/galaxies/catalogs/Y3/AbacusHF-v2/altmtl/LRG/mock4/mpspk/window_mesh2_spectrum_poles_LRG_z0.4-0.6_DR2_v2.0+dv_verr_nonparam.h5
[000018.72]  06-07 10:10  fit_tools                    INFO     Reading window for mesh2 from /global/cfs/cdirs/desi/users/shengyu/galaxies/catalogs/Y3/AbacusHF-v2/altmtl/LRG/mock5/mpspk/window_mesh2_spectrum_poles_LRG_z0.4-0.6_DR2_v2.0+dv_verr_nonparam.h5
[000018.86]  06-07 10:10  fit_tools                    INFO     Reading window for mesh2 from /global/cfs/cdirs/desi/users/shengyu/galaxies/catalogs/Y3/AbacusHF-v2/altmtl/LRG/mock6/mpspk/window_mesh2_spectrum_poles_LRG_z0.4-0.6_DR2_v2.0+dv_verr_nonparam.h5
[000019.00]  06-07 10:10  fit_tools                    INFO     Reading window for mesh2 from /global/cfs/cdirs/desi/users/shengyu/galaxies/catalogs/Y3/AbacusHF-v2/altmtl/LRG/mock7/mpspk/window_mesh2_spectrum_poles_LRG_z0.4-0.6_DR2_v2.0+dv_verr_nonparam.h5
[000019.22]  06-07 10:10  fit_tools                    INFO     Reading window for mesh2 from /global/cfs/cdirs/desi/users/shengyu/galaxies/catalogs/Y3/AbacusHF-v2/altmtl/LRG/mock8/mpspk/window_mesh2_spectrum_poles_LRG_z0.4-0.6_DR2_v2.0+dv_verr_nonparam.h5
[000019.41]  06-07 10:10  fit_tools                    INFO     Reading window for mesh2 from /global/cfs/cdirs/desi/users/shengyu/galaxies/catalogs/Y3/AbacusHF-v2/altmtl/LRG/mock9/mpspk/window_mesh2_spectrum_poles_LRG_z0.4-0.6_DR2_v2.0+dv_verr_nonparam.h5
[000019.58]  06-07 10:10  fit_tools                    INFO     Reading window for mesh2 from /global/cfs/cdirs/desi/users/shengyu/galaxies/catalogs/Y3/AbacusHF-v2/altmtl/LRG/mock10/mpspk/window_mesh2_spectrum_poles_LRG_z0.4-0.6_DR2_v2.0+dv_verr_nonparam.h5
[000019.80]  06-07 10:10  fit_tools                    INFO     Reading window for mesh2 from /global/cfs/cdirs/desi/users/shengyu/galaxies/catalogs/Y3/AbacusHF-v2/altmtl/LRG/mock11/mpspk/window_mesh2_spectrum_poles_LRG_z0.4-0.6_DR2_v2.0+dv_verr_nonparam.h5
[000019.95]  06-07 10:10  fit_tools                    INFO     Reading window for mesh2 from /global/cfs/cdirs/desi/users/shengyu/galaxies/catalogs/Y3/AbacusHF-v2/altmtl/LRG/mock12/mpspk/window_mesh2_spectrum_poles_LRG_z0.4-0.6_DR2_v2.0+dv_verr_nonparam.h5
[000020.12]  06-07 10:10  fit_tools                    INFO     Reading window for mesh2 from /global/cfs/cdirs/desi/users/shengyu/galaxies/catalogs/Y3/AbacusHF-v2/altmtl/LRG/mock13/mpspk/window_mesh2_spectrum_poles_LRG_z0.4-0.6_DR2_v2.0+dv_verr_nonparam.h5
[000020.26]  06-07 10:10  fit_tools                    INFO     Reading window for mesh2 from /global/cfs/cdirs/desi/users/shengyu/galaxies/catalogs/Y3/AbacusHF-v2/altmtl/LRG/mock14/mpspk/window_mesh2_spectrum_poles_LRG_z0.4-0.6_DR2_v2.0+dv_verr_nonparam.h5
[000020.40]  06-07 10:10  fit_tools                    INFO     Reading window for mesh2 from /global/cfs/cdirs/desi/users/shengyu/galaxies/catalogs/Y3/AbacusHF-v2/altmtl/LRG/mock15/mpspk/window_mesh2_spectrum_poles_LRG_z0.4-0.6_DR2_v2.0+dv_verr_nonparam.h5
[000020.55]  06-07 10:10  fit_tools                    INFO     Reading window for mesh2 from /global/cfs/cdirs/desi/users/shengyu/galaxies/catalogs/Y3/AbacusHF-v2/altmtl/LRG/mock16/mpspk/window_mesh2_spectrum_poles_LRG_z0.4-0.6_DR2_v2.0+dv_verr_nonparam.h5
[000020.70]  06-07 10:10  fit_tools                    INFO     Reading window for mesh2 from /global/cfs/cdirs/desi/users/shengyu/galaxies/catalogs/Y3/AbacusHF-v2/altmtl/LRG/mock17/mpspk/window_mesh2_spectrum_poles_LRG_z0.4-0.6_DR2_v2.0+dv_verr_nonparam.h5
[000020.90]  06-07 10:10  fit_tools                    INFO     Reading window for mesh2 from /global/cfs/cdirs/desi/users/shengyu/galaxies/catalogs/Y3/AbacusHF-v2/altmtl/LRG/mock18/mpspk/window_mesh2_spectrum_poles_LRG_z0.4-0.6_DR2_v2.0+dv_verr_nonparam.h5
[000021.05]  06-07 10:10  fit_tools                    INFO     Reading window for mesh2 from /global/cfs/cdirs/desi/users/shengyu/galaxies/catalogs/Y3/AbacusHF-v2/altmtl/LRG/mock19/mpspk/window_mesh2_spectrum_poles_LRG_z0.4-0.6_DR2_v2.0+dv_verr_nonparam.h5
[000021.19]  06-07 10:10  fit_tools                    INFO     Reading window for mesh2 from /global/cfs/cdirs/desi/users/shengyu/galaxies/catalogs/Y3/AbacusHF-v2/altmtl/LRG/mock20/mpspk/window_mesh2_spectrum_poles_LRG_z0.4-0.6_DR2_v2.0+dv_verr_nonparam.h5
[000021.35]  06-07 10:10  fit_tools                    INFO     Reading window for mesh2 from /global/cfs/cdirs/desi/users/shengyu/galaxies/catalogs/Y3/AbacusHF-v2/altmtl/LRG/mock21/mpspk/window_mesh2_spectrum_poles_LRG_z0.4-0.6_DR2_v2.0+dv_verr_nonparam.h5
[000021.51]  06-07 10:10  fit_tools                    INFO     Reading window for mesh2 from /global/cfs/cdirs/desi/users/shengyu/galaxies/catalogs/Y3/AbacusHF-v2/altmtl/LRG/mock22/mpspk/window_mesh2_spectrum_poles_LRG_z0.4-0.6_DR2_v2.0+dv_verr_nonparam.h5
[000021.67]  06-07 10:10  fit_tools                    INFO     Reading window for mesh2 from /global/cfs/cdirs/desi/users/shengyu/galaxies/catalogs/Y3/AbacusHF-v2/altmtl/LRG/mock23/mpspk/window_mesh2_spectrum_poles_LRG_z0.4-0.6_DR2_v2.0+dv_verr_nonparam.h5
[000021.82]  06-07 10:10  fit_tools                    INFO     Reading window for mesh2 from /global/cfs/cdirs/desi/users/shengyu/galaxies/catalogs/Y3/AbacusHF-v2/altmtl/LRG/mock24/mpspk/window_mesh2_spectrum_poles_LRG_z0.4-0.6_DR2_v2.0+dv_verr_nonparam.h5
[000021.97]  06-07 10:10  fit_tools                    INFO     Reading data for mesh3 from /global/cfs/cdirs/desi/users/shengyu/galaxies/catalogs/Y3/AbacusHF-v2/altmtl/LRG/mock0/mpspk/mesh3_spectrum_poles_sugiyama_LRG_z0.4-0.6_DR2_v2.0+dv_verr_nonparam.h5
[000022.03]  06-07 10:10  fit_tools                    INFO     Reading data for mesh3 from /global/cfs/cdirs/desi/users/shengyu/galaxies/catalogs/Y3/AbacusHF-v2/altmtl/LRG/mock1/mpspk/mesh3_spectrum_poles_sugiyama_LRG_z0.4-0.6_DR2_v2.0+dv_verr_nonparam.h5
[000022.12]  06-07 10:10  fit_tools                    INFO     Reading data for mesh3 from /global/cfs/cdirs/desi/users/shengyu/galaxies/catalogs/Y3/AbacusHF-v2/altmtl/LRG/mock2/mpspk/mesh3_spectrum_poles_sugiyama_LRG_z0.4-0.6_DR2_v2.0+dv_verr_nonparam.h5
[000022.16]  06-07 10:10  fit_tools                    INFO     Reading data for mesh3 from /global/cfs/cdirs/desi/users/shengyu/galaxies/catalogs/Y3/AbacusHF-v2/altmtl/LRG/mock3/mpspk/mesh3_spectrum_poles_sugiyama_LRG_z0.4-0.6_DR2_v2.0+dv_verr_nonparam.h5
[000022.20]  06-07 10:10  fit_tools                    INFO     Reading data for mesh3 from /global/cfs/cdirs/desi/users/shengyu/galaxies/catalogs/Y3/AbacusHF-v2/altmtl/LRG/mock4/mpspk/mesh3_spectrum_poles_sugiyama_LRG_z0.4-0.6_DR2_v2.0+dv_verr_nonparam.h5
[000022.24]  06-07 10:10  fit_tools                    INFO     Reading data for mesh3 from /global/cfs/cdirs/desi/users/shengyu/galaxies/catalogs/Y3/AbacusHF-v2/altmtl/LRG/mock5/mpspk/mesh3_spectrum_poles_sugiyama_LRG_z0.4-0.6_DR2_v2.0+dv_verr_nonparam.h5
[000022.28]  06-07 10:10  fit_tools                    INFO     Reading data for mesh3 from /global/cfs/cdirs/desi/users/shengyu/galaxies/catalogs/Y3/AbacusHF-v2/altmtl/LRG/mock6/mpspk/mesh3_spectrum_poles_sugiyama_LRG_z0.4-0.6_DR2_v2.0+dv_verr_nonparam.h5
[000022.31]  06-07 10:10  fit_tools                    INFO     Reading data for mesh3 from /global/cfs/cdirs/desi/users/shengyu/galaxies/catalogs/Y3/AbacusHF-v2/altmtl/LRG/mock7/mpspk/mesh3_spectrum_poles_sugiyama_LRG_z0.4-0.6_DR2_v2.0+dv_verr_nonparam.h5
[000022.35]  06-07 10:10  fit_tools                    INFO     Reading data for mesh3 from /global/cfs/cdirs/desi/users/shengyu/galaxies/catalogs/Y3/AbacusHF-v2/altmtl/LRG/mock8/mpspk/mesh3_spectrum_poles_sugiyama_LRG_z0.4-0.6_DR2_v2.0+dv_verr_nonparam.h5
[000022.39]  06-07 10:10  fit_tools                    INFO     Reading data for mesh3 from /global/cfs/cdirs/desi/users/shengyu/galaxies/catalogs/Y3/AbacusHF-v2/altmtl/LRG/mock9/mpspk/mesh3_spectrum_poles_sugiyama_LRG_z0.4-0.6_DR2_v2.0+dv_verr_nonparam.h5
[000022.44]  06-07 10:10  fit_tools                    INFO     Reading data for mesh3 from /global/cfs/cdirs/desi/users/shengyu/galaxies/catalogs/Y3/AbacusHF-v2/altmtl/LRG/mock10/mpspk/mesh3_spectrum_poles_sugiyama_LRG_z0.4-0.6_DR2_v2.0+dv_verr_nonparam.h5
[000022.50]  06-07 10:10  fit_tools                    INFO     Reading data for mesh3 from /global/cfs/cdirs/desi/users/shengyu/galaxies/catalogs/Y3/AbacusHF-v2/altmtl/LRG/mock11/mpspk/mesh3_spectrum_poles_sugiyama_LRG_z0.4-0.6_DR2_v2.0+dv_verr_nonparam.h5
[000022.56]  06-07 10:10  fit_tools                    INFO     Reading data for mesh3 from /global/cfs/cdirs/desi/users/shengyu/galaxies/catalogs/Y3/AbacusHF-v2/altmtl/LRG/mock12/mpspk/mesh3_spectrum_poles_sugiyama_LRG_z0.4-0.6_DR2_v2.0+dv_verr_nonparam.h5
[000022.59]  06-07 10:10  fit_tools                    INFO     Reading data for mesh3 from /global/cfs/cdirs/desi/users/shengyu/galaxies/catalogs/Y3/AbacusHF-v2/altmtl/LRG/mock13/mpspk/mesh3_spectrum_poles_sugiyama_LRG_z0.4-0.6_DR2_v2.0+dv_verr_nonparam.h5
[000022.65]  06-07 10:10  fit_tools                    INFO     Reading data for mesh3 from /global/cfs/cdirs/desi/users/shengyu/galaxies/catalogs/Y3/AbacusHF-v2/altmtl/LRG/mock14/mpspk/mesh3_spectrum_poles_sugiyama_LRG_z0.4-0.6_DR2_v2.0+dv_verr_nonparam.h5
[000022.67]  06-07 10:10  fit_tools                    INFO     Reading data for mesh3 from /global/cfs/cdirs/desi/users/shengyu/galaxies/catalogs/Y3/AbacusHF-v2/altmtl/LRG/mock15/mpspk/mesh3_spectrum_poles_sugiyama_LRG_z0.4-0.6_DR2_v2.0+dv_verr_nonparam.h5
[000022.71]  06-07 10:10  fit_tools                    INFO     Reading data for mesh3 from /global/cfs/cdirs/desi/users/shengyu/galaxies/catalogs/Y3/AbacusHF-v2/altmtl/LRG/mock16/mpspk/mesh3_spectrum_poles_sugiyama_LRG_z0.4-0.6_DR2_v2.0+dv_verr_nonparam.h5
[000022.77]  06-07 10:10  fit_tools                    INFO     Reading data for mesh3 from /global/cfs/cdirs/desi/users/shengyu/galaxies/catalogs/Y3/AbacusHF-v2/altmtl/LRG/mock17/mpspk/mesh3_spectrum_poles_sugiyama_LRG_z0.4-0.6_DR2_v2.0+dv_verr_nonparam.h5
[000022.81]  06-07 10:10  fit_tools                    INFO     Reading data for mesh3 from /global/cfs/cdirs/desi/users/shengyu/galaxies/catalogs/Y3/AbacusHF-v2/altmtl/LRG/mock18/mpspk/mesh3_spectrum_poles_sugiyama_LRG_z0.4-0.6_DR2_v2.0+dv_verr_nonparam.h5
[000022.88]  06-07 10:10  fit_tools                    INFO     Reading data for mesh3 from /global/cfs/cdirs/desi/users/shengyu/galaxies/catalogs/Y3/AbacusHF-v2/altmtl/LRG/mock19/mpspk/mesh3_spectrum_poles_sugiyama_LRG_z0.4-0.6_DR2_v2.0+dv_verr_nonparam.h5
[000022.93]  06-07 10:10  fit_tools                    INFO     Reading data for mesh3 from /global/cfs/cdirs/desi/users/shengyu/galaxies/catalogs/Y3/AbacusHF-v2/altmtl/LRG/mock20/mpspk/mesh3_spectrum_poles_sugiyama_LRG_z0.4-0.6_DR2_v2.0+dv_verr_nonparam.h5
[000022.99]  06-07 10:10  fit_tools                    INFO     Reading data for mesh3 from /global/cfs/cdirs/desi/users/shengyu/galaxies/catalogs/Y3/AbacusHF-v2/altmtl/LRG/mock21/mpspk/mesh3_spectrum_poles_sugiyama_LRG_z0.4-0.6_DR2_v2.0+dv_verr_nonparam.h5
[000023.09]  06-07 10:10  fit_tools                    INFO     Reading data for mesh3 from /global/cfs/cdirs/desi/users/shengyu/galaxies/catalogs/Y3/AbacusHF-v2/altmtl/LRG/mock22/mpspk/mesh3_spectrum_poles_sugiyama_LRG_z0.4-0.6_DR2_v2.0+dv_verr_nonparam.h5
[000023.43]  06-07 10:10  fit_tools                    INFO     Reading data for mesh3 from /global/cfs/cdirs/desi/users/shengyu/galaxies/catalogs/Y3/AbacusHF-v2/altmtl/LRG/mock23/mpspk/mesh3_spectrum_poles_sugiyama_LRG_z0.4-0.6_DR2_v2.0+dv_verr_nonparam.h5
[000023.47]  06-07 10:10  fit_tools                    INFO     Reading data for mesh3 from /global/cfs/cdirs/desi/users/shengyu/galaxies/catalogs/Y3/AbacusHF-v2/altmtl/LRG/mock24/mpspk/mesh3_spectrum_poles_sugiyama_LRG_z0.4-0.6_DR2_v2.0+dv_verr_nonparam.h5
[000024.22]  06-07 10:10  fit_tools                    INFO     Averaged data for mesh3 over 25 mock realizations
[000024.23]  06-07 10:10  fit_tools                    INFO     Reading window for mesh3 from /global/cfs/cdirs/desi/users/shengyu/galaxies/catalogs/Y3/AbacusHF-v2/altmtl/LRG/mock0/mpspk/window_mesh3_spectrum_poles_sugiyama_LRG_z0.4-0.6_DR2_v2.0+dv_verr_nonparam.h5
[000024.79]  06-07 10:10  fit_tools                    INFO     Reading window for mesh3 from /global/cfs/cdirs/desi/users/shengyu/galaxies/catalogs/Y3/AbacusHF-v2/altmtl/LRG/mock1/mpspk/window_mesh3_spectrum_poles_sugiyama_LRG_z0.4-0.6_DR2_v2.0+dv_verr_nonparam.h5
[000025.20]  06-07 10:10  fit_tools                    INFO     Reading window for mesh3 from /global/cfs/cdirs/desi/users/shengyu/galaxies/catalogs/Y3/AbacusHF-v2/altmtl/LRG/mock2/mpspk/window_mesh3_spectrum_poles_sugiyama_LRG_z0.4-0.6_DR2_v2.0+dv_verr_nonparam.h5
[000025.56]  06-07 10:10  fit_tools                    INFO     Reading window for mesh3 from /global/cfs/cdirs/desi/users/shengyu/galaxies/catalogs/Y3/AbacusHF-v2/altmtl/LRG/mock3/mpspk/window_mesh3_spectrum_poles_sugiyama_LRG_z0.4-0.6_DR2_v2.0+dv_verr_nonparam.h5
[000025.94]  06-07 10:10  fit_tools                    INFO     Reading window for mesh3 from /global/cfs/cdirs/desi/users/shengyu/galaxies/catalogs/Y3/AbacusHF-v2/altmtl/LRG/mock4/mpspk/window_mesh3_spectrum_poles_sugiyama_LRG_z0.4-0.6_DR2_v2.0+dv_verr_nonparam.h5
[000026.40]  06-07 10:10  fit_tools                    INFO     Reading window for mesh3 from /global/cfs/cdirs/desi/users/shengyu/galaxies/catalogs/Y3/AbacusHF-v2/altmtl/LRG/mock5/mpspk/window_mesh3_spectrum_poles_sugiyama_LRG_z0.4-0.6_DR2_v2.0+dv_verr_nonparam.h5
[000026.77]  06-07 10:10  fit_tools                    INFO     Reading window for mesh3 from /global/cfs/cdirs/desi/users/shengyu/galaxies/catalogs/Y3/AbacusHF-v2/altmtl/LRG/mock6/mpspk/window_mesh3_spectrum_poles_sugiyama_LRG_z0.4-0.6_DR2_v2.0+dv_verr_nonparam.h5
[000027.26]  06-07 10:10  fit_tools                    INFO     Reading window for mesh3 from /global/cfs/cdirs/desi/users/shengyu/galaxies/catalogs/Y3/AbacusHF-v2/altmtl/LRG/mock7/mpspk/window_mesh3_spectrum_poles_sugiyama_LRG_z0.4-0.6_DR2_v2.0+dv_verr_nonparam.h5
[000027.63]  06-07 10:10  fit_tools                    INFO     Reading window for mesh3 from /global/cfs/cdirs/desi/users/shengyu/galaxies/catalogs/Y3/AbacusHF-v2/altmtl/LRG/mock8/mpspk/window_mesh3_spectrum_poles_sugiyama_LRG_z0.4-0.6_DR2_v2.0+dv_verr_nonparam.h5
[000028.07]  06-07 10:10  fit_tools                    INFO     Reading window for mesh3 from /global/cfs/cdirs/desi/users/shengyu/galaxies/catalogs/Y3/AbacusHF-v2/altmtl/LRG/mock9/mpspk/window_mesh3_spectrum_poles_sugiyama_LRG_z0.4-0.6_DR2_v2.0+dv_verr_nonparam.h5
[000028.59]  06-07 10:10  fit_tools                    INFO     Reading window for mesh3 from /global/cfs/cdirs/desi/users/shengyu/galaxies/catalogs/Y3/AbacusHF-v2/altmtl/LRG/mock10/mpspk/window_mesh3_spectrum_poles_sugiyama_LRG_z0.4-0.6_DR2_v2.0+dv_verr_nonparam.h5
[000056.16]  06-07 10:11  fit_tools                    INFO     Reading window for mesh3 from /global/cfs/cdirs/desi/users/shengyu/galaxies/catalogs/Y3/AbacusHF-v2/altmtl/LRG/mock11/mpspk/window_mesh3_spectrum_poles_sugiyama_LRG_z0.4-0.6_DR2_v2.0+dv_verr_nonparam.h5
[000056.33]  06-07 10:11  fit_tools                    INFO     Reading window for mesh3 from /global/cfs/cdirs/desi/users/shengyu/galaxies/catalogs/Y3/AbacusHF-v2/altmtl/LRG/mock12/mpspk/window_mesh3_spectrum_poles_sugiyama_LRG_z0.4-0.6_DR2_v2.0+dv_verr_nonparam.h5
[000056.50]  06-07 10:11  fit_tools                    INFO     Reading window for mesh3 from /global/cfs/cdirs/desi/users/shengyu/galaxies/catalogs/Y3/AbacusHF-v2/altmtl/LRG/mock13/mpspk/window_mesh3_spectrum_poles_sugiyama_LRG_z0.4-0.6_DR2_v2.0+dv_verr_nonparam.h5
[000056.65]  06-07 10:11  fit_tools                    INFO     Reading window for mesh3 from /global/cfs/cdirs/desi/users/shengyu/galaxies/catalogs/Y3/AbacusHF-v2/altmtl/LRG/mock14/mpspk/window_mesh3_spectrum_poles_sugiyama_LRG_z0.4-0.6_DR2_v2.0+dv_verr_nonparam.h5
[000056.79]  06-07 10:11  fit_tools                    INFO     Reading window for mesh3 from /global/cfs/cdirs/desi/users/shengyu/galaxies/catalogs/Y3/AbacusHF-v2/altmtl/LRG/mock15/mpspk/window_mesh3_spectrum_poles_sugiyama_LRG_z0.4-0.6_DR2_v2.0+dv_verr_nonparam.h5
[000056.96]  06-07 10:11  fit_tools                    INFO     Reading window for mesh3 from /global/cfs/cdirs/desi/users/shengyu/galaxies/catalogs/Y3/AbacusHF-v2/altmtl/LRG/mock16/mpspk/window_mesh3_spectrum_poles_sugiyama_LRG_z0.4-0.6_DR2_v2.0+dv_verr_nonparam.h5
[000057.13]  06-07 10:11  fit_tools                    INFO     Reading window for mesh3 from /global/cfs/cdirs/desi/users/shengyu/galaxies/catalogs/Y3/AbacusHF-v2/altmtl/LRG/mock17/mpspk/window_mesh3_spectrum_poles_sugiyama_LRG_z0.4-0.6_DR2_v2.0+dv_verr_nonparam.h5
[000057.31]  06-07 10:11  fit_tools                    INFO     Reading window for mesh3 from /global/cfs/cdirs/desi/users/shengyu/galaxies/catalogs/Y3/AbacusHF-v2/altmtl/LRG/mock18/mpspk/window_mesh3_spectrum_poles_sugiyama_LRG_z0.4-0.6_DR2_v2.0+dv_verr_nonparam.h5
[000057.56]  06-07 10:11  fit_tools                    INFO     Reading window for mesh3 from /global/cfs/cdirs/desi/users/shengyu/galaxies/catalogs/Y3/AbacusHF-v2/altmtl/LRG/mock19/mpspk/window_mesh3_spectrum_poles_sugiyama_LRG_z0.4-0.6_DR2_v2.0+dv_verr_nonparam.h5
[000057.97]  06-07 10:11  fit_tools                    INFO     Reading window for mesh3 from /global/cfs/cdirs/desi/users/shengyu/galaxies/catalogs/Y3/AbacusHF-v2/altmtl/LRG/mock20/mpspk/window_mesh3_spectrum_poles_sugiyama_LRG_z0.4-0.6_DR2_v2.0+dv_verr_nonparam.h5
[000058.37]  06-07 10:11  fit_tools                    INFO     Reading window for mesh3 from /global/cfs/cdirs/desi/users/shengyu/galaxies/catalogs/Y3/AbacusHF-v2/altmtl/LRG/mock21/mpspk/window_mesh3_spectrum_poles_sugiyama_LRG_z0.4-0.6_DR2_v2.0+dv_verr_nonparam.h5
[000058.81]  06-07 10:11  fit_tools                    INFO     Reading window for mesh3 from /global/cfs/cdirs/desi/users/shengyu/galaxies/catalogs/Y3/AbacusHF-v2/altmtl/LRG/mock22/mpspk/window_mesh3_spectrum_poles_sugiyama_LRG_z0.4-0.6_DR2_v2.0+dv_verr_nonparam.h5
[000062.82]  06-07 10:11  fit_tools                    INFO     Reading window for mesh3 from /global/cfs/cdirs/desi/users/shengyu/galaxies/catalogs/Y3/AbacusHF-v2/altmtl/LRG/mock23/mpspk/window_mesh3_spectrum_poles_sugiyama_LRG_z0.4-0.6_DR2_v2.0+dv_verr_nonparam.h5
[000063.20]  06-07 10:11  fit_tools                    INFO     Reading window for mesh3 from /global/cfs/cdirs/desi/users/shengyu/galaxies/catalogs/Y3/AbacusHF-v2/altmtl/LRG/mock24/mpspk/window_mesh3_spectrum_poles_sugiyama_LRG_z0.4-0.6_DR2_v2.0+dv_verr_nonparam.h5
[000063.72]  06-07 10:11  fit_tools                    INFO     Writing cached stats /global/cfs/cdirs/desi/users/shengyu/Y3/full-shape/redshift_errors/fits/_cache/prepared_stats/data_LRG1-z0.4-0.6-mean25-S2+LRG1-z0.4-0.6-mean25-S3-23b10db9.h5.
[000071.10]  06-07 10:11  fit_tools                    INFO     Writing cached stats /global/cfs/cdirs/desi/users/shengyu/Y3/full-shape/redshift_errors/fits/_cache/prepared_stats/window_LRG1-z0.4-0.6-mean25-S2+LRG1-z0.4-0.6-mean25-S3-23b10db9.h5.
[000071.75]  06-07 10:11  fit_tools                    INFO     Reading covariance, first matched: /global/cfs/cdirs/desi/users/shengyu/galaxies/catalogs/Y3/holi-v3/altmtl/LRG/mock0/mpspk/mesh2_spectrum_poles_LRG_z0.4-0.6_holi_v3+dv_verr_nonparam.h5
[000194.45]  06-07 10:13  fit_tools                    INFO     Built covariance from 846 mock realizations; shape=(160, 160)
[000194.45]  06-07 10:13  fit_tools                    WARNING  Skipped 154 missing covariance mock files
[000194.45]  06-07 10:13  fit_tools                    INFO     Applied covariance corrections ('hartlap', 'percival') with factor 1.486729, hartlap=0.809467, percival=1.203459, nparams=9
[000194.45]  06-07 10:13  fit_tools                    INFO     Writing cached stats /global/cfs/cdirs/desi/users/shengyu/Y3/full-shape/redshift_errors/fits/_cache/prepared_stats/covariance_LRG1-z0.4-0.6-mean25-S2+LRG1-z0.4-0.6-mean25-S3+cov-mock-holi-v3-25e1ea34.h5.
[000199.67]  06-07 10:13  fit_tools                    WARNING  No redshift found in data attributes; read z=0.510 from the mesh2 window.
[000199.67]  06-07 10:13  fit_tools                    WARNING  No redshift found in data attributes; read z=0.510 from the mesh2 window.
[000199.65]  06-07 10:13  fit_tools                    WARNING  No redshift found in data attributes; read z=0.510 from the mesh2 window.
[000199.66]  06-07 10:13  fit_tools                    WARNING  No redshift found in data attributes; read z=0.510 from the mesh2 window.
⚠️ No GPU found. Using JAX with CPU.
⚠️ No GPU found. Using JAX with CPU.
⚠️ No GPU found. Using JAX with CPU.
⚠️ No GPU found. Using JAX with CPU.
Calculating matrices (no save path specified)
Calculating matrices (no save path specified)
Calculating matrices (no save path specified)
Calculating matrices (no save path specified)
/global/homes/s/shengyu/.conda/envs/fit_env/lib/python3.12/site-packages/cosmoprimo/eisenstein_hu.py:25: UserWarning: EisensteinHuNoWiggleEngine cannot cope with massive neutrinos
  warnings.warn('{} cannot cope with massive neutrinos'.format(self.__class__.__name__))
/global/homes/s/shengyu/.conda/envs/fit_env/lib/python3.12/site-packages/cosmoprimo/eisenstein_hu.py:25: UserWarning: EisensteinHuNoWiggleEngine cannot cope with massive neutrinos
  warnings.warn('{} cannot cope with massive neutrinos'.format(self.__class__.__name__))
/global/homes/s/shengyu/.conda/envs/fit_env/lib/python3.12/site-packages/cosmoprimo/eisenstein_hu.py:25: UserWarning: EisensteinHuNoWiggleEngine cannot cope with massive neutrinos
  warnings.warn('{} cannot cope with massive neutrinos'.format(self.__class__.__name__))
/global/homes/s/shengyu/.conda/envs/fit_env/lib/python3.12/site-packages/cosmoprimo/eisenstein_hu.py:25: UserWarning: EisensteinHuNoWiggleEngine cannot cope with massive neutrinos
  warnings.warn('{} cannot cope with massive neutrinos'.format(self.__class__.__name__))
Calculating matrices (no save path specified)
Calculating matrices (no save path specified)
Calculating matrices (no save path specified)
Calculating matrices (no save path specified)
[000209.00]  06-07 10:13  fit_tools                    INFO     Reading cached emulator /global/cfs/cdirs/desi/users/shengyu/Y3/full-shape/redshift_errors/fits/_cache/emulator_cosmo-base_taylor/emulator_LRG1-z0.4-0.6-mean25-S2-ell0-k0.02-0.30-0.005-ell2-k0.02-0.30-0.005-th-folpsD_1275e3ad.npy
[000208.99]  06-07 10:13  fit_tools                    INFO     Reading cached emulator /global/cfs/cdirs/desi/users/shengyu/Y3/full-shape/redshift_errors/fits/_cache/emulator_cosmo-base_taylor/emulator_LRG1-z0.4-0.6-mean25-S2-ell0-k0.02-0.30-0.005-ell2-k0.02-0.30-0.005-th-folpsD_1275e3ad.npy
[000209.01]  06-07 10:13  fit_tools                    INFO     Reading cached emulator /global/cfs/cdirs/desi/users/shengyu/Y3/full-shape/redshift_errors/fits/_cache/emulator_cosmo-base_taylor/emulator_LRG1-z0.4-0.6-mean25-S2-ell0-k0.02-0.30-0.005-ell2-k0.02-0.30-0.005-th-folpsD_1275e3ad.npy
[000209.00]  06-07 10:13  fit_tools                    INFO     Reading cached emulator /global/cfs/cdirs/desi/users/shengyu/Y3/full-shape/redshift_errors/fits/_cache/emulator_cosmo-base_taylor/emulator_LRG1-z0.4-0.6-mean25-S2-ell0-k0.02-0.30-0.005-ell2-k0.02-0.30-0.005-th-folpsD_1275e3ad.npy
[000208.99]  06-07 10:13  Emulator                     INFO     Loading /global/cfs/cdirs/desi/users/shengyu/Y3/full-shape/redshift_errors/fits/_cache/emulator_cosmo-base_taylor/emulator_LRG1-z0.4-0.6-mean25-S2-ell0-k0.02-0.30-0.005-ell2-k0.02-0.30-0.005-th-folpsD_1275e3ad.npy.
[000209.01]  06-07 10:13  Emulator                     INFO     Loading /global/cfs/cdirs/desi/users/shengyu/Y3/full-shape/redshift_errors/fits/_cache/emulator_cosmo-base_taylor/emulator_LRG1-z0.4-0.6-mean25-S2-ell0-k0.02-0.30-0.005-ell2-k0.02-0.30-0.005-th-folpsD_1275e3ad.npy.
[000209.00]  06-07 10:13  Emulator                     INFO     Loading /global/cfs/cdirs/desi/users/shengyu/Y3/full-shape/redshift_errors/fits/_cache/emulator_cosmo-base_taylor/emulator_LRG1-z0.4-0.6-mean25-S2-ell0-k0.02-0.30-0.005-ell2-k0.02-0.30-0.005-th-folpsD_1275e3ad.npy.
[000209.01]  06-07 10:13  Emulator                     INFO     Loading /global/cfs/cdirs/desi/users/shengyu/Y3/full-shape/redshift_errors/fits/_cache/emulator_cosmo-base_taylor/emulator_LRG1-z0.4-0.6-mean25-S2-ell0-k0.02-0.30-0.005-ell2-k0.02-0.30-0.005-th-folpsD_1275e3ad.npy.
Calculating matrices (no save path specified)
Calculating matrices (no save path specified)
Calculating matrices (no save path specified)
Calculating matrices (no save path specified)
[000214.34]  06-07 10:13  fit_tools                    INFO     Fitting emulator /global/cfs/cdirs/desi/users/shengyu/Y3/full-shape/redshift_errors/fits/_cache/emulator_cosmo-base_taylor/emulator_LRG1-z0.4-0.6-mean25-S3-ell000-k0.02-0.20-0.005-ell202-k0.02-0.08-0.005-th-folpsD_28a94693.npy
[000214.33]  06-07 10:13  fit_tools                    INFO     Fitting emulator /global/cfs/cdirs/desi/users/shengyu/Y3/full-shape/redshift_errors/fits/_cache/emulator_cosmo-base_taylor/emulator_LRG1-z0.4-0.6-mean25-S3-ell000-k0.02-0.20-0.005-ell202-k0.02-0.08-0.005-th-folpsD_28a94693.npy
[000214.32]  06-07 10:13  fit_tools                    INFO     Fitting emulator /global/cfs/cdirs/desi/users/shengyu/Y3/full-shape/redshift_errors/fits/_cache/emulator_cosmo-base_taylor/emulator_LRG1-z0.4-0.6-mean25-S3-ell000-k0.02-0.20-0.005-ell202-k0.02-0.08-0.005-th-folpsD_28a94693.npy
[000214.34]  06-07 10:13  fit_tools                    INFO     Fitting emulator /global/cfs/cdirs/desi/users/shengyu/Y3/full-shape/redshift_errors/fits/_cache/emulator_cosmo-base_taylor/emulator_LRG1-z0.4-0.6-mean25-S3-ell000-k0.02-0.20-0.005-ell202-k0.02-0.08-0.005-th-folpsD_28a94693.npy
Calculating matrices (no save path specified)
Calculating matrices (no save path specified)
Calculating matrices (no save path specified)
Calculating matrices (no save path specified)
[000218.46]  06-07 10:13  Emulator                     INFO     Varied parameters: ['h', 'omega_cdm', 'omega_b', 'logA', 'n_s'].
[000218.46]  06-07 10:13  Emulator                     INFO     Found varying ['H0', 'Omega_m', 'sigma8_m', 'sigma8', 'fsigma8', 'pt-jac', 'pt-kap', 'pt-muap', 'pt-table', 'pt-table_now', 'pt-scalars', 'pt-scalars_now', 'pt-qpar', 'pt-qper', 'pt-f', 'pt-f0', 'pt-pklir'] and fixed ['k', 'z', 'ells', 'wmu', 'kt', 'pt-A_full', 'pt-remove_DeltaP'] outputs.
[000218.79]  06-07 10:13  Differentiation              INFO     Varied parameters: ['h', 'omega_cdm', 'omega_b', 'logA', 'n_s'].
[000220.24]  06-07 10:14  Differentiation              INFO     h grid is [0.6136 0.6436 0.6736 0.7036 0.7336].
[000220.24]  06-07 10:14  Differentiation              INFO     omega_cdm grid is [0.106 0.113 0.12  0.127 0.134].
[000220.24]  06-07 10:14  Differentiation              INFO     omega_b grid is [0.01937 0.02087 0.02237 0.02387 0.02537].
[000220.24]  06-07 10:14  Differentiation              INFO     logA grid is [2.93639426 2.98639426 3.03639426 3.08639426 3.13639426].
[000220.24]  06-07 10:14  Differentiation              INFO     n_s grid is [0.9549 0.9599 0.9649 0.9699 0.9749].
[000220.25]  06-07 10:14  Differentiation              INFO     Differentiation will evaluate 141 points.
[000234.55]  06-07 10:14  Emulator                     INFO     Fitting H0.
[000234.58]  06-07 10:14  Emulator                     INFO     Fitting Omega_m.
[000234.60]  06-07 10:14  Emulator                     INFO     Fitting sigma8_m.
[000234.63]  06-07 10:14  Emulator                     INFO     Fitting sigma8.
[000234.65]  06-07 10:14  Emulator                     INFO     Fitting fsigma8.
[000234.68]  06-07 10:14  Emulator                     INFO     Fitting pt-jac.
[000234.70]  06-07 10:14  Emulator                     INFO     Fitting pt-kap.
[000234.73]  06-07 10:14  Emulator                     INFO     Fitting pt-muap.
[000234.75]  06-07 10:14  Emulator                     INFO     Fitting pt-table.
[000234.78]  06-07 10:14  Emulator                     INFO     Fitting pt-table_now.
[000234.80]  06-07 10:14  Emulator                     INFO     Fitting pt-scalars.
[000234.83]  06-07 10:14  Emulator                     INFO     Fitting pt-scalars_now.
[000234.85]  06-07 10:14  Emulator                     INFO     Fitting pt-qpar.
[000234.88]  06-07 10:14  Emulator                     INFO     Fitting pt-qper.
[000234.90]  06-07 10:14  Emulator                     INFO     Fitting pt-f.
[000234.92]  06-07 10:14  Emulator                     INFO     Fitting pt-f0.
[000234.95]  06-07 10:14  Emulator                     INFO     Fitting pt-pklir.
[000235.06]  06-07 10:14  Emulator                     INFO     Saving /global/cfs/cdirs/desi/users/shengyu/Y3/full-shape/redshift_errors/fits/_cache/emulator_cosmo-base_taylor/emulator_LRG1-z0.4-0.6-mean25-S3-ell000-k0.02-0.20-0.005-ell202-k0.02-0.08-0.005-th-folpsD_28a94693.npy.
[000235.15]  06-07 10:14  BaseConfig                   INFO     Saving /global/cfs/cdirs/desi/users/shengyu/Y3/full-shape/redshift_errors/fits/_cache/emulator_cosmo-base_taylor/emulator_LRG1-z0.4-0.6-mean25-S3-ell000-k0.02-0.20-0.005-ell202-k0.02-0.08-0.005-th-folpsD_28a94693.yaml.
/global/u1/s/shengyu/packages/desilike/desilike/base.py:447: UserWarning: Derived parameter H0 of <desilike.theories.galaxy_clustering.full_shape.FOLPSv2PowerSpectrumMultipoles object at 0x7fa5fc1cd2e0> is already derived in <desilike.theories.galaxy_clustering.full_shape.FOLPSv2PowerSpectrumMultipoles object at 0x7fa5600a6240>.
  if self.mpicomm.rank == 0: warnings.warn(msg)
/global/u1/s/shengyu/packages/desilike/desilike/base.py:447: UserWarning: Derived parameter Omega_m of <desilike.theories.galaxy_clustering.full_shape.FOLPSv2PowerSpectrumMultipoles object at 0x7fa5fc1cd2e0> is already derived in <desilike.theories.galaxy_clustering.full_shape.FOLPSv2PowerSpectrumMultipoles object at 0x7fa5600a6240>.
  if self.mpicomm.rank == 0: warnings.warn(msg)
/global/u1/s/shengyu/packages/desilike/desilike/base.py:447: UserWarning: Derived parameter sigma8_m of <desilike.theories.galaxy_clustering.full_shape.FOLPSv2PowerSpectrumMultipoles object at 0x7fa5fc1cd2e0> is already derived in <desilike.theories.galaxy_clustering.full_shape.FOLPSv2PowerSpectrumMultipoles object at 0x7fa5600a6240>.
  if self.mpicomm.rank == 0: warnings.warn(msg)
[000235.42]  06-07 10:14  PocoMCSampler                INFO     Varied parameters: ['h', 'omega_cdm', 'omega_b', 'logA', 'n_s', 'LRG1.b1p', 'LRG1.b2p', 'LRG1.bsp', 'LRG1.c1p', 'LRG1.c2p', 'LRG1.Pshotp', 'LRG1.Bshotp', 'LRG1.X_FoG_bp', 'LRG1.X_FoG_pp'].
[None]
[000299.63]  06-07 10:15  PocoMCSampler                INFO     Successfully vmap input likelihood.
[000305.54]  06-07 10:15  PocoMCSampler                INFO     Successfully jit input likelihood.
Saving PMC state to /global/cfs/cdirs/desi/users/shengyu/Y3/full-shape/redshift_errors/fits/cosmo-base_LRG1-z0.4-0.6-mean25-S2+LRG1-z0.4-0.6-mean25-S3-37538776/chain_0.pocomc.state
[000564.49]  06-07 10:19  Chain                        INFO     Saving /global/cfs/cdirs/desi/users/shengyu/Y3/full-shape/redshift_errors/fits/cosmo-base_LRG1-z0.4-0.6-mean25-S2+LRG1-z0.4-0.6-mean25-S3-37538776/chain_0.npy.
[000564.62]  06-07 10:19  PocoMCSampler                INFO     Diagnostics:
[000564.66]  06-07 10:19  Diagnostics                  INFO     - max eigen Gelman-Rubin - 1 is 0.285; not < 0.03.
[000564.69]  06-07 10:19  Diagnostics                  INFO     - max diag Gelman-Rubin - 1 is 0.159.
[000564.90]  06-07 10:19  Diagnostics                  INFO     - max diag Gelman-Rubin - 1 at 1.0 sigmas is 0.377.
[000564.92]  06-07 10:19  Diagnostics                  INFO     - max Geweke is 0.335.
[000564.92]  06-07 10:19  Diagnostics                  INFO     - Geweke p-value is 0.0265.
[000565.46]  06-07 10:19  Diagnostics                  INFO     - effective sample size = (10 iterations / integrated autocorrelation time) is 15.
Saving PMC state to /global/cfs/cdirs/desi/users/shengyu/Y3/full-shape/redshift_errors/fits/cosmo-base_LRG1-z0.4-0.6-mean25-S2+LRG1-z0.4-0.6-mean25-S3-37538776/chain_0.pocomc.state
[000882.72]  06-07 10:25  Chain                        INFO     Saving /global/cfs/cdirs/desi/users/shengyu/Y3/full-shape/redshift_errors/fits/cosmo-base_LRG1-z0.4-0.6-mean25-S2+LRG1-z0.4-0.6-mean25-S3-37538776/chain_0.npy.
[000882.81]  06-07 10:25  PocoMCSampler                INFO     Diagnostics:
[000882.85]  06-07 10:25  Diagnostics                  INFO     - max eigen Gelman-Rubin - 1 is 0.363; not < 0.03.
[000882.89]  06-07 10:25  Diagnostics                  INFO     - max diag Gelman-Rubin - 1 is 0.203.
[000883.22]  06-07 10:25  Diagnostics                  INFO     - max diag Gelman-Rubin - 1 at 1.0 sigmas is 0.287.
[000883.24]  06-07 10:25  Diagnostics                  INFO     - max Geweke is 0.45.
[000883.24]  06-07 10:25  Diagnostics                  INFO     - Geweke p-value is 3.6e-11.
[000883.78]  06-07 10:25  Diagnostics                  INFO     - effective sample size = (20 iterations / integrated autocorrelation time) is 15.3.
[000883.78]  06-07 10:25  Diagnostics                  INFO     - max variation of integrated autocorrelation time is 0.573.
Saving PMC state to /global/cfs/cdirs/desi/users/shengyu/Y3/full-shape/redshift_errors/fits/cosmo-base_LRG1-z0.4-0.6-mean25-S2+LRG1-z0.4-0.6-mean25-S3-37538776/chain_0.pocomc.state
[001267.67]  06-07 10:31  Chain                        INFO     Saving /global/cfs/cdirs/desi/users/shengyu/Y3/full-shape/redshift_errors/fits/cosmo-base_LRG1-z0.4-0.6-mean25-S2+LRG1-z0.4-0.6-mean25-S3-37538776/chain_0.npy.
[001267.74]  06-07 10:31  PocoMCSampler                INFO     Diagnostics:
[001267.78]  06-07 10:31  Diagnostics                  INFO     - max eigen Gelman-Rubin - 1 is 0.3; not < 0.03.
[001267.81]  06-07 10:31  Diagnostics                  INFO     - max diag Gelman-Rubin - 1 is 0.22.
[001268.23]  06-07 10:31  Diagnostics                  INFO     - max diag Gelman-Rubin - 1 at 1.0 sigmas is 0.28.
[001268.26]  06-07 10:31  Diagnostics                  INFO     - max Geweke is 0.278.
[001268.26]  06-07 10:31  Diagnostics                  INFO     - Geweke p-value is 0.0543.
[001268.80]  06-07 10:31  Diagnostics                  INFO     - effective sample size = (30 iterations / integrated autocorrelation time) is 18.4.
[001268.80]  06-07 10:31  Diagnostics                  INFO     - max variation of integrated autocorrelation time is 0.295.
Saving PMC state to /global/cfs/cdirs/desi/users/shengyu/Y3/full-shape/redshift_errors/fits/cosmo-base_LRG1-z0.4-0.6-mean25-S2+LRG1-z0.4-0.6-mean25-S3-37538776/chain_0.pocomc.state
[001611.60]  06-07 10:37  Chain                        INFO     Saving /global/cfs/cdirs/desi/users/shengyu/Y3/full-shape/redshift_errors/fits/cosmo-base_LRG1-z0.4-0.6-mean25-S2+LRG1-z0.4-0.6-mean25-S3-37538776/chain_0.npy.
[001611.70]  06-07 10:37  PocoMCSampler                INFO     Diagnostics:
[001611.74]  06-07 10:37  Diagnostics                  INFO     - max eigen Gelman-Rubin - 1 is 0.725; not < 0.03.
[001611.78]  06-07 10:37  Diagnostics                  INFO     - max diag Gelman-Rubin - 1 is 0.339.
[001612.01]  06-07 10:37  Diagnostics                  INFO     - max diag Gelman-Rubin - 1 at 1.0 sigmas is 0.644.
[001612.03]  06-07 10:37  Diagnostics                  INFO     - max Geweke is 0.352.
[001612.03]  06-07 10:37  Diagnostics                  INFO     - Geweke p-value is 7.87e-05.
[001612.58]  06-07 10:37  Diagnostics                  INFO     - effective sample size = (40 iterations / integrated autocorrelation time) is 14.7.
[001612.58]  06-07 10:37  Diagnostics                  INFO     - max variation of integrated autocorrelation time is 0.535.
Saving PMC state to /global/cfs/cdirs/desi/users/shengyu/Y3/full-shape/redshift_errors/fits/cosmo-base_LRG1-z0.4-0.6-mean25-S2+LRG1-z0.4-0.6-mean25-S3-37538776/chain_0.pocomc.state
[002012.55]  06-07 10:43  Chain                        INFO     Saving /global/cfs/cdirs/desi/users/shengyu/Y3/full-shape/redshift_errors/fits/cosmo-base_LRG1-z0.4-0.6-mean25-S2+LRG1-z0.4-0.6-mean25-S3-37538776/chain_0.npy.
[002012.64]  06-07 10:43  PocoMCSampler                INFO     Diagnostics:
[002012.68]  06-07 10:43  Diagnostics                  INFO     - max eigen Gelman-Rubin - 1 is 1.35; not < 0.03.
[002012.72]  06-07 10:43  Diagnostics                  INFO     - max diag Gelman-Rubin - 1 is 0.404.
[002012.97]  06-07 10:43  Diagnostics                  INFO     - max diag Gelman-Rubin - 1 at 1.0 sigmas is 1.17.
[002013.00]  06-07 10:43  Diagnostics                  INFO     - max Geweke is 0.367.
[002013.00]  06-07 10:43  Diagnostics                  INFO     - Geweke p-value is 0.000296.
[002013.54]  06-07 10:43  Diagnostics                  INFO     - effective sample size = (50 iterations / integrated autocorrelation time) is 12.1.
[002013.54]  06-07 10:43  Diagnostics                  INFO     - max variation of integrated autocorrelation time is 0.497.
Saving PMC state to /global/cfs/cdirs/desi/users/shengyu/Y3/full-shape/redshift_errors/fits/cosmo-base_LRG1-z0.4-0.6-mean25-S2+LRG1-z0.4-0.6-mean25-S3-37538776/chain_0.pocomc.state
[002361.00]  06-07 10:49  Chain                        INFO     Saving /global/cfs/cdirs/desi/users/shengyu/Y3/full-shape/redshift_errors/fits/cosmo-base_LRG1-z0.4-0.6-mean25-S2+LRG1-z0.4-0.6-mean25-S3-37538776/chain_0.npy.
[002361.20]  06-07 10:49  PocoMCSampler                INFO     Diagnostics:
[002361.24]  06-07 10:49  Diagnostics                  INFO     - max eigen Gelman-Rubin - 1 is 1.95; not < 0.03.
[002361.28]  06-07 10:49  Diagnostics                  INFO     - max diag Gelman-Rubin - 1 is 0.734.
[002361.41]  06-07 10:49  Diagnostics                  INFO     - max diag Gelman-Rubin - 1 at 1.0 sigmas is 2.09.
[002361.43]  06-07 10:49  Diagnostics                  INFO     - max Geweke is 0.565.
[002361.44]  06-07 10:49  Diagnostics                  INFO     - Geweke p-value is 3.31e-08.
[002361.98]  06-07 10:49  Diagnostics                  INFO     - effective sample size = (60 iterations / integrated autocorrelation time) is 10.
[002361.98]  06-07 10:49  Diagnostics                  INFO     - max variation of integrated autocorrelation time is 0.589.
Saving PMC state to /global/cfs/cdirs/desi/users/shengyu/Y3/full-shape/redshift_errors/fits/cosmo-base_LRG1-z0.4-0.6-mean25-S2+LRG1-z0.4-0.6-mean25-S3-37538776/chain_0.pocomc.state
[002731.65]  06-07 10:55  Chain                        INFO     Saving /global/cfs/cdirs/desi/users/shengyu/Y3/full-shape/redshift_errors/fits/cosmo-base_LRG1-z0.4-0.6-mean25-S2+LRG1-z0.4-0.6-mean25-S3-37538776/chain_0.npy.
[002731.72]  06-07 10:55  PocoMCSampler                INFO     Diagnostics:
[002731.76]  06-07 10:55  Diagnostics                  INFO     - max eigen Gelman-Rubin - 1 is 1.61; not < 0.03.
[002731.79]  06-07 10:55  Diagnostics                  INFO     - max diag Gelman-Rubin - 1 is 0.677.
[002731.93]  06-07 10:55  Diagnostics                  INFO     - max diag Gelman-Rubin - 1 at 1.0 sigmas is 1.34.
[002731.95]  06-07 10:55  Diagnostics                  INFO     - max Geweke is 0.488.
[002731.95]  06-07 10:55  Diagnostics                  INFO     - Geweke p-value is 0.000393.
[002732.50]  06-07 10:55  Diagnostics                  INFO     - effective sample size = (70 iterations / integrated autocorrelation time) is 10.1.
[002732.50]  06-07 10:55  Diagnostics                  INFO     - max variation of integrated autocorrelation time is 0.851.
Saving PMC state to /global/cfs/cdirs/desi/users/shengyu/Y3/full-shape/redshift_errors/fits/cosmo-base_LRG1-z0.4-0.6-mean25-S2+LRG1-z0.4-0.6-mean25-S3-37538776/chain_0.pocomc.state
[003107.32]  06-07 11:02  Chain                        INFO     Saving /global/cfs/cdirs/desi/users/shengyu/Y3/full-shape/redshift_errors/fits/cosmo-base_LRG1-z0.4-0.6-mean25-S2+LRG1-z0.4-0.6-mean25-S3-37538776/chain_0.npy.
[003107.40]  06-07 11:02  PocoMCSampler                INFO     Diagnostics:
[003107.44]  06-07 11:02  Diagnostics                  INFO     - max eigen Gelman-Rubin - 1 is 2.15; not < 0.03.
[003107.48]  06-07 11:02  Diagnostics                  INFO     - max diag Gelman-Rubin - 1 is 0.625.
[003107.61]  06-07 11:02  Diagnostics                  INFO     - max diag Gelman-Rubin - 1 at 1.0 sigmas is 1.24.
[003107.64]  06-07 11:02  Diagnostics                  INFO     - max Geweke is 0.35.
[003107.64]  06-07 11:02  Diagnostics                  INFO     - Geweke p-value is 0.000664.
[003108.18]  06-07 11:02  Diagnostics                  INFO     - effective sample size = (80 iterations / integrated autocorrelation time) is 11.6.
[003108.18]  06-07 11:02  Diagnostics                  INFO     - max variation of integrated autocorrelation time is 0.398.
Saving PMC state to /global/cfs/cdirs/desi/users/shengyu/Y3/full-shape/redshift_errors/fits/cosmo-base_LRG1-z0.4-0.6-mean25-S2+LRG1-z0.4-0.6-mean25-S3-37538776/chain_0.pocomc.state
[003512.11]  06-07 11:08  Chain                        INFO     Saving /global/cfs/cdirs/desi/users/shengyu/Y3/full-shape/redshift_errors/fits/cosmo-base_LRG1-z0.4-0.6-mean25-S2+LRG1-z0.4-0.6-mean25-S3-37538776/chain_0.npy.
[003512.21]  06-07 11:08  PocoMCSampler                INFO     Diagnostics:
[003512.26]  06-07 11:08  Diagnostics                  INFO     - max eigen Gelman-Rubin - 1 is 1.75; not < 0.03.
[003512.32]  06-07 11:08  Diagnostics                  INFO     - max diag Gelman-Rubin - 1 is 0.377.
[003512.47]  06-07 11:08  Diagnostics                  INFO     - max diag Gelman-Rubin - 1 at 1.0 sigmas is 1.08.
[003512.50]  06-07 11:08  Diagnostics                  INFO     - max Geweke is 0.552.
[003512.50]  06-07 11:08  Diagnostics                  INFO     - Geweke p-value is 6.22e-11.
[003513.05]  06-07 11:08  Diagnostics                  INFO     - effective sample size = (90 iterations / integrated autocorrelation time) is 17.8.
[003513.05]  06-07 11:08  Diagnostics                  INFO     - max variation of integrated autocorrelation time is 0.554.
Saving PMC state to /global/cfs/cdirs/desi/users/shengyu/Y3/full-shape/redshift_errors/fits/cosmo-base_LRG1-z0.4-0.6-mean25-S2+LRG1-z0.4-0.6-mean25-S3-37538776/chain_0.pocomc.state
[003839.52]  06-07 11:14  Chain                        INFO     Saving /global/cfs/cdirs/desi/users/shengyu/Y3/full-shape/redshift_errors/fits/cosmo-base_LRG1-z0.4-0.6-mean25-S2+LRG1-z0.4-0.6-mean25-S3-37538776/chain_0.npy.
[003839.61]  06-07 11:14  PocoMCSampler                INFO     Diagnostics:
[003839.64]  06-07 11:14  Diagnostics                  INFO     - max eigen Gelman-Rubin - 1 is 1.04; not < 0.03.
[003839.68]  06-07 11:14  Diagnostics                  INFO     - max diag Gelman-Rubin - 1 is 0.204.
[003839.82]  06-07 11:14  Diagnostics                  INFO     - max diag Gelman-Rubin - 1 at 1.0 sigmas is 0.92.
[003839.84]  06-07 11:14  Diagnostics                  INFO     - max Geweke is 0.427.
[003839.84]  06-07 11:14  Diagnostics                  INFO     - Geweke p-value is 2.65e-05.
[003840.39]  06-07 11:14  Diagnostics                  INFO     - effective sample size = (100 iterations / integrated autocorrelation time) is 22.4.
[003840.39]  06-07 11:14  Diagnostics                  INFO     - max variation of integrated autocorrelation time is 1.19.
Saving PMC state to /global/cfs/cdirs/desi/users/shengyu/Y3/full-shape/redshift_errors/fits/cosmo-base_LRG1-z0.4-0.6-mean25-S2+LRG1-z0.4-0.6-mean25-S3-37538776/chain_0.pocomc.state
[004218.69]  06-07 11:20  Chain                        INFO     Saving /global/cfs/cdirs/desi/users/shengyu/Y3/full-shape/redshift_errors/fits/cosmo-base_LRG1-z0.4-0.6-mean25-S2+LRG1-z0.4-0.6-mean25-S3-37538776/chain_0.npy.
[004218.78]  06-07 11:20  PocoMCSampler                INFO     Diagnostics:
[004218.82]  06-07 11:20  Diagnostics                  INFO     - max eigen Gelman-Rubin - 1 is 0.617; not < 0.03.
[004218.86]  06-07 11:20  Diagnostics                  INFO     - max diag Gelman-Rubin - 1 is 0.228.
[004219.00]  06-07 11:20  Diagnostics                  INFO     - max diag Gelman-Rubin - 1 at 1.0 sigmas is 0.984.
[004219.02]  06-07 11:20  Diagnostics                  INFO     - max Geweke is 0.333.
[004219.02]  06-07 11:20  Diagnostics                  INFO     - Geweke p-value is 4.85e-07.
[004219.57]  06-07 11:20  Diagnostics                  INFO     - effective sample size = (110 iterations / integrated autocorrelation time) is 20.1.
[004219.57]  06-07 11:20  Diagnostics                  INFO     - max variation of integrated autocorrelation time is 0.935.
Saving PMC state to /global/cfs/cdirs/desi/users/shengyu/Y3/full-shape/redshift_errors/fits/cosmo-base_LRG1-z0.4-0.6-mean25-S2+LRG1-z0.4-0.6-mean25-S3-37538776/chain_0.pocomc.state
[004611.51]  06-07 11:27  Chain                        INFO     Saving /global/cfs/cdirs/desi/users/shengyu/Y3/full-shape/redshift_errors/fits/cosmo-base_LRG1-z0.4-0.6-mean25-S2+LRG1-z0.4-0.6-mean25-S3-37538776/chain_0.npy.
[004611.63]  06-07 11:27  PocoMCSampler                INFO     Diagnostics:
[004611.66]  06-07 11:27  Diagnostics                  INFO     - max eigen Gelman-Rubin - 1 is 0.449; not < 0.03.
[004611.70]  06-07 11:27  Diagnostics                  INFO     - max diag Gelman-Rubin - 1 is 0.227.
[004611.84]  06-07 11:27  Diagnostics                  INFO     - max diag Gelman-Rubin - 1 at 1.0 sigmas is 0.949.
[004611.87]  06-07 11:27  Diagnostics                  INFO     - max Geweke is 0.416.
[004611.87]  06-07 11:27  Diagnostics                  INFO     - Geweke p-value is 1.66e-08.
[004612.42]  06-07 11:27  Diagnostics                  INFO     - effective sample size = (120 iterations / integrated autocorrelation time) is 24.6.
[004612.42]  06-07 11:27  Diagnostics                  INFO     - max variation of integrated autocorrelation time is 0.289.
Saving PMC state to /global/cfs/cdirs/desi/users/shengyu/Y3/full-shape/redshift_errors/fits/cosmo-base_LRG1-z0.4-0.6-mean25-S2+LRG1-z0.4-0.6-mean25-S3-37538776/chain_0.pocomc.state
[004964.84]  06-07 11:33  Chain                        INFO     Saving /global/cfs/cdirs/desi/users/shengyu/Y3/full-shape/redshift_errors/fits/cosmo-base_LRG1-z0.4-0.6-mean25-S2+LRG1-z0.4-0.6-mean25-S3-37538776/chain_0.npy.
[004964.92]  06-07 11:33  PocoMCSampler                INFO     Diagnostics:
[004964.96]  06-07 11:33  Diagnostics                  INFO     - max eigen Gelman-Rubin - 1 is 0.299; not < 0.03.
[004964.99]  06-07 11:33  Diagnostics                  INFO     - max diag Gelman-Rubin - 1 is 0.164.
[004965.13]  06-07 11:33  Diagnostics                  INFO     - max diag Gelman-Rubin - 1 at 1.0 sigmas is 0.625.
[004965.16]  06-07 11:33  Diagnostics                  INFO     - max Geweke is 0.235.
[004965.16]  06-07 11:33  Diagnostics                  INFO     - Geweke p-value is 2.79e-08.
[004965.72]  06-07 11:33  Diagnostics                  INFO     - effective sample size = (130 iterations / integrated autocorrelation time) is 39.7.
[004965.72]  06-07 11:33  Diagnostics                  INFO     - max variation of integrated autocorrelation time is 0.489.
Saving PMC state to /global/cfs/cdirs/desi/users/shengyu/Y3/full-shape/redshift_errors/fits/cosmo-base_LRG1-z0.4-0.6-mean25-S2+LRG1-z0.4-0.6-mean25-S3-37538776/chain_0.pocomc.state
[005328.69]  06-07 11:39  Chain                        INFO     Saving /global/cfs/cdirs/desi/users/shengyu/Y3/full-shape/redshift_errors/fits/cosmo-base_LRG1-z0.4-0.6-mean25-S2+LRG1-z0.4-0.6-mean25-S3-37538776/chain_0.npy.
[005328.74]  06-07 11:39  PocoMCSampler                INFO     Diagnostics:
[005328.78]  06-07 11:39  Diagnostics                  INFO     - max eigen Gelman-Rubin - 1 is 0.167; not < 0.03.
[005328.82]  06-07 11:39  Diagnostics                  INFO     - max diag Gelman-Rubin - 1 is 0.0802.
[005328.97]  06-07 11:39  Diagnostics                  INFO     - max diag Gelman-Rubin - 1 at 1.0 sigmas is 0.181.
[005328.99]  06-07 11:39  Diagnostics                  INFO     - max Geweke is 0.432.
[005328.99]  06-07 11:39  Diagnostics                  INFO     - Geweke p-value is 2.67e-11.
[005329.56]  06-07 11:39  Diagnostics                  INFO     - effective sample size = (140 iterations / integrated autocorrelation time) (reliable) is 68.2.
[005329.56]  06-07 11:39  Diagnostics                  INFO     - max variation of integrated autocorrelation time is 0.598.
Saving PMC state to /global/cfs/cdirs/desi/users/shengyu/Y3/full-shape/redshift_errors/fits/cosmo-base_LRG1-z0.4-0.6-mean25-S2+LRG1-z0.4-0.6-mean25-S3-37538776/chain_0.pocomc.state
[005653.03]  06-07 11:44  Chain                        INFO     Saving /global/cfs/cdirs/desi/users/shengyu/Y3/full-shape/redshift_errors/fits/cosmo-base_LRG1-z0.4-0.6-mean25-S2+LRG1-z0.4-0.6-mean25-S3-37538776/chain_0.npy.
[005653.10]  06-07 11:44  PocoMCSampler                INFO     Diagnostics:
[005653.14]  06-07 11:44  Diagnostics                  INFO     - max eigen Gelman-Rubin - 1 is 0.0677; not < 0.03.
[005653.18]  06-07 11:44  Diagnostics                  INFO     - max diag Gelman-Rubin - 1 is 0.031.
[005653.33]  06-07 11:44  Diagnostics                  INFO     - max diag Gelman-Rubin - 1 at 1.0 sigmas is 0.0283.
[005653.35]  06-07 11:44  Diagnostics                  INFO     - max Geweke is 0.413.
[005653.35]  06-07 11:44  Diagnostics                  INFO     - Geweke p-value is 1.72e-12.
[005653.91]  06-07 11:44  Diagnostics                  INFO     - effective sample size = (150 iterations / integrated autocorrelation time) (reliable) is 125.
[005653.91]  06-07 11:44  Diagnostics                  INFO     - max variation of integrated autocorrelation time is 0.716.
Saving PMC state to /global/cfs/cdirs/desi/users/shengyu/Y3/full-shape/redshift_errors/fits/cosmo-base_LRG1-z0.4-0.6-mean25-S2+LRG1-z0.4-0.6-mean25-S3-37538776/chain_0.pocomc.state
[005975.54]  06-07 11:49  Chain                        INFO     Saving /global/cfs/cdirs/desi/users/shengyu/Y3/full-shape/redshift_errors/fits/cosmo-base_LRG1-z0.4-0.6-mean25-S2+LRG1-z0.4-0.6-mean25-S3-37538776/chain_0.npy.
[005975.64]  06-07 11:49  PocoMCSampler                INFO     Diagnostics:
[005975.68]  06-07 11:49  Diagnostics                  INFO     - max eigen Gelman-Rubin - 1 is 0.0556; not < 0.03.
[005975.72]  06-07 11:49  Diagnostics                  INFO     - max diag Gelman-Rubin - 1 is 0.0237.
[005975.87]  06-07 11:49  Diagnostics                  INFO     - max diag Gelman-Rubin - 1 at 1.0 sigmas is 0.0256.
[005975.89]  06-07 11:49  Diagnostics                  INFO     - max Geweke is 0.241.
[005975.89]  06-07 11:49  Diagnostics                  INFO     - Geweke p-value is 2.6e-11.
[005976.46]  06-07 11:49  Diagnostics                  INFO     - effective sample size = (160 iterations / integrated autocorrelation time) (reliable) is 142.
[005976.46]  06-07 11:49  Diagnostics                  INFO     - max variation of integrated autocorrelation time is 0.0573.
Saving PMC state to /global/cfs/cdirs/desi/users/shengyu/Y3/full-shape/redshift_errors/fits/cosmo-base_LRG1-z0.4-0.6-mean25-S2+LRG1-z0.4-0.6-mean25-S3-37538776/chain_0.pocomc.state
[006317.37]  06-07 11:55  Chain                        INFO     Saving /global/cfs/cdirs/desi/users/shengyu/Y3/full-shape/redshift_errors/fits/cosmo-base_LRG1-z0.4-0.6-mean25-S2+LRG1-z0.4-0.6-mean25-S3-37538776/chain_0.npy.
[006317.45]  06-07 11:55  PocoMCSampler                INFO     Diagnostics:
[006317.49]  06-07 11:55  Diagnostics                  INFO     - max eigen Gelman-Rubin - 1 is 0.0729; not < 0.03.
[006317.53]  06-07 11:55  Diagnostics                  INFO     - max diag Gelman-Rubin - 1 is 0.037.
[006317.67]  06-07 11:55  Diagnostics                  INFO     - max diag Gelman-Rubin - 1 at 1.0 sigmas is 0.0252.
[006317.70]  06-07 11:55  Diagnostics                  INFO     - max Geweke is 0.178.
[006317.70]  06-07 11:55  Diagnostics                  INFO     - Geweke p-value is 1.53e-05.
[006318.26]  06-07 11:55  Diagnostics                  INFO     - effective sample size = (170 iterations / integrated autocorrelation time) (reliable) is 140.
[006318.26]  06-07 11:55  Diagnostics                  INFO     - max variation of integrated autocorrelation time is 0.0691.
Saving PMC state to /global/cfs/cdirs/desi/users/shengyu/Y3/full-shape/redshift_errors/fits/cosmo-base_LRG1-z0.4-0.6-mean25-S2+LRG1-z0.4-0.6-mean25-S3-37538776/chain_0.pocomc.state
[006662.57]  06-07 12:01  Chain                        INFO     Saving /global/cfs/cdirs/desi/users/shengyu/Y3/full-shape/redshift_errors/fits/cosmo-base_LRG1-z0.4-0.6-mean25-S2+LRG1-z0.4-0.6-mean25-S3-37538776/chain_0.npy.
[006662.64]  06-07 12:01  PocoMCSampler                INFO     Diagnostics:
[006662.68]  06-07 12:01  Diagnostics                  INFO     - max eigen Gelman-Rubin - 1 is 0.0874; not < 0.03.
[006662.72]  06-07 12:01  Diagnostics                  INFO     - max diag Gelman-Rubin - 1 is 0.0461.
[006662.87]  06-07 12:01  Diagnostics                  INFO     - max diag Gelman-Rubin - 1 at 1.0 sigmas is 0.0285.
[006662.90]  06-07 12:01  Diagnostics                  INFO     - max Geweke is 0.116.
[006662.90]  06-07 12:01  Diagnostics                  INFO     - Geweke p-value is 0.000924.
[006663.82]  06-07 12:01  Diagnostics                  INFO     - effective sample size = (180 iterations / integrated autocorrelation time) (reliable) is 138.
[006663.82]  06-07 12:01  Diagnostics                  INFO     - max variation of integrated autocorrelation time is 0.0684.
Saving PMC state to /global/cfs/cdirs/desi/users/shengyu/Y3/full-shape/redshift_errors/fits/cosmo-base_LRG1-z0.4-0.6-mean25-S2+LRG1-z0.4-0.6-mean25-S3-37538776/chain_0.pocomc.state
[007005.08]  06-07 12:07  Chain                        INFO     Saving /global/cfs/cdirs/desi/users/shengyu/Y3/full-shape/redshift_errors/fits/cosmo-base_LRG1-z0.4-0.6-mean25-S2+LRG1-z0.4-0.6-mean25-S3-37538776/chain_0.npy.
[007005.21]  06-07 12:07  PocoMCSampler                INFO     Diagnostics:
[007005.25]  06-07 12:07  Diagnostics                  INFO     - max eigen Gelman-Rubin - 1 is 0.11; not < 0.03.
[007005.29]  06-07 12:07  Diagnostics                  INFO     - max diag Gelman-Rubin - 1 is 0.059.
[007005.44]  06-07 12:07  Diagnostics                  INFO     - max diag Gelman-Rubin - 1 at 1.0 sigmas is 0.0345.
[007005.46]  06-07 12:07  Diagnostics                  INFO     - max Geweke is 0.278.
[007005.46]  06-07 12:07  Diagnostics                  INFO     - Geweke p-value is 4.46e-08.
[007006.03]  06-07 12:07  Diagnostics                  INFO     - effective sample size = (190 iterations / integrated autocorrelation time) (reliable) is 128.
[007006.03]  06-07 12:07  Diagnostics                  INFO     - max variation of integrated autocorrelation time is 0.123.
Saving PMC state to /global/cfs/cdirs/desi/users/shengyu/Y3/full-shape/redshift_errors/fits/cosmo-base_LRG1-z0.4-0.6-mean25-S2+LRG1-z0.4-0.6-mean25-S3-37538776/chain_0.pocomc.state
[007342.75]  06-07 12:12  Chain                        INFO     Saving /global/cfs/cdirs/desi/users/shengyu/Y3/full-shape/redshift_errors/fits/cosmo-base_LRG1-z0.4-0.6-mean25-S2+LRG1-z0.4-0.6-mean25-S3-37538776/chain_0.npy.
[007342.82]  06-07 12:12  PocoMCSampler                INFO     Diagnostics:
[007342.86]  06-07 12:12  Diagnostics                  INFO     - max eigen Gelman-Rubin - 1 is 0.14; not < 0.03.
[007342.90]  06-07 12:12  Diagnostics                  INFO     - max diag Gelman-Rubin - 1 is 0.0764.
[007343.05]  06-07 12:12  Diagnostics                  INFO     - max diag Gelman-Rubin - 1 at 1.0 sigmas is 0.0463.
[007343.08]  06-07 12:12  Diagnostics                  INFO     - max Geweke is 0.157.
[007343.08]  06-07 12:12  Diagnostics                  INFO     - Geweke p-value is 0.0365.
[007343.65]  06-07 12:12  Diagnostics                  INFO     - effective sample size = (200 iterations / integrated autocorrelation time) (reliable) is 126.
[007343.65]  06-07 12:12  Diagnostics                  INFO     - max variation of integrated autocorrelation time is 0.0625.
Saving PMC state to /global/cfs/cdirs/desi/users/shengyu/Y3/full-shape/redshift_errors/fits/cosmo-base_LRG1-z0.4-0.6-mean25-S2+LRG1-z0.4-0.6-mean25-S3-37538776/chain_0.pocomc.state
[007682.35]  06-07 12:18  Chain                        INFO     Saving /global/cfs/cdirs/desi/users/shengyu/Y3/full-shape/redshift_errors/fits/cosmo-base_LRG1-z0.4-0.6-mean25-S2+LRG1-z0.4-0.6-mean25-S3-37538776/chain_0.npy.
[007682.45]  06-07 12:18  PocoMCSampler                INFO     Diagnostics:
[007682.49]  06-07 12:18  Diagnostics                  INFO     - max eigen Gelman-Rubin - 1 is 0.149; not < 0.03.
[007682.53]  06-07 12:18  Diagnostics                  INFO     - max diag Gelman-Rubin - 1 is 0.0803.
[007682.68]  06-07 12:18  Diagnostics                  INFO     - max diag Gelman-Rubin - 1 at 1.0 sigmas is 0.0532.
[007682.71]  06-07 12:18  Diagnostics                  INFO     - max Geweke is 0.143.
[007682.71]  06-07 12:18  Diagnostics                  INFO     - Geweke p-value is 0.00356.
[007683.27]  06-07 12:18  Diagnostics                  INFO     - effective sample size = (210 iterations / integrated autocorrelation time) (reliable) is 121.
[007683.27]  06-07 12:18  Diagnostics                  INFO     - max variation of integrated autocorrelation time is 0.0846.
Saving PMC state to /global/cfs/cdirs/desi/users/shengyu/Y3/full-shape/redshift_errors/fits/cosmo-base_LRG1-z0.4-0.6-mean25-S2+LRG1-z0.4-0.6-mean25-S3-37538776/chain_0.pocomc.state
[008038.94]  06-07 12:24  Chain                        INFO     Saving /global/cfs/cdirs/desi/users/shengyu/Y3/full-shape/redshift_errors/fits/cosmo-base_LRG1-z0.4-0.6-mean25-S2+LRG1-z0.4-0.6-mean25-S3-37538776/chain_0.npy.
[008039.02]  06-07 12:24  PocoMCSampler                INFO     Diagnostics:
[008039.06]  06-07 12:24  Diagnostics                  INFO     - max eigen Gelman-Rubin - 1 is 0.168; not < 0.03.
[008039.10]  06-07 12:24  Diagnostics                  INFO     - max diag Gelman-Rubin - 1 is 0.0846.
[008039.26]  06-07 12:24  Diagnostics                  INFO     - max diag Gelman-Rubin - 1 at 1.0 sigmas is 0.0578.
[008039.29]  06-07 12:24  Diagnostics                  INFO     - max Geweke is 0.257.
[008039.29]  06-07 12:24  Diagnostics                  INFO     - Geweke p-value is 2.32e-08.
[008039.85]  06-07 12:24  Diagnostics                  INFO     - effective sample size = (220 iterations / integrated autocorrelation time) (reliable) is 115.
[008039.85]  06-07 12:24  Diagnostics                  INFO     - max variation of integrated autocorrelation time is 0.0961.
Saving PMC state to /global/cfs/cdirs/desi/users/shengyu/Y3/full-shape/redshift_errors/fits/cosmo-base_LRG1-z0.4-0.6-mean25-S2+LRG1-z0.4-0.6-mean25-S3-37538776/chain_0.pocomc.state
[008399.56]  06-07 12:30  Chain                        INFO     Saving /global/cfs/cdirs/desi/users/shengyu/Y3/full-shape/redshift_errors/fits/cosmo-base_LRG1-z0.4-0.6-mean25-S2+LRG1-z0.4-0.6-mean25-S3-37538776/chain_0.npy.
[008399.65]  06-07 12:30  PocoMCSampler                INFO     Diagnostics:
[008399.69]  06-07 12:30  Diagnostics                  INFO     - max eigen Gelman-Rubin - 1 is 0.18; not < 0.03.
[008399.73]  06-07 12:30  Diagnostics                  INFO     - max diag Gelman-Rubin - 1 is 0.0966.
[008399.89]  06-07 12:30  Diagnostics                  INFO     - max diag Gelman-Rubin - 1 at 1.0 sigmas is 0.0631.
[008399.91]  06-07 12:30  Diagnostics                  INFO     - max Geweke is 0.204.
[008399.91]  06-07 12:30  Diagnostics                  INFO     - Geweke p-value is 2.49e-05.
[008400.48]  06-07 12:30  Diagnostics                  INFO     - effective sample size = (230 iterations / integrated autocorrelation time) (reliable) is 118.
[008400.48]  06-07 12:30  Diagnostics                  INFO     - max variation of integrated autocorrelation time is 0.018.
Saving PMC state to /global/cfs/cdirs/desi/users/shengyu/Y3/full-shape/redshift_errors/fits/cosmo-base_LRG1-z0.4-0.6-mean25-S2+LRG1-z0.4-0.6-mean25-S3-37538776/chain_0.pocomc.state
[008730.40]  06-07 12:35  Chain                        INFO     Saving /global/cfs/cdirs/desi/users/shengyu/Y3/full-shape/redshift_errors/fits/cosmo-base_LRG1-z0.4-0.6-mean25-S2+LRG1-z0.4-0.6-mean25-S3-37538776/chain_0.npy.
[008730.48]  06-07 12:35  PocoMCSampler                INFO     Diagnostics:
[008730.52]  06-07 12:35  Diagnostics                  INFO     - max eigen Gelman-Rubin - 1 is 0.19; not < 0.03.
[008730.56]  06-07 12:35  Diagnostics                  INFO     - max diag Gelman-Rubin - 1 is 0.105.
[008730.72]  06-07 12:35  Diagnostics                  INFO     - max diag Gelman-Rubin - 1 at 1.0 sigmas is 0.105.
[008730.74]  06-07 12:35  Diagnostics                  INFO     - max Geweke is 0.134.
[008730.74]  06-07 12:35  Diagnostics                  INFO     - Geweke p-value is 0.146.
[008731.31]  06-07 12:35  Diagnostics                  INFO     - effective sample size = (240 iterations / integrated autocorrelation time) (reliable) is 122.
[008731.31]  06-07 12:35  Diagnostics                  INFO     - max variation of integrated autocorrelation time is 0.0314.
Saving PMC state to /global/cfs/cdirs/desi/users/shengyu/Y3/full-shape/redshift_errors/fits/cosmo-base_LRG1-z0.4-0.6-mean25-S2+LRG1-z0.4-0.6-mean25-S3-37538776/chain_0.pocomc.state
[009055.47]  06-07 12:41  Chain                        INFO     Saving /global/cfs/cdirs/desi/users/shengyu/Y3/full-shape/redshift_errors/fits/cosmo-base_LRG1-z0.4-0.6-mean25-S2+LRG1-z0.4-0.6-mean25-S3-37538776/chain_0.npy.
[009055.58]  06-07 12:41  PocoMCSampler                INFO     Diagnostics:
[009055.63]  06-07 12:41  Diagnostics                  INFO     - max eigen Gelman-Rubin - 1 is 0.172; not < 0.03.
[009055.67]  06-07 12:41  Diagnostics                  INFO     - max diag Gelman-Rubin - 1 is 0.0966.
[009055.83]  06-07 12:41  Diagnostics                  INFO     - max diag Gelman-Rubin - 1 at 1.0 sigmas is 0.0849.
[009055.85]  06-07 12:41  Diagnostics                  INFO     - max Geweke is 0.113.
[009055.86]  06-07 12:41  Diagnostics                  INFO     - Geweke p-value is 0.124.
[009056.42]  06-07 12:41  Diagnostics                  INFO     - effective sample size = (250 iterations / integrated autocorrelation time) (reliable) is 127.
[009056.42]  06-07 12:41  Diagnostics                  INFO     - max variation of integrated autocorrelation time is 0.0249.
Saving PMC state to /global/cfs/cdirs/desi/users/shengyu/Y3/full-shape/redshift_errors/fits/cosmo-base_LRG1-z0.4-0.6-mean25-S2+LRG1-z0.4-0.6-mean25-S3-37538776/chain_0.pocomc.state
[009415.30]  06-07 12:47  Chain                        INFO     Saving /global/cfs/cdirs/desi/users/shengyu/Y3/full-shape/redshift_errors/fits/cosmo-base_LRG1-z0.4-0.6-mean25-S2+LRG1-z0.4-0.6-mean25-S3-37538776/chain_0.npy.
[009415.37]  06-07 12:47  PocoMCSampler                INFO     Diagnostics:
[009415.43]  06-07 12:47  Diagnostics                  INFO     - max eigen Gelman-Rubin - 1 is 0.146; not < 0.03.
[009415.47]  06-07 12:47  Diagnostics                  INFO     - max diag Gelman-Rubin - 1 is 0.0818.
[009415.63]  06-07 12:47  Diagnostics                  INFO     - max diag Gelman-Rubin - 1 at 1.0 sigmas is 0.0443.
[009415.66]  06-07 12:47  Diagnostics                  INFO     - max Geweke is 0.185.
[009415.66]  06-07 12:47  Diagnostics                  INFO     - Geweke p-value is 1.61e-05.
[009416.24]  06-07 12:47  Diagnostics                  INFO     - effective sample size = (260 iterations / integrated autocorrelation time) (reliable) is 135.
[009416.24]  06-07 12:47  Diagnostics                  INFO     - max variation of integrated autocorrelation time is 0.0229.
Saving PMC state to /global/cfs/cdirs/desi/users/shengyu/Y3/full-shape/redshift_errors/fits/cosmo-base_LRG1-z0.4-0.6-mean25-S2+LRG1-z0.4-0.6-mean25-S3-37538776/chain_0.pocomc.state
[009776.45]  06-07 12:53  Chain                        INFO     Saving /global/cfs/cdirs/desi/users/shengyu/Y3/full-shape/redshift_errors/fits/cosmo-base_LRG1-z0.4-0.6-mean25-S2+LRG1-z0.4-0.6-mean25-S3-37538776/chain_0.npy.
[009776.53]  06-07 12:53  PocoMCSampler                INFO     Diagnostics:
[009776.57]  06-07 12:53  Diagnostics                  INFO     - max eigen Gelman-Rubin - 1 is 0.125; not < 0.03.
[009776.61]  06-07 12:53  Diagnostics                  INFO     - max diag Gelman-Rubin - 1 is 0.0686.
[009776.78]  06-07 12:53  Diagnostics                  INFO     - max diag Gelman-Rubin - 1 at 1.0 sigmas is 0.0281.
[009776.80]  06-07 12:53  Diagnostics                  INFO     - max Geweke is 0.221.
[009776.80]  06-07 12:53  Diagnostics                  INFO     - Geweke p-value is 1.12e-07.
[009777.39]  06-07 12:53  Diagnostics                  INFO     - effective sample size = (270 iterations / integrated autocorrelation time) (reliable) is 153.
[009777.39]  06-07 12:53  Diagnostics                  INFO     - max variation of integrated autocorrelation time is 0.0929.
Saving PMC state to /global/cfs/cdirs/desi/users/shengyu/Y3/full-shape/redshift_errors/fits/cosmo-base_LRG1-z0.4-0.6-mean25-S2+LRG1-z0.4-0.6-mean25-S3-37538776/chain_0.pocomc.state
[010094.17]  06-07 12:58  Chain                        INFO     Saving /global/cfs/cdirs/desi/users/shengyu/Y3/full-shape/redshift_errors/fits/cosmo-base_LRG1-z0.4-0.6-mean25-S2+LRG1-z0.4-0.6-mean25-S3-37538776/chain_0.npy.
[010094.30]  06-07 12:58  PocoMCSampler                INFO     Diagnostics:
[010094.34]  06-07 12:58  Diagnostics                  INFO     - max eigen Gelman-Rubin - 1 is 0.0995; not < 0.03.
[010094.38]  06-07 12:58  Diagnostics                  INFO     - max diag Gelman-Rubin - 1 is 0.0531.
[010094.55]  06-07 12:58  Diagnostics                  INFO     - max diag Gelman-Rubin - 1 at 1.0 sigmas is 0.0382.
[010094.58]  06-07 12:58  Diagnostics                  INFO     - max Geweke is 0.297.
[010094.58]  06-07 12:58  Diagnostics                  INFO     - Geweke p-value is 1.32e-08.
[010095.17]  06-07 12:58  Diagnostics                  INFO     - effective sample size = (280 iterations / integrated autocorrelation time) (reliable) is 186.
[010095.17]  06-07 12:58  Diagnostics                  INFO     - max variation of integrated autocorrelation time is 0.171.
Saving PMC state to /global/cfs/cdirs/desi/users/shengyu/Y3/full-shape/redshift_errors/fits/cosmo-base_LRG1-z0.4-0.6-mean25-S2+LRG1-z0.4-0.6-mean25-S3-37538776/chain_0.pocomc.state
[010442.57]  06-07 13:04  Chain                        INFO     Saving /global/cfs/cdirs/desi/users/shengyu/Y3/full-shape/redshift_errors/fits/cosmo-base_LRG1-z0.4-0.6-mean25-S2+LRG1-z0.4-0.6-mean25-S3-37538776/chain_0.npy.
[010442.67]  06-07 13:04  PocoMCSampler                INFO     Diagnostics:
[010442.71]  06-07 13:04  Diagnostics                  INFO     - max eigen Gelman-Rubin - 1 is 0.0734; not < 0.03.
[010442.76]  06-07 13:04  Diagnostics                  INFO     - max diag Gelman-Rubin - 1 is 0.0363.
[010442.92]  06-07 13:04  Diagnostics                  INFO     - max diag Gelman-Rubin - 1 at 1.0 sigmas is 0.0311.
[010442.95]  06-07 13:04  Diagnostics                  INFO     - max Geweke is 0.199.
[010442.95]  06-07 13:04  Diagnostics                  INFO     - Geweke p-value is 0.0391.
[010443.53]  06-07 13:04  Diagnostics                  INFO     - effective sample size = (290 iterations / integrated autocorrelation time) (reliable) is 227.
[010443.54]  06-07 13:04  Diagnostics                  INFO     - max variation of integrated autocorrelation time is 0.178.
Saving PMC state to /global/cfs/cdirs/desi/users/shengyu/Y3/full-shape/redshift_errors/fits/cosmo-base_LRG1-z0.4-0.6-mean25-S2+LRG1-z0.4-0.6-mean25-S3-37538776/chain_0.pocomc.state
[010793.31]  06-07 13:10  Chain                        INFO     Saving /global/cfs/cdirs/desi/users/shengyu/Y3/full-shape/redshift_errors/fits/cosmo-base_LRG1-z0.4-0.6-mean25-S2+LRG1-z0.4-0.6-mean25-S3-37538776/chain_0.npy.
[010793.42]  06-07 13:10  PocoMCSampler                INFO     Diagnostics:
[010793.46]  06-07 13:10  Diagnostics                  INFO     - max eigen Gelman-Rubin - 1 is 0.0537; not < 0.03.
[010793.50]  06-07 13:10  Diagnostics                  INFO     - max diag Gelman-Rubin - 1 is 0.0244.
[010793.67]  06-07 13:10  Diagnostics                  INFO     - max diag Gelman-Rubin - 1 at 1.0 sigmas is 0.0293.
[010793.69]  06-07 13:10  Diagnostics                  INFO     - max Geweke is 0.155.
[010793.69]  06-07 13:10  Diagnostics                  INFO     - Geweke p-value is 0.000716.
[010794.28]  06-07 13:10  Diagnostics                  INFO     - effective sample size = (300 iterations / integrated autocorrelation time) (reliable) is 267.
[010794.28]  06-07 13:10  Diagnostics                  INFO     - max variation of integrated autocorrelation time is 0.134.
Saving PMC state to /global/cfs/cdirs/desi/users/shengyu/Y3/full-shape/redshift_errors/fits/cosmo-base_LRG1-z0.4-0.6-mean25-S2+LRG1-z0.4-0.6-mean25-S3-37538776/chain_0.pocomc.state
[011115.20]  06-07 13:15  Chain                        INFO     Saving /global/cfs/cdirs/desi/users/shengyu/Y3/full-shape/redshift_errors/fits/cosmo-base_LRG1-z0.4-0.6-mean25-S2+LRG1-z0.4-0.6-mean25-S3-37538776/chain_0.npy.
[011115.33]  06-07 13:15  PocoMCSampler                INFO     Diagnostics:
[011115.37]  06-07 13:15  Diagnostics                  INFO     - max eigen Gelman-Rubin - 1 is 0.0452; not < 0.03.
[011115.41]  06-07 13:15  Diagnostics                  INFO     - max diag Gelman-Rubin - 1 is 0.0164.
[011115.58]  06-07 13:15  Diagnostics                  INFO     - max diag Gelman-Rubin - 1 at 1.0 sigmas is 0.0143.
[011115.61]  06-07 13:15  Diagnostics                  INFO     - max Geweke is 0.139.
[011115.61]  06-07 13:15  Diagnostics                  INFO     - Geweke p-value is 0.000241.
[011116.19]  06-07 13:15  Diagnostics                  INFO     - effective sample size = (310 iterations / integrated autocorrelation time) (reliable) is 286.
[011116.19]  06-07 13:15  Diagnostics                  INFO     - max variation of integrated autocorrelation time is 0.0387.
Saving PMC state to /global/cfs/cdirs/desi/users/shengyu/Y3/full-shape/redshift_errors/fits/cosmo-base_LRG1-z0.4-0.6-mean25-S2+LRG1-z0.4-0.6-mean25-S3-37538776/chain_0.pocomc.state
[011496.60]  06-07 13:21  Chain                        INFO     Saving /global/cfs/cdirs/desi/users/shengyu/Y3/full-shape/redshift_errors/fits/cosmo-base_LRG1-z0.4-0.6-mean25-S2+LRG1-z0.4-0.6-mean25-S3-37538776/chain_0.npy.
[011496.71]  06-07 13:21  PocoMCSampler                INFO     Diagnostics:
[011496.75]  06-07 13:21  Diagnostics                  INFO     - max eigen Gelman-Rubin - 1 is 0.0348; not < 0.03.
[011496.80]  06-07 13:21  Diagnostics                  INFO     - max diag Gelman-Rubin - 1 is 0.0108.
[011496.97]  06-07 13:21  Diagnostics                  INFO     - max diag Gelman-Rubin - 1 at 1.0 sigmas is 0.0198.
[011496.99]  06-07 13:21  Diagnostics                  INFO     - max Geweke is 0.14.
[011497.00]  06-07 13:21  Diagnostics                  INFO     - Geweke p-value is 0.0189.
[011497.58]  06-07 13:21  Diagnostics                  INFO     - effective sample size = (320 iterations / integrated autocorrelation time) (reliable) is 307.
[011497.58]  06-07 13:21  Diagnostics                  INFO     - max variation of integrated autocorrelation time is 0.0381.
Saving PMC state to /global/cfs/cdirs/desi/users/shengyu/Y3/full-shape/redshift_errors/fits/cosmo-base_LRG1-z0.4-0.6-mean25-S2+LRG1-z0.4-0.6-mean25-S3-37538776/chain_0.pocomc.state
[011844.32]  06-07 13:27  Chain                        INFO     Saving /global/cfs/cdirs/desi/users/shengyu/Y3/full-shape/redshift_errors/fits/cosmo-base_LRG1-z0.4-0.6-mean25-S2+LRG1-z0.4-0.6-mean25-S3-37538776/chain_0.npy.
[011844.42]  06-07 13:27  PocoMCSampler                INFO     Diagnostics:
[011844.47]  06-07 13:27  Diagnostics                  INFO     - max eigen Gelman-Rubin - 1 is 0.0296; < 0.03.
[011844.51]  06-07 13:27  Diagnostics                  INFO     - max diag Gelman-Rubin - 1 is 0.00826.
[011844.68]  06-07 13:27  Diagnostics                  INFO     - max diag Gelman-Rubin - 1 at 1.0 sigmas is 0.0119.
[011844.71]  06-07 13:27  Diagnostics                  INFO     - max Geweke is 0.144.
[011844.71]  06-07 13:27  Diagnostics                  INFO     - Geweke p-value is 0.0113.
[011845.30]  06-07 13:27  Diagnostics                  INFO     - effective sample size = (330 iterations / integrated autocorrelation time) (reliable) is 319.
[011845.30]  06-07 13:27  Diagnostics                  INFO     - max variation of integrated autocorrelation time is 0.0222.
Saving PMC state to /global/cfs/cdirs/desi/users/shengyu/Y3/full-shape/redshift_errors/fits/cosmo-base_LRG1-z0.4-0.6-mean25-S2+LRG1-z0.4-0.6-mean25-S3-37538776/chain_0.pocomc.state
[012176.38]  06-07 13:33  Chain                        INFO     Saving /global/cfs/cdirs/desi/users/shengyu/Y3/full-shape/redshift_errors/fits/cosmo-base_LRG1-z0.4-0.6-mean25-S2+LRG1-z0.4-0.6-mean25-S3-37538776/chain_0.npy.
[012176.52]  06-07 13:33  PocoMCSampler                INFO     Diagnostics:
[012176.56]  06-07 13:33  Diagnostics                  INFO     - max eigen Gelman-Rubin - 1 is 0.0273; < 0.03.
[012176.61]  06-07 13:33  Diagnostics                  INFO     - max diag Gelman-Rubin - 1 is 0.00406.
[012176.78]  06-07 13:33  Diagnostics                  INFO     - max diag Gelman-Rubin - 1 at 1.0 sigmas is 0.0163.
[012176.81]  06-07 13:33  Diagnostics                  INFO     - max Geweke is 0.131.
[012176.81]  06-07 13:33  Diagnostics                  INFO     - Geweke p-value is 0.00362.
[012177.40]  06-07 13:33  Diagnostics                  INFO     - effective sample size = (340 iterations / integrated autocorrelation time) (reliable) is 331.
[012177.40]  06-07 13:33  Diagnostics                  INFO     - max variation of integrated autocorrelation time is 0.0198.
