Activate fit_env (Python 3.12.13).
Node nid005913 running run_fits.py tracer=LRG1 zerr=verr_nonparam stats=mesh2 mockid=0-24
[000000.00]  06-07 04:38  compute_mesh                 INFO     Received arguments: Namespace(todos=['sample'], version='AbacusHF-v2', cov_version='holi-v3', domain='altmtl', tracers=['LRG1'], mockid='0-24', zerrs=['verr_nonparam'], fits_dir='/global/cfs/cdirs/desi/users/shengyu/Y3/full-shape/redshift_errors/fits', stats=['mesh2'], kmax='0.300-0.300-0.20-0.08', regions=['ALL'], theory_model='folpsD', prior_basis='physical_aap', cosmo_params='base', sampler='pocomc', nchains=1, resume=False)
[000027.66]  06-07 04:39  jax._src.xla_bridge          ERROR    Jax plugin configuration error: Exception when calling jax_plugins.xla_cuda12.initialize()
Traceback (most recent call last):
  File "/global/homes/s/shengyu/.conda/envs/fit_env/lib/python3.12/site-packages/jax/_src/xla_bridge.py", line 487, in discover_pjrt_plugins
    plugin_module.initialize()
  File "/global/homes/s/shengyu/.conda/envs/fit_env/lib/python3.12/site-packages/jax_plugins/xla_cuda12/__init__.py", line 370, in initialize
    _check_cuda_versions(raise_on_first_error = True)
  File "/global/homes/s/shengyu/.conda/envs/fit_env/lib/python3.12/site-packages/jax_plugins/xla_cuda12/__init__.py", line 274, in _check_cuda_versions
    for d in range(cuda_versions.cuda_device_count())
                   ^^^^^^^^^^^^^^^^^^^^^^^^^^^^^^^^^
RuntimeError: jaxlib/cuda/versions_helpers.cc:135: operation cuInit(0) failed: CUDA_ERROR_NO_DEVICE
[000027.55]  06-07 04:39  jax._src.xla_bridge          ERROR    Jax plugin configuration error: Exception when calling jax_plugins.xla_cuda12.initialize()
Traceback (most recent call last):
  File "/global/homes/s/shengyu/.conda/envs/fit_env/lib/python3.12/site-packages/jax/_src/xla_bridge.py", line 487, in discover_pjrt_plugins
    plugin_module.initialize()
  File "/global/homes/s/shengyu/.conda/envs/fit_env/lib/python3.12/site-packages/jax_plugins/xla_cuda12/__init__.py", line 370, in initialize
    _check_cuda_versions(raise_on_first_error = True)
  File "/global/homes/s/shengyu/.conda/envs/fit_env/lib/python3.12/site-packages/jax_plugins/xla_cuda12/__init__.py", line 274, in _check_cuda_versions
    for d in range(cuda_versions.cuda_device_count())
                   ^^^^^^^^^^^^^^^^^^^^^^^^^^^^^^^^^
RuntimeError: jaxlib/cuda/versions_helpers.cc:135: operation cuInit(0) failed: CUDA_ERROR_NO_DEVICE
[000027.57]  06-07 04:39  jax._src.xla_bridge          ERROR    Jax plugin configuration error: Exception when calling jax_plugins.xla_cuda12.initialize()
Traceback (most recent call last):
  File "/global/homes/s/shengyu/.conda/envs/fit_env/lib/python3.12/site-packages/jax/_src/xla_bridge.py", line 487, in discover_pjrt_plugins
    plugin_module.initialize()
  File "/global/homes/s/shengyu/.conda/envs/fit_env/lib/python3.12/site-packages/jax_plugins/xla_cuda12/__init__.py", line 370, in initialize
    _check_cuda_versions(raise_on_first_error = True)
  File "/global/homes/s/shengyu/.conda/envs/fit_env/lib/python3.12/site-packages/jax_plugins/xla_cuda12/__init__.py", line 274, in _check_cuda_versions
    for d in range(cuda_versions.cuda_device_count())
                   ^^^^^^^^^^^^^^^^^^^^^^^^^^^^^^^^^
RuntimeError: jaxlib/cuda/versions_helpers.cc:135: operation cuInit(0) failed: CUDA_ERROR_NO_DEVICE
[000027.54]  06-07 04:39  jax._src.xla_bridge          ERROR    Jax plugin configuration error: Exception when calling jax_plugins.xla_cuda12.initialize()
Traceback (most recent call last):
  File "/global/homes/s/shengyu/.conda/envs/fit_env/lib/python3.12/site-packages/jax/_src/xla_bridge.py", line 487, in discover_pjrt_plugins
    plugin_module.initialize()
  File "/global/homes/s/shengyu/.conda/envs/fit_env/lib/python3.12/site-packages/jax_plugins/xla_cuda12/__init__.py", line 370, in initialize
    _check_cuda_versions(raise_on_first_error = True)
  File "/global/homes/s/shengyu/.conda/envs/fit_env/lib/python3.12/site-packages/jax_plugins/xla_cuda12/__init__.py", line 274, in _check_cuda_versions
    for d in range(cuda_versions.cuda_device_count())
                   ^^^^^^^^^^^^^^^^^^^^^^^^^^^^^^^^^
RuntimeError: jaxlib/cuda/versions_helpers.cc:135: operation cuInit(0) failed: CUDA_ERROR_NO_DEVICE
[000027.60]  06-07 04:39  jax._src.xla_bridge          INFO     Unable to initialize backend 'tpu': INTERNAL: Failed to open libtpu.so: libtpu.so: cannot open shared object file: No such file or directory
[000027.71]  06-07 04:39  jax._src.xla_bridge          INFO     Unable to initialize backend 'tpu': INTERNAL: Failed to open libtpu.so: libtpu.so: cannot open shared object file: No such file or directory
[000027.60]  06-07 04:39  jax._src.xla_bridge          INFO     Unable to initialize backend 'tpu': INTERNAL: Failed to open libtpu.so: libtpu.so: cannot open shared object file: No such file or directory
[000027.63]  06-07 04:39  jax._src.xla_bridge          INFO     Unable to initialize backend 'tpu': INTERNAL: Failed to open libtpu.so: libtpu.so: cannot open shared object file: No such file or directory
[000041.59]  06-07 04:39  fit_tools                    INFO     Reading data for mesh2 from /global/cfs/cdirs/desi/users/shengyu/galaxies/catalogs/Y3/AbacusHF-v2/altmtl/LRG/mock0/mpspk/mesh2_spectrum_poles_LRG_z0.4-0.6_DR2_v2.0+dv_verr_nonparam.h5
[000041.77]  06-07 04:39  fit_tools                    INFO     Reading data for mesh2 from /global/cfs/cdirs/desi/users/shengyu/galaxies/catalogs/Y3/AbacusHF-v2/altmtl/LRG/mock1/mpspk/mesh2_spectrum_poles_LRG_z0.4-0.6_DR2_v2.0+dv_verr_nonparam.h5
[000041.88]  06-07 04:39  fit_tools                    INFO     Reading data for mesh2 from /global/cfs/cdirs/desi/users/shengyu/galaxies/catalogs/Y3/AbacusHF-v2/altmtl/LRG/mock2/mpspk/mesh2_spectrum_poles_LRG_z0.4-0.6_DR2_v2.0+dv_verr_nonparam.h5
[000042.16]  06-07 04:39  fit_tools                    INFO     Reading data for mesh2 from /global/cfs/cdirs/desi/users/shengyu/galaxies/catalogs/Y3/AbacusHF-v2/altmtl/LRG/mock3/mpspk/mesh2_spectrum_poles_LRG_z0.4-0.6_DR2_v2.0+dv_verr_nonparam.h5
[000042.29]  06-07 04:39  fit_tools                    INFO     Reading data for mesh2 from /global/cfs/cdirs/desi/users/shengyu/galaxies/catalogs/Y3/AbacusHF-v2/altmtl/LRG/mock4/mpspk/mesh2_spectrum_poles_LRG_z0.4-0.6_DR2_v2.0+dv_verr_nonparam.h5
[000042.38]  06-07 04:39  fit_tools                    INFO     Reading data for mesh2 from /global/cfs/cdirs/desi/users/shengyu/galaxies/catalogs/Y3/AbacusHF-v2/altmtl/LRG/mock5/mpspk/mesh2_spectrum_poles_LRG_z0.4-0.6_DR2_v2.0+dv_verr_nonparam.h5
[000043.85]  06-07 04:39  fit_tools                    INFO     Reading data for mesh2 from /global/cfs/cdirs/desi/users/shengyu/galaxies/catalogs/Y3/AbacusHF-v2/altmtl/LRG/mock6/mpspk/mesh2_spectrum_poles_LRG_z0.4-0.6_DR2_v2.0+dv_verr_nonparam.h5
[000043.98]  06-07 04:39  fit_tools                    INFO     Reading data for mesh2 from /global/cfs/cdirs/desi/users/shengyu/galaxies/catalogs/Y3/AbacusHF-v2/altmtl/LRG/mock7/mpspk/mesh2_spectrum_poles_LRG_z0.4-0.6_DR2_v2.0+dv_verr_nonparam.h5
[000044.17]  06-07 04:39  fit_tools                    INFO     Reading data for mesh2 from /global/cfs/cdirs/desi/users/shengyu/galaxies/catalogs/Y3/AbacusHF-v2/altmtl/LRG/mock8/mpspk/mesh2_spectrum_poles_LRG_z0.4-0.6_DR2_v2.0+dv_verr_nonparam.h5
[000044.26]  06-07 04:39  fit_tools                    INFO     Reading data for mesh2 from /global/cfs/cdirs/desi/users/shengyu/galaxies/catalogs/Y3/AbacusHF-v2/altmtl/LRG/mock9/mpspk/mesh2_spectrum_poles_LRG_z0.4-0.6_DR2_v2.0+dv_verr_nonparam.h5
[000044.35]  06-07 04:39  fit_tools                    INFO     Reading data for mesh2 from /global/cfs/cdirs/desi/users/shengyu/galaxies/catalogs/Y3/AbacusHF-v2/altmtl/LRG/mock10/mpspk/mesh2_spectrum_poles_LRG_z0.4-0.6_DR2_v2.0+dv_verr_nonparam.h5
[000044.48]  06-07 04:39  fit_tools                    INFO     Reading data for mesh2 from /global/cfs/cdirs/desi/users/shengyu/galaxies/catalogs/Y3/AbacusHF-v2/altmtl/LRG/mock11/mpspk/mesh2_spectrum_poles_LRG_z0.4-0.6_DR2_v2.0+dv_verr_nonparam.h5
[000045.45]  06-07 04:39  fit_tools                    INFO     Reading data for mesh2 from /global/cfs/cdirs/desi/users/shengyu/galaxies/catalogs/Y3/AbacusHF-v2/altmtl/LRG/mock12/mpspk/mesh2_spectrum_poles_LRG_z0.4-0.6_DR2_v2.0+dv_verr_nonparam.h5
[000045.58]  06-07 04:39  fit_tools                    INFO     Reading data for mesh2 from /global/cfs/cdirs/desi/users/shengyu/galaxies/catalogs/Y3/AbacusHF-v2/altmtl/LRG/mock13/mpspk/mesh2_spectrum_poles_LRG_z0.4-0.6_DR2_v2.0+dv_verr_nonparam.h5
[000045.70]  06-07 04:39  fit_tools                    INFO     Reading data for mesh2 from /global/cfs/cdirs/desi/users/shengyu/galaxies/catalogs/Y3/AbacusHF-v2/altmtl/LRG/mock14/mpspk/mesh2_spectrum_poles_LRG_z0.4-0.6_DR2_v2.0+dv_verr_nonparam.h5
[000046.42]  06-07 04:39  fit_tools                    INFO     Reading data for mesh2 from /global/cfs/cdirs/desi/users/shengyu/galaxies/catalogs/Y3/AbacusHF-v2/altmtl/LRG/mock15/mpspk/mesh2_spectrum_poles_LRG_z0.4-0.6_DR2_v2.0+dv_verr_nonparam.h5
[000046.53]  06-07 04:39  fit_tools                    INFO     Reading data for mesh2 from /global/cfs/cdirs/desi/users/shengyu/galaxies/catalogs/Y3/AbacusHF-v2/altmtl/LRG/mock16/mpspk/mesh2_spectrum_poles_LRG_z0.4-0.6_DR2_v2.0+dv_verr_nonparam.h5
[000046.60]  06-07 04:39  fit_tools                    INFO     Reading data for mesh2 from /global/cfs/cdirs/desi/users/shengyu/galaxies/catalogs/Y3/AbacusHF-v2/altmtl/LRG/mock17/mpspk/mesh2_spectrum_poles_LRG_z0.4-0.6_DR2_v2.0+dv_verr_nonparam.h5
[000046.71]  06-07 04:39  fit_tools                    INFO     Reading data for mesh2 from /global/cfs/cdirs/desi/users/shengyu/galaxies/catalogs/Y3/AbacusHF-v2/altmtl/LRG/mock18/mpspk/mesh2_spectrum_poles_LRG_z0.4-0.6_DR2_v2.0+dv_verr_nonparam.h5
[000046.80]  06-07 04:39  fit_tools                    INFO     Reading data for mesh2 from /global/cfs/cdirs/desi/users/shengyu/galaxies/catalogs/Y3/AbacusHF-v2/altmtl/LRG/mock19/mpspk/mesh2_spectrum_poles_LRG_z0.4-0.6_DR2_v2.0+dv_verr_nonparam.h5
[000046.89]  06-07 04:39  fit_tools                    INFO     Reading data for mesh2 from /global/cfs/cdirs/desi/users/shengyu/galaxies/catalogs/Y3/AbacusHF-v2/altmtl/LRG/mock20/mpspk/mesh2_spectrum_poles_LRG_z0.4-0.6_DR2_v2.0+dv_verr_nonparam.h5
[000046.99]  06-07 04:39  fit_tools                    INFO     Reading data for mesh2 from /global/cfs/cdirs/desi/users/shengyu/galaxies/catalogs/Y3/AbacusHF-v2/altmtl/LRG/mock21/mpspk/mesh2_spectrum_poles_LRG_z0.4-0.6_DR2_v2.0+dv_verr_nonparam.h5
[000047.12]  06-07 04:39  fit_tools                    INFO     Reading data for mesh2 from /global/cfs/cdirs/desi/users/shengyu/galaxies/catalogs/Y3/AbacusHF-v2/altmtl/LRG/mock22/mpspk/mesh2_spectrum_poles_LRG_z0.4-0.6_DR2_v2.0+dv_verr_nonparam.h5
[000048.96]  06-07 04:39  fit_tools                    INFO     Reading data for mesh2 from /global/cfs/cdirs/desi/users/shengyu/galaxies/catalogs/Y3/AbacusHF-v2/altmtl/LRG/mock23/mpspk/mesh2_spectrum_poles_LRG_z0.4-0.6_DR2_v2.0+dv_verr_nonparam.h5
[000049.61]  06-07 04:39  fit_tools                    INFO     Reading data for mesh2 from /global/cfs/cdirs/desi/users/shengyu/galaxies/catalogs/Y3/AbacusHF-v2/altmtl/LRG/mock24/mpspk/mesh2_spectrum_poles_LRG_z0.4-0.6_DR2_v2.0+dv_verr_nonparam.h5
[000049.65]  06-07 04:39  fit_tools                    INFO     Averaged data for mesh2 over 25 mock realizations
[000049.66]  06-07 04:39  fit_tools                    INFO     Reading window for mesh2 from /global/cfs/cdirs/desi/users/shengyu/galaxies/catalogs/Y3/AbacusHF-v2/altmtl/LRG/mock0/mpspk/window_mesh2_spectrum_poles_LRG_z0.4-0.6_DR2_v2.0+dv_verr_nonparam.h5
[000049.88]  06-07 04:39  fit_tools                    INFO     Reading window for mesh2 from /global/cfs/cdirs/desi/users/shengyu/galaxies/catalogs/Y3/AbacusHF-v2/altmtl/LRG/mock1/mpspk/window_mesh2_spectrum_poles_LRG_z0.4-0.6_DR2_v2.0+dv_verr_nonparam.h5
[000049.99]  06-07 04:39  fit_tools                    INFO     Reading window for mesh2 from /global/cfs/cdirs/desi/users/shengyu/galaxies/catalogs/Y3/AbacusHF-v2/altmtl/LRG/mock2/mpspk/window_mesh2_spectrum_poles_LRG_z0.4-0.6_DR2_v2.0+dv_verr_nonparam.h5
[000050.13]  06-07 04:39  fit_tools                    INFO     Reading window for mesh2 from /global/cfs/cdirs/desi/users/shengyu/galaxies/catalogs/Y3/AbacusHF-v2/altmtl/LRG/mock3/mpspk/window_mesh2_spectrum_poles_LRG_z0.4-0.6_DR2_v2.0+dv_verr_nonparam.h5
[000050.34]  06-07 04:39  fit_tools                    INFO     Reading window for mesh2 from /global/cfs/cdirs/desi/users/shengyu/galaxies/catalogs/Y3/AbacusHF-v2/altmtl/LRG/mock4/mpspk/window_mesh2_spectrum_poles_LRG_z0.4-0.6_DR2_v2.0+dv_verr_nonparam.h5
[000050.50]  06-07 04:39  fit_tools                    INFO     Reading window for mesh2 from /global/cfs/cdirs/desi/users/shengyu/galaxies/catalogs/Y3/AbacusHF-v2/altmtl/LRG/mock5/mpspk/window_mesh2_spectrum_poles_LRG_z0.4-0.6_DR2_v2.0+dv_verr_nonparam.h5
[000050.63]  06-07 04:39  fit_tools                    INFO     Reading window for mesh2 from /global/cfs/cdirs/desi/users/shengyu/galaxies/catalogs/Y3/AbacusHF-v2/altmtl/LRG/mock6/mpspk/window_mesh2_spectrum_poles_LRG_z0.4-0.6_DR2_v2.0+dv_verr_nonparam.h5
[000050.83]  06-07 04:39  fit_tools                    INFO     Reading window for mesh2 from /global/cfs/cdirs/desi/users/shengyu/galaxies/catalogs/Y3/AbacusHF-v2/altmtl/LRG/mock7/mpspk/window_mesh2_spectrum_poles_LRG_z0.4-0.6_DR2_v2.0+dv_verr_nonparam.h5
[000051.10]  06-07 04:39  fit_tools                    INFO     Reading window for mesh2 from /global/cfs/cdirs/desi/users/shengyu/galaxies/catalogs/Y3/AbacusHF-v2/altmtl/LRG/mock8/mpspk/window_mesh2_spectrum_poles_LRG_z0.4-0.6_DR2_v2.0+dv_verr_nonparam.h5
[000051.31]  06-07 04:39  fit_tools                    INFO     Reading window for mesh2 from /global/cfs/cdirs/desi/users/shengyu/galaxies/catalogs/Y3/AbacusHF-v2/altmtl/LRG/mock9/mpspk/window_mesh2_spectrum_poles_LRG_z0.4-0.6_DR2_v2.0+dv_verr_nonparam.h5
[000053.73]  06-07 04:39  fit_tools                    INFO     Reading window for mesh2 from /global/cfs/cdirs/desi/users/shengyu/galaxies/catalogs/Y3/AbacusHF-v2/altmtl/LRG/mock10/mpspk/window_mesh2_spectrum_poles_LRG_z0.4-0.6_DR2_v2.0+dv_verr_nonparam.h5
[000053.93]  06-07 04:39  fit_tools                    INFO     Reading window for mesh2 from /global/cfs/cdirs/desi/users/shengyu/galaxies/catalogs/Y3/AbacusHF-v2/altmtl/LRG/mock11/mpspk/window_mesh2_spectrum_poles_LRG_z0.4-0.6_DR2_v2.0+dv_verr_nonparam.h5
[000054.11]  06-07 04:39  fit_tools                    INFO     Reading window for mesh2 from /global/cfs/cdirs/desi/users/shengyu/galaxies/catalogs/Y3/AbacusHF-v2/altmtl/LRG/mock12/mpspk/window_mesh2_spectrum_poles_LRG_z0.4-0.6_DR2_v2.0+dv_verr_nonparam.h5
[000054.31]  06-07 04:39  fit_tools                    INFO     Reading window for mesh2 from /global/cfs/cdirs/desi/users/shengyu/galaxies/catalogs/Y3/AbacusHF-v2/altmtl/LRG/mock13/mpspk/window_mesh2_spectrum_poles_LRG_z0.4-0.6_DR2_v2.0+dv_verr_nonparam.h5
[000055.62]  06-07 04:39  fit_tools                    INFO     Reading window for mesh2 from /global/cfs/cdirs/desi/users/shengyu/galaxies/catalogs/Y3/AbacusHF-v2/altmtl/LRG/mock14/mpspk/window_mesh2_spectrum_poles_LRG_z0.4-0.6_DR2_v2.0+dv_verr_nonparam.h5
[000056.87]  06-07 04:39  fit_tools                    INFO     Reading window for mesh2 from /global/cfs/cdirs/desi/users/shengyu/galaxies/catalogs/Y3/AbacusHF-v2/altmtl/LRG/mock15/mpspk/window_mesh2_spectrum_poles_LRG_z0.4-0.6_DR2_v2.0+dv_verr_nonparam.h5
[000057.03]  06-07 04:39  fit_tools                    INFO     Reading window for mesh2 from /global/cfs/cdirs/desi/users/shengyu/galaxies/catalogs/Y3/AbacusHF-v2/altmtl/LRG/mock16/mpspk/window_mesh2_spectrum_poles_LRG_z0.4-0.6_DR2_v2.0+dv_verr_nonparam.h5
[000057.18]  06-07 04:39  fit_tools                    INFO     Reading window for mesh2 from /global/cfs/cdirs/desi/users/shengyu/galaxies/catalogs/Y3/AbacusHF-v2/altmtl/LRG/mock17/mpspk/window_mesh2_spectrum_poles_LRG_z0.4-0.6_DR2_v2.0+dv_verr_nonparam.h5
[000057.41]  06-07 04:39  fit_tools                    INFO     Reading window for mesh2 from /global/cfs/cdirs/desi/users/shengyu/galaxies/catalogs/Y3/AbacusHF-v2/altmtl/LRG/mock18/mpspk/window_mesh2_spectrum_poles_LRG_z0.4-0.6_DR2_v2.0+dv_verr_nonparam.h5
[000059.23]  06-07 04:39  fit_tools                    INFO     Reading window for mesh2 from /global/cfs/cdirs/desi/users/shengyu/galaxies/catalogs/Y3/AbacusHF-v2/altmtl/LRG/mock19/mpspk/window_mesh2_spectrum_poles_LRG_z0.4-0.6_DR2_v2.0+dv_verr_nonparam.h5
[000059.30]  06-07 04:39  fit_tools                    INFO     Reading window for mesh2 from /global/cfs/cdirs/desi/users/shengyu/galaxies/catalogs/Y3/AbacusHF-v2/altmtl/LRG/mock20/mpspk/window_mesh2_spectrum_poles_LRG_z0.4-0.6_DR2_v2.0+dv_verr_nonparam.h5
[000059.39]  06-07 04:39  fit_tools                    INFO     Reading window for mesh2 from /global/cfs/cdirs/desi/users/shengyu/galaxies/catalogs/Y3/AbacusHF-v2/altmtl/LRG/mock21/mpspk/window_mesh2_spectrum_poles_LRG_z0.4-0.6_DR2_v2.0+dv_verr_nonparam.h5
[000059.52]  06-07 04:39  fit_tools                    INFO     Reading window for mesh2 from /global/cfs/cdirs/desi/users/shengyu/galaxies/catalogs/Y3/AbacusHF-v2/altmtl/LRG/mock22/mpspk/window_mesh2_spectrum_poles_LRG_z0.4-0.6_DR2_v2.0+dv_verr_nonparam.h5
[000059.71]  06-07 04:39  fit_tools                    INFO     Reading window for mesh2 from /global/cfs/cdirs/desi/users/shengyu/galaxies/catalogs/Y3/AbacusHF-v2/altmtl/LRG/mock23/mpspk/window_mesh2_spectrum_poles_LRG_z0.4-0.6_DR2_v2.0+dv_verr_nonparam.h5
[000061.28]  06-07 04:39  fit_tools                    INFO     Reading window for mesh2 from /global/cfs/cdirs/desi/users/shengyu/galaxies/catalogs/Y3/AbacusHF-v2/altmtl/LRG/mock24/mpspk/window_mesh2_spectrum_poles_LRG_z0.4-0.6_DR2_v2.0+dv_verr_nonparam.h5
[000061.41]  06-07 04:39  fit_tools                    INFO     Writing cached stats /global/cfs/cdirs/desi/users/shengyu/Y3/full-shape/redshift_errors/fits/_cache/prepared_stats/data_LRG1-z0.4-0.6-mean25-S2-f157cfb0.h5.
[000061.75]  06-07 04:39  fit_tools                    INFO     Writing cached stats /global/cfs/cdirs/desi/users/shengyu/Y3/full-shape/redshift_errors/fits/_cache/prepared_stats/window_LRG1-z0.4-0.6-mean25-S2-f157cfb0.h5.
[000061.96]  06-07 04:39  fit_tools                    INFO     Reading covariance, first matched: /global/cfs/cdirs/desi/users/shengyu/galaxies/catalogs/Y3/holi-v3/altmtl/LRG/mock0/mpspk/mesh2_spectrum_poles_LRG_z0.4-0.6_holi_v3+dv_verr_nonparam.h5
[000191.48]  06-07 04:41  fit_tools                    INFO     Built covariance from 846 mock realizations; shape=(112, 112)
[000191.48]  06-07 04:41  fit_tools                    WARNING  Skipped 154 missing covariance mock files
[000191.48]  06-07 04:41  fit_tools                    INFO     Applied covariance corrections ('hartlap', 'percival') with factor 1.305888, hartlap=0.866272, percival=1.131255, nparams=7
[000191.49]  06-07 04:41  fit_tools                    INFO     Writing cached stats /global/cfs/cdirs/desi/users/shengyu/Y3/full-shape/redshift_errors/fits/_cache/prepared_stats/covariance_LRG1-z0.4-0.6-mean25-S2+cov-mock-holi-v3-3948182d.h5.
[000191.62]  06-07 04:41  fit_tools                    WARNING  No redshift found in data attributes; read z=0.510 from the mesh2 window.
[000191.73]  06-07 04:41  fit_tools                    WARNING  No redshift found in data attributes; read z=0.510 from the mesh2 window.
[000191.65]  06-07 04:41  fit_tools                    WARNING  No redshift found in data attributes; read z=0.510 from the mesh2 window.
[000191.62]  06-07 04:41  fit_tools                    WARNING  No redshift found in data attributes; read z=0.510 from the mesh2 window.
⚠️ No GPU found. Using JAX with CPU.
⚠️ No GPU found. Using JAX with CPU.
⚠️ No GPU found. Using JAX with CPU.
⚠️ No GPU found. Using JAX with CPU.
Calculating matrices (no save path specified)
Calculating matrices (no save path specified)
Calculating matrices (no save path specified)
Calculating matrices (no save path specified)
/global/homes/s/shengyu/.conda/envs/fit_env/lib/python3.12/site-packages/cosmoprimo/eisenstein_hu.py:25: UserWarning: EisensteinHuNoWiggleEngine cannot cope with massive neutrinos
  warnings.warn('{} cannot cope with massive neutrinos'.format(self.__class__.__name__))
/global/homes/s/shengyu/.conda/envs/fit_env/lib/python3.12/site-packages/cosmoprimo/eisenstein_hu.py:25: UserWarning: EisensteinHuNoWiggleEngine cannot cope with massive neutrinos
  warnings.warn('{} cannot cope with massive neutrinos'.format(self.__class__.__name__))
/global/homes/s/shengyu/.conda/envs/fit_env/lib/python3.12/site-packages/cosmoprimo/eisenstein_hu.py:25: UserWarning: EisensteinHuNoWiggleEngine cannot cope with massive neutrinos
  warnings.warn('{} cannot cope with massive neutrinos'.format(self.__class__.__name__))
/global/homes/s/shengyu/.conda/envs/fit_env/lib/python3.12/site-packages/cosmoprimo/eisenstein_hu.py:25: UserWarning: EisensteinHuNoWiggleEngine cannot cope with massive neutrinos
  warnings.warn('{} cannot cope with massive neutrinos'.format(self.__class__.__name__))
Calculating matrices (no save path specified)
Calculating matrices (no save path specified)
Calculating matrices (no save path specified)
Calculating matrices (no save path specified)
[000200.02]  06-07 04:41  fit_tools                    INFO     Fitting emulator /global/cfs/cdirs/desi/users/shengyu/Y3/full-shape/redshift_errors/fits/_cache/emulator_cosmo-base_taylor/emulator_LRG1-z0.4-0.6-mean25-S2-ell0-k0.02-0.30-0.005-ell2-k0.02-0.30-0.005-th-folpsD_1275e3ad.npy
[000200.03]  06-07 04:41  fit_tools                    INFO     Fitting emulator /global/cfs/cdirs/desi/users/shengyu/Y3/full-shape/redshift_errors/fits/_cache/emulator_cosmo-base_taylor/emulator_LRG1-z0.4-0.6-mean25-S2-ell0-k0.02-0.30-0.005-ell2-k0.02-0.30-0.005-th-folpsD_1275e3ad.npy
[000200.05]  06-07 04:41  fit_tools                    INFO     Fitting emulator /global/cfs/cdirs/desi/users/shengyu/Y3/full-shape/redshift_errors/fits/_cache/emulator_cosmo-base_taylor/emulator_LRG1-z0.4-0.6-mean25-S2-ell0-k0.02-0.30-0.005-ell2-k0.02-0.30-0.005-th-folpsD_1275e3ad.npy
[000200.15]  06-07 04:41  fit_tools                    INFO     Fitting emulator /global/cfs/cdirs/desi/users/shengyu/Y3/full-shape/redshift_errors/fits/_cache/emulator_cosmo-base_taylor/emulator_LRG1-z0.4-0.6-mean25-S2-ell0-k0.02-0.30-0.005-ell2-k0.02-0.30-0.005-th-folpsD_1275e3ad.npy
Calculating matrices (no save path specified)
Calculating matrices (no save path specified)
Calculating matrices (no save path specified)
Calculating matrices (no save path specified)
[000203.71]  06-07 04:42  Emulator                     INFO     Varied parameters: ['h', 'omega_cdm', 'omega_b', 'logA', 'n_s'].
[000203.71]  06-07 04:42  Emulator                     INFO     Found varying ['H0', 'Omega_m', 'sigma8_m', 'sigma8', 'fsigma8', 'pt-jac', 'pt-kap', 'pt-muap', 'pt-table', 'pt-table_now', 'pt-scalars', 'pt-scalars_now', 'pt-qpar', 'pt-qper', 'pt-f', 'pt-f0', 'pt-pklir'] and fixed ['k', 'z', 'ells', 'wmu', 'kt', 'pt-A_full', 'pt-remove_DeltaP'] outputs.
[000204.14]  06-07 04:42  Differentiation              INFO     Varied parameters: ['h', 'omega_cdm', 'omega_b', 'logA', 'n_s'].
[000205.45]  06-07 04:42  Differentiation              INFO     h grid is [0.6136 0.6436 0.6736 0.7036 0.7336].
[000205.45]  06-07 04:42  Differentiation              INFO     omega_cdm grid is [0.106 0.113 0.12  0.127 0.134].
[000205.45]  06-07 04:42  Differentiation              INFO     omega_b grid is [0.01937 0.02087 0.02237 0.02387 0.02537].
[000205.45]  06-07 04:42  Differentiation              INFO     logA grid is [2.93639426 2.98639426 3.03639426 3.08639426 3.13639426].
[000205.45]  06-07 04:42  Differentiation              INFO     n_s grid is [0.9549 0.9599 0.9649 0.9699 0.9749].
[000205.45]  06-07 04:42  Differentiation              INFO     Differentiation will evaluate 141 points.
[000219.58]  06-07 04:42  Emulator                     INFO     Fitting H0.
[000219.61]  06-07 04:42  Emulator                     INFO     Fitting Omega_m.
[000219.63]  06-07 04:42  Emulator                     INFO     Fitting sigma8_m.
[000219.66]  06-07 04:42  Emulator                     INFO     Fitting sigma8.
[000219.68]  06-07 04:42  Emulator                     INFO     Fitting fsigma8.
[000219.71]  06-07 04:42  Emulator                     INFO     Fitting pt-jac.
[000219.73]  06-07 04:42  Emulator                     INFO     Fitting pt-kap.
[000219.76]  06-07 04:42  Emulator                     INFO     Fitting pt-muap.
[000219.78]  06-07 04:42  Emulator                     INFO     Fitting pt-table.
[000219.81]  06-07 04:42  Emulator                     INFO     Fitting pt-table_now.
[000219.83]  06-07 04:42  Emulator                     INFO     Fitting pt-scalars.
[000219.86]  06-07 04:42  Emulator                     INFO     Fitting pt-scalars_now.
[000219.88]  06-07 04:42  Emulator                     INFO     Fitting pt-qpar.
[000219.90]  06-07 04:42  Emulator                     INFO     Fitting pt-qper.
[000219.93]  06-07 04:42  Emulator                     INFO     Fitting pt-f.
[000219.95]  06-07 04:42  Emulator                     INFO     Fitting pt-f0.
[000219.98]  06-07 04:42  Emulator                     INFO     Fitting pt-pklir.
[000220.40]  06-07 04:42  Emulator                     INFO     Saving /global/cfs/cdirs/desi/users/shengyu/Y3/full-shape/redshift_errors/fits/_cache/emulator_cosmo-base_taylor/emulator_LRG1-z0.4-0.6-mean25-S2-ell0-k0.02-0.30-0.005-ell2-k0.02-0.30-0.005-th-folpsD_1275e3ad.npy.
[000220.40]  06-07 04:42  BaseConfig                   INFO     Saving /global/cfs/cdirs/desi/users/shengyu/Y3/full-shape/redshift_errors/fits/_cache/emulator_cosmo-base_taylor/emulator_LRG1-z0.4-0.6-mean25-S2-ell0-k0.02-0.30-0.005-ell2-k0.02-0.30-0.005-th-folpsD_1275e3ad.yaml.
[000220.62]  06-07 04:42  PocoMCSampler                INFO     Varied parameters: ['h', 'omega_cdm', 'omega_b', 'logA', 'n_s', 'LRG1.b1p', 'LRG1.b2p', 'LRG1.bsp', 'LRG1.X_FoG_pp'].
[None]
[000265.86]  06-07 04:43  PocoMCSampler                INFO     Successfully vmap input likelihood.
[000269.78]  06-07 04:43  PocoMCSampler                INFO     Successfully jit input likelihood.
Saving PMC state to /global/cfs/cdirs/desi/users/shengyu/Y3/full-shape/redshift_errors/fits/cosmo-base_LRG1-z0.4-0.6-mean25-S2-de651060/chain_0.pocomc.state
[000328.70]  06-07 04:44  Chain                        INFO     Saving /global/cfs/cdirs/desi/users/shengyu/Y3/full-shape/redshift_errors/fits/cosmo-base_LRG1-z0.4-0.6-mean25-S2-de651060/chain_0.npy.
[000328.78]  06-07 04:44  PocoMCSampler                INFO     Diagnostics:
[000328.80]  06-07 04:44  Diagnostics                  INFO     - max eigen Gelman-Rubin - 1 is 0.346; not < 0.02.
[000328.82]  06-07 04:44  Diagnostics                  INFO     - max diag Gelman-Rubin - 1 is 0.144.
[000328.95]  06-07 04:44  Diagnostics                  INFO     - max diag Gelman-Rubin - 1 at 1.0 sigmas is 0.315.
[000328.97]  06-07 04:44  Diagnostics                  INFO     - max Geweke is 0.364.
[000328.97]  06-07 04:44  Diagnostics                  INFO     - Geweke p-value is 0.0624.
[000329.29]  06-07 04:44  Diagnostics                  INFO     - effective sample size = (10 iterations / integrated autocorrelation time) is 13.8.
Saving PMC state to /global/cfs/cdirs/desi/users/shengyu/Y3/full-shape/redshift_errors/fits/cosmo-base_LRG1-z0.4-0.6-mean25-S2-de651060/chain_0.pocomc.state
[000361.47]  06-07 04:44  Chain                        INFO     Saving /global/cfs/cdirs/desi/users/shengyu/Y3/full-shape/redshift_errors/fits/cosmo-base_LRG1-z0.4-0.6-mean25-S2-de651060/chain_0.npy.
[000361.55]  06-07 04:44  PocoMCSampler                INFO     Diagnostics:
[000361.57]  06-07 04:44  Diagnostics                  INFO     - max eigen Gelman-Rubin - 1 is 0.368; not < 0.02.
[000361.59]  06-07 04:44  Diagnostics                  INFO     - max diag Gelman-Rubin - 1 is 0.249.
[000361.81]  06-07 04:44  Diagnostics                  INFO     - max diag Gelman-Rubin - 1 at 1.0 sigmas is 0.358.
[000361.83]  06-07 04:44  Diagnostics                  INFO     - max Geweke is 0.391.
[000361.83]  06-07 04:44  Diagnostics                  INFO     - Geweke p-value is 2.19e-05.
[000362.16]  06-07 04:44  Diagnostics                  INFO     - effective sample size = (20 iterations / integrated autocorrelation time) is 15.4.
[000362.16]  06-07 04:44  Diagnostics                  INFO     - max variation of integrated autocorrelation time is 0.68.
Saving PMC state to /global/cfs/cdirs/desi/users/shengyu/Y3/full-shape/redshift_errors/fits/cosmo-base_LRG1-z0.4-0.6-mean25-S2-de651060/chain_0.pocomc.state
[000397.45]  06-07 04:45  Chain                        INFO     Saving /global/cfs/cdirs/desi/users/shengyu/Y3/full-shape/redshift_errors/fits/cosmo-base_LRG1-z0.4-0.6-mean25-S2-de651060/chain_0.npy.
[000397.52]  06-07 04:45  PocoMCSampler                INFO     Diagnostics:
[000397.54]  06-07 04:45  Diagnostics                  INFO     - max eigen Gelman-Rubin - 1 is 0.213; not < 0.02.
[000397.56]  06-07 04:45  Diagnostics                  INFO     - max diag Gelman-Rubin - 1 is 0.162.
[000397.84]  06-07 04:45  Diagnostics                  INFO     - max diag Gelman-Rubin - 1 at 1.0 sigmas is 0.615.
[000397.85]  06-07 04:45  Diagnostics                  INFO     - max Geweke is 0.357.
[000397.85]  06-07 04:45  Diagnostics                  INFO     - Geweke p-value is 0.000136.
[000398.18]  06-07 04:45  Diagnostics                  INFO     - effective sample size = (30 iterations / integrated autocorrelation time) is 20.6.
[000398.18]  06-07 04:45  Diagnostics                  INFO     - max variation of integrated autocorrelation time is 0.23.
Saving PMC state to /global/cfs/cdirs/desi/users/shengyu/Y3/full-shape/redshift_errors/fits/cosmo-base_LRG1-z0.4-0.6-mean25-S2-de651060/chain_0.pocomc.state
[000434.30]  06-07 04:45  Chain                        INFO     Saving /global/cfs/cdirs/desi/users/shengyu/Y3/full-shape/redshift_errors/fits/cosmo-base_LRG1-z0.4-0.6-mean25-S2-de651060/chain_0.npy.
[000434.38]  06-07 04:45  PocoMCSampler                INFO     Diagnostics:
[000434.40]  06-07 04:45  Diagnostics                  INFO     - max eigen Gelman-Rubin - 1 is 0.595; not < 0.02.
[000434.42]  06-07 04:45  Diagnostics                  INFO     - max diag Gelman-Rubin - 1 is 0.409.
[000434.57]  06-07 04:45  Diagnostics                  INFO     - max diag Gelman-Rubin - 1 at 1.0 sigmas is 1.22.
[000434.59]  06-07 04:45  Diagnostics                  INFO     - max Geweke is 0.491.
[000434.59]  06-07 04:45  Diagnostics                  INFO     - Geweke p-value is 2.69e-06.
[000434.92]  06-07 04:45  Diagnostics                  INFO     - effective sample size = (40 iterations / integrated autocorrelation time) is 12.7.
[000434.92]  06-07 04:45  Diagnostics                  INFO     - max variation of integrated autocorrelation time is 0.539.
Saving PMC state to /global/cfs/cdirs/desi/users/shengyu/Y3/full-shape/redshift_errors/fits/cosmo-base_LRG1-z0.4-0.6-mean25-S2-de651060/chain_0.pocomc.state
[000473.52]  06-07 04:46  Chain                        INFO     Saving /global/cfs/cdirs/desi/users/shengyu/Y3/full-shape/redshift_errors/fits/cosmo-base_LRG1-z0.4-0.6-mean25-S2-de651060/chain_0.npy.
[000473.58]  06-07 04:46  PocoMCSampler                INFO     Diagnostics:
[000473.61]  06-07 04:46  Diagnostics                  INFO     - max eigen Gelman-Rubin - 1 is 0.798; not < 0.02.
[000473.63]  06-07 04:46  Diagnostics                  INFO     - max diag Gelman-Rubin - 1 is 0.426.
[000473.79]  06-07 04:46  Diagnostics                  INFO     - max diag Gelman-Rubin - 1 at 1.0 sigmas is 1.26.
[000473.81]  06-07 04:46  Diagnostics                  INFO     - max Geweke is 0.566.
[000473.81]  06-07 04:46  Diagnostics                  INFO     - Geweke p-value is 9.42e-07.
[000474.14]  06-07 04:46  Diagnostics                  INFO     - effective sample size = (50 iterations / integrated autocorrelation time) is 11.9.
[000474.14]  06-07 04:46  Diagnostics                  INFO     - max variation of integrated autocorrelation time is 0.534.
Saving PMC state to /global/cfs/cdirs/desi/users/shengyu/Y3/full-shape/redshift_errors/fits/cosmo-base_LRG1-z0.4-0.6-mean25-S2-de651060/chain_0.pocomc.state
[000516.14]  06-07 04:47  Chain                        INFO     Saving /global/cfs/cdirs/desi/users/shengyu/Y3/full-shape/redshift_errors/fits/cosmo-base_LRG1-z0.4-0.6-mean25-S2-de651060/chain_0.npy.
[000516.24]  06-07 04:47  PocoMCSampler                INFO     Diagnostics:
[000516.26]  06-07 04:47  Diagnostics                  INFO     - max eigen Gelman-Rubin - 1 is 1.43; not < 0.02.
[000516.28]  06-07 04:47  Diagnostics                  INFO     - max diag Gelman-Rubin - 1 is 0.797.
[000516.36]  06-07 04:47  Diagnostics                  INFO     - max diag Gelman-Rubin - 1 at 1.0 sigmas is 1.73.
[000516.38]  06-07 04:47  Diagnostics                  INFO     - max Geweke is 0.529.
[000516.38]  06-07 04:47  Diagnostics                  INFO     - Geweke p-value is 4.05e-09.
[000516.71]  06-07 04:47  Diagnostics                  INFO     - effective sample size = (60 iterations / integrated autocorrelation time) is 10.1.
[000516.71]  06-07 04:47  Diagnostics                  INFO     - max variation of integrated autocorrelation time is 0.523.
Saving PMC state to /global/cfs/cdirs/desi/users/shengyu/Y3/full-shape/redshift_errors/fits/cosmo-base_LRG1-z0.4-0.6-mean25-S2-de651060/chain_0.pocomc.state
[000565.98]  06-07 04:48  Chain                        INFO     Saving /global/cfs/cdirs/desi/users/shengyu/Y3/full-shape/redshift_errors/fits/cosmo-base_LRG1-z0.4-0.6-mean25-S2-de651060/chain_0.npy.
[000566.07]  06-07 04:48  PocoMCSampler                INFO     Diagnostics:
[000566.10]  06-07 04:48  Diagnostics                  INFO     - max eigen Gelman-Rubin - 1 is 1.19; not < 0.02.
[000566.12]  06-07 04:48  Diagnostics                  INFO     - max diag Gelman-Rubin - 1 is 0.695.
[000566.20]  06-07 04:48  Diagnostics                  INFO     - max diag Gelman-Rubin - 1 at 1.0 sigmas is 1.17.
[000566.22]  06-07 04:48  Diagnostics                  INFO     - max Geweke is 0.652.
[000566.22]  06-07 04:48  Diagnostics                  INFO     - Geweke p-value is 2.61e-06.
[000566.56]  06-07 04:48  Diagnostics                  INFO     - effective sample size = (70 iterations / integrated autocorrelation time) is 11.1.
[000566.56]  06-07 04:48  Diagnostics                  INFO     - max variation of integrated autocorrelation time is 0.472.
Saving PMC state to /global/cfs/cdirs/desi/users/shengyu/Y3/full-shape/redshift_errors/fits/cosmo-base_LRG1-z0.4-0.6-mean25-S2-de651060/chain_0.pocomc.state
[000623.71]  06-07 04:49  Chain                        INFO     Saving /global/cfs/cdirs/desi/users/shengyu/Y3/full-shape/redshift_errors/fits/cosmo-base_LRG1-z0.4-0.6-mean25-S2-de651060/chain_0.npy.
[000623.80]  06-07 04:49  PocoMCSampler                INFO     Diagnostics:
[000623.83]  06-07 04:49  Diagnostics                  INFO     - max eigen Gelman-Rubin - 1 is 0.92; not < 0.02.
[000623.85]  06-07 04:49  Diagnostics                  INFO     - max diag Gelman-Rubin - 1 is 0.455.
[000623.93]  06-07 04:49  Diagnostics                  INFO     - max diag Gelman-Rubin - 1 at 1.0 sigmas is 0.68.
[000623.95]  06-07 04:49  Diagnostics                  INFO     - max Geweke is 0.542.
[000623.95]  06-07 04:49  Diagnostics                  INFO     - Geweke p-value is 1.03e-09.
[000624.28]  06-07 04:49  Diagnostics                  INFO     - effective sample size = (80 iterations / integrated autocorrelation time) is 16.1.
[000624.28]  06-07 04:49  Diagnostics                  INFO     - max variation of integrated autocorrelation time is 0.395.
Saving PMC state to /global/cfs/cdirs/desi/users/shengyu/Y3/full-shape/redshift_errors/fits/cosmo-base_LRG1-z0.4-0.6-mean25-S2-de651060/chain_0.pocomc.state
[000678.31]  06-07 04:49  Chain                        INFO     Saving /global/cfs/cdirs/desi/users/shengyu/Y3/full-shape/redshift_errors/fits/cosmo-base_LRG1-z0.4-0.6-mean25-S2-de651060/chain_0.npy.
[000678.38]  06-07 04:49  PocoMCSampler                INFO     Diagnostics:
[000678.40]  06-07 04:49  Diagnostics                  INFO     - max eigen Gelman-Rubin - 1 is 0.456; not < 0.02.
[000678.43]  06-07 04:49  Diagnostics                  INFO     - max diag Gelman-Rubin - 1 is 0.116.
[000678.51]  06-07 04:49  Diagnostics                  INFO     - max diag Gelman-Rubin - 1 at 1.0 sigmas is 0.394.
[000678.53]  06-07 04:49  Diagnostics                  INFO     - max Geweke is 0.596.
[000678.53]  06-07 04:49  Diagnostics                  INFO     - Geweke p-value is 8.15e-10.
[000678.86]  06-07 04:49  Diagnostics                  INFO     - effective sample size = (90 iterations / integrated autocorrelation time) is 49.5.
[000678.86]  06-07 04:49  Diagnostics                  INFO     - max variation of integrated autocorrelation time is 1.73.
Saving PMC state to /global/cfs/cdirs/desi/users/shengyu/Y3/full-shape/redshift_errors/fits/cosmo-base_LRG1-z0.4-0.6-mean25-S2-de651060/chain_0.pocomc.state
[000731.00]  06-07 04:50  Chain                        INFO     Saving /global/cfs/cdirs/desi/users/shengyu/Y3/full-shape/redshift_errors/fits/cosmo-base_LRG1-z0.4-0.6-mean25-S2-de651060/chain_0.npy.
[000731.05]  06-07 04:50  PocoMCSampler                INFO     Diagnostics:
[000731.08]  06-07 04:50  Diagnostics                  INFO     - max eigen Gelman-Rubin - 1 is 0.265; not < 0.02.
[000731.10]  06-07 04:50  Diagnostics                  INFO     - max diag Gelman-Rubin - 1 is 0.0321.
[000731.19]  06-07 04:50  Diagnostics                  INFO     - max diag Gelman-Rubin - 1 at 1.0 sigmas is 0.122.
[000731.20]  06-07 04:50  Diagnostics                  INFO     - max Geweke is 0.194.
[000731.20]  06-07 04:50  Diagnostics                  INFO     - Geweke p-value is 0.016.
[000731.54]  06-07 04:50  Diagnostics                  INFO     - effective sample size = (100 iterations / integrated autocorrelation time) (reliable) is 88.4.
[000731.54]  06-07 04:50  Diagnostics                  INFO     - max variation of integrated autocorrelation time is 0.607.
Saving PMC state to /global/cfs/cdirs/desi/users/shengyu/Y3/full-shape/redshift_errors/fits/cosmo-base_LRG1-z0.4-0.6-mean25-S2-de651060/chain_0.pocomc.state
[000781.30]  06-07 04:51  Chain                        INFO     Saving /global/cfs/cdirs/desi/users/shengyu/Y3/full-shape/redshift_errors/fits/cosmo-base_LRG1-z0.4-0.6-mean25-S2-de651060/chain_0.npy.
[000781.36]  06-07 04:51  PocoMCSampler                INFO     Diagnostics:
[000781.38]  06-07 04:51  Diagnostics                  INFO     - max eigen Gelman-Rubin - 1 is 0.0932; not < 0.02.
[000781.40]  06-07 04:51  Diagnostics                  INFO     - max diag Gelman-Rubin - 1 is 0.0165.
[000781.50]  06-07 04:51  Diagnostics                  INFO     - max diag Gelman-Rubin - 1 at 1.0 sigmas is 0.0395.
[000781.51]  06-07 04:51  Diagnostics                  INFO     - max Geweke is 0.205.
[000781.51]  06-07 04:51  Diagnostics                  INFO     - Geweke p-value is 0.000174.
[000781.85]  06-07 04:51  Diagnostics                  INFO     - effective sample size = (110 iterations / integrated autocorrelation time) (reliable) is 112.
[000781.85]  06-07 04:51  Diagnostics                  INFO     - max variation of integrated autocorrelation time is 0.148.
Saving PMC state to /global/cfs/cdirs/desi/users/shengyu/Y3/full-shape/redshift_errors/fits/cosmo-base_LRG1-z0.4-0.6-mean25-S2-de651060/chain_0.pocomc.state
[000830.23]  06-07 04:52  Chain                        INFO     Saving /global/cfs/cdirs/desi/users/shengyu/Y3/full-shape/redshift_errors/fits/cosmo-base_LRG1-z0.4-0.6-mean25-S2-de651060/chain_0.npy.
[000830.33]  06-07 04:52  PocoMCSampler                INFO     Diagnostics:
[000830.36]  06-07 04:52  Diagnostics                  INFO     - max eigen Gelman-Rubin - 1 is 0.0431; not < 0.02.
[000830.38]  06-07 04:52  Diagnostics                  INFO     - max diag Gelman-Rubin - 1 is 0.0121.
[000830.47]  06-07 04:52  Diagnostics                  INFO     - max diag Gelman-Rubin - 1 at 1.0 sigmas is 0.033.
[000830.48]  06-07 04:52  Diagnostics                  INFO     - max Geweke is 0.116.
[000830.48]  06-07 04:52  Diagnostics                  INFO     - Geweke p-value is 2.72e-05.
[000830.82]  06-07 04:52  Diagnostics                  INFO     - effective sample size = (120 iterations / integrated autocorrelation time) (reliable) is 119.
[000830.82]  06-07 04:52  Diagnostics                  INFO     - max variation of integrated autocorrelation time is 0.0614.
Saving PMC state to /global/cfs/cdirs/desi/users/shengyu/Y3/full-shape/redshift_errors/fits/cosmo-base_LRG1-z0.4-0.6-mean25-S2-de651060/chain_0.pocomc.state
[000881.15]  06-07 04:53  Chain                        INFO     Saving /global/cfs/cdirs/desi/users/shengyu/Y3/full-shape/redshift_errors/fits/cosmo-base_LRG1-z0.4-0.6-mean25-S2-de651060/chain_0.npy.
[000881.25]  06-07 04:53  PocoMCSampler                INFO     Diagnostics:
[000881.27]  06-07 04:53  Diagnostics                  INFO     - max eigen Gelman-Rubin - 1 is 0.0219; not < 0.02.
[000881.29]  06-07 04:53  Diagnostics                  INFO     - max diag Gelman-Rubin - 1 is 0.00621.
[000881.38]  06-07 04:53  Diagnostics                  INFO     - max diag Gelman-Rubin - 1 at 1.0 sigmas is 0.0206.
[000881.40]  06-07 04:53  Diagnostics                  INFO     - max Geweke is 0.121.
[000881.40]  06-07 04:53  Diagnostics                  INFO     - Geweke p-value is 0.224.
[000881.75]  06-07 04:53  Diagnostics                  INFO     - effective sample size = (130 iterations / integrated autocorrelation time) (reliable) is 130.
[000881.75]  06-07 04:53  Diagnostics                  INFO     - max variation of integrated autocorrelation time is 0.0416.
Saving PMC state to /global/cfs/cdirs/desi/users/shengyu/Y3/full-shape/redshift_errors/fits/cosmo-base_LRG1-z0.4-0.6-mean25-S2-de651060/chain_0.pocomc.state
[000928.62]  06-07 04:54  Chain                        INFO     Saving /global/cfs/cdirs/desi/users/shengyu/Y3/full-shape/redshift_errors/fits/cosmo-base_LRG1-z0.4-0.6-mean25-S2-de651060/chain_0.npy.
[000928.72]  06-07 04:54  PocoMCSampler                INFO     Diagnostics:
[000928.74]  06-07 04:54  Diagnostics                  INFO     - max eigen Gelman-Rubin - 1 is 0.0195; < 0.02.
[000928.77]  06-07 04:54  Diagnostics                  INFO     - max diag Gelman-Rubin - 1 is 0.00707.
[000928.86]  06-07 04:54  Diagnostics                  INFO     - max diag Gelman-Rubin - 1 at 1.0 sigmas is 0.019.
[000928.87]  06-07 04:54  Diagnostics                  INFO     - max Geweke is 0.132.
[000928.87]  06-07 04:54  Diagnostics                  INFO     - Geweke p-value is 0.186.
[000929.22]  06-07 04:54  Diagnostics                  INFO     - effective sample size = (140 iterations / integrated autocorrelation time) (reliable) is 142.
[000929.22]  06-07 04:54  Diagnostics                  INFO     - max variation of integrated autocorrelation time is 0.0443.
Saving PMC state to /global/cfs/cdirs/desi/users/shengyu/Y3/full-shape/redshift_errors/fits/cosmo-base_LRG1-z0.4-0.6-mean25-S2-de651060/chain_0.pocomc.state
[000981.22]  06-07 04:54  Chain                        INFO     Saving /global/cfs/cdirs/desi/users/shengyu/Y3/full-shape/redshift_errors/fits/cosmo-base_LRG1-z0.4-0.6-mean25-S2-de651060/chain_0.npy.
[000981.30]  06-07 04:54  PocoMCSampler                INFO     Diagnostics:
[000981.33]  06-07 04:54  Diagnostics                  INFO     - max eigen Gelman-Rubin - 1 is 0.0144; < 0.02.
[000981.35]  06-07 04:54  Diagnostics                  INFO     - max diag Gelman-Rubin - 1 is 0.00318.
[000981.44]  06-07 04:54  Diagnostics                  INFO     - max diag Gelman-Rubin - 1 at 1.0 sigmas is 0.0187.
[000981.46]  06-07 04:54  Diagnostics                  INFO     - max Geweke is 0.111.
[000981.46]  06-07 04:54  Diagnostics                  INFO     - Geweke p-value is 0.0982.
[000981.80]  06-07 04:54  Diagnostics                  INFO     - effective sample size = (150 iterations / integrated autocorrelation time) (reliable) is 154.
[000981.80]  06-07 04:54  Diagnostics                  INFO     - max variation of integrated autocorrelation time is 0.0272.
Saving PMC state to /global/cfs/cdirs/desi/users/shengyu/Y3/full-shape/redshift_errors/fits/cosmo-base_LRG1-z0.4-0.6-mean25-S2-de651060/chain_0.pocomc.state
[001033.18]  06-07 04:55  Chain                        INFO     Saving /global/cfs/cdirs/desi/users/shengyu/Y3/full-shape/redshift_errors/fits/cosmo-base_LRG1-z0.4-0.6-mean25-S2-de651060/chain_0.npy.
[001033.27]  06-07 04:55  PocoMCSampler                INFO     Diagnostics:
[001033.29]  06-07 04:55  Diagnostics                  INFO     - max eigen Gelman-Rubin - 1 is 0.00435; < 0.02.
[001033.32]  06-07 04:55  Diagnostics                  INFO     - max diag Gelman-Rubin - 1 is 0.00211.
[001033.41]  06-07 04:55  Diagnostics                  INFO     - max diag Gelman-Rubin - 1 at 1.0 sigmas is 0.00938.
[001033.43]  06-07 04:55  Diagnostics                  INFO     - max Geweke is 0.141.
[001033.43]  06-07 04:55  Diagnostics                  INFO     - Geweke p-value is 0.0553.
[001033.78]  06-07 04:55  Diagnostics                  INFO     - effective sample size = (160 iterations / integrated autocorrelation time) (reliable) is 162.
[001033.78]  06-07 04:55  Diagnostics                  INFO     - max variation of integrated autocorrelation time is 0.0232.
Saving PMC state to /global/cfs/cdirs/desi/users/shengyu/Y3/full-shape/redshift_errors/fits/cosmo-base_LRG1-z0.4-0.6-mean25-S2-de651060/chain_0.pocomc.state
[001085.53]  06-07 04:56  Chain                        INFO     Saving /global/cfs/cdirs/desi/users/shengyu/Y3/full-shape/redshift_errors/fits/cosmo-base_LRG1-z0.4-0.6-mean25-S2-de651060/chain_0.npy.
[001086.42]  06-07 04:56  PocoMCSampler                INFO     Diagnostics:
[001086.44]  06-07 04:56  Diagnostics                  INFO     - max eigen Gelman-Rubin - 1 is 0.0123; < 0.02.
[001086.47]  06-07 04:56  Diagnostics                  INFO     - max diag Gelman-Rubin - 1 is 0.00505.
[001086.56]  06-07 04:56  Diagnostics                  INFO     - max diag Gelman-Rubin - 1 at 1.0 sigmas is 0.0105.
[001086.58]  06-07 04:56  Diagnostics                  INFO     - max Geweke is 0.116.
[001086.58]  06-07 04:56  Diagnostics                  INFO     - Geweke p-value is 0.0363.
[001086.92]  06-07 04:56  Diagnostics                  INFO     - effective sample size = (170 iterations / integrated autocorrelation time) (reliable) is 172.
[001086.92]  06-07 04:56  Diagnostics                  INFO     - max variation of integrated autocorrelation time is 0.0312.
Saving PMC state to /global/cfs/cdirs/desi/users/shengyu/Y3/full-shape/redshift_errors/fits/cosmo-base_LRG1-z0.4-0.6-mean25-S2-de651060/chain_0.pocomc.state
[001139.44]  06-07 04:57  Chain                        INFO     Saving /global/cfs/cdirs/desi/users/shengyu/Y3/full-shape/redshift_errors/fits/cosmo-base_LRG1-z0.4-0.6-mean25-S2-de651060/chain_0.npy.
[001139.51]  06-07 04:57  PocoMCSampler                INFO     Diagnostics:
[001139.54]  06-07 04:57  Diagnostics                  INFO     - max eigen Gelman-Rubin - 1 is 0.008; < 0.02.
[001139.56]  06-07 04:57  Diagnostics                  INFO     - max diag Gelman-Rubin - 1 is 0.00439.
[001139.65]  06-07 04:57  Diagnostics                  INFO     - max diag Gelman-Rubin - 1 at 1.0 sigmas is 0.012.
[001139.67]  06-07 04:57  Diagnostics                  INFO     - max Geweke is 0.131.
[001139.67]  06-07 04:57  Diagnostics                  INFO     - Geweke p-value is 0.1.
[001140.02]  06-07 04:57  Diagnostics                  INFO     - effective sample size = (180 iterations / integrated autocorrelation time) (reliable) is 178.
[001140.02]  06-07 04:57  Diagnostics                  INFO     - max variation of integrated autocorrelation time is 0.028.
Saving PMC state to /global/cfs/cdirs/desi/users/shengyu/Y3/full-shape/redshift_errors/fits/cosmo-base_LRG1-z0.4-0.6-mean25-S2-de651060/chain_0.pocomc.state
[001189.57]  06-07 04:58  Chain                        INFO     Saving /global/cfs/cdirs/desi/users/shengyu/Y3/full-shape/redshift_errors/fits/cosmo-base_LRG1-z0.4-0.6-mean25-S2-de651060/chain_0.npy.
[001189.64]  06-07 04:58  PocoMCSampler                INFO     Diagnostics:
[001189.66]  06-07 04:58  Diagnostics                  INFO     - max eigen Gelman-Rubin - 1 is 0.00525; < 0.02.
[001189.69]  06-07 04:58  Diagnostics                  INFO     - max diag Gelman-Rubin - 1 is 0.00246.
[001189.78]  06-07 04:58  Diagnostics                  INFO     - max diag Gelman-Rubin - 1 at 1.0 sigmas is 0.0137.
[001189.80]  06-07 04:58  Diagnostics                  INFO     - max Geweke is 0.0845.
[001189.80]  06-07 04:58  Diagnostics                  INFO     - Geweke p-value is 0.0415.
[001190.15]  06-07 04:58  Diagnostics                  INFO     - effective sample size = (190 iterations / integrated autocorrelation time) (reliable) is 192.
[001190.15]  06-07 04:58  Diagnostics                  INFO     - max variation of integrated autocorrelation time is 0.0247.
Saving PMC state to /global/cfs/cdirs/desi/users/shengyu/Y3/full-shape/redshift_errors/fits/cosmo-base_LRG1-z0.4-0.6-mean25-S2-de651060/chain_0.pocomc.state
[001239.70]  06-07 04:59  Chain                        INFO     Saving /global/cfs/cdirs/desi/users/shengyu/Y3/full-shape/redshift_errors/fits/cosmo-base_LRG1-z0.4-0.6-mean25-S2-de651060/chain_0.npy.
[001239.79]  06-07 04:59  PocoMCSampler                INFO     Diagnostics:
[001239.82]  06-07 04:59  Diagnostics                  INFO     - max eigen Gelman-Rubin - 1 is 0.00738; < 0.02.
[001239.84]  06-07 04:59  Diagnostics                  INFO     - max diag Gelman-Rubin - 1 is 0.00249.
[001239.94]  06-07 04:59  Diagnostics                  INFO     - max diag Gelman-Rubin - 1 at 1.0 sigmas is 0.0103.
[001239.95]  06-07 04:59  Diagnostics                  INFO     - max Geweke is 0.129.
[001239.96]  06-07 04:59  Diagnostics                  INFO     - Geweke p-value is 5.99e-05.
[001240.30]  06-07 04:59  Diagnostics                  INFO     - effective sample size = (200 iterations / integrated autocorrelation time) (reliable) is 200.
[001240.30]  06-07 04:59  Diagnostics                  INFO     - max variation of integrated autocorrelation time is 0.0232.
