Activate fit_env (Python 3.12.13).
Node nid006906 running run_fits.py tracer=LRG2 zerr=None stats=mesh2 mockid=0-24
[000000.00]  06-07 05:48  compute_mesh                 INFO     Received arguments: Namespace(todos=['sample'], version='AbacusHF-v2', cov_version='holi-v3', domain='altmtl', tracers=['LRG2'], mockid='0-24', zerrs=['None'], fits_dir='/global/cfs/cdirs/desi/users/shengyu/Y3/full-shape/redshift_errors/fits', stats=['mesh2'], kmax='0.300-0.300-0.20-0.08', regions=['ALL'], theory_model='folpsD', prior_basis='physical_aap', cosmo_params='base', sampler='pocomc', nchains=1, resume=False)
[000013.80]  06-07 05:48  jax._src.xla_bridge          ERROR    Jax plugin configuration error: Exception when calling jax_plugins.xla_cuda12.initialize()
Traceback (most recent call last):
  File "/global/homes/s/shengyu/.conda/envs/fit_env/lib/python3.12/site-packages/jax/_src/xla_bridge.py", line 487, in discover_pjrt_plugins
    plugin_module.initialize()
  File "/global/homes/s/shengyu/.conda/envs/fit_env/lib/python3.12/site-packages/jax_plugins/xla_cuda12/__init__.py", line 370, in initialize
    _check_cuda_versions(raise_on_first_error = True)
  File "/global/homes/s/shengyu/.conda/envs/fit_env/lib/python3.12/site-packages/jax_plugins/xla_cuda12/__init__.py", line 274, in _check_cuda_versions
    for d in range(cuda_versions.cuda_device_count())
                   ^^^^^^^^^^^^^^^^^^^^^^^^^^^^^^^^^
RuntimeError: jaxlib/cuda/versions_helpers.cc:135: operation cuInit(0) failed: CUDA_ERROR_NO_DEVICE
[000013.79]  06-07 05:48  jax._src.xla_bridge          ERROR    Jax plugin configuration error: Exception when calling jax_plugins.xla_cuda12.initialize()
Traceback (most recent call last):
  File "/global/homes/s/shengyu/.conda/envs/fit_env/lib/python3.12/site-packages/jax/_src/xla_bridge.py", line 487, in discover_pjrt_plugins
    plugin_module.initialize()
  File "/global/homes/s/shengyu/.conda/envs/fit_env/lib/python3.12/site-packages/jax_plugins/xla_cuda12/__init__.py", line 370, in initialize
    _check_cuda_versions(raise_on_first_error = True)
  File "/global/homes/s/shengyu/.conda/envs/fit_env/lib/python3.12/site-packages/jax_plugins/xla_cuda12/__init__.py", line 274, in _check_cuda_versions
    for d in range(cuda_versions.cuda_device_count())
                   ^^^^^^^^^^^^^^^^^^^^^^^^^^^^^^^^^
RuntimeError: jaxlib/cuda/versions_helpers.cc:135: operation cuInit(0) failed: CUDA_ERROR_NO_DEVICE
[000013.78]  06-07 05:48  jax._src.xla_bridge          ERROR    Jax plugin configuration error: Exception when calling jax_plugins.xla_cuda12.initialize()
Traceback (most recent call last):
  File "/global/homes/s/shengyu/.conda/envs/fit_env/lib/python3.12/site-packages/jax/_src/xla_bridge.py", line 487, in discover_pjrt_plugins
    plugin_module.initialize()
  File "/global/homes/s/shengyu/.conda/envs/fit_env/lib/python3.12/site-packages/jax_plugins/xla_cuda12/__init__.py", line 370, in initialize
    _check_cuda_versions(raise_on_first_error = True)
  File "/global/homes/s/shengyu/.conda/envs/fit_env/lib/python3.12/site-packages/jax_plugins/xla_cuda12/__init__.py", line 274, in _check_cuda_versions
    for d in range(cuda_versions.cuda_device_count())
                   ^^^^^^^^^^^^^^^^^^^^^^^^^^^^^^^^^
RuntimeError: jaxlib/cuda/versions_helpers.cc:135: operation cuInit(0) failed: CUDA_ERROR_NO_DEVICE
[000013.80]  06-07 05:48  jax._src.xla_bridge          ERROR    Jax plugin configuration error: Exception when calling jax_plugins.xla_cuda12.initialize()
Traceback (most recent call last):
  File "/global/homes/s/shengyu/.conda/envs/fit_env/lib/python3.12/site-packages/jax/_src/xla_bridge.py", line 487, in discover_pjrt_plugins
    plugin_module.initialize()
  File "/global/homes/s/shengyu/.conda/envs/fit_env/lib/python3.12/site-packages/jax_plugins/xla_cuda12/__init__.py", line 370, in initialize
    _check_cuda_versions(raise_on_first_error = True)
  File "/global/homes/s/shengyu/.conda/envs/fit_env/lib/python3.12/site-packages/jax_plugins/xla_cuda12/__init__.py", line 274, in _check_cuda_versions
    for d in range(cuda_versions.cuda_device_count())
                   ^^^^^^^^^^^^^^^^^^^^^^^^^^^^^^^^^
RuntimeError: jaxlib/cuda/versions_helpers.cc:135: operation cuInit(0) failed: CUDA_ERROR_NO_DEVICE
[000013.82]  06-07 05:48  jax._src.xla_bridge          INFO     Unable to initialize backend 'tpu': INTERNAL: Failed to open libtpu.so: libtpu.so: cannot open shared object file: No such file or directory
[000013.82]  06-07 05:48  jax._src.xla_bridge          INFO     Unable to initialize backend 'tpu': INTERNAL: Failed to open libtpu.so: libtpu.so: cannot open shared object file: No such file or directory
[000013.83]  06-07 05:48  jax._src.xla_bridge          INFO     Unable to initialize backend 'tpu': INTERNAL: Failed to open libtpu.so: libtpu.so: cannot open shared object file: No such file or directory
[000013.82]  06-07 05:48  jax._src.xla_bridge          INFO     Unable to initialize backend 'tpu': INTERNAL: Failed to open libtpu.so: libtpu.so: cannot open shared object file: No such file or directory
[000020.90]  06-07 05:48  fit_tools                    INFO     Reading data for mesh2 from /global/cfs/cdirs/desi/users/shengyu/galaxies/catalogs/Y3/AbacusHF-v2/altmtl/LRG/mock0/mpspk/mesh2_spectrum_poles_LRG_z0.6-0.8_DR2_v2.0.h5
[000021.01]  06-07 05:48  fit_tools                    INFO     Reading data for mesh2 from /global/cfs/cdirs/desi/users/shengyu/galaxies/catalogs/Y3/AbacusHF-v2/altmtl/LRG/mock1/mpspk/mesh2_spectrum_poles_LRG_z0.6-0.8_DR2_v2.0.h5
[000021.09]  06-07 05:48  fit_tools                    INFO     Reading data for mesh2 from /global/cfs/cdirs/desi/users/shengyu/galaxies/catalogs/Y3/AbacusHF-v2/altmtl/LRG/mock2/mpspk/mesh2_spectrum_poles_LRG_z0.6-0.8_DR2_v2.0.h5
[000021.20]  06-07 05:48  fit_tools                    INFO     Reading data for mesh2 from /global/cfs/cdirs/desi/users/shengyu/galaxies/catalogs/Y3/AbacusHF-v2/altmtl/LRG/mock3/mpspk/mesh2_spectrum_poles_LRG_z0.6-0.8_DR2_v2.0.h5
[000021.30]  06-07 05:48  fit_tools                    INFO     Reading data for mesh2 from /global/cfs/cdirs/desi/users/shengyu/galaxies/catalogs/Y3/AbacusHF-v2/altmtl/LRG/mock4/mpspk/mesh2_spectrum_poles_LRG_z0.6-0.8_DR2_v2.0.h5
[000021.38]  06-07 05:48  fit_tools                    INFO     Reading data for mesh2 from /global/cfs/cdirs/desi/users/shengyu/galaxies/catalogs/Y3/AbacusHF-v2/altmtl/LRG/mock5/mpspk/mesh2_spectrum_poles_LRG_z0.6-0.8_DR2_v2.0.h5
[000021.46]  06-07 05:48  fit_tools                    INFO     Reading data for mesh2 from /global/cfs/cdirs/desi/users/shengyu/galaxies/catalogs/Y3/AbacusHF-v2/altmtl/LRG/mock6/mpspk/mesh2_spectrum_poles_LRG_z0.6-0.8_DR2_v2.0.h5
[000021.57]  06-07 05:48  fit_tools                    INFO     Reading data for mesh2 from /global/cfs/cdirs/desi/users/shengyu/galaxies/catalogs/Y3/AbacusHF-v2/altmtl/LRG/mock7/mpspk/mesh2_spectrum_poles_LRG_z0.6-0.8_DR2_v2.0.h5
[000021.65]  06-07 05:48  fit_tools                    INFO     Reading data for mesh2 from /global/cfs/cdirs/desi/users/shengyu/galaxies/catalogs/Y3/AbacusHF-v2/altmtl/LRG/mock8/mpspk/mesh2_spectrum_poles_LRG_z0.6-0.8_DR2_v2.0.h5
[000021.74]  06-07 05:48  fit_tools                    INFO     Reading data for mesh2 from /global/cfs/cdirs/desi/users/shengyu/galaxies/catalogs/Y3/AbacusHF-v2/altmtl/LRG/mock9/mpspk/mesh2_spectrum_poles_LRG_z0.6-0.8_DR2_v2.0.h5
[000021.86]  06-07 05:48  fit_tools                    INFO     Reading data for mesh2 from /global/cfs/cdirs/desi/users/shengyu/galaxies/catalogs/Y3/AbacusHF-v2/altmtl/LRG/mock10/mpspk/mesh2_spectrum_poles_LRG_z0.6-0.8_DR2_v2.0.h5
[000021.98]  06-07 05:48  fit_tools                    INFO     Reading data for mesh2 from /global/cfs/cdirs/desi/users/shengyu/galaxies/catalogs/Y3/AbacusHF-v2/altmtl/LRG/mock11/mpspk/mesh2_spectrum_poles_LRG_z0.6-0.8_DR2_v2.0.h5
[000022.09]  06-07 05:48  fit_tools                    INFO     Reading data for mesh2 from /global/cfs/cdirs/desi/users/shengyu/galaxies/catalogs/Y3/AbacusHF-v2/altmtl/LRG/mock12/mpspk/mesh2_spectrum_poles_LRG_z0.6-0.8_DR2_v2.0.h5
[000022.18]  06-07 05:48  fit_tools                    INFO     Reading data for mesh2 from /global/cfs/cdirs/desi/users/shengyu/galaxies/catalogs/Y3/AbacusHF-v2/altmtl/LRG/mock13/mpspk/mesh2_spectrum_poles_LRG_z0.6-0.8_DR2_v2.0.h5
[000022.27]  06-07 05:48  fit_tools                    INFO     Reading data for mesh2 from /global/cfs/cdirs/desi/users/shengyu/galaxies/catalogs/Y3/AbacusHF-v2/altmtl/LRG/mock14/mpspk/mesh2_spectrum_poles_LRG_z0.6-0.8_DR2_v2.0.h5
[000022.35]  06-07 05:48  fit_tools                    INFO     Reading data for mesh2 from /global/cfs/cdirs/desi/users/shengyu/galaxies/catalogs/Y3/AbacusHF-v2/altmtl/LRG/mock15/mpspk/mesh2_spectrum_poles_LRG_z0.6-0.8_DR2_v2.0.h5
[000022.43]  06-07 05:48  fit_tools                    INFO     Reading data for mesh2 from /global/cfs/cdirs/desi/users/shengyu/galaxies/catalogs/Y3/AbacusHF-v2/altmtl/LRG/mock16/mpspk/mesh2_spectrum_poles_LRG_z0.6-0.8_DR2_v2.0.h5
[000022.53]  06-07 05:48  fit_tools                    INFO     Reading data for mesh2 from /global/cfs/cdirs/desi/users/shengyu/galaxies/catalogs/Y3/AbacusHF-v2/altmtl/LRG/mock17/mpspk/mesh2_spectrum_poles_LRG_z0.6-0.8_DR2_v2.0.h5
[000022.62]  06-07 05:48  fit_tools                    INFO     Reading data for mesh2 from /global/cfs/cdirs/desi/users/shengyu/galaxies/catalogs/Y3/AbacusHF-v2/altmtl/LRG/mock18/mpspk/mesh2_spectrum_poles_LRG_z0.6-0.8_DR2_v2.0.h5
[000022.71]  06-07 05:48  fit_tools                    INFO     Reading data for mesh2 from /global/cfs/cdirs/desi/users/shengyu/galaxies/catalogs/Y3/AbacusHF-v2/altmtl/LRG/mock19/mpspk/mesh2_spectrum_poles_LRG_z0.6-0.8_DR2_v2.0.h5
[000022.82]  06-07 05:48  fit_tools                    INFO     Reading data for mesh2 from /global/cfs/cdirs/desi/users/shengyu/galaxies/catalogs/Y3/AbacusHF-v2/altmtl/LRG/mock20/mpspk/mesh2_spectrum_poles_LRG_z0.6-0.8_DR2_v2.0.h5
[000022.91]  06-07 05:48  fit_tools                    INFO     Reading data for mesh2 from /global/cfs/cdirs/desi/users/shengyu/galaxies/catalogs/Y3/AbacusHF-v2/altmtl/LRG/mock21/mpspk/mesh2_spectrum_poles_LRG_z0.6-0.8_DR2_v2.0.h5
[000023.02]  06-07 05:48  fit_tools                    INFO     Reading data for mesh2 from /global/cfs/cdirs/desi/users/shengyu/galaxies/catalogs/Y3/AbacusHF-v2/altmtl/LRG/mock22/mpspk/mesh2_spectrum_poles_LRG_z0.6-0.8_DR2_v2.0.h5
[000023.15]  06-07 05:48  fit_tools                    INFO     Reading data for mesh2 from /global/cfs/cdirs/desi/users/shengyu/galaxies/catalogs/Y3/AbacusHF-v2/altmtl/LRG/mock23/mpspk/mesh2_spectrum_poles_LRG_z0.6-0.8_DR2_v2.0.h5
[000023.26]  06-07 05:48  fit_tools                    INFO     Reading data for mesh2 from /global/cfs/cdirs/desi/users/shengyu/galaxies/catalogs/Y3/AbacusHF-v2/altmtl/LRG/mock24/mpspk/mesh2_spectrum_poles_LRG_z0.6-0.8_DR2_v2.0.h5
[000023.31]  06-07 05:48  fit_tools                    INFO     Averaged data for mesh2 over 25 mock realizations
[000023.32]  06-07 05:48  fit_tools                    INFO     Reading window for mesh2 from /global/cfs/cdirs/desi/users/shengyu/galaxies/catalogs/Y3/AbacusHF-v2/altmtl/LRG/mock0/mpspk/window_mesh2_spectrum_poles_LRG_z0.6-0.8_DR2_v2.0.h5
[000023.46]  06-07 05:48  fit_tools                    INFO     Reading window for mesh2 from /global/cfs/cdirs/desi/users/shengyu/galaxies/catalogs/Y3/AbacusHF-v2/altmtl/LRG/mock1/mpspk/window_mesh2_spectrum_poles_LRG_z0.6-0.8_DR2_v2.0.h5
[000023.63]  06-07 05:48  fit_tools                    INFO     Reading window for mesh2 from /global/cfs/cdirs/desi/users/shengyu/galaxies/catalogs/Y3/AbacusHF-v2/altmtl/LRG/mock2/mpspk/window_mesh2_spectrum_poles_LRG_z0.6-0.8_DR2_v2.0.h5
[000023.79]  06-07 05:48  fit_tools                    INFO     Reading window for mesh2 from /global/cfs/cdirs/desi/users/shengyu/galaxies/catalogs/Y3/AbacusHF-v2/altmtl/LRG/mock3/mpspk/window_mesh2_spectrum_poles_LRG_z0.6-0.8_DR2_v2.0.h5
[000023.97]  06-07 05:48  fit_tools                    INFO     Reading window for mesh2 from /global/cfs/cdirs/desi/users/shengyu/galaxies/catalogs/Y3/AbacusHF-v2/altmtl/LRG/mock4/mpspk/window_mesh2_spectrum_poles_LRG_z0.6-0.8_DR2_v2.0.h5
[000024.12]  06-07 05:48  fit_tools                    INFO     Reading window for mesh2 from /global/cfs/cdirs/desi/users/shengyu/galaxies/catalogs/Y3/AbacusHF-v2/altmtl/LRG/mock5/mpspk/window_mesh2_spectrum_poles_LRG_z0.6-0.8_DR2_v2.0.h5
[000024.27]  06-07 05:48  fit_tools                    INFO     Reading window for mesh2 from /global/cfs/cdirs/desi/users/shengyu/galaxies/catalogs/Y3/AbacusHF-v2/altmtl/LRG/mock6/mpspk/window_mesh2_spectrum_poles_LRG_z0.6-0.8_DR2_v2.0.h5
[000024.42]  06-07 05:48  fit_tools                    INFO     Reading window for mesh2 from /global/cfs/cdirs/desi/users/shengyu/galaxies/catalogs/Y3/AbacusHF-v2/altmtl/LRG/mock7/mpspk/window_mesh2_spectrum_poles_LRG_z0.6-0.8_DR2_v2.0.h5
[000024.61]  06-07 05:48  fit_tools                    INFO     Reading window for mesh2 from /global/cfs/cdirs/desi/users/shengyu/galaxies/catalogs/Y3/AbacusHF-v2/altmtl/LRG/mock8/mpspk/window_mesh2_spectrum_poles_LRG_z0.6-0.8_DR2_v2.0.h5
[000024.75]  06-07 05:48  fit_tools                    INFO     Reading window for mesh2 from /global/cfs/cdirs/desi/users/shengyu/galaxies/catalogs/Y3/AbacusHF-v2/altmtl/LRG/mock9/mpspk/window_mesh2_spectrum_poles_LRG_z0.6-0.8_DR2_v2.0.h5
[000024.92]  06-07 05:48  fit_tools                    INFO     Reading window for mesh2 from /global/cfs/cdirs/desi/users/shengyu/galaxies/catalogs/Y3/AbacusHF-v2/altmtl/LRG/mock10/mpspk/window_mesh2_spectrum_poles_LRG_z0.6-0.8_DR2_v2.0.h5
[000025.05]  06-07 05:48  fit_tools                    INFO     Reading window for mesh2 from /global/cfs/cdirs/desi/users/shengyu/galaxies/catalogs/Y3/AbacusHF-v2/altmtl/LRG/mock11/mpspk/window_mesh2_spectrum_poles_LRG_z0.6-0.8_DR2_v2.0.h5
[000025.23]  06-07 05:48  fit_tools                    INFO     Reading window for mesh2 from /global/cfs/cdirs/desi/users/shengyu/galaxies/catalogs/Y3/AbacusHF-v2/altmtl/LRG/mock12/mpspk/window_mesh2_spectrum_poles_LRG_z0.6-0.8_DR2_v2.0.h5
[000025.37]  06-07 05:48  fit_tools                    INFO     Reading window for mesh2 from /global/cfs/cdirs/desi/users/shengyu/galaxies/catalogs/Y3/AbacusHF-v2/altmtl/LRG/mock13/mpspk/window_mesh2_spectrum_poles_LRG_z0.6-0.8_DR2_v2.0.h5
[000025.53]  06-07 05:48  fit_tools                    INFO     Reading window for mesh2 from /global/cfs/cdirs/desi/users/shengyu/galaxies/catalogs/Y3/AbacusHF-v2/altmtl/LRG/mock14/mpspk/window_mesh2_spectrum_poles_LRG_z0.6-0.8_DR2_v2.0.h5
[000025.70]  06-07 05:48  fit_tools                    INFO     Reading window for mesh2 from /global/cfs/cdirs/desi/users/shengyu/galaxies/catalogs/Y3/AbacusHF-v2/altmtl/LRG/mock15/mpspk/window_mesh2_spectrum_poles_LRG_z0.6-0.8_DR2_v2.0.h5
[000025.85]  06-07 05:48  fit_tools                    INFO     Reading window for mesh2 from /global/cfs/cdirs/desi/users/shengyu/galaxies/catalogs/Y3/AbacusHF-v2/altmtl/LRG/mock16/mpspk/window_mesh2_spectrum_poles_LRG_z0.6-0.8_DR2_v2.0.h5
[000026.08]  06-07 05:48  fit_tools                    INFO     Reading window for mesh2 from /global/cfs/cdirs/desi/users/shengyu/galaxies/catalogs/Y3/AbacusHF-v2/altmtl/LRG/mock17/mpspk/window_mesh2_spectrum_poles_LRG_z0.6-0.8_DR2_v2.0.h5
[000026.32]  06-07 05:48  fit_tools                    INFO     Reading window for mesh2 from /global/cfs/cdirs/desi/users/shengyu/galaxies/catalogs/Y3/AbacusHF-v2/altmtl/LRG/mock18/mpspk/window_mesh2_spectrum_poles_LRG_z0.6-0.8_DR2_v2.0.h5
[000026.48]  06-07 05:48  fit_tools                    INFO     Reading window for mesh2 from /global/cfs/cdirs/desi/users/shengyu/galaxies/catalogs/Y3/AbacusHF-v2/altmtl/LRG/mock19/mpspk/window_mesh2_spectrum_poles_LRG_z0.6-0.8_DR2_v2.0.h5
[000026.63]  06-07 05:48  fit_tools                    INFO     Reading window for mesh2 from /global/cfs/cdirs/desi/users/shengyu/galaxies/catalogs/Y3/AbacusHF-v2/altmtl/LRG/mock20/mpspk/window_mesh2_spectrum_poles_LRG_z0.6-0.8_DR2_v2.0.h5
[000026.80]  06-07 05:48  fit_tools                    INFO     Reading window for mesh2 from /global/cfs/cdirs/desi/users/shengyu/galaxies/catalogs/Y3/AbacusHF-v2/altmtl/LRG/mock21/mpspk/window_mesh2_spectrum_poles_LRG_z0.6-0.8_DR2_v2.0.h5
[000026.94]  06-07 05:48  fit_tools                    INFO     Reading window for mesh2 from /global/cfs/cdirs/desi/users/shengyu/galaxies/catalogs/Y3/AbacusHF-v2/altmtl/LRG/mock22/mpspk/window_mesh2_spectrum_poles_LRG_z0.6-0.8_DR2_v2.0.h5
[000027.13]  06-07 05:48  fit_tools                    INFO     Reading window for mesh2 from /global/cfs/cdirs/desi/users/shengyu/galaxies/catalogs/Y3/AbacusHF-v2/altmtl/LRG/mock23/mpspk/window_mesh2_spectrum_poles_LRG_z0.6-0.8_DR2_v2.0.h5
[000027.28]  06-07 05:48  fit_tools                    INFO     Reading window for mesh2 from /global/cfs/cdirs/desi/users/shengyu/galaxies/catalogs/Y3/AbacusHF-v2/altmtl/LRG/mock24/mpspk/window_mesh2_spectrum_poles_LRG_z0.6-0.8_DR2_v2.0.h5
[000027.47]  06-07 05:48  fit_tools                    INFO     Writing cached stats /global/cfs/cdirs/desi/users/shengyu/Y3/full-shape/redshift_errors/fits/_cache/prepared_stats/data_LRG2-z0.6-0.8-mean25-S2-3395f033.h5.
[000027.60]  06-07 05:48  fit_tools                    INFO     Writing cached stats /global/cfs/cdirs/desi/users/shengyu/Y3/full-shape/redshift_errors/fits/_cache/prepared_stats/window_LRG2-z0.6-0.8-mean25-S2-3395f033.h5.
[000029.17]  06-07 05:48  fit_tools                    INFO     Reading covariance, first matched: /global/cfs/cdirs/desi/users/shengyu/galaxies/catalogs/Y3/holi-v3/altmtl/LRG/mock0/mpspk/mesh2_spectrum_poles_LRG_z0.6-0.8_holi_v3.h5
[000148.08]  06-07 05:50  fit_tools                    INFO     Built covariance from 846 mock realizations; shape=(112, 112)
[000148.08]  06-07 05:50  fit_tools                    WARNING  Skipped 154 missing covariance mock files
[000148.08]  06-07 05:50  fit_tools                    INFO     Applied covariance corrections ('hartlap', 'percival') with factor 1.305888, hartlap=0.866272, percival=1.131255, nparams=7
[000148.12]  06-07 05:50  fit_tools                    INFO     Writing cached stats /global/cfs/cdirs/desi/users/shengyu/Y3/full-shape/redshift_errors/fits/_cache/prepared_stats/covariance_LRG2-z0.6-0.8-mean25-S2+cov-mock-holi-v3-846b50ab.h5.
[000148.24]  06-07 05:50  fit_tools                    WARNING  No redshift found in data attributes; read z=0.706 from the mesh2 window.
[000148.23]  06-07 05:50  fit_tools                    WARNING  No redshift found in data attributes; read z=0.706 from the mesh2 window.
[000148.22]  06-07 05:50  fit_tools                    WARNING  No redshift found in data attributes; read z=0.706 from the mesh2 window.
[000148.24]  06-07 05:50  fit_tools                    WARNING  No redshift found in data attributes; read z=0.706 from the mesh2 window.
⚠️ No GPU found. Using JAX with CPU.
⚠️ No GPU found. Using JAX with CPU.
⚠️ No GPU found. Using JAX with CPU.
⚠️ No GPU found. Using JAX with CPU.
Calculating matrices (no save path specified)
Calculating matrices (no save path specified)
Calculating matrices (no save path specified)
Calculating matrices (no save path specified)
/global/homes/s/shengyu/.conda/envs/fit_env/lib/python3.12/site-packages/cosmoprimo/eisenstein_hu.py:25: UserWarning: EisensteinHuNoWiggleEngine cannot cope with massive neutrinos
  warnings.warn('{} cannot cope with massive neutrinos'.format(self.__class__.__name__))
/global/homes/s/shengyu/.conda/envs/fit_env/lib/python3.12/site-packages/cosmoprimo/eisenstein_hu.py:25: UserWarning: EisensteinHuNoWiggleEngine cannot cope with massive neutrinos
  warnings.warn('{} cannot cope with massive neutrinos'.format(self.__class__.__name__))
/global/homes/s/shengyu/.conda/envs/fit_env/lib/python3.12/site-packages/cosmoprimo/eisenstein_hu.py:25: UserWarning: EisensteinHuNoWiggleEngine cannot cope with massive neutrinos
  warnings.warn('{} cannot cope with massive neutrinos'.format(self.__class__.__name__))
/global/homes/s/shengyu/.conda/envs/fit_env/lib/python3.12/site-packages/cosmoprimo/eisenstein_hu.py:25: UserWarning: EisensteinHuNoWiggleEngine cannot cope with massive neutrinos
  warnings.warn('{} cannot cope with massive neutrinos'.format(self.__class__.__name__))
Calculating matrices (no save path specified)
Calculating matrices (no save path specified)
Calculating matrices (no save path specified)
Calculating matrices (no save path specified)
[000157.00]  06-07 05:50  fit_tools                    INFO     Fitting emulator /global/cfs/cdirs/desi/users/shengyu/Y3/full-shape/redshift_errors/fits/_cache/emulator_cosmo-base_taylor/emulator_LRG2-z0.6-0.8-mean25-S2-ell0-k0.02-0.30-0.005-ell2-k0.02-0.30-0.005-th-folpsD_177c676b.npy
[000156.99]  06-07 05:50  fit_tools                    INFO     Fitting emulator /global/cfs/cdirs/desi/users/shengyu/Y3/full-shape/redshift_errors/fits/_cache/emulator_cosmo-base_taylor/emulator_LRG2-z0.6-0.8-mean25-S2-ell0-k0.02-0.30-0.005-ell2-k0.02-0.30-0.005-th-folpsD_177c676b.npy
[000157.00]  06-07 05:50  fit_tools                    INFO     Fitting emulator /global/cfs/cdirs/desi/users/shengyu/Y3/full-shape/redshift_errors/fits/_cache/emulator_cosmo-base_taylor/emulator_LRG2-z0.6-0.8-mean25-S2-ell0-k0.02-0.30-0.005-ell2-k0.02-0.30-0.005-th-folpsD_177c676b.npy
[000157.02]  06-07 05:50  fit_tools                    INFO     Fitting emulator /global/cfs/cdirs/desi/users/shengyu/Y3/full-shape/redshift_errors/fits/_cache/emulator_cosmo-base_taylor/emulator_LRG2-z0.6-0.8-mean25-S2-ell0-k0.02-0.30-0.005-ell2-k0.02-0.30-0.005-th-folpsD_177c676b.npy
Calculating matrices (no save path specified)
Calculating matrices (no save path specified)
Calculating matrices (no save path specified)
Calculating matrices (no save path specified)
[000160.77]  06-07 05:50  Emulator                     INFO     Varied parameters: ['h', 'omega_cdm', 'omega_b', 'logA', 'n_s'].
[000160.77]  06-07 05:50  Emulator                     INFO     Found varying ['H0', 'Omega_m', 'sigma8_m', 'sigma8', 'fsigma8', 'pt-jac', 'pt-kap', 'pt-muap', 'pt-table', 'pt-table_now', 'pt-scalars', 'pt-scalars_now', 'pt-qpar', 'pt-qper', 'pt-f', 'pt-f0', 'pt-pklir'] and fixed ['k', 'z', 'ells', 'wmu', 'kt', 'pt-A_full', 'pt-remove_DeltaP'] outputs.
[000161.10]  06-07 05:50  Differentiation              INFO     Varied parameters: ['h', 'omega_cdm', 'omega_b', 'logA', 'n_s'].
[000162.43]  06-07 05:50  Differentiation              INFO     h grid is [0.6136 0.6436 0.6736 0.7036 0.7336].
[000162.43]  06-07 05:50  Differentiation              INFO     omega_cdm grid is [0.106 0.113 0.12  0.127 0.134].
[000162.43]  06-07 05:50  Differentiation              INFO     omega_b grid is [0.01937 0.02087 0.02237 0.02387 0.02537].
[000162.43]  06-07 05:50  Differentiation              INFO     logA grid is [2.93639426 2.98639426 3.03639426 3.08639426 3.13639426].
[000162.44]  06-07 05:50  Differentiation              INFO     n_s grid is [0.9549 0.9599 0.9649 0.9699 0.9749].
[000162.44]  06-07 05:50  Differentiation              INFO     Differentiation will evaluate 141 points.
[000176.69]  06-07 05:51  Emulator                     INFO     Fitting H0.
[000176.71]  06-07 05:51  Emulator                     INFO     Fitting Omega_m.
[000176.74]  06-07 05:51  Emulator                     INFO     Fitting sigma8_m.
[000176.76]  06-07 05:51  Emulator                     INFO     Fitting sigma8.
[000176.79]  06-07 05:51  Emulator                     INFO     Fitting fsigma8.
[000176.81]  06-07 05:51  Emulator                     INFO     Fitting pt-jac.
[000176.84]  06-07 05:51  Emulator                     INFO     Fitting pt-kap.
[000176.86]  06-07 05:51  Emulator                     INFO     Fitting pt-muap.
[000176.89]  06-07 05:51  Emulator                     INFO     Fitting pt-table.
[000176.91]  06-07 05:51  Emulator                     INFO     Fitting pt-table_now.
[000176.94]  06-07 05:51  Emulator                     INFO     Fitting pt-scalars.
[000176.97]  06-07 05:51  Emulator                     INFO     Fitting pt-scalars_now.
[000176.99]  06-07 05:51  Emulator                     INFO     Fitting pt-qpar.
[000177.01]  06-07 05:51  Emulator                     INFO     Fitting pt-qper.
[000177.04]  06-07 05:51  Emulator                     INFO     Fitting pt-f.
[000177.06]  06-07 05:51  Emulator                     INFO     Fitting pt-f0.
[000177.09]  06-07 05:51  Emulator                     INFO     Fitting pt-pklir.
[000177.50]  06-07 05:51  Emulator                     INFO     Saving /global/cfs/cdirs/desi/users/shengyu/Y3/full-shape/redshift_errors/fits/_cache/emulator_cosmo-base_taylor/emulator_LRG2-z0.6-0.8-mean25-S2-ell0-k0.02-0.30-0.005-ell2-k0.02-0.30-0.005-th-folpsD_177c676b.npy.
[000177.52]  06-07 05:51  BaseConfig                   INFO     Saving /global/cfs/cdirs/desi/users/shengyu/Y3/full-shape/redshift_errors/fits/_cache/emulator_cosmo-base_taylor/emulator_LRG2-z0.6-0.8-mean25-S2-ell0-k0.02-0.30-0.005-ell2-k0.02-0.30-0.005-th-folpsD_177c676b.yaml.
[000177.69]  06-07 05:51  PocoMCSampler                INFO     Varied parameters: ['h', 'omega_cdm', 'omega_b', 'logA', 'n_s', 'LRG2.b1p', 'LRG2.b2p', 'LRG2.bsp', 'LRG2.X_FoG_pp'].
[None]
[000221.11]  06-07 05:51  PocoMCSampler                INFO     Successfully vmap input likelihood.
[000224.90]  06-07 05:52  PocoMCSampler                INFO     Successfully jit input likelihood.
Saving PMC state to /global/cfs/cdirs/desi/users/shengyu/Y3/full-shape/redshift_errors/fits/cosmo-base_LRG2-z0.6-0.8-mean25-S2-084d648c/chain_0.pocomc.state
[000286.88]  06-07 05:53  Chain                        INFO     Saving /global/cfs/cdirs/desi/users/shengyu/Y3/full-shape/redshift_errors/fits/cosmo-base_LRG2-z0.6-0.8-mean25-S2-084d648c/chain_0.npy.
[000286.92]  06-07 05:53  PocoMCSampler                INFO     Diagnostics:
[000286.94]  06-07 05:53  Diagnostics                  INFO     - max eigen Gelman-Rubin - 1 is 0.284; not < 0.02.
[000286.97]  06-07 05:53  Diagnostics                  INFO     - max diag Gelman-Rubin - 1 is 0.118.
[000287.09]  06-07 05:53  Diagnostics                  INFO     - max diag Gelman-Rubin - 1 at 1.0 sigmas is 0.279.
[000287.11]  06-07 05:53  Diagnostics                  INFO     - max Geweke is 0.448.
[000287.11]  06-07 05:53  Diagnostics                  INFO     - Geweke p-value is 0.00272.
[000287.45]  06-07 05:53  Diagnostics                  INFO     - effective sample size = (10 iterations / integrated autocorrelation time) is 16.1.
Saving PMC state to /global/cfs/cdirs/desi/users/shengyu/Y3/full-shape/redshift_errors/fits/cosmo-base_LRG2-z0.6-0.8-mean25-S2-084d648c/chain_0.pocomc.state
[000328.21]  06-07 05:53  Chain                        INFO     Saving /global/cfs/cdirs/desi/users/shengyu/Y3/full-shape/redshift_errors/fits/cosmo-base_LRG2-z0.6-0.8-mean25-S2-084d648c/chain_0.npy.
[000328.30]  06-07 05:53  PocoMCSampler                INFO     Diagnostics:
[000328.32]  06-07 05:53  Diagnostics                  INFO     - max eigen Gelman-Rubin - 1 is 0.306; not < 0.02.
[000328.34]  06-07 05:53  Diagnostics                  INFO     - max diag Gelman-Rubin - 1 is 0.19.
[000328.55]  06-07 05:53  Diagnostics                  INFO     - max diag Gelman-Rubin - 1 at 1.0 sigmas is 0.383.
[000328.57]  06-07 05:53  Diagnostics                  INFO     - max Geweke is 0.288.
[000328.57]  06-07 05:53  Diagnostics                  INFO     - Geweke p-value is 0.00217.
[000328.91]  06-07 05:53  Diagnostics                  INFO     - effective sample size = (20 iterations / integrated autocorrelation time) is 16.5.
[000328.91]  06-07 05:53  Diagnostics                  INFO     - max variation of integrated autocorrelation time is 0.607.
Saving PMC state to /global/cfs/cdirs/desi/users/shengyu/Y3/full-shape/redshift_errors/fits/cosmo-base_LRG2-z0.6-0.8-mean25-S2-084d648c/chain_0.pocomc.state
[000371.09]  06-07 05:54  Chain                        INFO     Saving /global/cfs/cdirs/desi/users/shengyu/Y3/full-shape/redshift_errors/fits/cosmo-base_LRG2-z0.6-0.8-mean25-S2-084d648c/chain_0.npy.
[000371.18]  06-07 05:54  PocoMCSampler                INFO     Diagnostics:
[000371.20]  06-07 05:54  Diagnostics                  INFO     - max eigen Gelman-Rubin - 1 is 0.376; not < 0.02.
[000371.23]  06-07 05:54  Diagnostics                  INFO     - max diag Gelman-Rubin - 1 is 0.276.
[000371.49]  06-07 05:54  Diagnostics                  INFO     - max diag Gelman-Rubin - 1 at 1.0 sigmas is 0.766.
[000371.51]  06-07 05:54  Diagnostics                  INFO     - max Geweke is 0.299.
[000371.51]  06-07 05:54  Diagnostics                  INFO     - Geweke p-value is 0.00134.
[000371.85]  06-07 05:54  Diagnostics                  INFO     - effective sample size = (30 iterations / integrated autocorrelation time) is 15.7.
[000371.85]  06-07 05:54  Diagnostics                  INFO     - max variation of integrated autocorrelation time is 0.363.
Saving PMC state to /global/cfs/cdirs/desi/users/shengyu/Y3/full-shape/redshift_errors/fits/cosmo-base_LRG2-z0.6-0.8-mean25-S2-084d648c/chain_0.pocomc.state
[000419.42]  06-07 05:55  Chain                        INFO     Saving /global/cfs/cdirs/desi/users/shengyu/Y3/full-shape/redshift_errors/fits/cosmo-base_LRG2-z0.6-0.8-mean25-S2-084d648c/chain_0.npy.
[000419.48]  06-07 05:55  PocoMCSampler                INFO     Diagnostics:
[000419.51]  06-07 05:55  Diagnostics                  INFO     - max eigen Gelman-Rubin - 1 is 0.956; not < 0.02.
[000419.53]  06-07 05:55  Diagnostics                  INFO     - max diag Gelman-Rubin - 1 is 0.553.
[000419.68]  06-07 05:55  Diagnostics                  INFO     - max diag Gelman-Rubin - 1 at 1.0 sigmas is 1.85.
[000419.69]  06-07 05:55  Diagnostics                  INFO     - max Geweke is 0.661.
[000419.69]  06-07 05:55  Diagnostics                  INFO     - Geweke p-value is 4.44e-08.
[000420.04]  06-07 05:55  Diagnostics                  INFO     - effective sample size = (40 iterations / integrated autocorrelation time) is 11.2.
[000420.04]  06-07 05:55  Diagnostics                  INFO     - max variation of integrated autocorrelation time is 0.56.
Saving PMC state to /global/cfs/cdirs/desi/users/shengyu/Y3/full-shape/redshift_errors/fits/cosmo-base_LRG2-z0.6-0.8-mean25-S2-084d648c/chain_0.pocomc.state
[000458.70]  06-07 05:55  Chain                        INFO     Saving /global/cfs/cdirs/desi/users/shengyu/Y3/full-shape/redshift_errors/fits/cosmo-base_LRG2-z0.6-0.8-mean25-S2-084d648c/chain_0.npy.
[000458.75]  06-07 05:55  PocoMCSampler                INFO     Diagnostics:
[000458.78]  06-07 05:55  Diagnostics                  INFO     - max eigen Gelman-Rubin - 1 is 1.16; not < 0.02.
[000458.80]  06-07 05:55  Diagnostics                  INFO     - max diag Gelman-Rubin - 1 is 0.562.
[000458.96]  06-07 05:55  Diagnostics                  INFO     - max diag Gelman-Rubin - 1 at 1.0 sigmas is 1.88.
[000458.98]  06-07 05:55  Diagnostics                  INFO     - max Geweke is 0.673.
[000458.98]  06-07 05:55  Diagnostics                  INFO     - Geweke p-value is 4.83e-06.
[000459.32]  06-07 05:55  Diagnostics                  INFO     - effective sample size = (50 iterations / integrated autocorrelation time) is 10.5.
[000459.32]  06-07 05:55  Diagnostics                  INFO     - max variation of integrated autocorrelation time is 0.474.
Saving PMC state to /global/cfs/cdirs/desi/users/shengyu/Y3/full-shape/redshift_errors/fits/cosmo-base_LRG2-z0.6-0.8-mean25-S2-084d648c/chain_0.pocomc.state
[000508.61]  06-07 05:56  Chain                        INFO     Saving /global/cfs/cdirs/desi/users/shengyu/Y3/full-shape/redshift_errors/fits/cosmo-base_LRG2-z0.6-0.8-mean25-S2-084d648c/chain_0.npy.
[000508.66]  06-07 05:56  PocoMCSampler                INFO     Diagnostics:
[000508.69]  06-07 05:56  Diagnostics                  INFO     - max eigen Gelman-Rubin - 1 is 1.52; not < 0.02.
[000508.71]  06-07 05:56  Diagnostics                  INFO     - max diag Gelman-Rubin - 1 is 0.764.
[000508.79]  06-07 05:56  Diagnostics                  INFO     - max diag Gelman-Rubin - 1 at 1.0 sigmas is 1.78.
[000508.81]  06-07 05:56  Diagnostics                  INFO     - max Geweke is 0.52.
[000508.81]  06-07 05:56  Diagnostics                  INFO     - Geweke p-value is 0.000303.
[000509.15]  06-07 05:56  Diagnostics                  INFO     - effective sample size = (60 iterations / integrated autocorrelation time) is 10.4.
[000509.15]  06-07 05:56  Diagnostics                  INFO     - max variation of integrated autocorrelation time is 0.414.
Saving PMC state to /global/cfs/cdirs/desi/users/shengyu/Y3/full-shape/redshift_errors/fits/cosmo-base_LRG2-z0.6-0.8-mean25-S2-084d648c/chain_0.pocomc.state
[000560.52]  06-07 05:57  Chain                        INFO     Saving /global/cfs/cdirs/desi/users/shengyu/Y3/full-shape/redshift_errors/fits/cosmo-base_LRG2-z0.6-0.8-mean25-S2-084d648c/chain_0.npy.
[000560.59]  06-07 05:57  PocoMCSampler                INFO     Diagnostics:
[000560.61]  06-07 05:57  Diagnostics                  INFO     - max eigen Gelman-Rubin - 1 is 0.935; not < 0.02.
[000560.64]  06-07 05:57  Diagnostics                  INFO     - max diag Gelman-Rubin - 1 is 0.456.
[000560.72]  06-07 05:57  Diagnostics                  INFO     - max diag Gelman-Rubin - 1 at 1.0 sigmas is 0.688.
[000560.74]  06-07 05:57  Diagnostics                  INFO     - max Geweke is 0.578.
[000560.74]  06-07 05:57  Diagnostics                  INFO     - Geweke p-value is 0.00125.
[000561.08]  06-07 05:57  Diagnostics                  INFO     - effective sample size = (70 iterations / integrated autocorrelation time) is 13.2.
[000561.08]  06-07 05:57  Diagnostics                  INFO     - max variation of integrated autocorrelation time is 0.366.
Saving PMC state to /global/cfs/cdirs/desi/users/shengyu/Y3/full-shape/redshift_errors/fits/cosmo-base_LRG2-z0.6-0.8-mean25-S2-084d648c/chain_0.pocomc.state
[000626.42]  06-07 05:58  Chain                        INFO     Saving /global/cfs/cdirs/desi/users/shengyu/Y3/full-shape/redshift_errors/fits/cosmo-base_LRG2-z0.6-0.8-mean25-S2-084d648c/chain_0.npy.
[000626.58]  06-07 05:58  PocoMCSampler                INFO     Diagnostics:
[000626.60]  06-07 05:58  Diagnostics                  INFO     - max eigen Gelman-Rubin - 1 is 0.776; not < 0.02.
[000626.63]  06-07 05:58  Diagnostics                  INFO     - max diag Gelman-Rubin - 1 is 0.264.
[000626.71]  06-07 05:58  Diagnostics                  INFO     - max diag Gelman-Rubin - 1 at 1.0 sigmas is 0.721.
[000626.73]  06-07 05:58  Diagnostics                  INFO     - max Geweke is 0.347.
[000626.73]  06-07 05:58  Diagnostics                  INFO     - Geweke p-value is 0.00206.
[000627.08]  06-07 05:58  Diagnostics                  INFO     - effective sample size = (80 iterations / integrated autocorrelation time) is 21.5.
[000627.08]  06-07 05:58  Diagnostics                  INFO     - max variation of integrated autocorrelation time is 0.613.
Saving PMC state to /global/cfs/cdirs/desi/users/shengyu/Y3/full-shape/redshift_errors/fits/cosmo-base_LRG2-z0.6-0.8-mean25-S2-084d648c/chain_0.pocomc.state
[000680.05]  06-07 05:59  Chain                        INFO     Saving /global/cfs/cdirs/desi/users/shengyu/Y3/full-shape/redshift_errors/fits/cosmo-base_LRG2-z0.6-0.8-mean25-S2-084d648c/chain_0.npy.
[000680.12]  06-07 05:59  PocoMCSampler                INFO     Diagnostics:
[000680.15]  06-07 05:59  Diagnostics                  INFO     - max eigen Gelman-Rubin - 1 is 0.487; not < 0.02.
[000680.17]  06-07 05:59  Diagnostics                  INFO     - max diag Gelman-Rubin - 1 is 0.221.
[000680.25]  06-07 05:59  Diagnostics                  INFO     - max diag Gelman-Rubin - 1 at 1.0 sigmas is 0.774.
[000680.27]  06-07 05:59  Diagnostics                  INFO     - max Geweke is 0.51.
[000680.27]  06-07 05:59  Diagnostics                  INFO     - Geweke p-value is 2.65e-08.
[000680.62]  06-07 05:59  Diagnostics                  INFO     - effective sample size = (90 iterations / integrated autocorrelation time) is 21.6.
[000680.62]  06-07 05:59  Diagnostics                  INFO     - max variation of integrated autocorrelation time is 1.74.
Saving PMC state to /global/cfs/cdirs/desi/users/shengyu/Y3/full-shape/redshift_errors/fits/cosmo-base_LRG2-z0.6-0.8-mean25-S2-084d648c/chain_0.pocomc.state
[000737.45]  06-07 06:00  Chain                        INFO     Saving /global/cfs/cdirs/desi/users/shengyu/Y3/full-shape/redshift_errors/fits/cosmo-base_LRG2-z0.6-0.8-mean25-S2-084d648c/chain_0.npy.
[000737.52]  06-07 06:00  PocoMCSampler                INFO     Diagnostics:
[000737.55]  06-07 06:00  Diagnostics                  INFO     - max eigen Gelman-Rubin - 1 is 0.268; not < 0.02.
[000737.57]  06-07 06:00  Diagnostics                  INFO     - max diag Gelman-Rubin - 1 is 0.137.
[000737.66]  06-07 06:00  Diagnostics                  INFO     - max diag Gelman-Rubin - 1 at 1.0 sigmas is 0.436.
[000737.67]  06-07 06:00  Diagnostics                  INFO     - max Geweke is 0.385.
[000737.67]  06-07 06:00  Diagnostics                  INFO     - Geweke p-value is 2.48e-06.
[000738.02]  06-07 06:00  Diagnostics                  INFO     - effective sample size = (100 iterations / integrated autocorrelation time) is 37.
[000738.02]  06-07 06:00  Diagnostics                  INFO     - max variation of integrated autocorrelation time is 0.545.
Saving PMC state to /global/cfs/cdirs/desi/users/shengyu/Y3/full-shape/redshift_errors/fits/cosmo-base_LRG2-z0.6-0.8-mean25-S2-084d648c/chain_0.pocomc.state
[000792.99]  06-07 06:01  Chain                        INFO     Saving /global/cfs/cdirs/desi/users/shengyu/Y3/full-shape/redshift_errors/fits/cosmo-base_LRG2-z0.6-0.8-mean25-S2-084d648c/chain_0.npy.
[000793.16]  06-07 06:01  PocoMCSampler                INFO     Diagnostics:
[000793.18]  06-07 06:01  Diagnostics                  INFO     - max eigen Gelman-Rubin - 1 is 0.114; not < 0.02.
[000793.20]  06-07 06:01  Diagnostics                  INFO     - max diag Gelman-Rubin - 1 is 0.0764.
[000793.29]  06-07 06:01  Diagnostics                  INFO     - max diag Gelman-Rubin - 1 at 1.0 sigmas is 0.252.
[000793.31]  06-07 06:01  Diagnostics                  INFO     - max Geweke is 0.301.
[000793.31]  06-07 06:01  Diagnostics                  INFO     - Geweke p-value is 3.04e-11.
[000793.66]  06-07 06:01  Diagnostics                  INFO     - effective sample size = (110 iterations / integrated autocorrelation time) (reliable) is 72.8.
[000793.66]  06-07 06:01  Diagnostics                  INFO     - max variation of integrated autocorrelation time is 0.787.
Saving PMC state to /global/cfs/cdirs/desi/users/shengyu/Y3/full-shape/redshift_errors/fits/cosmo-base_LRG2-z0.6-0.8-mean25-S2-084d648c/chain_0.pocomc.state
[000845.89]  06-07 06:02  Chain                        INFO     Saving /global/cfs/cdirs/desi/users/shengyu/Y3/full-shape/redshift_errors/fits/cosmo-base_LRG2-z0.6-0.8-mean25-S2-084d648c/chain_0.npy.
[000845.97]  06-07 06:02  PocoMCSampler                INFO     Diagnostics:
[000846.00]  06-07 06:02  Diagnostics                  INFO     - max eigen Gelman-Rubin - 1 is 0.0189; < 0.02.
[000846.02]  06-07 06:02  Diagnostics                  INFO     - max diag Gelman-Rubin - 1 is 0.0127.
[000846.11]  06-07 06:02  Diagnostics                  INFO     - max diag Gelman-Rubin - 1 at 1.0 sigmas is 0.0253.
[000846.13]  06-07 06:02  Diagnostics                  INFO     - max Geweke is 0.268.
[000846.13]  06-07 06:02  Diagnostics                  INFO     - Geweke p-value is 4.56e-11.
[000846.73]  06-07 06:02  Diagnostics                  INFO     - effective sample size = (120 iterations / integrated autocorrelation time) (reliable) is 109.
[000846.73]  06-07 06:02  Diagnostics                  INFO     - max variation of integrated autocorrelation time is 0.369.
Saving PMC state to /global/cfs/cdirs/desi/users/shengyu/Y3/full-shape/redshift_errors/fits/cosmo-base_LRG2-z0.6-0.8-mean25-S2-084d648c/chain_0.pocomc.state
[000903.55]  06-07 06:03  Chain                        INFO     Saving /global/cfs/cdirs/desi/users/shengyu/Y3/full-shape/redshift_errors/fits/cosmo-base_LRG2-z0.6-0.8-mean25-S2-084d648c/chain_0.npy.
[000903.65]  06-07 06:03  PocoMCSampler                INFO     Diagnostics:
[000903.68]  06-07 06:03  Diagnostics                  INFO     - max eigen Gelman-Rubin - 1 is 0.00916; < 0.02.
[000903.70]  06-07 06:03  Diagnostics                  INFO     - max diag Gelman-Rubin - 1 is 0.00134.
[000903.79]  06-07 06:03  Diagnostics                  INFO     - max diag Gelman-Rubin - 1 at 1.0 sigmas is 0.0122.
[000903.81]  06-07 06:03  Diagnostics                  INFO     - max Geweke is 0.291.
[000903.81]  06-07 06:03  Diagnostics                  INFO     - Geweke p-value is 3.54e-11.
[000904.16]  06-07 06:03  Diagnostics                  INFO     - effective sample size = (130 iterations / integrated autocorrelation time) (reliable) is 138.
[000904.16]  06-07 06:03  Diagnostics                  INFO     - max variation of integrated autocorrelation time is 0.192.
Saving PMC state to /global/cfs/cdirs/desi/users/shengyu/Y3/full-shape/redshift_errors/fits/cosmo-base_LRG2-z0.6-0.8-mean25-S2-084d648c/chain_0.pocomc.state
[000955.83]  06-07 06:04  Chain                        INFO     Saving /global/cfs/cdirs/desi/users/shengyu/Y3/full-shape/redshift_errors/fits/cosmo-base_LRG2-z0.6-0.8-mean25-S2-084d648c/chain_0.npy.
[000955.92]  06-07 06:04  PocoMCSampler                INFO     Diagnostics:
[000955.95]  06-07 06:04  Diagnostics                  INFO     - max eigen Gelman-Rubin - 1 is 0.00462; < 0.02.
[000955.97]  06-07 06:04  Diagnostics                  INFO     - max diag Gelman-Rubin - 1 is 0.00171.
[000956.06]  06-07 06:04  Diagnostics                  INFO     - max diag Gelman-Rubin - 1 at 1.0 sigmas is 0.0166.
[000956.08]  06-07 06:04  Diagnostics                  INFO     - max Geweke is 0.116.
[000956.08]  06-07 06:04  Diagnostics                  INFO     - Geweke p-value is 0.00625.
[000956.43]  06-07 06:04  Diagnostics                  INFO     - effective sample size = (140 iterations / integrated autocorrelation time) (reliable) is 150.
[000956.43]  06-07 06:04  Diagnostics                  INFO     - max variation of integrated autocorrelation time is 0.0216.
Saving PMC state to /global/cfs/cdirs/desi/users/shengyu/Y3/full-shape/redshift_errors/fits/cosmo-base_LRG2-z0.6-0.8-mean25-S2-084d648c/chain_0.pocomc.state
[001008.79]  06-07 06:05  Chain                        INFO     Saving /global/cfs/cdirs/desi/users/shengyu/Y3/full-shape/redshift_errors/fits/cosmo-base_LRG2-z0.6-0.8-mean25-S2-084d648c/chain_0.npy.
[001008.85]  06-07 06:05  PocoMCSampler                INFO     Diagnostics:
[001008.88]  06-07 06:05  Diagnostics                  INFO     - max eigen Gelman-Rubin - 1 is 0.0111; < 0.02.
[001008.90]  06-07 06:05  Diagnostics                  INFO     - max diag Gelman-Rubin - 1 is 0.00361.
[001008.99]  06-07 06:05  Diagnostics                  INFO     - max diag Gelman-Rubin - 1 at 1.0 sigmas is 0.0161.
[001009.01]  06-07 06:05  Diagnostics                  INFO     - max Geweke is 0.094.
[001009.01]  06-07 06:05  Diagnostics                  INFO     - Geweke p-value is 0.294.
[001009.36]  06-07 06:05  Diagnostics                  INFO     - effective sample size = (150 iterations / integrated autocorrelation time) (reliable) is 158.
[001009.36]  06-07 06:05  Diagnostics                  INFO     - max variation of integrated autocorrelation time is 0.0375.
Saving PMC state to /global/cfs/cdirs/desi/users/shengyu/Y3/full-shape/redshift_errors/fits/cosmo-base_LRG2-z0.6-0.8-mean25-S2-084d648c/chain_0.pocomc.state
[001065.71]  06-07 06:06  Chain                        INFO     Saving /global/cfs/cdirs/desi/users/shengyu/Y3/full-shape/redshift_errors/fits/cosmo-base_LRG2-z0.6-0.8-mean25-S2-084d648c/chain_0.npy.
[001065.79]  06-07 06:06  PocoMCSampler                INFO     Diagnostics:
[001065.81]  06-07 06:06  Diagnostics                  INFO     - max eigen Gelman-Rubin - 1 is 0.00273; < 0.02.
[001065.84]  06-07 06:06  Diagnostics                  INFO     - max diag Gelman-Rubin - 1 is 0.00131.
[001065.93]  06-07 06:06  Diagnostics                  INFO     - max diag Gelman-Rubin - 1 at 1.0 sigmas is 0.0108.
[001065.95]  06-07 06:06  Diagnostics                  INFO     - max Geweke is 0.158.
[001065.95]  06-07 06:06  Diagnostics                  INFO     - Geweke p-value is 0.000162.
[001066.30]  06-07 06:06  Diagnostics                  INFO     - effective sample size = (160 iterations / integrated autocorrelation time) (reliable) is 167.
[001066.30]  06-07 06:06  Diagnostics                  INFO     - max variation of integrated autocorrelation time is 0.0244.
Saving PMC state to /global/cfs/cdirs/desi/users/shengyu/Y3/full-shape/redshift_errors/fits/cosmo-base_LRG2-z0.6-0.8-mean25-S2-084d648c/chain_0.pocomc.state
[001117.55]  06-07 06:06  Chain                        INFO     Saving /global/cfs/cdirs/desi/users/shengyu/Y3/full-shape/redshift_errors/fits/cosmo-base_LRG2-z0.6-0.8-mean25-S2-084d648c/chain_0.npy.
[001117.64]  06-07 06:06  PocoMCSampler                INFO     Diagnostics:
[001117.66]  06-07 06:06  Diagnostics                  INFO     - max eigen Gelman-Rubin - 1 is 0.00703; < 0.02.
[001117.69]  06-07 06:06  Diagnostics                  INFO     - max diag Gelman-Rubin - 1 is 0.00351.
[001117.78]  06-07 06:06  Diagnostics                  INFO     - max diag Gelman-Rubin - 1 at 1.0 sigmas is 0.0191.
[001117.80]  06-07 06:06  Diagnostics                  INFO     - max Geweke is 0.0921.
[001117.80]  06-07 06:06  Diagnostics                  INFO     - Geweke p-value is 0.0161.
[001118.16]  06-07 06:06  Diagnostics                  INFO     - effective sample size = (170 iterations / integrated autocorrelation time) (reliable) is 176.
[001118.16]  06-07 06:06  Diagnostics                  INFO     - max variation of integrated autocorrelation time is 0.0368.
Saving PMC state to /global/cfs/cdirs/desi/users/shengyu/Y3/full-shape/redshift_errors/fits/cosmo-base_LRG2-z0.6-0.8-mean25-S2-084d648c/chain_0.pocomc.state
[001167.74]  06-07 06:07  Chain                        INFO     Saving /global/cfs/cdirs/desi/users/shengyu/Y3/full-shape/redshift_errors/fits/cosmo-base_LRG2-z0.6-0.8-mean25-S2-084d648c/chain_0.npy.
[001167.82]  06-07 06:07  PocoMCSampler                INFO     Diagnostics:
[001167.84]  06-07 06:07  Diagnostics                  INFO     - max eigen Gelman-Rubin - 1 is 0.00767; < 0.02.
[001167.87]  06-07 06:07  Diagnostics                  INFO     - max diag Gelman-Rubin - 1 is 0.00284.
[001167.96]  06-07 06:07  Diagnostics                  INFO     - max diag Gelman-Rubin - 1 at 1.0 sigmas is 0.015.
[001167.98]  06-07 06:07  Diagnostics                  INFO     - max Geweke is 0.0856.
[001167.98]  06-07 06:07  Diagnostics                  INFO     - Geweke p-value is 0.139.
[001168.34]  06-07 06:07  Diagnostics                  INFO     - effective sample size = (180 iterations / integrated autocorrelation time) (reliable) is 187.
[001168.34]  06-07 06:07  Diagnostics                  INFO     - max variation of integrated autocorrelation time is 0.0136.
Saving PMC state to /global/cfs/cdirs/desi/users/shengyu/Y3/full-shape/redshift_errors/fits/cosmo-base_LRG2-z0.6-0.8-mean25-S2-084d648c/chain_0.pocomc.state
[001219.24]  06-07 06:08  Chain                        INFO     Saving /global/cfs/cdirs/desi/users/shengyu/Y3/full-shape/redshift_errors/fits/cosmo-base_LRG2-z0.6-0.8-mean25-S2-084d648c/chain_0.npy.
[001219.31]  06-07 06:08  PocoMCSampler                INFO     Diagnostics:
[001219.33]  06-07 06:08  Diagnostics                  INFO     - max eigen Gelman-Rubin - 1 is 0.00445; < 0.02.
[001219.36]  06-07 06:08  Diagnostics                  INFO     - max diag Gelman-Rubin - 1 is 0.00146.
[001219.45]  06-07 06:08  Diagnostics                  INFO     - max diag Gelman-Rubin - 1 at 1.0 sigmas is 0.0119.
[001219.47]  06-07 06:08  Diagnostics                  INFO     - max Geweke is 0.106.
[001219.47]  06-07 06:08  Diagnostics                  INFO     - Geweke p-value is 0.0396.
[001220.08]  06-07 06:08  Diagnostics                  INFO     - effective sample size = (190 iterations / integrated autocorrelation time) (reliable) is 197.
[001220.08]  06-07 06:08  Diagnostics                  INFO     - max variation of integrated autocorrelation time is 0.0157.
Saving PMC state to /global/cfs/cdirs/desi/users/shengyu/Y3/full-shape/redshift_errors/fits/cosmo-base_LRG2-z0.6-0.8-mean25-S2-084d648c/chain_0.pocomc.state
[001273.48]  06-07 06:09  Chain                        INFO     Saving /global/cfs/cdirs/desi/users/shengyu/Y3/full-shape/redshift_errors/fits/cosmo-base_LRG2-z0.6-0.8-mean25-S2-084d648c/chain_0.npy.
[001273.56]  06-07 06:09  PocoMCSampler                INFO     Diagnostics:
[001273.59]  06-07 06:09  Diagnostics                  INFO     - max eigen Gelman-Rubin - 1 is 0.00856; < 0.02.
[001273.61]  06-07 06:09  Diagnostics                  INFO     - max diag Gelman-Rubin - 1 is 0.00339.
[001273.71]  06-07 06:09  Diagnostics                  INFO     - max diag Gelman-Rubin - 1 at 1.0 sigmas is 0.00859.
[001273.73]  06-07 06:09  Diagnostics                  INFO     - max Geweke is 0.0834.
[001273.73]  06-07 06:09  Diagnostics                  INFO     - Geweke p-value is 0.211.
[001274.09]  06-07 06:09  Diagnostics                  INFO     - effective sample size = (200 iterations / integrated autocorrelation time) (reliable) is 206.
[001274.09]  06-07 06:09  Diagnostics                  INFO     - max variation of integrated autocorrelation time is 0.0392.
