Activate fit_env (Python 3.12.13).
Node nid006433 running run_fits.py tracer=LRG2 zerr=None stats=mesh2 mockid=0-24
[000000.01]  06-07 11:40  compute_mesh                 INFO     Received arguments: Namespace(todos=['sample'], version='AbacusHF-v2', cov_version='holi-v3', domain='altmtl', tracers=['LRG2'], mockid='0-24', zerrs=['None'], fits_dir='/global/cfs/cdirs/desi/users/shengyu/Y3/full-shape/redshift_errors/fits', stats=['mesh2', 'mesh3'], kmax='0.300-0.300-0.20-0.08', regions=['ALL'], theory_model='folpsD', prior_basis='physical_aap', cosmo_params='base', sampler='pocomc', nchains=1, resume=False)
[000005.66]  06-07 11:40  jax._src.xla_bridge          ERROR    Jax plugin configuration error: Exception when calling jax_plugins.xla_cuda12.initialize()
Traceback (most recent call last):
  File "/global/homes/s/shengyu/.conda/envs/fit_env/lib/python3.12/site-packages/jax/_src/xla_bridge.py", line 487, in discover_pjrt_plugins
    plugin_module.initialize()
  File "/global/homes/s/shengyu/.conda/envs/fit_env/lib/python3.12/site-packages/jax_plugins/xla_cuda12/__init__.py", line 370, in initialize
    _check_cuda_versions(raise_on_first_error = True)
  File "/global/homes/s/shengyu/.conda/envs/fit_env/lib/python3.12/site-packages/jax_plugins/xla_cuda12/__init__.py", line 274, in _check_cuda_versions
    for d in range(cuda_versions.cuda_device_count())
                   ^^^^^^^^^^^^^^^^^^^^^^^^^^^^^^^^^
RuntimeError: jaxlib/cuda/versions_helpers.cc:135: operation cuInit(0) failed: CUDA_ERROR_NO_DEVICE
[000005.66]  06-07 11:40  jax._src.xla_bridge          ERROR    Jax plugin configuration error: Exception when calling jax_plugins.xla_cuda12.initialize()
Traceback (most recent call last):
  File "/global/homes/s/shengyu/.conda/envs/fit_env/lib/python3.12/site-packages/jax/_src/xla_bridge.py", line 487, in discover_pjrt_plugins
    plugin_module.initialize()
  File "/global/homes/s/shengyu/.conda/envs/fit_env/lib/python3.12/site-packages/jax_plugins/xla_cuda12/__init__.py", line 370, in initialize
    _check_cuda_versions(raise_on_first_error = True)
  File "/global/homes/s/shengyu/.conda/envs/fit_env/lib/python3.12/site-packages/jax_plugins/xla_cuda12/__init__.py", line 274, in _check_cuda_versions
    for d in range(cuda_versions.cuda_device_count())
                   ^^^^^^^^^^^^^^^^^^^^^^^^^^^^^^^^^
RuntimeError: jaxlib/cuda/versions_helpers.cc:135: operation cuInit(0) failed: CUDA_ERROR_NO_DEVICE
[000005.66]  06-07 11:40  jax._src.xla_bridge          ERROR    Jax plugin configuration error: Exception when calling jax_plugins.xla_cuda12.initialize()
Traceback (most recent call last):
  File "/global/homes/s/shengyu/.conda/envs/fit_env/lib/python3.12/site-packages/jax/_src/xla_bridge.py", line 487, in discover_pjrt_plugins
    plugin_module.initialize()
  File "/global/homes/s/shengyu/.conda/envs/fit_env/lib/python3.12/site-packages/jax_plugins/xla_cuda12/__init__.py", line 370, in initialize
    _check_cuda_versions(raise_on_first_error = True)
  File "/global/homes/s/shengyu/.conda/envs/fit_env/lib/python3.12/site-packages/jax_plugins/xla_cuda12/__init__.py", line 274, in _check_cuda_versions
    for d in range(cuda_versions.cuda_device_count())
                   ^^^^^^^^^^^^^^^^^^^^^^^^^^^^^^^^^
RuntimeError: jaxlib/cuda/versions_helpers.cc:135: operation cuInit(0) failed: CUDA_ERROR_NO_DEVICE
[000005.66]  06-07 11:40  jax._src.xla_bridge          ERROR    Jax plugin configuration error: Exception when calling jax_plugins.xla_cuda12.initialize()
Traceback (most recent call last):
  File "/global/homes/s/shengyu/.conda/envs/fit_env/lib/python3.12/site-packages/jax/_src/xla_bridge.py", line 487, in discover_pjrt_plugins
    plugin_module.initialize()
  File "/global/homes/s/shengyu/.conda/envs/fit_env/lib/python3.12/site-packages/jax_plugins/xla_cuda12/__init__.py", line 370, in initialize
    _check_cuda_versions(raise_on_first_error = True)
  File "/global/homes/s/shengyu/.conda/envs/fit_env/lib/python3.12/site-packages/jax_plugins/xla_cuda12/__init__.py", line 274, in _check_cuda_versions
    for d in range(cuda_versions.cuda_device_count())
                   ^^^^^^^^^^^^^^^^^^^^^^^^^^^^^^^^^
RuntimeError: jaxlib/cuda/versions_helpers.cc:135: operation cuInit(0) failed: CUDA_ERROR_NO_DEVICE
[000005.68]  06-07 11:40  jax._src.xla_bridge          INFO     Unable to initialize backend 'tpu': INTERNAL: Failed to open libtpu.so: libtpu.so: cannot open shared object file: No such file or directory
[000005.68]  06-07 11:40  jax._src.xla_bridge          INFO     Unable to initialize backend 'tpu': INTERNAL: Failed to open libtpu.so: libtpu.so: cannot open shared object file: No such file or directory
[000005.68]  06-07 11:40  jax._src.xla_bridge          INFO     Unable to initialize backend 'tpu': INTERNAL: Failed to open libtpu.so: libtpu.so: cannot open shared object file: No such file or directory
[000005.68]  06-07 11:40  jax._src.xla_bridge          INFO     Unable to initialize backend 'tpu': INTERNAL: Failed to open libtpu.so: libtpu.so: cannot open shared object file: No such file or directory
[000009.50]  06-07 11:40  fit_tools                    INFO     Reading data for mesh2 from /global/cfs/cdirs/desi/users/shengyu/galaxies/catalogs/Y3/AbacusHF-v2/altmtl/LRG/mock0/mpspk/mesh2_spectrum_poles_LRG_z0.6-0.8_DR2_v2.0.h5
[000009.58]  06-07 11:40  fit_tools                    INFO     Reading data for mesh2 from /global/cfs/cdirs/desi/users/shengyu/galaxies/catalogs/Y3/AbacusHF-v2/altmtl/LRG/mock1/mpspk/mesh2_spectrum_poles_LRG_z0.6-0.8_DR2_v2.0.h5
[000009.65]  06-07 11:40  fit_tools                    INFO     Reading data for mesh2 from /global/cfs/cdirs/desi/users/shengyu/galaxies/catalogs/Y3/AbacusHF-v2/altmtl/LRG/mock2/mpspk/mesh2_spectrum_poles_LRG_z0.6-0.8_DR2_v2.0.h5
[000009.74]  06-07 11:40  fit_tools                    INFO     Reading data for mesh2 from /global/cfs/cdirs/desi/users/shengyu/galaxies/catalogs/Y3/AbacusHF-v2/altmtl/LRG/mock3/mpspk/mesh2_spectrum_poles_LRG_z0.6-0.8_DR2_v2.0.h5
[000009.83]  06-07 11:40  fit_tools                    INFO     Reading data for mesh2 from /global/cfs/cdirs/desi/users/shengyu/galaxies/catalogs/Y3/AbacusHF-v2/altmtl/LRG/mock4/mpspk/mesh2_spectrum_poles_LRG_z0.6-0.8_DR2_v2.0.h5
[000009.91]  06-07 11:40  fit_tools                    INFO     Reading data for mesh2 from /global/cfs/cdirs/desi/users/shengyu/galaxies/catalogs/Y3/AbacusHF-v2/altmtl/LRG/mock5/mpspk/mesh2_spectrum_poles_LRG_z0.6-0.8_DR2_v2.0.h5
[000009.98]  06-07 11:40  fit_tools                    INFO     Reading data for mesh2 from /global/cfs/cdirs/desi/users/shengyu/galaxies/catalogs/Y3/AbacusHF-v2/altmtl/LRG/mock6/mpspk/mesh2_spectrum_poles_LRG_z0.6-0.8_DR2_v2.0.h5
[000010.06]  06-07 11:40  fit_tools                    INFO     Reading data for mesh2 from /global/cfs/cdirs/desi/users/shengyu/galaxies/catalogs/Y3/AbacusHF-v2/altmtl/LRG/mock7/mpspk/mesh2_spectrum_poles_LRG_z0.6-0.8_DR2_v2.0.h5
[000010.14]  06-07 11:40  fit_tools                    INFO     Reading data for mesh2 from /global/cfs/cdirs/desi/users/shengyu/galaxies/catalogs/Y3/AbacusHF-v2/altmtl/LRG/mock8/mpspk/mesh2_spectrum_poles_LRG_z0.6-0.8_DR2_v2.0.h5
[000010.21]  06-07 11:40  fit_tools                    INFO     Reading data for mesh2 from /global/cfs/cdirs/desi/users/shengyu/galaxies/catalogs/Y3/AbacusHF-v2/altmtl/LRG/mock9/mpspk/mesh2_spectrum_poles_LRG_z0.6-0.8_DR2_v2.0.h5
[000010.29]  06-07 11:40  fit_tools                    INFO     Reading data for mesh2 from /global/cfs/cdirs/desi/users/shengyu/galaxies/catalogs/Y3/AbacusHF-v2/altmtl/LRG/mock10/mpspk/mesh2_spectrum_poles_LRG_z0.6-0.8_DR2_v2.0.h5
[000010.54]  06-07 11:40  fit_tools                    INFO     Reading data for mesh2 from /global/cfs/cdirs/desi/users/shengyu/galaxies/catalogs/Y3/AbacusHF-v2/altmtl/LRG/mock11/mpspk/mesh2_spectrum_poles_LRG_z0.6-0.8_DR2_v2.0.h5
[000010.88]  06-07 11:40  fit_tools                    INFO     Reading data for mesh2 from /global/cfs/cdirs/desi/users/shengyu/galaxies/catalogs/Y3/AbacusHF-v2/altmtl/LRG/mock12/mpspk/mesh2_spectrum_poles_LRG_z0.6-0.8_DR2_v2.0.h5
[000010.97]  06-07 11:40  fit_tools                    INFO     Reading data for mesh2 from /global/cfs/cdirs/desi/users/shengyu/galaxies/catalogs/Y3/AbacusHF-v2/altmtl/LRG/mock13/mpspk/mesh2_spectrum_poles_LRG_z0.6-0.8_DR2_v2.0.h5
[000011.05]  06-07 11:40  fit_tools                    INFO     Reading data for mesh2 from /global/cfs/cdirs/desi/users/shengyu/galaxies/catalogs/Y3/AbacusHF-v2/altmtl/LRG/mock14/mpspk/mesh2_spectrum_poles_LRG_z0.6-0.8_DR2_v2.0.h5
[000011.13]  06-07 11:40  fit_tools                    INFO     Reading data for mesh2 from /global/cfs/cdirs/desi/users/shengyu/galaxies/catalogs/Y3/AbacusHF-v2/altmtl/LRG/mock15/mpspk/mesh2_spectrum_poles_LRG_z0.6-0.8_DR2_v2.0.h5
[000011.22]  06-07 11:40  fit_tools                    INFO     Reading data for mesh2 from /global/cfs/cdirs/desi/users/shengyu/galaxies/catalogs/Y3/AbacusHF-v2/altmtl/LRG/mock16/mpspk/mesh2_spectrum_poles_LRG_z0.6-0.8_DR2_v2.0.h5
[000011.29]  06-07 11:40  fit_tools                    INFO     Reading data for mesh2 from /global/cfs/cdirs/desi/users/shengyu/galaxies/catalogs/Y3/AbacusHF-v2/altmtl/LRG/mock17/mpspk/mesh2_spectrum_poles_LRG_z0.6-0.8_DR2_v2.0.h5
[000011.37]  06-07 11:40  fit_tools                    INFO     Reading data for mesh2 from /global/cfs/cdirs/desi/users/shengyu/galaxies/catalogs/Y3/AbacusHF-v2/altmtl/LRG/mock18/mpspk/mesh2_spectrum_poles_LRG_z0.6-0.8_DR2_v2.0.h5
[000011.46]  06-07 11:40  fit_tools                    INFO     Reading data for mesh2 from /global/cfs/cdirs/desi/users/shengyu/galaxies/catalogs/Y3/AbacusHF-v2/altmtl/LRG/mock19/mpspk/mesh2_spectrum_poles_LRG_z0.6-0.8_DR2_v2.0.h5
[000011.55]  06-07 11:40  fit_tools                    INFO     Reading data for mesh2 from /global/cfs/cdirs/desi/users/shengyu/galaxies/catalogs/Y3/AbacusHF-v2/altmtl/LRG/mock20/mpspk/mesh2_spectrum_poles_LRG_z0.6-0.8_DR2_v2.0.h5
[000011.61]  06-07 11:40  fit_tools                    INFO     Reading data for mesh2 from /global/cfs/cdirs/desi/users/shengyu/galaxies/catalogs/Y3/AbacusHF-v2/altmtl/LRG/mock21/mpspk/mesh2_spectrum_poles_LRG_z0.6-0.8_DR2_v2.0.h5
[000011.70]  06-07 11:40  fit_tools                    INFO     Reading data for mesh2 from /global/cfs/cdirs/desi/users/shengyu/galaxies/catalogs/Y3/AbacusHF-v2/altmtl/LRG/mock22/mpspk/mesh2_spectrum_poles_LRG_z0.6-0.8_DR2_v2.0.h5
[000011.77]  06-07 11:40  fit_tools                    INFO     Reading data for mesh2 from /global/cfs/cdirs/desi/users/shengyu/galaxies/catalogs/Y3/AbacusHF-v2/altmtl/LRG/mock23/mpspk/mesh2_spectrum_poles_LRG_z0.6-0.8_DR2_v2.0.h5
[000011.85]  06-07 11:40  fit_tools                    INFO     Reading data for mesh2 from /global/cfs/cdirs/desi/users/shengyu/galaxies/catalogs/Y3/AbacusHF-v2/altmtl/LRG/mock24/mpspk/mesh2_spectrum_poles_LRG_z0.6-0.8_DR2_v2.0.h5
[000011.90]  06-07 11:40  fit_tools                    INFO     Averaged data for mesh2 over 25 mock realizations
[000011.91]  06-07 11:40  fit_tools                    INFO     Reading window for mesh2 from /global/cfs/cdirs/desi/users/shengyu/galaxies/catalogs/Y3/AbacusHF-v2/altmtl/LRG/mock0/mpspk/window_mesh2_spectrum_poles_LRG_z0.6-0.8_DR2_v2.0.h5
[000012.40]  06-07 11:40  fit_tools                    INFO     Reading window for mesh2 from /global/cfs/cdirs/desi/users/shengyu/galaxies/catalogs/Y3/AbacusHF-v2/altmtl/LRG/mock1/mpspk/window_mesh2_spectrum_poles_LRG_z0.6-0.8_DR2_v2.0.h5
[000012.55]  06-07 11:40  fit_tools                    INFO     Reading window for mesh2 from /global/cfs/cdirs/desi/users/shengyu/galaxies/catalogs/Y3/AbacusHF-v2/altmtl/LRG/mock2/mpspk/window_mesh2_spectrum_poles_LRG_z0.6-0.8_DR2_v2.0.h5
[000012.69]  06-07 11:40  fit_tools                    INFO     Reading window for mesh2 from /global/cfs/cdirs/desi/users/shengyu/galaxies/catalogs/Y3/AbacusHF-v2/altmtl/LRG/mock3/mpspk/window_mesh2_spectrum_poles_LRG_z0.6-0.8_DR2_v2.0.h5
[000012.85]  06-07 11:40  fit_tools                    INFO     Reading window for mesh2 from /global/cfs/cdirs/desi/users/shengyu/galaxies/catalogs/Y3/AbacusHF-v2/altmtl/LRG/mock4/mpspk/window_mesh2_spectrum_poles_LRG_z0.6-0.8_DR2_v2.0.h5
[000013.04]  06-07 11:40  fit_tools                    INFO     Reading window for mesh2 from /global/cfs/cdirs/desi/users/shengyu/galaxies/catalogs/Y3/AbacusHF-v2/altmtl/LRG/mock5/mpspk/window_mesh2_spectrum_poles_LRG_z0.6-0.8_DR2_v2.0.h5
[000013.16]  06-07 11:40  fit_tools                    INFO     Reading window for mesh2 from /global/cfs/cdirs/desi/users/shengyu/galaxies/catalogs/Y3/AbacusHF-v2/altmtl/LRG/mock6/mpspk/window_mesh2_spectrum_poles_LRG_z0.6-0.8_DR2_v2.0.h5
[000013.29]  06-07 11:40  fit_tools                    INFO     Reading window for mesh2 from /global/cfs/cdirs/desi/users/shengyu/galaxies/catalogs/Y3/AbacusHF-v2/altmtl/LRG/mock7/mpspk/window_mesh2_spectrum_poles_LRG_z0.6-0.8_DR2_v2.0.h5
[000013.48]  06-07 11:40  fit_tools                    INFO     Reading window for mesh2 from /global/cfs/cdirs/desi/users/shengyu/galaxies/catalogs/Y3/AbacusHF-v2/altmtl/LRG/mock8/mpspk/window_mesh2_spectrum_poles_LRG_z0.6-0.8_DR2_v2.0.h5
[000013.64]  06-07 11:40  fit_tools                    INFO     Reading window for mesh2 from /global/cfs/cdirs/desi/users/shengyu/galaxies/catalogs/Y3/AbacusHF-v2/altmtl/LRG/mock9/mpspk/window_mesh2_spectrum_poles_LRG_z0.6-0.8_DR2_v2.0.h5
[000013.81]  06-07 11:40  fit_tools                    INFO     Reading window for mesh2 from /global/cfs/cdirs/desi/users/shengyu/galaxies/catalogs/Y3/AbacusHF-v2/altmtl/LRG/mock10/mpspk/window_mesh2_spectrum_poles_LRG_z0.6-0.8_DR2_v2.0.h5
[000013.92]  06-07 11:40  fit_tools                    INFO     Reading window for mesh2 from /global/cfs/cdirs/desi/users/shengyu/galaxies/catalogs/Y3/AbacusHF-v2/altmtl/LRG/mock11/mpspk/window_mesh2_spectrum_poles_LRG_z0.6-0.8_DR2_v2.0.h5
[000014.07]  06-07 11:40  fit_tools                    INFO     Reading window for mesh2 from /global/cfs/cdirs/desi/users/shengyu/galaxies/catalogs/Y3/AbacusHF-v2/altmtl/LRG/mock12/mpspk/window_mesh2_spectrum_poles_LRG_z0.6-0.8_DR2_v2.0.h5
[000014.22]  06-07 11:40  fit_tools                    INFO     Reading window for mesh2 from /global/cfs/cdirs/desi/users/shengyu/galaxies/catalogs/Y3/AbacusHF-v2/altmtl/LRG/mock13/mpspk/window_mesh2_spectrum_poles_LRG_z0.6-0.8_DR2_v2.0.h5
[000014.35]  06-07 11:40  fit_tools                    INFO     Reading window for mesh2 from /global/cfs/cdirs/desi/users/shengyu/galaxies/catalogs/Y3/AbacusHF-v2/altmtl/LRG/mock14/mpspk/window_mesh2_spectrum_poles_LRG_z0.6-0.8_DR2_v2.0.h5
[000014.54]  06-07 11:40  fit_tools                    INFO     Reading window for mesh2 from /global/cfs/cdirs/desi/users/shengyu/galaxies/catalogs/Y3/AbacusHF-v2/altmtl/LRG/mock15/mpspk/window_mesh2_spectrum_poles_LRG_z0.6-0.8_DR2_v2.0.h5
[000014.69]  06-07 11:40  fit_tools                    INFO     Reading window for mesh2 from /global/cfs/cdirs/desi/users/shengyu/galaxies/catalogs/Y3/AbacusHF-v2/altmtl/LRG/mock16/mpspk/window_mesh2_spectrum_poles_LRG_z0.6-0.8_DR2_v2.0.h5
[000015.21]  06-07 11:40  fit_tools                    INFO     Reading window for mesh2 from /global/cfs/cdirs/desi/users/shengyu/galaxies/catalogs/Y3/AbacusHF-v2/altmtl/LRG/mock17/mpspk/window_mesh2_spectrum_poles_LRG_z0.6-0.8_DR2_v2.0.h5
[000015.39]  06-07 11:40  fit_tools                    INFO     Reading window for mesh2 from /global/cfs/cdirs/desi/users/shengyu/galaxies/catalogs/Y3/AbacusHF-v2/altmtl/LRG/mock18/mpspk/window_mesh2_spectrum_poles_LRG_z0.6-0.8_DR2_v2.0.h5
[000015.52]  06-07 11:40  fit_tools                    INFO     Reading window for mesh2 from /global/cfs/cdirs/desi/users/shengyu/galaxies/catalogs/Y3/AbacusHF-v2/altmtl/LRG/mock19/mpspk/window_mesh2_spectrum_poles_LRG_z0.6-0.8_DR2_v2.0.h5
[000015.65]  06-07 11:40  fit_tools                    INFO     Reading window for mesh2 from /global/cfs/cdirs/desi/users/shengyu/galaxies/catalogs/Y3/AbacusHF-v2/altmtl/LRG/mock20/mpspk/window_mesh2_spectrum_poles_LRG_z0.6-0.8_DR2_v2.0.h5
[000015.81]  06-07 11:40  fit_tools                    INFO     Reading window for mesh2 from /global/cfs/cdirs/desi/users/shengyu/galaxies/catalogs/Y3/AbacusHF-v2/altmtl/LRG/mock21/mpspk/window_mesh2_spectrum_poles_LRG_z0.6-0.8_DR2_v2.0.h5
[000015.93]  06-07 11:40  fit_tools                    INFO     Reading window for mesh2 from /global/cfs/cdirs/desi/users/shengyu/galaxies/catalogs/Y3/AbacusHF-v2/altmtl/LRG/mock22/mpspk/window_mesh2_spectrum_poles_LRG_z0.6-0.8_DR2_v2.0.h5
[000016.07]  06-07 11:40  fit_tools                    INFO     Reading window for mesh2 from /global/cfs/cdirs/desi/users/shengyu/galaxies/catalogs/Y3/AbacusHF-v2/altmtl/LRG/mock23/mpspk/window_mesh2_spectrum_poles_LRG_z0.6-0.8_DR2_v2.0.h5
[000016.24]  06-07 11:40  fit_tools                    INFO     Reading window for mesh2 from /global/cfs/cdirs/desi/users/shengyu/galaxies/catalogs/Y3/AbacusHF-v2/altmtl/LRG/mock24/mpspk/window_mesh2_spectrum_poles_LRG_z0.6-0.8_DR2_v2.0.h5
[000016.38]  06-07 11:40  fit_tools                    INFO     Reading data for mesh3 from /global/cfs/cdirs/desi/users/shengyu/galaxies/catalogs/Y3/AbacusHF-v2/altmtl/LRG/mock0/mpspk/mesh3_spectrum_poles_sugiyama_LRG_z0.6-0.8_DR2_v2.0.h5
[000016.42]  06-07 11:40  fit_tools                    INFO     Reading data for mesh3 from /global/cfs/cdirs/desi/users/shengyu/galaxies/catalogs/Y3/AbacusHF-v2/altmtl/LRG/mock1/mpspk/mesh3_spectrum_poles_sugiyama_LRG_z0.6-0.8_DR2_v2.0.h5
[000016.47]  06-07 11:40  fit_tools                    INFO     Reading data for mesh3 from /global/cfs/cdirs/desi/users/shengyu/galaxies/catalogs/Y3/AbacusHF-v2/altmtl/LRG/mock2/mpspk/mesh3_spectrum_poles_sugiyama_LRG_z0.6-0.8_DR2_v2.0.h5
[000016.52]  06-07 11:40  fit_tools                    INFO     Reading data for mesh3 from /global/cfs/cdirs/desi/users/shengyu/galaxies/catalogs/Y3/AbacusHF-v2/altmtl/LRG/mock3/mpspk/mesh3_spectrum_poles_sugiyama_LRG_z0.6-0.8_DR2_v2.0.h5
[000016.54]  06-07 11:40  fit_tools                    INFO     Reading data for mesh3 from /global/cfs/cdirs/desi/users/shengyu/galaxies/catalogs/Y3/AbacusHF-v2/altmtl/LRG/mock4/mpspk/mesh3_spectrum_poles_sugiyama_LRG_z0.6-0.8_DR2_v2.0.h5
[000016.59]  06-07 11:40  fit_tools                    INFO     Reading data for mesh3 from /global/cfs/cdirs/desi/users/shengyu/galaxies/catalogs/Y3/AbacusHF-v2/altmtl/LRG/mock5/mpspk/mesh3_spectrum_poles_sugiyama_LRG_z0.6-0.8_DR2_v2.0.h5
[000016.63]  06-07 11:40  fit_tools                    INFO     Reading data for mesh3 from /global/cfs/cdirs/desi/users/shengyu/galaxies/catalogs/Y3/AbacusHF-v2/altmtl/LRG/mock6/mpspk/mesh3_spectrum_poles_sugiyama_LRG_z0.6-0.8_DR2_v2.0.h5
[000016.67]  06-07 11:40  fit_tools                    INFO     Reading data for mesh3 from /global/cfs/cdirs/desi/users/shengyu/galaxies/catalogs/Y3/AbacusHF-v2/altmtl/LRG/mock7/mpspk/mesh3_spectrum_poles_sugiyama_LRG_z0.6-0.8_DR2_v2.0.h5
[000016.73]  06-07 11:40  fit_tools                    INFO     Reading data for mesh3 from /global/cfs/cdirs/desi/users/shengyu/galaxies/catalogs/Y3/AbacusHF-v2/altmtl/LRG/mock8/mpspk/mesh3_spectrum_poles_sugiyama_LRG_z0.6-0.8_DR2_v2.0.h5
[000016.78]  06-07 11:40  fit_tools                    INFO     Reading data for mesh3 from /global/cfs/cdirs/desi/users/shengyu/galaxies/catalogs/Y3/AbacusHF-v2/altmtl/LRG/mock9/mpspk/mesh3_spectrum_poles_sugiyama_LRG_z0.6-0.8_DR2_v2.0.h5
[000016.85]  06-07 11:40  fit_tools                    INFO     Reading data for mesh3 from /global/cfs/cdirs/desi/users/shengyu/galaxies/catalogs/Y3/AbacusHF-v2/altmtl/LRG/mock10/mpspk/mesh3_spectrum_poles_sugiyama_LRG_z0.6-0.8_DR2_v2.0.h5
[000016.89]  06-07 11:40  fit_tools                    INFO     Reading data for mesh3 from /global/cfs/cdirs/desi/users/shengyu/galaxies/catalogs/Y3/AbacusHF-v2/altmtl/LRG/mock11/mpspk/mesh3_spectrum_poles_sugiyama_LRG_z0.6-0.8_DR2_v2.0.h5
[000016.93]  06-07 11:40  fit_tools                    INFO     Reading data for mesh3 from /global/cfs/cdirs/desi/users/shengyu/galaxies/catalogs/Y3/AbacusHF-v2/altmtl/LRG/mock12/mpspk/mesh3_spectrum_poles_sugiyama_LRG_z0.6-0.8_DR2_v2.0.h5
[000016.97]  06-07 11:40  fit_tools                    INFO     Reading data for mesh3 from /global/cfs/cdirs/desi/users/shengyu/galaxies/catalogs/Y3/AbacusHF-v2/altmtl/LRG/mock13/mpspk/mesh3_spectrum_poles_sugiyama_LRG_z0.6-0.8_DR2_v2.0.h5
[000017.00]  06-07 11:40  fit_tools                    INFO     Reading data for mesh3 from /global/cfs/cdirs/desi/users/shengyu/galaxies/catalogs/Y3/AbacusHF-v2/altmtl/LRG/mock14/mpspk/mesh3_spectrum_poles_sugiyama_LRG_z0.6-0.8_DR2_v2.0.h5
[000017.05]  06-07 11:40  fit_tools                    INFO     Reading data for mesh3 from /global/cfs/cdirs/desi/users/shengyu/galaxies/catalogs/Y3/AbacusHF-v2/altmtl/LRG/mock15/mpspk/mesh3_spectrum_poles_sugiyama_LRG_z0.6-0.8_DR2_v2.0.h5
[000017.10]  06-07 11:40  fit_tools                    INFO     Reading data for mesh3 from /global/cfs/cdirs/desi/users/shengyu/galaxies/catalogs/Y3/AbacusHF-v2/altmtl/LRG/mock16/mpspk/mesh3_spectrum_poles_sugiyama_LRG_z0.6-0.8_DR2_v2.0.h5
[000017.14]  06-07 11:40  fit_tools                    INFO     Reading data for mesh3 from /global/cfs/cdirs/desi/users/shengyu/galaxies/catalogs/Y3/AbacusHF-v2/altmtl/LRG/mock17/mpspk/mesh3_spectrum_poles_sugiyama_LRG_z0.6-0.8_DR2_v2.0.h5
[000017.18]  06-07 11:40  fit_tools                    INFO     Reading data for mesh3 from /global/cfs/cdirs/desi/users/shengyu/galaxies/catalogs/Y3/AbacusHF-v2/altmtl/LRG/mock18/mpspk/mesh3_spectrum_poles_sugiyama_LRG_z0.6-0.8_DR2_v2.0.h5
[000017.22]  06-07 11:40  fit_tools                    INFO     Reading data for mesh3 from /global/cfs/cdirs/desi/users/shengyu/galaxies/catalogs/Y3/AbacusHF-v2/altmtl/LRG/mock19/mpspk/mesh3_spectrum_poles_sugiyama_LRG_z0.6-0.8_DR2_v2.0.h5
[000017.27]  06-07 11:40  fit_tools                    INFO     Reading data for mesh3 from /global/cfs/cdirs/desi/users/shengyu/galaxies/catalogs/Y3/AbacusHF-v2/altmtl/LRG/mock20/mpspk/mesh3_spectrum_poles_sugiyama_LRG_z0.6-0.8_DR2_v2.0.h5
[000017.30]  06-07 11:40  fit_tools                    INFO     Reading data for mesh3 from /global/cfs/cdirs/desi/users/shengyu/galaxies/catalogs/Y3/AbacusHF-v2/altmtl/LRG/mock21/mpspk/mesh3_spectrum_poles_sugiyama_LRG_z0.6-0.8_DR2_v2.0.h5
[000017.34]  06-07 11:40  fit_tools                    INFO     Reading data for mesh3 from /global/cfs/cdirs/desi/users/shengyu/galaxies/catalogs/Y3/AbacusHF-v2/altmtl/LRG/mock22/mpspk/mesh3_spectrum_poles_sugiyama_LRG_z0.6-0.8_DR2_v2.0.h5
[000017.38]  06-07 11:40  fit_tools                    INFO     Reading data for mesh3 from /global/cfs/cdirs/desi/users/shengyu/galaxies/catalogs/Y3/AbacusHF-v2/altmtl/LRG/mock23/mpspk/mesh3_spectrum_poles_sugiyama_LRG_z0.6-0.8_DR2_v2.0.h5
[000017.42]  06-07 11:40  fit_tools                    INFO     Reading data for mesh3 from /global/cfs/cdirs/desi/users/shengyu/galaxies/catalogs/Y3/AbacusHF-v2/altmtl/LRG/mock24/mpspk/mesh3_spectrum_poles_sugiyama_LRG_z0.6-0.8_DR2_v2.0.h5
[000017.46]  06-07 11:40  fit_tools                    INFO     Averaged data for mesh3 over 25 mock realizations
[000017.47]  06-07 11:40  fit_tools                    INFO     Reading window for mesh3 from /global/cfs/cdirs/desi/users/shengyu/galaxies/catalogs/Y3/AbacusHF-v2/altmtl/LRG/mock0/mpspk/window_mesh3_spectrum_poles_sugiyama_LRG_z0.6-0.8_DR2_v2.0.h5
[000017.88]  06-07 11:40  fit_tools                    INFO     Reading window for mesh3 from /global/cfs/cdirs/desi/users/shengyu/galaxies/catalogs/Y3/AbacusHF-v2/altmtl/LRG/mock1/mpspk/window_mesh3_spectrum_poles_sugiyama_LRG_z0.6-0.8_DR2_v2.0.h5
[000018.32]  06-07 11:40  fit_tools                    INFO     Reading window for mesh3 from /global/cfs/cdirs/desi/users/shengyu/galaxies/catalogs/Y3/AbacusHF-v2/altmtl/LRG/mock2/mpspk/window_mesh3_spectrum_poles_sugiyama_LRG_z0.6-0.8_DR2_v2.0.h5
[000018.62]  06-07 11:40  fit_tools                    INFO     Reading window for mesh3 from /global/cfs/cdirs/desi/users/shengyu/galaxies/catalogs/Y3/AbacusHF-v2/altmtl/LRG/mock3/mpspk/window_mesh3_spectrum_poles_sugiyama_LRG_z0.6-0.8_DR2_v2.0.h5
[000019.00]  06-07 11:40  fit_tools                    INFO     Reading window for mesh3 from /global/cfs/cdirs/desi/users/shengyu/galaxies/catalogs/Y3/AbacusHF-v2/altmtl/LRG/mock4/mpspk/window_mesh3_spectrum_poles_sugiyama_LRG_z0.6-0.8_DR2_v2.0.h5
[000019.42]  06-07 11:40  fit_tools                    INFO     Reading window for mesh3 from /global/cfs/cdirs/desi/users/shengyu/galaxies/catalogs/Y3/AbacusHF-v2/altmtl/LRG/mock5/mpspk/window_mesh3_spectrum_poles_sugiyama_LRG_z0.6-0.8_DR2_v2.0.h5
[000019.80]  06-07 11:40  fit_tools                    INFO     Reading window for mesh3 from /global/cfs/cdirs/desi/users/shengyu/galaxies/catalogs/Y3/AbacusHF-v2/altmtl/LRG/mock6/mpspk/window_mesh3_spectrum_poles_sugiyama_LRG_z0.6-0.8_DR2_v2.0.h5
[000020.12]  06-07 11:40  fit_tools                    INFO     Reading window for mesh3 from /global/cfs/cdirs/desi/users/shengyu/galaxies/catalogs/Y3/AbacusHF-v2/altmtl/LRG/mock7/mpspk/window_mesh3_spectrum_poles_sugiyama_LRG_z0.6-0.8_DR2_v2.0.h5
[000020.52]  06-07 11:40  fit_tools                    INFO     Reading window for mesh3 from /global/cfs/cdirs/desi/users/shengyu/galaxies/catalogs/Y3/AbacusHF-v2/altmtl/LRG/mock8/mpspk/window_mesh3_spectrum_poles_sugiyama_LRG_z0.6-0.8_DR2_v2.0.h5
[000020.97]  06-07 11:40  fit_tools                    INFO     Reading window for mesh3 from /global/cfs/cdirs/desi/users/shengyu/galaxies/catalogs/Y3/AbacusHF-v2/altmtl/LRG/mock9/mpspk/window_mesh3_spectrum_poles_sugiyama_LRG_z0.6-0.8_DR2_v2.0.h5
[000021.44]  06-07 11:40  fit_tools                    INFO     Reading window for mesh3 from /global/cfs/cdirs/desi/users/shengyu/galaxies/catalogs/Y3/AbacusHF-v2/altmtl/LRG/mock10/mpspk/window_mesh3_spectrum_poles_sugiyama_LRG_z0.6-0.8_DR2_v2.0.h5
[000021.87]  06-07 11:40  fit_tools                    INFO     Reading window for mesh3 from /global/cfs/cdirs/desi/users/shengyu/galaxies/catalogs/Y3/AbacusHF-v2/altmtl/LRG/mock11/mpspk/window_mesh3_spectrum_poles_sugiyama_LRG_z0.6-0.8_DR2_v2.0.h5
[000022.31]  06-07 11:40  fit_tools                    INFO     Reading window for mesh3 from /global/cfs/cdirs/desi/users/shengyu/galaxies/catalogs/Y3/AbacusHF-v2/altmtl/LRG/mock12/mpspk/window_mesh3_spectrum_poles_sugiyama_LRG_z0.6-0.8_DR2_v2.0.h5
[000022.71]  06-07 11:40  fit_tools                    INFO     Reading window for mesh3 from /global/cfs/cdirs/desi/users/shengyu/galaxies/catalogs/Y3/AbacusHF-v2/altmtl/LRG/mock13/mpspk/window_mesh3_spectrum_poles_sugiyama_LRG_z0.6-0.8_DR2_v2.0.h5
[000023.11]  06-07 11:40  fit_tools                    INFO     Reading window for mesh3 from /global/cfs/cdirs/desi/users/shengyu/galaxies/catalogs/Y3/AbacusHF-v2/altmtl/LRG/mock14/mpspk/window_mesh3_spectrum_poles_sugiyama_LRG_z0.6-0.8_DR2_v2.0.h5
[000023.56]  06-07 11:40  fit_tools                    INFO     Reading window for mesh3 from /global/cfs/cdirs/desi/users/shengyu/galaxies/catalogs/Y3/AbacusHF-v2/altmtl/LRG/mock15/mpspk/window_mesh3_spectrum_poles_sugiyama_LRG_z0.6-0.8_DR2_v2.0.h5
[000023.95]  06-07 11:40  fit_tools                    INFO     Reading window for mesh3 from /global/cfs/cdirs/desi/users/shengyu/galaxies/catalogs/Y3/AbacusHF-v2/altmtl/LRG/mock16/mpspk/window_mesh3_spectrum_poles_sugiyama_LRG_z0.6-0.8_DR2_v2.0.h5
[000024.27]  06-07 11:40  fit_tools                    INFO     Reading window for mesh3 from /global/cfs/cdirs/desi/users/shengyu/galaxies/catalogs/Y3/AbacusHF-v2/altmtl/LRG/mock17/mpspk/window_mesh3_spectrum_poles_sugiyama_LRG_z0.6-0.8_DR2_v2.0.h5
[000024.63]  06-07 11:40  fit_tools                    INFO     Reading window for mesh3 from /global/cfs/cdirs/desi/users/shengyu/galaxies/catalogs/Y3/AbacusHF-v2/altmtl/LRG/mock18/mpspk/window_mesh3_spectrum_poles_sugiyama_LRG_z0.6-0.8_DR2_v2.0.h5
[000024.93]  06-07 11:40  fit_tools                    INFO     Reading window for mesh3 from /global/cfs/cdirs/desi/users/shengyu/galaxies/catalogs/Y3/AbacusHF-v2/altmtl/LRG/mock19/mpspk/window_mesh3_spectrum_poles_sugiyama_LRG_z0.6-0.8_DR2_v2.0.h5
[000025.28]  06-07 11:40  fit_tools                    INFO     Reading window for mesh3 from /global/cfs/cdirs/desi/users/shengyu/galaxies/catalogs/Y3/AbacusHF-v2/altmtl/LRG/mock20/mpspk/window_mesh3_spectrum_poles_sugiyama_LRG_z0.6-0.8_DR2_v2.0.h5
[000025.61]  06-07 11:40  fit_tools                    INFO     Reading window for mesh3 from /global/cfs/cdirs/desi/users/shengyu/galaxies/catalogs/Y3/AbacusHF-v2/altmtl/LRG/mock21/mpspk/window_mesh3_spectrum_poles_sugiyama_LRG_z0.6-0.8_DR2_v2.0.h5
[000025.95]  06-07 11:40  fit_tools                    INFO     Reading window for mesh3 from /global/cfs/cdirs/desi/users/shengyu/galaxies/catalogs/Y3/AbacusHF-v2/altmtl/LRG/mock22/mpspk/window_mesh3_spectrum_poles_sugiyama_LRG_z0.6-0.8_DR2_v2.0.h5
[000026.34]  06-07 11:40  fit_tools                    INFO     Reading window for mesh3 from /global/cfs/cdirs/desi/users/shengyu/galaxies/catalogs/Y3/AbacusHF-v2/altmtl/LRG/mock23/mpspk/window_mesh3_spectrum_poles_sugiyama_LRG_z0.6-0.8_DR2_v2.0.h5
[000027.67]  06-07 11:40  fit_tools                    INFO     Reading window for mesh3 from /global/cfs/cdirs/desi/users/shengyu/galaxies/catalogs/Y3/AbacusHF-v2/altmtl/LRG/mock24/mpspk/window_mesh3_spectrum_poles_sugiyama_LRG_z0.6-0.8_DR2_v2.0.h5
[000028.16]  06-07 11:40  fit_tools                    INFO     Writing cached stats /global/cfs/cdirs/desi/users/shengyu/Y3/full-shape/redshift_errors/fits/_cache/prepared_stats/data_LRG2-z0.6-0.8-mean25-S2+LRG2-z0.6-0.8-mean25-S3-6503a9f7.h5.
[000028.29]  06-07 11:40  fit_tools                    INFO     Writing cached stats /global/cfs/cdirs/desi/users/shengyu/Y3/full-shape/redshift_errors/fits/_cache/prepared_stats/window_LRG2-z0.6-0.8-mean25-S2+LRG2-z0.6-0.8-mean25-S3-6503a9f7.h5.
[000028.62]  06-07 11:40  fit_tools                    INFO     Reading covariance, first matched: /global/cfs/cdirs/desi/users/shengyu/galaxies/catalogs/Y3/holi-v3/altmtl/LRG/mock0/mpspk/mesh2_spectrum_poles_LRG_z0.6-0.8_holi_v3.h5
[000118.87]  06-07 11:42  fit_tools                    INFO     Built covariance from 846 mock realizations; shape=(160, 160)
[000118.87]  06-07 11:42  fit_tools                    WARNING  Skipped 154 missing covariance mock files
[000118.87]  06-07 11:42  fit_tools                    INFO     Applied covariance corrections ('hartlap', 'percival') with factor 1.486729, hartlap=0.809467, percival=1.203459, nparams=9
[000118.88]  06-07 11:42  fit_tools                    INFO     Writing cached stats /global/cfs/cdirs/desi/users/shengyu/Y3/full-shape/redshift_errors/fits/_cache/prepared_stats/covariance_LRG2-z0.6-0.8-mean25-S2+LRG2-z0.6-0.8-mean25-S3+cov-mock-holi-v3-1e8a6890.h5.
[000118.96]  06-07 11:42  fit_tools                    WARNING  No redshift found in data attributes; read z=0.706 from the mesh2 window.
[000118.96]  06-07 11:42  fit_tools                    WARNING  No redshift found in data attributes; read z=0.706 from the mesh2 window.
[000118.96]  06-07 11:42  fit_tools                    WARNING  No redshift found in data attributes; read z=0.706 from the mesh2 window.
[000118.96]  06-07 11:42  fit_tools                    WARNING  No redshift found in data attributes; read z=0.706 from the mesh2 window.
⚠️ No GPU found. Using JAX with CPU.
⚠️ No GPU found. Using JAX with CPU.
⚠️ No GPU found. Using JAX with CPU.
⚠️ No GPU found. Using JAX with CPU.
Calculating matrices (no save path specified)
Calculating matrices (no save path specified)
Calculating matrices (no save path specified)
Calculating matrices (no save path specified)
/global/homes/s/shengyu/.conda/envs/fit_env/lib/python3.12/site-packages/cosmoprimo/eisenstein_hu.py:25: UserWarning: EisensteinHuNoWiggleEngine cannot cope with massive neutrinos
  warnings.warn('{} cannot cope with massive neutrinos'.format(self.__class__.__name__))
/global/homes/s/shengyu/.conda/envs/fit_env/lib/python3.12/site-packages/cosmoprimo/eisenstein_hu.py:25: UserWarning: EisensteinHuNoWiggleEngine cannot cope with massive neutrinos
  warnings.warn('{} cannot cope with massive neutrinos'.format(self.__class__.__name__))
/global/homes/s/shengyu/.conda/envs/fit_env/lib/python3.12/site-packages/cosmoprimo/eisenstein_hu.py:25: UserWarning: EisensteinHuNoWiggleEngine cannot cope with massive neutrinos
  warnings.warn('{} cannot cope with massive neutrinos'.format(self.__class__.__name__))
/global/homes/s/shengyu/.conda/envs/fit_env/lib/python3.12/site-packages/cosmoprimo/eisenstein_hu.py:25: UserWarning: EisensteinHuNoWiggleEngine cannot cope with massive neutrinos
  warnings.warn('{} cannot cope with massive neutrinos'.format(self.__class__.__name__))
Calculating matrices (no save path specified)
Calculating matrices (no save path specified)
Calculating matrices (no save path specified)
Calculating matrices (no save path specified)
[000127.19]  06-07 11:42  fit_tools                    INFO     Reading cached emulator /global/cfs/cdirs/desi/users/shengyu/Y3/full-shape/redshift_errors/fits/_cache/emulator_cosmo-base_taylor/emulator_LRG2-z0.6-0.8-mean25-S2-ell0-k0.02-0.30-0.005-ell2-k0.02-0.30-0.005-th-folpsD_177c676b.npy
[000127.19]  06-07 11:42  Emulator                     INFO     Loading /global/cfs/cdirs/desi/users/shengyu/Y3/full-shape/redshift_errors/fits/_cache/emulator_cosmo-base_taylor/emulator_LRG2-z0.6-0.8-mean25-S2-ell0-k0.02-0.30-0.005-ell2-k0.02-0.30-0.005-th-folpsD_177c676b.npy.
[000127.20]  06-07 11:42  fit_tools                    INFO     Reading cached emulator /global/cfs/cdirs/desi/users/shengyu/Y3/full-shape/redshift_errors/fits/_cache/emulator_cosmo-base_taylor/emulator_LRG2-z0.6-0.8-mean25-S2-ell0-k0.02-0.30-0.005-ell2-k0.02-0.30-0.005-th-folpsD_177c676b.npy
[000127.20]  06-07 11:42  Emulator                     INFO     Loading /global/cfs/cdirs/desi/users/shengyu/Y3/full-shape/redshift_errors/fits/_cache/emulator_cosmo-base_taylor/emulator_LRG2-z0.6-0.8-mean25-S2-ell0-k0.02-0.30-0.005-ell2-k0.02-0.30-0.005-th-folpsD_177c676b.npy.
[000127.22]  06-07 11:42  fit_tools                    INFO     Reading cached emulator /global/cfs/cdirs/desi/users/shengyu/Y3/full-shape/redshift_errors/fits/_cache/emulator_cosmo-base_taylor/emulator_LRG2-z0.6-0.8-mean25-S2-ell0-k0.02-0.30-0.005-ell2-k0.02-0.30-0.005-th-folpsD_177c676b.npy
[000127.22]  06-07 11:42  fit_tools                    INFO     Reading cached emulator /global/cfs/cdirs/desi/users/shengyu/Y3/full-shape/redshift_errors/fits/_cache/emulator_cosmo-base_taylor/emulator_LRG2-z0.6-0.8-mean25-S2-ell0-k0.02-0.30-0.005-ell2-k0.02-0.30-0.005-th-folpsD_177c676b.npy
[000127.22]  06-07 11:42  Emulator                     INFO     Loading /global/cfs/cdirs/desi/users/shengyu/Y3/full-shape/redshift_errors/fits/_cache/emulator_cosmo-base_taylor/emulator_LRG2-z0.6-0.8-mean25-S2-ell0-k0.02-0.30-0.005-ell2-k0.02-0.30-0.005-th-folpsD_177c676b.npy.
[000127.22]  06-07 11:42  Emulator                     INFO     Loading /global/cfs/cdirs/desi/users/shengyu/Y3/full-shape/redshift_errors/fits/_cache/emulator_cosmo-base_taylor/emulator_LRG2-z0.6-0.8-mean25-S2-ell0-k0.02-0.30-0.005-ell2-k0.02-0.30-0.005-th-folpsD_177c676b.npy.
Calculating matrices (no save path specified)
Calculating matrices (no save path specified)
Calculating matrices (no save path specified)
Calculating matrices (no save path specified)
[000132.39]  06-07 11:42  fit_tools                    INFO     Fitting emulator /global/cfs/cdirs/desi/users/shengyu/Y3/full-shape/redshift_errors/fits/_cache/emulator_cosmo-base_taylor/emulator_LRG2-z0.6-0.8-mean25-S3-ell000-k0.02-0.20-0.005-ell202-k0.02-0.08-0.005-th-folpsD_b7bb390c.npy
[000132.41]  06-07 11:42  fit_tools                    INFO     Fitting emulator /global/cfs/cdirs/desi/users/shengyu/Y3/full-shape/redshift_errors/fits/_cache/emulator_cosmo-base_taylor/emulator_LRG2-z0.6-0.8-mean25-S3-ell000-k0.02-0.20-0.005-ell202-k0.02-0.08-0.005-th-folpsD_b7bb390c.npy
[000132.42]  06-07 11:42  fit_tools                    INFO     Fitting emulator /global/cfs/cdirs/desi/users/shengyu/Y3/full-shape/redshift_errors/fits/_cache/emulator_cosmo-base_taylor/emulator_LRG2-z0.6-0.8-mean25-S3-ell000-k0.02-0.20-0.005-ell202-k0.02-0.08-0.005-th-folpsD_b7bb390c.npy
[000132.49]  06-07 11:42  fit_tools                    INFO     Fitting emulator /global/cfs/cdirs/desi/users/shengyu/Y3/full-shape/redshift_errors/fits/_cache/emulator_cosmo-base_taylor/emulator_LRG2-z0.6-0.8-mean25-S3-ell000-k0.02-0.20-0.005-ell202-k0.02-0.08-0.005-th-folpsD_b7bb390c.npy
Calculating matrices (no save path specified)
Calculating matrices (no save path specified)
Calculating matrices (no save path specified)
Calculating matrices (no save path specified)
[000136.31]  06-07 11:42  Emulator                     INFO     Varied parameters: ['h', 'omega_cdm', 'omega_b', 'logA', 'n_s'].
[000136.31]  06-07 11:42  Emulator                     INFO     Found varying ['H0', 'Omega_m', 'sigma8_m', 'sigma8', 'fsigma8', 'pt-jac', 'pt-kap', 'pt-muap', 'pt-table', 'pt-table_now', 'pt-scalars', 'pt-scalars_now', 'pt-qpar', 'pt-qper', 'pt-f', 'pt-f0', 'pt-pklir'] and fixed ['k', 'z', 'ells', 'wmu', 'kt', 'pt-A_full', 'pt-remove_DeltaP'] outputs.
[000136.77]  06-07 11:42  Differentiation              INFO     Varied parameters: ['h', 'omega_cdm', 'omega_b', 'logA', 'n_s'].
[000138.08]  06-07 11:42  Differentiation              INFO     h grid is [0.6136 0.6436 0.6736 0.7036 0.7336].
[000138.08]  06-07 11:42  Differentiation              INFO     omega_cdm grid is [0.106 0.113 0.12  0.127 0.134].
[000138.08]  06-07 11:42  Differentiation              INFO     omega_b grid is [0.01937 0.02087 0.02237 0.02387 0.02537].
[000138.08]  06-07 11:42  Differentiation              INFO     logA grid is [2.93639426 2.98639426 3.03639426 3.08639426 3.13639426].
[000138.08]  06-07 11:42  Differentiation              INFO     n_s grid is [0.9549 0.9599 0.9649 0.9699 0.9749].
[000138.08]  06-07 11:42  Differentiation              INFO     Differentiation will evaluate 141 points.
[000152.37]  06-07 11:42  Emulator                     INFO     Fitting H0.
[000152.40]  06-07 11:42  Emulator                     INFO     Fitting Omega_m.
[000152.42]  06-07 11:42  Emulator                     INFO     Fitting sigma8_m.
[000152.45]  06-07 11:42  Emulator                     INFO     Fitting sigma8.
[000152.47]  06-07 11:42  Emulator                     INFO     Fitting fsigma8.
[000152.49]  06-07 11:42  Emulator                     INFO     Fitting pt-jac.
[000152.52]  06-07 11:42  Emulator                     INFO     Fitting pt-kap.
[000152.54]  06-07 11:42  Emulator                     INFO     Fitting pt-muap.
[000152.57]  06-07 11:42  Emulator                     INFO     Fitting pt-table.
[000152.59]  06-07 11:42  Emulator                     INFO     Fitting pt-table_now.
[000152.62]  06-07 11:42  Emulator                     INFO     Fitting pt-scalars.
[000152.64]  06-07 11:42  Emulator                     INFO     Fitting pt-scalars_now.
[000152.67]  06-07 11:42  Emulator                     INFO     Fitting pt-qpar.
[000152.69]  06-07 11:42  Emulator                     INFO     Fitting pt-qper.
[000152.72]  06-07 11:42  Emulator                     INFO     Fitting pt-f.
[000152.74]  06-07 11:42  Emulator                     INFO     Fitting pt-f0.
[000152.77]  06-07 11:42  Emulator                     INFO     Fitting pt-pklir.
[000152.87]  06-07 11:42  Emulator                     INFO     Saving /global/cfs/cdirs/desi/users/shengyu/Y3/full-shape/redshift_errors/fits/_cache/emulator_cosmo-base_taylor/emulator_LRG2-z0.6-0.8-mean25-S3-ell000-k0.02-0.20-0.005-ell202-k0.02-0.08-0.005-th-folpsD_b7bb390c.npy.
[000152.88]  06-07 11:42  BaseConfig                   INFO     Saving /global/cfs/cdirs/desi/users/shengyu/Y3/full-shape/redshift_errors/fits/_cache/emulator_cosmo-base_taylor/emulator_LRG2-z0.6-0.8-mean25-S3-ell000-k0.02-0.20-0.005-ell202-k0.02-0.08-0.005-th-folpsD_b7bb390c.yaml.
/global/u1/s/shengyu/packages/desilike/desilike/base.py:447: UserWarning: Derived parameter H0 of <desilike.theories.galaxy_clustering.full_shape.FOLPSv2PowerSpectrumMultipoles object at 0x7f3869914aa0> is already derived in <desilike.theories.galaxy_clustering.full_shape.FOLPSv2PowerSpectrumMultipoles object at 0x7f382c503da0>.
  if self.mpicomm.rank == 0: warnings.warn(msg)
/global/u1/s/shengyu/packages/desilike/desilike/base.py:447: UserWarning: Derived parameter Omega_m of <desilike.theories.galaxy_clustering.full_shape.FOLPSv2PowerSpectrumMultipoles object at 0x7f3869914aa0> is already derived in <desilike.theories.galaxy_clustering.full_shape.FOLPSv2PowerSpectrumMultipoles object at 0x7f382c503da0>.
  if self.mpicomm.rank == 0: warnings.warn(msg)
/global/u1/s/shengyu/packages/desilike/desilike/base.py:447: UserWarning: Derived parameter sigma8_m of <desilike.theories.galaxy_clustering.full_shape.FOLPSv2PowerSpectrumMultipoles object at 0x7f3869914aa0> is already derived in <desilike.theories.galaxy_clustering.full_shape.FOLPSv2PowerSpectrumMultipoles object at 0x7f382c503da0>.
  if self.mpicomm.rank == 0: warnings.warn(msg)
[000153.09]  06-07 11:42  PocoMCSampler                INFO     Varied parameters: ['h', 'omega_cdm', 'omega_b', 'logA', 'n_s', 'LRG2.b1p', 'LRG2.b2p', 'LRG2.bsp', 'LRG2.c1p', 'LRG2.c2p', 'LRG2.Pshotp', 'LRG2.Bshotp', 'LRG2.X_FoG_bp', 'LRG2.X_FoG_pp'].
[None]
[000190.21]  06-07 11:43  PocoMCSampler                INFO     Successfully vmap input likelihood.
[000196.06]  06-07 11:43  PocoMCSampler                INFO     Successfully jit input likelihood.
Saving PMC state to /global/cfs/cdirs/desi/users/shengyu/Y3/full-shape/redshift_errors/fits/cosmo-base_LRG2-z0.6-0.8-mean25-S2+LRG2-z0.6-0.8-mean25-S3-be948dd0/chain_0.pocomc.state
[000440.52]  06-07 11:47  Chain                        INFO     Saving /global/cfs/cdirs/desi/users/shengyu/Y3/full-shape/redshift_errors/fits/cosmo-base_LRG2-z0.6-0.8-mean25-S2+LRG2-z0.6-0.8-mean25-S3-be948dd0/chain_0.npy.
[000440.59]  06-07 11:47  PocoMCSampler                INFO     Diagnostics:
[000440.62]  06-07 11:47  Diagnostics                  INFO     - max eigen Gelman-Rubin - 1 is 0.38; not < 0.03.
[000440.66]  06-07 11:47  Diagnostics                  INFO     - max diag Gelman-Rubin - 1 is 0.102.
[000440.86]  06-07 11:47  Diagnostics                  INFO     - max diag Gelman-Rubin - 1 at 1.0 sigmas is 0.429.
[000440.89]  06-07 11:47  Diagnostics                  INFO     - max Geweke is 0.473.
[000440.89]  06-07 11:47  Diagnostics                  INFO     - Geweke p-value is 1.62e-05.
[000441.42]  06-07 11:47  Diagnostics                  INFO     - effective sample size = (10 iterations / integrated autocorrelation time) is 16.7.
Saving PMC state to /global/cfs/cdirs/desi/users/shengyu/Y3/full-shape/redshift_errors/fits/cosmo-base_LRG2-z0.6-0.8-mean25-S2+LRG2-z0.6-0.8-mean25-S3-be948dd0/chain_0.pocomc.state
[000796.46]  06-07 11:53  Chain                        INFO     Saving /global/cfs/cdirs/desi/users/shengyu/Y3/full-shape/redshift_errors/fits/cosmo-base_LRG2-z0.6-0.8-mean25-S2+LRG2-z0.6-0.8-mean25-S3-be948dd0/chain_0.npy.
[000796.53]  06-07 11:53  PocoMCSampler                INFO     Diagnostics:
[000796.56]  06-07 11:53  Diagnostics                  INFO     - max eigen Gelman-Rubin - 1 is 0.414; not < 0.03.
[000796.60]  06-07 11:53  Diagnostics                  INFO     - max diag Gelman-Rubin - 1 is 0.273.
[000796.93]  06-07 11:53  Diagnostics                  INFO     - max diag Gelman-Rubin - 1 at 1.0 sigmas is 0.526.
[000796.95]  06-07 11:53  Diagnostics                  INFO     - max Geweke is 0.292.
[000796.95]  06-07 11:53  Diagnostics                  INFO     - Geweke p-value is 0.024.
[000797.49]  06-07 11:53  Diagnostics                  INFO     - effective sample size = (20 iterations / integrated autocorrelation time) is 14.3.
[000797.49]  06-07 11:53  Diagnostics                  INFO     - max variation of integrated autocorrelation time is 0.666.
Saving PMC state to /global/cfs/cdirs/desi/users/shengyu/Y3/full-shape/redshift_errors/fits/cosmo-base_LRG2-z0.6-0.8-mean25-S2+LRG2-z0.6-0.8-mean25-S3-be948dd0/chain_0.pocomc.state
[001079.37]  06-07 11:58  Chain                        INFO     Saving /global/cfs/cdirs/desi/users/shengyu/Y3/full-shape/redshift_errors/fits/cosmo-base_LRG2-z0.6-0.8-mean25-S2+LRG2-z0.6-0.8-mean25-S3-be948dd0/chain_0.npy.
[001079.44]  06-07 11:58  PocoMCSampler                INFO     Diagnostics:
[001079.48]  06-07 11:58  Diagnostics                  INFO     - max eigen Gelman-Rubin - 1 is 0.195; not < 0.03.
[001079.52]  06-07 11:58  Diagnostics                  INFO     - max diag Gelman-Rubin - 1 is 0.145.
[001079.94]  06-07 11:58  Diagnostics                  INFO     - max diag Gelman-Rubin - 1 at 1.0 sigmas is 0.351.
[001079.96]  06-07 11:58  Diagnostics                  INFO     - max Geweke is 0.364.
[001079.96]  06-07 11:58  Diagnostics                  INFO     - Geweke p-value is 1.41e-05.
[001080.50]  06-07 11:58  Diagnostics                  INFO     - effective sample size = (30 iterations / integrated autocorrelation time) is 21.8.
[001080.50]  06-07 11:58  Diagnostics                  INFO     - max variation of integrated autocorrelation time is 0.336.
Saving PMC state to /global/cfs/cdirs/desi/users/shengyu/Y3/full-shape/redshift_errors/fits/cosmo-base_LRG2-z0.6-0.8-mean25-S2+LRG2-z0.6-0.8-mean25-S3-be948dd0/chain_0.pocomc.state
[001450.71]  06-07 12:04  Chain                        INFO     Saving /global/cfs/cdirs/desi/users/shengyu/Y3/full-shape/redshift_errors/fits/cosmo-base_LRG2-z0.6-0.8-mean25-S2+LRG2-z0.6-0.8-mean25-S3-be948dd0/chain_0.npy.
[001450.75]  06-07 12:04  PocoMCSampler                INFO     Diagnostics:
[001450.79]  06-07 12:04  Diagnostics                  INFO     - max eigen Gelman-Rubin - 1 is 1.03; not < 0.03.
[001450.83]  06-07 12:04  Diagnostics                  INFO     - max diag Gelman-Rubin - 1 is 0.453.
[001451.07]  06-07 12:04  Diagnostics                  INFO     - max diag Gelman-Rubin - 1 at 1.0 sigmas is 1.2.
[001451.09]  06-07 12:04  Diagnostics                  INFO     - max Geweke is 0.428.
[001451.09]  06-07 12:04  Diagnostics                  INFO     - Geweke p-value is 1.07e-05.
[001452.01]  06-07 12:04  Diagnostics                  INFO     - effective sample size = (40 iterations / integrated autocorrelation time) is 12.6.
[001452.01]  06-07 12:04  Diagnostics                  INFO     - max variation of integrated autocorrelation time is 0.625.
Saving PMC state to /global/cfs/cdirs/desi/users/shengyu/Y3/full-shape/redshift_errors/fits/cosmo-base_LRG2-z0.6-0.8-mean25-S2+LRG2-z0.6-0.8-mean25-S3-be948dd0/chain_0.pocomc.state
[001829.41]  06-07 12:10  Chain                        INFO     Saving /global/cfs/cdirs/desi/users/shengyu/Y3/full-shape/redshift_errors/fits/cosmo-base_LRG2-z0.6-0.8-mean25-S2+LRG2-z0.6-0.8-mean25-S3-be948dd0/chain_0.npy.
[001829.47]  06-07 12:10  PocoMCSampler                INFO     Diagnostics:
[001829.51]  06-07 12:10  Diagnostics                  INFO     - max eigen Gelman-Rubin - 1 is 1.26; not < 0.03.
[001829.55]  06-07 12:10  Diagnostics                  INFO     - max diag Gelman-Rubin - 1 is 0.412.
[001829.80]  06-07 12:10  Diagnostics                  INFO     - max diag Gelman-Rubin - 1 at 1.0 sigmas is 1.32.
[001829.83]  06-07 12:10  Diagnostics                  INFO     - max Geweke is 0.514.
[001829.83]  06-07 12:10  Diagnostics                  INFO     - Geweke p-value is 1.58e-05.
[001830.38]  06-07 12:10  Diagnostics                  INFO     - effective sample size = (50 iterations / integrated autocorrelation time) is 12.
[001830.38]  06-07 12:10  Diagnostics                  INFO     - max variation of integrated autocorrelation time is 0.371.
Saving PMC state to /global/cfs/cdirs/desi/users/shengyu/Y3/full-shape/redshift_errors/fits/cosmo-base_LRG2-z0.6-0.8-mean25-S2+LRG2-z0.6-0.8-mean25-S3-be948dd0/chain_0.pocomc.state
[002210.46]  06-07 12:17  Chain                        INFO     Saving /global/cfs/cdirs/desi/users/shengyu/Y3/full-shape/redshift_errors/fits/cosmo-base_LRG2-z0.6-0.8-mean25-S2+LRG2-z0.6-0.8-mean25-S3-be948dd0/chain_0.npy.
[002210.54]  06-07 12:17  PocoMCSampler                INFO     Diagnostics:
[002210.58]  06-07 12:17  Diagnostics                  INFO     - max eigen Gelman-Rubin - 1 is 1.71; not < 0.03.
[002210.61]  06-07 12:17  Diagnostics                  INFO     - max diag Gelman-Rubin - 1 is 0.638.
[002210.75]  06-07 12:17  Diagnostics                  INFO     - max diag Gelman-Rubin - 1 at 1.0 sigmas is 1.65.
[002210.77]  06-07 12:17  Diagnostics                  INFO     - max Geweke is 0.352.
[002210.77]  06-07 12:17  Diagnostics                  INFO     - Geweke p-value is 0.00128.
[002211.32]  06-07 12:17  Diagnostics                  INFO     - effective sample size = (60 iterations / integrated autocorrelation time) is 10.6.
[002211.32]  06-07 12:17  Diagnostics                  INFO     - max variation of integrated autocorrelation time is 0.731.
Saving PMC state to /global/cfs/cdirs/desi/users/shengyu/Y3/full-shape/redshift_errors/fits/cosmo-base_LRG2-z0.6-0.8-mean25-S2+LRG2-z0.6-0.8-mean25-S3-be948dd0/chain_0.pocomc.state
[002598.75]  06-07 12:23  Chain                        INFO     Saving /global/cfs/cdirs/desi/users/shengyu/Y3/full-shape/redshift_errors/fits/cosmo-base_LRG2-z0.6-0.8-mean25-S2+LRG2-z0.6-0.8-mean25-S3-be948dd0/chain_0.npy.
[002598.84]  06-07 12:23  PocoMCSampler                INFO     Diagnostics:
[002598.88]  06-07 12:23  Diagnostics                  INFO     - max eigen Gelman-Rubin - 1 is 1.68; not < 0.03.
[002598.92]  06-07 12:23  Diagnostics                  INFO     - max diag Gelman-Rubin - 1 is 0.63.
[002599.05]  06-07 12:23  Diagnostics                  INFO     - max diag Gelman-Rubin - 1 at 1.0 sigmas is 1.47.
[002599.07]  06-07 12:23  Diagnostics                  INFO     - max Geweke is 0.405.
[002599.08]  06-07 12:23  Diagnostics                  INFO     - Geweke p-value is 0.0546.
[002599.63]  06-07 12:23  Diagnostics                  INFO     - effective sample size = (70 iterations / integrated autocorrelation time) is 10.8.
[002599.63]  06-07 12:23  Diagnostics                  INFO     - max variation of integrated autocorrelation time is 0.533.
Saving PMC state to /global/cfs/cdirs/desi/users/shengyu/Y3/full-shape/redshift_errors/fits/cosmo-base_LRG2-z0.6-0.8-mean25-S2+LRG2-z0.6-0.8-mean25-S3-be948dd0/chain_0.pocomc.state
[002994.88]  06-07 12:30  Chain                        INFO     Saving /global/cfs/cdirs/desi/users/shengyu/Y3/full-shape/redshift_errors/fits/cosmo-base_LRG2-z0.6-0.8-mean25-S2+LRG2-z0.6-0.8-mean25-S3-be948dd0/chain_0.npy.
[002994.93]  06-07 12:30  PocoMCSampler                INFO     Diagnostics:
[002994.97]  06-07 12:30  Diagnostics                  INFO     - max eigen Gelman-Rubin - 1 is 1.99; not < 0.03.
[002995.01]  06-07 12:30  Diagnostics                  INFO     - max diag Gelman-Rubin - 1 is 0.51.
[002995.15]  06-07 12:30  Diagnostics                  INFO     - max diag Gelman-Rubin - 1 at 1.0 sigmas is 1.1.
[002995.17]  06-07 12:30  Diagnostics                  INFO     - max Geweke is 0.3.
[002995.17]  06-07 12:30  Diagnostics                  INFO     - Geweke p-value is 0.0284.
[002995.73]  06-07 12:30  Diagnostics                  INFO     - effective sample size = (80 iterations / integrated autocorrelation time) is 12.9.
[002995.73]  06-07 12:30  Diagnostics                  INFO     - max variation of integrated autocorrelation time is 0.479.
Saving PMC state to /global/cfs/cdirs/desi/users/shengyu/Y3/full-shape/redshift_errors/fits/cosmo-base_LRG2-z0.6-0.8-mean25-S2+LRG2-z0.6-0.8-mean25-S3-be948dd0/chain_0.pocomc.state
[003371.06]  06-07 12:36  Chain                        INFO     Saving /global/cfs/cdirs/desi/users/shengyu/Y3/full-shape/redshift_errors/fits/cosmo-base_LRG2-z0.6-0.8-mean25-S2+LRG2-z0.6-0.8-mean25-S3-be948dd0/chain_0.npy.
[003371.16]  06-07 12:36  PocoMCSampler                INFO     Diagnostics:
[003371.21]  06-07 12:36  Diagnostics                  INFO     - max eigen Gelman-Rubin - 1 is 1.74; not < 0.03.
[003371.27]  06-07 12:36  Diagnostics                  INFO     - max diag Gelman-Rubin - 1 is 0.299.
[003371.43]  06-07 12:36  Diagnostics                  INFO     - max diag Gelman-Rubin - 1 at 1.0 sigmas is 1.09.
[003371.46]  06-07 12:36  Diagnostics                  INFO     - max Geweke is 0.424.
[003371.46]  06-07 12:36  Diagnostics                  INFO     - Geweke p-value is 4.45e-06.
[003372.01]  06-07 12:36  Diagnostics                  INFO     - effective sample size = (90 iterations / integrated autocorrelation time) is 21.
[003372.01]  06-07 12:36  Diagnostics                  INFO     - max variation of integrated autocorrelation time is 0.722.
Saving PMC state to /global/cfs/cdirs/desi/users/shengyu/Y3/full-shape/redshift_errors/fits/cosmo-base_LRG2-z0.6-0.8-mean25-S2+LRG2-z0.6-0.8-mean25-S3-be948dd0/chain_0.pocomc.state
[003740.98]  06-07 12:42  Chain                        INFO     Saving /global/cfs/cdirs/desi/users/shengyu/Y3/full-shape/redshift_errors/fits/cosmo-base_LRG2-z0.6-0.8-mean25-S2+LRG2-z0.6-0.8-mean25-S3-be948dd0/chain_0.npy.
[003741.06]  06-07 12:42  PocoMCSampler                INFO     Diagnostics:
[003741.10]  06-07 12:42  Diagnostics                  INFO     - max eigen Gelman-Rubin - 1 is 1.27; not < 0.03.
[003741.14]  06-07 12:42  Diagnostics                  INFO     - max diag Gelman-Rubin - 1 is 0.393.
[003741.28]  06-07 12:42  Diagnostics                  INFO     - max diag Gelman-Rubin - 1 at 1.0 sigmas is 1.34.
[003741.30]  06-07 12:42  Diagnostics                  INFO     - max Geweke is 0.515.
[003741.30]  06-07 12:42  Diagnostics                  INFO     - Geweke p-value is 0.00101.
[003741.86]  06-07 12:42  Diagnostics                  INFO     - effective sample size = (100 iterations / integrated autocorrelation time) is 13.2.
[003741.86]  06-07 12:42  Diagnostics                  INFO     - max variation of integrated autocorrelation time is 1.16.
Saving PMC state to /global/cfs/cdirs/desi/users/shengyu/Y3/full-shape/redshift_errors/fits/cosmo-base_LRG2-z0.6-0.8-mean25-S2+LRG2-z0.6-0.8-mean25-S3-be948dd0/chain_0.pocomc.state
[004128.78]  06-07 12:49  Chain                        INFO     Saving /global/cfs/cdirs/desi/users/shengyu/Y3/full-shape/redshift_errors/fits/cosmo-base_LRG2-z0.6-0.8-mean25-S2+LRG2-z0.6-0.8-mean25-S3-be948dd0/chain_0.npy.
[004128.83]  06-07 12:49  PocoMCSampler                INFO     Diagnostics:
[004128.87]  06-07 12:49  Diagnostics                  INFO     - max eigen Gelman-Rubin - 1 is 1.12; not < 0.03.
[004128.91]  06-07 12:49  Diagnostics                  INFO     - max diag Gelman-Rubin - 1 is 0.484.
[004129.05]  06-07 12:49  Diagnostics                  INFO     - max diag Gelman-Rubin - 1 at 1.0 sigmas is 1.28.
[004129.08]  06-07 12:49  Diagnostics                  INFO     - max Geweke is 0.414.
[004129.08]  06-07 12:49  Diagnostics                  INFO     - Geweke p-value is 6.89e-05.
[004129.63]  06-07 12:49  Diagnostics                  INFO     - effective sample size = (110 iterations / integrated autocorrelation time) is 11.9.
[004129.63]  06-07 12:49  Diagnostics                  INFO     - max variation of integrated autocorrelation time is 0.694.
Saving PMC state to /global/cfs/cdirs/desi/users/shengyu/Y3/full-shape/redshift_errors/fits/cosmo-base_LRG2-z0.6-0.8-mean25-S2+LRG2-z0.6-0.8-mean25-S3-be948dd0/chain_0.pocomc.state
[004509.99]  06-07 12:55  Chain                        INFO     Saving /global/cfs/cdirs/desi/users/shengyu/Y3/full-shape/redshift_errors/fits/cosmo-base_LRG2-z0.6-0.8-mean25-S2+LRG2-z0.6-0.8-mean25-S3-be948dd0/chain_0.npy.
[004510.07]  06-07 12:55  PocoMCSampler                INFO     Diagnostics:
[004510.11]  06-07 12:55  Diagnostics                  INFO     - max eigen Gelman-Rubin - 1 is 1.12; not < 0.03.
[004510.15]  06-07 12:55  Diagnostics                  INFO     - max diag Gelman-Rubin - 1 is 0.613.
[004510.29]  06-07 12:55  Diagnostics                  INFO     - max diag Gelman-Rubin - 1 at 1.0 sigmas is 1.86.
[004510.31]  06-07 12:55  Diagnostics                  INFO     - max Geweke is 0.502.
[004510.31]  06-07 12:55  Diagnostics                  INFO     - Geweke p-value is 2.17e-07.
[004510.87]  06-07 12:55  Diagnostics                  INFO     - effective sample size = (120 iterations / integrated autocorrelation time) is 12.3.
[004510.87]  06-07 12:55  Diagnostics                  INFO     - max variation of integrated autocorrelation time is 0.285.
Saving PMC state to /global/cfs/cdirs/desi/users/shengyu/Y3/full-shape/redshift_errors/fits/cosmo-base_LRG2-z0.6-0.8-mean25-S2+LRG2-z0.6-0.8-mean25-S3-be948dd0/chain_0.pocomc.state
[004883.48]  06-07 13:01  Chain                        INFO     Saving /global/cfs/cdirs/desi/users/shengyu/Y3/full-shape/redshift_errors/fits/cosmo-base_LRG2-z0.6-0.8-mean25-S2+LRG2-z0.6-0.8-mean25-S3-be948dd0/chain_0.npy.
[004883.57]  06-07 13:01  PocoMCSampler                INFO     Diagnostics:
[004883.61]  06-07 13:01  Diagnostics                  INFO     - max eigen Gelman-Rubin - 1 is 0.845; not < 0.03.
[004883.65]  06-07 13:01  Diagnostics                  INFO     - max diag Gelman-Rubin - 1 is 0.497.
[004883.79]  06-07 13:01  Diagnostics                  INFO     - max diag Gelman-Rubin - 1 at 1.0 sigmas is 1.15.
[004883.82]  06-07 13:01  Diagnostics                  INFO     - max Geweke is 0.438.
[004883.82]  06-07 13:01  Diagnostics                  INFO     - Geweke p-value is 8.51e-12.
[004884.38]  06-07 13:01  Diagnostics                  INFO     - effective sample size = (130 iterations / integrated autocorrelation time) is 15.3.
[004884.39]  06-07 13:01  Diagnostics                  INFO     - max variation of integrated autocorrelation time is 0.554.
Saving PMC state to /global/cfs/cdirs/desi/users/shengyu/Y3/full-shape/redshift_errors/fits/cosmo-base_LRG2-z0.6-0.8-mean25-S2+LRG2-z0.6-0.8-mean25-S3-be948dd0/chain_0.pocomc.state
[005246.35]  06-07 13:07  Chain                        INFO     Saving /global/cfs/cdirs/desi/users/shengyu/Y3/full-shape/redshift_errors/fits/cosmo-base_LRG2-z0.6-0.8-mean25-S2+LRG2-z0.6-0.8-mean25-S3-be948dd0/chain_0.npy.
[005246.43]  06-07 13:07  PocoMCSampler                INFO     Diagnostics:
[005246.47]  06-07 13:07  Diagnostics                  INFO     - max eigen Gelman-Rubin - 1 is 0.471; not < 0.03.
[005246.51]  06-07 13:07  Diagnostics                  INFO     - max diag Gelman-Rubin - 1 is 0.286.
[005246.65]  06-07 13:07  Diagnostics                  INFO     - max diag Gelman-Rubin - 1 at 1.0 sigmas is 0.257.
[005246.67]  06-07 13:07  Diagnostics                  INFO     - max Geweke is 0.582.
[005246.68]  06-07 13:07  Diagnostics                  INFO     - Geweke p-value is 2.99e-10.
[005247.24]  06-07 13:07  Diagnostics                  INFO     - effective sample size = (140 iterations / integrated autocorrelation time) is 22.8.
[005247.24]  06-07 13:07  Diagnostics                  INFO     - max variation of integrated autocorrelation time is 0.386.
Saving PMC state to /global/cfs/cdirs/desi/users/shengyu/Y3/full-shape/redshift_errors/fits/cosmo-base_LRG2-z0.6-0.8-mean25-S2+LRG2-z0.6-0.8-mean25-S3-be948dd0/chain_0.pocomc.state
[005576.42]  06-07 13:13  Chain                        INFO     Saving /global/cfs/cdirs/desi/users/shengyu/Y3/full-shape/redshift_errors/fits/cosmo-base_LRG2-z0.6-0.8-mean25-S2+LRG2-z0.6-0.8-mean25-S3-be948dd0/chain_0.npy.
[005576.49]  06-07 13:13  PocoMCSampler                INFO     Diagnostics:
[005576.54]  06-07 13:13  Diagnostics                  INFO     - max eigen Gelman-Rubin - 1 is 0.244; not < 0.03.
[005576.58]  06-07 13:13  Diagnostics                  INFO     - max diag Gelman-Rubin - 1 is 0.15.
[005576.73]  06-07 13:13  Diagnostics                  INFO     - max diag Gelman-Rubin - 1 at 1.0 sigmas is 0.0915.
[005576.75]  06-07 13:13  Diagnostics                  INFO     - max Geweke is 0.553.
[005576.75]  06-07 13:13  Diagnostics                  INFO     - Geweke p-value is 3.27e-11.
[005577.32]  06-07 13:13  Diagnostics                  INFO     - effective sample size = (150 iterations / integrated autocorrelation time) (reliable) is 52.3.
[005577.32]  06-07 13:13  Diagnostics                  INFO     - max variation of integrated autocorrelation time is 1.14.
Saving PMC state to /global/cfs/cdirs/desi/users/shengyu/Y3/full-shape/redshift_errors/fits/cosmo-base_LRG2-z0.6-0.8-mean25-S2+LRG2-z0.6-0.8-mean25-S3-be948dd0/chain_0.pocomc.state
[005921.92]  06-07 13:19  Chain                        INFO     Saving /global/cfs/cdirs/desi/users/shengyu/Y3/full-shape/redshift_errors/fits/cosmo-base_LRG2-z0.6-0.8-mean25-S2+LRG2-z0.6-0.8-mean25-S3-be948dd0/chain_0.npy.
[005921.99]  06-07 13:19  PocoMCSampler                INFO     Diagnostics:
[005922.03]  06-07 13:19  Diagnostics                  INFO     - max eigen Gelman-Rubin - 1 is 0.156; not < 0.03.
[005922.07]  06-07 13:19  Diagnostics                  INFO     - max diag Gelman-Rubin - 1 is 0.0925.
[005922.22]  06-07 13:19  Diagnostics                  INFO     - max diag Gelman-Rubin - 1 at 1.0 sigmas is 0.0857.
[005922.25]  06-07 13:19  Diagnostics                  INFO     - max Geweke is 0.21.
[005922.25]  06-07 13:19  Diagnostics                  INFO     - Geweke p-value is 0.0219.
[005922.81]  06-07 13:19  Diagnostics                  INFO     - effective sample size = (160 iterations / integrated autocorrelation time) (reliable) is 96.1.
[005922.81]  06-07 13:19  Diagnostics                  INFO     - max variation of integrated autocorrelation time is 0.723.
Saving PMC state to /global/cfs/cdirs/desi/users/shengyu/Y3/full-shape/redshift_errors/fits/cosmo-base_LRG2-z0.6-0.8-mean25-S2+LRG2-z0.6-0.8-mean25-S3-be948dd0/chain_0.pocomc.state
[006272.21]  06-07 13:24  Chain                        INFO     Saving /global/cfs/cdirs/desi/users/shengyu/Y3/full-shape/redshift_errors/fits/cosmo-base_LRG2-z0.6-0.8-mean25-S2+LRG2-z0.6-0.8-mean25-S3-be948dd0/chain_0.npy.
[006272.28]  06-07 13:24  PocoMCSampler                INFO     Diagnostics:
[006272.32]  06-07 13:24  Diagnostics                  INFO     - max eigen Gelman-Rubin - 1 is 0.143; not < 0.03.
[006272.36]  06-07 13:24  Diagnostics                  INFO     - max diag Gelman-Rubin - 1 is 0.0802.
[006272.51]  06-07 13:24  Diagnostics                  INFO     - max diag Gelman-Rubin - 1 at 1.0 sigmas is 0.0432.
[006272.54]  06-07 13:24  Diagnostics                  INFO     - max Geweke is 0.192.
[006272.54]  06-07 13:24  Diagnostics                  INFO     - Geweke p-value is 0.000975.
[006273.11]  06-07 13:24  Diagnostics                  INFO     - effective sample size = (170 iterations / integrated autocorrelation time) (reliable) is 110.
[006273.11]  06-07 13:24  Diagnostics                  INFO     - max variation of integrated autocorrelation time is 0.0787.
Saving PMC state to /global/cfs/cdirs/desi/users/shengyu/Y3/full-shape/redshift_errors/fits/cosmo-base_LRG2-z0.6-0.8-mean25-S2+LRG2-z0.6-0.8-mean25-S3-be948dd0/chain_0.pocomc.state
[006589.51]  06-07 13:30  Chain                        INFO     Saving /global/cfs/cdirs/desi/users/shengyu/Y3/full-shape/redshift_errors/fits/cosmo-base_LRG2-z0.6-0.8-mean25-S2+LRG2-z0.6-0.8-mean25-S3-be948dd0/chain_0.npy.
[006589.58]  06-07 13:30  PocoMCSampler                INFO     Diagnostics:
[006589.63]  06-07 13:30  Diagnostics                  INFO     - max eigen Gelman-Rubin - 1 is 0.13; not < 0.03.
[006589.66]  06-07 13:30  Diagnostics                  INFO     - max diag Gelman-Rubin - 1 is 0.0706.
[006589.82]  06-07 13:30  Diagnostics                  INFO     - max diag Gelman-Rubin - 1 at 1.0 sigmas is 0.0525.
[006589.84]  06-07 13:30  Diagnostics                  INFO     - max Geweke is 0.193.
[006589.84]  06-07 13:30  Diagnostics                  INFO     - Geweke p-value is 0.00321.
[006590.41]  06-07 13:30  Diagnostics                  INFO     - effective sample size = (180 iterations / integrated autocorrelation time) (reliable) is 120.
[006590.41]  06-07 13:30  Diagnostics                  INFO     - max variation of integrated autocorrelation time is 0.0298.
Saving PMC state to /global/cfs/cdirs/desi/users/shengyu/Y3/full-shape/redshift_errors/fits/cosmo-base_LRG2-z0.6-0.8-mean25-S2+LRG2-z0.6-0.8-mean25-S3-be948dd0/chain_0.pocomc.state
[006945.14]  06-07 13:36  Chain                        INFO     Saving /global/cfs/cdirs/desi/users/shengyu/Y3/full-shape/redshift_errors/fits/cosmo-base_LRG2-z0.6-0.8-mean25-S2+LRG2-z0.6-0.8-mean25-S3-be948dd0/chain_0.npy.
[006945.25]  06-07 13:36  PocoMCSampler                INFO     Diagnostics:
[006945.29]  06-07 13:36  Diagnostics                  INFO     - max eigen Gelman-Rubin - 1 is 0.104; not < 0.03.
[006945.33]  06-07 13:36  Diagnostics                  INFO     - max diag Gelman-Rubin - 1 is 0.0527.
[006945.48]  06-07 13:36  Diagnostics                  INFO     - max diag Gelman-Rubin - 1 at 1.0 sigmas is 0.0548.
[006945.51]  06-07 13:36  Diagnostics                  INFO     - max Geweke is 0.198.
[006945.51]  06-07 13:36  Diagnostics                  INFO     - Geweke p-value is 0.000277.
[006946.07]  06-07 13:36  Diagnostics                  INFO     - effective sample size = (190 iterations / integrated autocorrelation time) (reliable) is 139.
[006946.07]  06-07 13:36  Diagnostics                  INFO     - max variation of integrated autocorrelation time is 0.0984.
Saving PMC state to /global/cfs/cdirs/desi/users/shengyu/Y3/full-shape/redshift_errors/fits/cosmo-base_LRG2-z0.6-0.8-mean25-S2+LRG2-z0.6-0.8-mean25-S3-be948dd0/chain_0.pocomc.state
[007277.06]  06-07 13:41  Chain                        INFO     Saving /global/cfs/cdirs/desi/users/shengyu/Y3/full-shape/redshift_errors/fits/cosmo-base_LRG2-z0.6-0.8-mean25-S2+LRG2-z0.6-0.8-mean25-S3-be948dd0/chain_0.npy.
[007277.13]  06-07 13:41  PocoMCSampler                INFO     Diagnostics:
[007277.17]  06-07 13:41  Diagnostics                  INFO     - max eigen Gelman-Rubin - 1 is 0.0961; not < 0.03.
[007277.21]  06-07 13:41  Diagnostics                  INFO     - max diag Gelman-Rubin - 1 is 0.0381.
[007277.37]  06-07 13:41  Diagnostics                  INFO     - max diag Gelman-Rubin - 1 at 1.0 sigmas is 0.0349.
[007277.39]  06-07 13:41  Diagnostics                  INFO     - max Geweke is 0.227.
[007277.39]  06-07 13:41  Diagnostics                  INFO     - Geweke p-value is 1.27e-07.
[007277.96]  06-07 13:41  Diagnostics                  INFO     - effective sample size = (200 iterations / integrated autocorrelation time) (reliable) is 170.
[007277.96]  06-07 13:41  Diagnostics                  INFO     - max variation of integrated autocorrelation time is 0.163.
Saving PMC state to /global/cfs/cdirs/desi/users/shengyu/Y3/full-shape/redshift_errors/fits/cosmo-base_LRG2-z0.6-0.8-mean25-S2+LRG2-z0.6-0.8-mean25-S3-be948dd0/chain_0.pocomc.state
[007609.92]  06-07 13:47  Chain                        INFO     Saving /global/cfs/cdirs/desi/users/shengyu/Y3/full-shape/redshift_errors/fits/cosmo-base_LRG2-z0.6-0.8-mean25-S2+LRG2-z0.6-0.8-mean25-S3-be948dd0/chain_0.npy.
[007609.99]  06-07 13:47  PocoMCSampler                INFO     Diagnostics:
[007610.04]  06-07 13:47  Diagnostics                  INFO     - max eigen Gelman-Rubin - 1 is 0.0594; not < 0.03.
[007610.08]  06-07 13:47  Diagnostics                  INFO     - max diag Gelman-Rubin - 1 is 0.0241.
[007610.23]  06-07 13:47  Diagnostics                  INFO     - max diag Gelman-Rubin - 1 at 1.0 sigmas is 0.0321.
[007610.26]  06-07 13:47  Diagnostics                  INFO     - max Geweke is 0.21.
[007610.26]  06-07 13:47  Diagnostics                  INFO     - Geweke p-value is 3.07e-05.
[007610.82]  06-07 13:47  Diagnostics                  INFO     - effective sample size = (210 iterations / integrated autocorrelation time) (reliable) is 193.
[007610.82]  06-07 13:47  Diagnostics                  INFO     - max variation of integrated autocorrelation time is 0.0775.
Saving PMC state to /global/cfs/cdirs/desi/users/shengyu/Y3/full-shape/redshift_errors/fits/cosmo-base_LRG2-z0.6-0.8-mean25-S2+LRG2-z0.6-0.8-mean25-S3-be948dd0/chain_0.pocomc.state
[007946.81]  06-07 13:52  Chain                        INFO     Saving /global/cfs/cdirs/desi/users/shengyu/Y3/full-shape/redshift_errors/fits/cosmo-base_LRG2-z0.6-0.8-mean25-S2+LRG2-z0.6-0.8-mean25-S3-be948dd0/chain_0.npy.
[007946.88]  06-07 13:52  PocoMCSampler                INFO     Diagnostics:
[007946.92]  06-07 13:52  Diagnostics                  INFO     - max eigen Gelman-Rubin - 1 is 0.038; not < 0.03.
[007946.96]  06-07 13:52  Diagnostics                  INFO     - max diag Gelman-Rubin - 1 is 0.0117.
[007947.12]  06-07 13:52  Diagnostics                  INFO     - max diag Gelman-Rubin - 1 at 1.0 sigmas is 0.0211.
[007947.15]  06-07 13:52  Diagnostics                  INFO     - max Geweke is 0.155.
[007947.15]  06-07 13:52  Diagnostics                  INFO     - Geweke p-value is 0.000745.
[007947.71]  06-07 13:52  Diagnostics                  INFO     - effective sample size = (220 iterations / integrated autocorrelation time) (reliable) is 220.
[007947.71]  06-07 13:52  Diagnostics                  INFO     - max variation of integrated autocorrelation time is 0.0905.
Saving PMC state to /global/cfs/cdirs/desi/users/shengyu/Y3/full-shape/redshift_errors/fits/cosmo-base_LRG2-z0.6-0.8-mean25-S2+LRG2-z0.6-0.8-mean25-S3-be948dd0/chain_0.pocomc.state
[008302.00]  06-07 13:58  Chain                        INFO     Saving /global/cfs/cdirs/desi/users/shengyu/Y3/full-shape/redshift_errors/fits/cosmo-base_LRG2-z0.6-0.8-mean25-S2+LRG2-z0.6-0.8-mean25-S3-be948dd0/chain_0.npy.
[008302.10]  06-07 13:58  PocoMCSampler                INFO     Diagnostics:
[008302.14]  06-07 13:58  Diagnostics                  INFO     - max eigen Gelman-Rubin - 1 is 0.0253; < 0.03.
[008302.18]  06-07 13:58  Diagnostics                  INFO     - max diag Gelman-Rubin - 1 is 0.00517.
[008302.35]  06-07 13:58  Diagnostics                  INFO     - max diag Gelman-Rubin - 1 at 1.0 sigmas is 0.0246.
[008302.37]  06-07 13:58  Diagnostics                  INFO     - max Geweke is 0.143.
[008302.37]  06-07 13:58  Diagnostics                  INFO     - Geweke p-value is 0.126.
[008302.94]  06-07 13:58  Diagnostics                  INFO     - effective sample size = (230 iterations / integrated autocorrelation time) (reliable) is 231.
[008302.94]  06-07 13:58  Diagnostics                  INFO     - max variation of integrated autocorrelation time is 0.0115.
Saving PMC state to /global/cfs/cdirs/desi/users/shengyu/Y3/full-shape/redshift_errors/fits/cosmo-base_LRG2-z0.6-0.8-mean25-S2+LRG2-z0.6-0.8-mean25-S3-be948dd0/chain_0.pocomc.state
[008690.28]  06-07 14:05  Chain                        INFO     Saving /global/cfs/cdirs/desi/users/shengyu/Y3/full-shape/redshift_errors/fits/cosmo-base_LRG2-z0.6-0.8-mean25-S2+LRG2-z0.6-0.8-mean25-S3-be948dd0/chain_0.npy.
[008690.41]  06-07 14:05  PocoMCSampler                INFO     Diagnostics:
[008690.45]  06-07 14:05  Diagnostics                  INFO     - max eigen Gelman-Rubin - 1 is 0.0294; < 0.03.
[008690.49]  06-07 14:05  Diagnostics                  INFO     - max diag Gelman-Rubin - 1 is 0.00309.
[008690.65]  06-07 14:05  Diagnostics                  INFO     - max diag Gelman-Rubin - 1 at 1.0 sigmas is 0.0131.
[008690.68]  06-07 14:05  Diagnostics                  INFO     - max Geweke is 0.152.
[008690.68]  06-07 14:05  Diagnostics                  INFO     - Geweke p-value is 0.00162.
[008691.25]  06-07 14:05  Diagnostics                  INFO     - effective sample size = (240 iterations / integrated autocorrelation time) (reliable) is 236.
[008691.25]  06-07 14:05  Diagnostics                  INFO     - max variation of integrated autocorrelation time is 0.0277.
