Activate fit_env (Python 3.12.13).
Node nid004717 running run_fits.py tracer=LRG2 zerr=verr_nonparam stats=mesh2 mockid=0-24
[000000.01]  06-07 11:43  compute_mesh                 INFO     Received arguments: Namespace(todos=['sample'], version='AbacusHF-v2', cov_version='holi-v3', domain='altmtl', tracers=['LRG2'], mockid='0-24', zerrs=['verr_nonparam'], fits_dir='/global/cfs/cdirs/desi/users/shengyu/Y3/full-shape/redshift_errors/fits', stats=['mesh2', 'mesh3'], kmax='0.300-0.300-0.20-0.08', regions=['ALL'], theory_model='folpsD', prior_basis='physical_aap', cosmo_params='base', sampler='pocomc', nchains=1, resume=False)
[000005.37]  06-07 11:43  jax._src.xla_bridge          ERROR    Jax plugin configuration error: Exception when calling jax_plugins.xla_cuda12.initialize()
Traceback (most recent call last):
  File "/global/homes/s/shengyu/.conda/envs/fit_env/lib/python3.12/site-packages/jax/_src/xla_bridge.py", line 487, in discover_pjrt_plugins
    plugin_module.initialize()
  File "/global/homes/s/shengyu/.conda/envs/fit_env/lib/python3.12/site-packages/jax_plugins/xla_cuda12/__init__.py", line 370, in initialize
    _check_cuda_versions(raise_on_first_error = True)
  File "/global/homes/s/shengyu/.conda/envs/fit_env/lib/python3.12/site-packages/jax_plugins/xla_cuda12/__init__.py", line 274, in _check_cuda_versions
    for d in range(cuda_versions.cuda_device_count())
                   ^^^^^^^^^^^^^^^^^^^^^^^^^^^^^^^^^
RuntimeError: jaxlib/cuda/versions_helpers.cc:135: operation cuInit(0) failed: CUDA_ERROR_NO_DEVICE
[000005.37]  06-07 11:43  jax._src.xla_bridge          ERROR    Jax plugin configuration error: Exception when calling jax_plugins.xla_cuda12.initialize()
Traceback (most recent call last):
  File "/global/homes/s/shengyu/.conda/envs/fit_env/lib/python3.12/site-packages/jax/_src/xla_bridge.py", line 487, in discover_pjrt_plugins
    plugin_module.initialize()
  File "/global/homes/s/shengyu/.conda/envs/fit_env/lib/python3.12/site-packages/jax_plugins/xla_cuda12/__init__.py", line 370, in initialize
    _check_cuda_versions(raise_on_first_error = True)
  File "/global/homes/s/shengyu/.conda/envs/fit_env/lib/python3.12/site-packages/jax_plugins/xla_cuda12/__init__.py", line 274, in _check_cuda_versions
    for d in range(cuda_versions.cuda_device_count())
                   ^^^^^^^^^^^^^^^^^^^^^^^^^^^^^^^^^
RuntimeError: jaxlib/cuda/versions_helpers.cc:135: operation cuInit(0) failed: CUDA_ERROR_NO_DEVICE
[000005.37]  06-07 11:43  jax._src.xla_bridge          ERROR    Jax plugin configuration error: Exception when calling jax_plugins.xla_cuda12.initialize()
Traceback (most recent call last):
  File "/global/homes/s/shengyu/.conda/envs/fit_env/lib/python3.12/site-packages/jax/_src/xla_bridge.py", line 487, in discover_pjrt_plugins
    plugin_module.initialize()
  File "/global/homes/s/shengyu/.conda/envs/fit_env/lib/python3.12/site-packages/jax_plugins/xla_cuda12/__init__.py", line 370, in initialize
    _check_cuda_versions(raise_on_first_error = True)
  File "/global/homes/s/shengyu/.conda/envs/fit_env/lib/python3.12/site-packages/jax_plugins/xla_cuda12/__init__.py", line 274, in _check_cuda_versions
    for d in range(cuda_versions.cuda_device_count())
                   ^^^^^^^^^^^^^^^^^^^^^^^^^^^^^^^^^
RuntimeError: jaxlib/cuda/versions_helpers.cc:135: operation cuInit(0) failed: CUDA_ERROR_NO_DEVICE
[000005.37]  06-07 11:43  jax._src.xla_bridge          ERROR    Jax plugin configuration error: Exception when calling jax_plugins.xla_cuda12.initialize()
Traceback (most recent call last):
  File "/global/homes/s/shengyu/.conda/envs/fit_env/lib/python3.12/site-packages/jax/_src/xla_bridge.py", line 487, in discover_pjrt_plugins
    plugin_module.initialize()
  File "/global/homes/s/shengyu/.conda/envs/fit_env/lib/python3.12/site-packages/jax_plugins/xla_cuda12/__init__.py", line 370, in initialize
    _check_cuda_versions(raise_on_first_error = True)
  File "/global/homes/s/shengyu/.conda/envs/fit_env/lib/python3.12/site-packages/jax_plugins/xla_cuda12/__init__.py", line 274, in _check_cuda_versions
    for d in range(cuda_versions.cuda_device_count())
                   ^^^^^^^^^^^^^^^^^^^^^^^^^^^^^^^^^
RuntimeError: jaxlib/cuda/versions_helpers.cc:135: operation cuInit(0) failed: CUDA_ERROR_NO_DEVICE
[000005.39]  06-07 11:43  jax._src.xla_bridge          INFO     Unable to initialize backend 'tpu': INTERNAL: Failed to open libtpu.so: libtpu.so: cannot open shared object file: No such file or directory
[000005.39]  06-07 11:43  jax._src.xla_bridge          INFO     Unable to initialize backend 'tpu': INTERNAL: Failed to open libtpu.so: libtpu.so: cannot open shared object file: No such file or directory
[000005.39]  06-07 11:43  jax._src.xla_bridge          INFO     Unable to initialize backend 'tpu': INTERNAL: Failed to open libtpu.so: libtpu.so: cannot open shared object file: No such file or directory
[000005.39]  06-07 11:43  jax._src.xla_bridge          INFO     Unable to initialize backend 'tpu': INTERNAL: Failed to open libtpu.so: libtpu.so: cannot open shared object file: No such file or directory
[000008.91]  06-07 11:43  fit_tools                    INFO     Reading data for mesh2 from /global/cfs/cdirs/desi/users/shengyu/galaxies/catalogs/Y3/AbacusHF-v2/altmtl/LRG/mock0/mpspk/mesh2_spectrum_poles_LRG_z0.6-0.8_DR2_v2.0+dv_verr_nonparam.h5
[000008.98]  06-07 11:43  fit_tools                    INFO     Reading data for mesh2 from /global/cfs/cdirs/desi/users/shengyu/galaxies/catalogs/Y3/AbacusHF-v2/altmtl/LRG/mock1/mpspk/mesh2_spectrum_poles_LRG_z0.6-0.8_DR2_v2.0+dv_verr_nonparam.h5
[000009.05]  06-07 11:43  fit_tools                    INFO     Reading data for mesh2 from /global/cfs/cdirs/desi/users/shengyu/galaxies/catalogs/Y3/AbacusHF-v2/altmtl/LRG/mock2/mpspk/mesh2_spectrum_poles_LRG_z0.6-0.8_DR2_v2.0+dv_verr_nonparam.h5
[000009.12]  06-07 11:43  fit_tools                    INFO     Reading data for mesh2 from /global/cfs/cdirs/desi/users/shengyu/galaxies/catalogs/Y3/AbacusHF-v2/altmtl/LRG/mock3/mpspk/mesh2_spectrum_poles_LRG_z0.6-0.8_DR2_v2.0+dv_verr_nonparam.h5
[000009.19]  06-07 11:43  fit_tools                    INFO     Reading data for mesh2 from /global/cfs/cdirs/desi/users/shengyu/galaxies/catalogs/Y3/AbacusHF-v2/altmtl/LRG/mock4/mpspk/mesh2_spectrum_poles_LRG_z0.6-0.8_DR2_v2.0+dv_verr_nonparam.h5
[000009.23]  06-07 11:43  fit_tools                    INFO     Reading data for mesh2 from /global/cfs/cdirs/desi/users/shengyu/galaxies/catalogs/Y3/AbacusHF-v2/altmtl/LRG/mock5/mpspk/mesh2_spectrum_poles_LRG_z0.6-0.8_DR2_v2.0+dv_verr_nonparam.h5
[000009.30]  06-07 11:43  fit_tools                    INFO     Reading data for mesh2 from /global/cfs/cdirs/desi/users/shengyu/galaxies/catalogs/Y3/AbacusHF-v2/altmtl/LRG/mock6/mpspk/mesh2_spectrum_poles_LRG_z0.6-0.8_DR2_v2.0+dv_verr_nonparam.h5
[000009.37]  06-07 11:43  fit_tools                    INFO     Reading data for mesh2 from /global/cfs/cdirs/desi/users/shengyu/galaxies/catalogs/Y3/AbacusHF-v2/altmtl/LRG/mock7/mpspk/mesh2_spectrum_poles_LRG_z0.6-0.8_DR2_v2.0+dv_verr_nonparam.h5
[000009.45]  06-07 11:43  fit_tools                    INFO     Reading data for mesh2 from /global/cfs/cdirs/desi/users/shengyu/galaxies/catalogs/Y3/AbacusHF-v2/altmtl/LRG/mock8/mpspk/mesh2_spectrum_poles_LRG_z0.6-0.8_DR2_v2.0+dv_verr_nonparam.h5
[000009.52]  06-07 11:43  fit_tools                    INFO     Reading data for mesh2 from /global/cfs/cdirs/desi/users/shengyu/galaxies/catalogs/Y3/AbacusHF-v2/altmtl/LRG/mock9/mpspk/mesh2_spectrum_poles_LRG_z0.6-0.8_DR2_v2.0+dv_verr_nonparam.h5
[000009.57]  06-07 11:43  fit_tools                    INFO     Reading data for mesh2 from /global/cfs/cdirs/desi/users/shengyu/galaxies/catalogs/Y3/AbacusHF-v2/altmtl/LRG/mock10/mpspk/mesh2_spectrum_poles_LRG_z0.6-0.8_DR2_v2.0+dv_verr_nonparam.h5
[000009.64]  06-07 11:43  fit_tools                    INFO     Reading data for mesh2 from /global/cfs/cdirs/desi/users/shengyu/galaxies/catalogs/Y3/AbacusHF-v2/altmtl/LRG/mock11/mpspk/mesh2_spectrum_poles_LRG_z0.6-0.8_DR2_v2.0+dv_verr_nonparam.h5
[000009.70]  06-07 11:43  fit_tools                    INFO     Reading data for mesh2 from /global/cfs/cdirs/desi/users/shengyu/galaxies/catalogs/Y3/AbacusHF-v2/altmtl/LRG/mock12/mpspk/mesh2_spectrum_poles_LRG_z0.6-0.8_DR2_v2.0+dv_verr_nonparam.h5
[000009.78]  06-07 11:43  fit_tools                    INFO     Reading data for mesh2 from /global/cfs/cdirs/desi/users/shengyu/galaxies/catalogs/Y3/AbacusHF-v2/altmtl/LRG/mock13/mpspk/mesh2_spectrum_poles_LRG_z0.6-0.8_DR2_v2.0+dv_verr_nonparam.h5
[000009.86]  06-07 11:43  fit_tools                    INFO     Reading data for mesh2 from /global/cfs/cdirs/desi/users/shengyu/galaxies/catalogs/Y3/AbacusHF-v2/altmtl/LRG/mock14/mpspk/mesh2_spectrum_poles_LRG_z0.6-0.8_DR2_v2.0+dv_verr_nonparam.h5
[000009.94]  06-07 11:43  fit_tools                    INFO     Reading data for mesh2 from /global/cfs/cdirs/desi/users/shengyu/galaxies/catalogs/Y3/AbacusHF-v2/altmtl/LRG/mock15/mpspk/mesh2_spectrum_poles_LRG_z0.6-0.8_DR2_v2.0+dv_verr_nonparam.h5
[000010.01]  06-07 11:43  fit_tools                    INFO     Reading data for mesh2 from /global/cfs/cdirs/desi/users/shengyu/galaxies/catalogs/Y3/AbacusHF-v2/altmtl/LRG/mock16/mpspk/mesh2_spectrum_poles_LRG_z0.6-0.8_DR2_v2.0+dv_verr_nonparam.h5
[000010.09]  06-07 11:43  fit_tools                    INFO     Reading data for mesh2 from /global/cfs/cdirs/desi/users/shengyu/galaxies/catalogs/Y3/AbacusHF-v2/altmtl/LRG/mock17/mpspk/mesh2_spectrum_poles_LRG_z0.6-0.8_DR2_v2.0+dv_verr_nonparam.h5
[000010.17]  06-07 11:43  fit_tools                    INFO     Reading data for mesh2 from /global/cfs/cdirs/desi/users/shengyu/galaxies/catalogs/Y3/AbacusHF-v2/altmtl/LRG/mock18/mpspk/mesh2_spectrum_poles_LRG_z0.6-0.8_DR2_v2.0+dv_verr_nonparam.h5
[000010.24]  06-07 11:43  fit_tools                    INFO     Reading data for mesh2 from /global/cfs/cdirs/desi/users/shengyu/galaxies/catalogs/Y3/AbacusHF-v2/altmtl/LRG/mock19/mpspk/mesh2_spectrum_poles_LRG_z0.6-0.8_DR2_v2.0+dv_verr_nonparam.h5
[000010.50]  06-07 11:43  fit_tools                    INFO     Reading data for mesh2 from /global/cfs/cdirs/desi/users/shengyu/galaxies/catalogs/Y3/AbacusHF-v2/altmtl/LRG/mock20/mpspk/mesh2_spectrum_poles_LRG_z0.6-0.8_DR2_v2.0+dv_verr_nonparam.h5
[000010.57]  06-07 11:43  fit_tools                    INFO     Reading data for mesh2 from /global/cfs/cdirs/desi/users/shengyu/galaxies/catalogs/Y3/AbacusHF-v2/altmtl/LRG/mock21/mpspk/mesh2_spectrum_poles_LRG_z0.6-0.8_DR2_v2.0+dv_verr_nonparam.h5
[000010.64]  06-07 11:43  fit_tools                    INFO     Reading data for mesh2 from /global/cfs/cdirs/desi/users/shengyu/galaxies/catalogs/Y3/AbacusHF-v2/altmtl/LRG/mock22/mpspk/mesh2_spectrum_poles_LRG_z0.6-0.8_DR2_v2.0+dv_verr_nonparam.h5
[000010.70]  06-07 11:43  fit_tools                    INFO     Reading data for mesh2 from /global/cfs/cdirs/desi/users/shengyu/galaxies/catalogs/Y3/AbacusHF-v2/altmtl/LRG/mock23/mpspk/mesh2_spectrum_poles_LRG_z0.6-0.8_DR2_v2.0+dv_verr_nonparam.h5
[000010.76]  06-07 11:43  fit_tools                    INFO     Reading data for mesh2 from /global/cfs/cdirs/desi/users/shengyu/galaxies/catalogs/Y3/AbacusHF-v2/altmtl/LRG/mock24/mpspk/mesh2_spectrum_poles_LRG_z0.6-0.8_DR2_v2.0+dv_verr_nonparam.h5
[000010.83]  06-07 11:43  fit_tools                    INFO     Averaged data for mesh2 over 25 mock realizations
[000010.84]  06-07 11:43  fit_tools                    INFO     Reading window for mesh2 from /global/cfs/cdirs/desi/users/shengyu/galaxies/catalogs/Y3/AbacusHF-v2/altmtl/LRG/mock0/mpspk/window_mesh2_spectrum_poles_LRG_z0.6-0.8_DR2_v2.0+dv_verr_nonparam.h5
[000010.97]  06-07 11:43  fit_tools                    INFO     Reading window for mesh2 from /global/cfs/cdirs/desi/users/shengyu/galaxies/catalogs/Y3/AbacusHF-v2/altmtl/LRG/mock1/mpspk/window_mesh2_spectrum_poles_LRG_z0.6-0.8_DR2_v2.0+dv_verr_nonparam.h5
[000011.13]  06-07 11:43  fit_tools                    INFO     Reading window for mesh2 from /global/cfs/cdirs/desi/users/shengyu/galaxies/catalogs/Y3/AbacusHF-v2/altmtl/LRG/mock2/mpspk/window_mesh2_spectrum_poles_LRG_z0.6-0.8_DR2_v2.0+dv_verr_nonparam.h5
[000011.28]  06-07 11:43  fit_tools                    INFO     Reading window for mesh2 from /global/cfs/cdirs/desi/users/shengyu/galaxies/catalogs/Y3/AbacusHF-v2/altmtl/LRG/mock3/mpspk/window_mesh2_spectrum_poles_LRG_z0.6-0.8_DR2_v2.0+dv_verr_nonparam.h5
[000011.43]  06-07 11:43  fit_tools                    INFO     Reading window for mesh2 from /global/cfs/cdirs/desi/users/shengyu/galaxies/catalogs/Y3/AbacusHF-v2/altmtl/LRG/mock4/mpspk/window_mesh2_spectrum_poles_LRG_z0.6-0.8_DR2_v2.0+dv_verr_nonparam.h5
[000011.56]  06-07 11:43  fit_tools                    INFO     Reading window for mesh2 from /global/cfs/cdirs/desi/users/shengyu/galaxies/catalogs/Y3/AbacusHF-v2/altmtl/LRG/mock5/mpspk/window_mesh2_spectrum_poles_LRG_z0.6-0.8_DR2_v2.0+dv_verr_nonparam.h5
[000011.70]  06-07 11:43  fit_tools                    INFO     Reading window for mesh2 from /global/cfs/cdirs/desi/users/shengyu/galaxies/catalogs/Y3/AbacusHF-v2/altmtl/LRG/mock6/mpspk/window_mesh2_spectrum_poles_LRG_z0.6-0.8_DR2_v2.0+dv_verr_nonparam.h5
[000011.85]  06-07 11:43  fit_tools                    INFO     Reading window for mesh2 from /global/cfs/cdirs/desi/users/shengyu/galaxies/catalogs/Y3/AbacusHF-v2/altmtl/LRG/mock7/mpspk/window_mesh2_spectrum_poles_LRG_z0.6-0.8_DR2_v2.0+dv_verr_nonparam.h5
[000012.01]  06-07 11:43  fit_tools                    INFO     Reading window for mesh2 from /global/cfs/cdirs/desi/users/shengyu/galaxies/catalogs/Y3/AbacusHF-v2/altmtl/LRG/mock8/mpspk/window_mesh2_spectrum_poles_LRG_z0.6-0.8_DR2_v2.0+dv_verr_nonparam.h5
[000012.14]  06-07 11:43  fit_tools                    INFO     Reading window for mesh2 from /global/cfs/cdirs/desi/users/shengyu/galaxies/catalogs/Y3/AbacusHF-v2/altmtl/LRG/mock9/mpspk/window_mesh2_spectrum_poles_LRG_z0.6-0.8_DR2_v2.0+dv_verr_nonparam.h5
[000012.28]  06-07 11:43  fit_tools                    INFO     Reading window for mesh2 from /global/cfs/cdirs/desi/users/shengyu/galaxies/catalogs/Y3/AbacusHF-v2/altmtl/LRG/mock10/mpspk/window_mesh2_spectrum_poles_LRG_z0.6-0.8_DR2_v2.0+dv_verr_nonparam.h5
[000012.42]  06-07 11:43  fit_tools                    INFO     Reading window for mesh2 from /global/cfs/cdirs/desi/users/shengyu/galaxies/catalogs/Y3/AbacusHF-v2/altmtl/LRG/mock11/mpspk/window_mesh2_spectrum_poles_LRG_z0.6-0.8_DR2_v2.0+dv_verr_nonparam.h5
[000012.56]  06-07 11:43  fit_tools                    INFO     Reading window for mesh2 from /global/cfs/cdirs/desi/users/shengyu/galaxies/catalogs/Y3/AbacusHF-v2/altmtl/LRG/mock12/mpspk/window_mesh2_spectrum_poles_LRG_z0.6-0.8_DR2_v2.0+dv_verr_nonparam.h5
[000012.69]  06-07 11:43  fit_tools                    INFO     Reading window for mesh2 from /global/cfs/cdirs/desi/users/shengyu/galaxies/catalogs/Y3/AbacusHF-v2/altmtl/LRG/mock13/mpspk/window_mesh2_spectrum_poles_LRG_z0.6-0.8_DR2_v2.0+dv_verr_nonparam.h5
[000012.84]  06-07 11:43  fit_tools                    INFO     Reading window for mesh2 from /global/cfs/cdirs/desi/users/shengyu/galaxies/catalogs/Y3/AbacusHF-v2/altmtl/LRG/mock14/mpspk/window_mesh2_spectrum_poles_LRG_z0.6-0.8_DR2_v2.0+dv_verr_nonparam.h5
[000012.97]  06-07 11:43  fit_tools                    INFO     Reading window for mesh2 from /global/cfs/cdirs/desi/users/shengyu/galaxies/catalogs/Y3/AbacusHF-v2/altmtl/LRG/mock15/mpspk/window_mesh2_spectrum_poles_LRG_z0.6-0.8_DR2_v2.0+dv_verr_nonparam.h5
[000013.12]  06-07 11:43  fit_tools                    INFO     Reading window for mesh2 from /global/cfs/cdirs/desi/users/shengyu/galaxies/catalogs/Y3/AbacusHF-v2/altmtl/LRG/mock16/mpspk/window_mesh2_spectrum_poles_LRG_z0.6-0.8_DR2_v2.0+dv_verr_nonparam.h5
[000013.25]  06-07 11:43  fit_tools                    INFO     Reading window for mesh2 from /global/cfs/cdirs/desi/users/shengyu/galaxies/catalogs/Y3/AbacusHF-v2/altmtl/LRG/mock17/mpspk/window_mesh2_spectrum_poles_LRG_z0.6-0.8_DR2_v2.0+dv_verr_nonparam.h5
[000013.42]  06-07 11:43  fit_tools                    INFO     Reading window for mesh2 from /global/cfs/cdirs/desi/users/shengyu/galaxies/catalogs/Y3/AbacusHF-v2/altmtl/LRG/mock18/mpspk/window_mesh2_spectrum_poles_LRG_z0.6-0.8_DR2_v2.0+dv_verr_nonparam.h5
[000014.16]  06-07 11:43  fit_tools                    INFO     Reading window for mesh2 from /global/cfs/cdirs/desi/users/shengyu/galaxies/catalogs/Y3/AbacusHF-v2/altmtl/LRG/mock19/mpspk/window_mesh2_spectrum_poles_LRG_z0.6-0.8_DR2_v2.0+dv_verr_nonparam.h5
[000014.24]  06-07 11:43  fit_tools                    INFO     Reading window for mesh2 from /global/cfs/cdirs/desi/users/shengyu/galaxies/catalogs/Y3/AbacusHF-v2/altmtl/LRG/mock20/mpspk/window_mesh2_spectrum_poles_LRG_z0.6-0.8_DR2_v2.0+dv_verr_nonparam.h5
[000014.31]  06-07 11:43  fit_tools                    INFO     Reading window for mesh2 from /global/cfs/cdirs/desi/users/shengyu/galaxies/catalogs/Y3/AbacusHF-v2/altmtl/LRG/mock21/mpspk/window_mesh2_spectrum_poles_LRG_z0.6-0.8_DR2_v2.0+dv_verr_nonparam.h5
[000014.40]  06-07 11:43  fit_tools                    INFO     Reading window for mesh2 from /global/cfs/cdirs/desi/users/shengyu/galaxies/catalogs/Y3/AbacusHF-v2/altmtl/LRG/mock22/mpspk/window_mesh2_spectrum_poles_LRG_z0.6-0.8_DR2_v2.0+dv_verr_nonparam.h5
[000014.48]  06-07 11:43  fit_tools                    INFO     Reading window for mesh2 from /global/cfs/cdirs/desi/users/shengyu/galaxies/catalogs/Y3/AbacusHF-v2/altmtl/LRG/mock23/mpspk/window_mesh2_spectrum_poles_LRG_z0.6-0.8_DR2_v2.0+dv_verr_nonparam.h5
[000014.60]  06-07 11:43  fit_tools                    INFO     Reading window for mesh2 from /global/cfs/cdirs/desi/users/shengyu/galaxies/catalogs/Y3/AbacusHF-v2/altmtl/LRG/mock24/mpspk/window_mesh2_spectrum_poles_LRG_z0.6-0.8_DR2_v2.0+dv_verr_nonparam.h5
[000014.72]  06-07 11:43  fit_tools                    INFO     Reading data for mesh3 from /global/cfs/cdirs/desi/users/shengyu/galaxies/catalogs/Y3/AbacusHF-v2/altmtl/LRG/mock0/mpspk/mesh3_spectrum_poles_sugiyama_LRG_z0.6-0.8_DR2_v2.0+dv_verr_nonparam.h5
[000014.77]  06-07 11:43  fit_tools                    INFO     Reading data for mesh3 from /global/cfs/cdirs/desi/users/shengyu/galaxies/catalogs/Y3/AbacusHF-v2/altmtl/LRG/mock1/mpspk/mesh3_spectrum_poles_sugiyama_LRG_z0.6-0.8_DR2_v2.0+dv_verr_nonparam.h5
[000014.80]  06-07 11:43  fit_tools                    INFO     Reading data for mesh3 from /global/cfs/cdirs/desi/users/shengyu/galaxies/catalogs/Y3/AbacusHF-v2/altmtl/LRG/mock2/mpspk/mesh3_spectrum_poles_sugiyama_LRG_z0.6-0.8_DR2_v2.0+dv_verr_nonparam.h5
[000014.86]  06-07 11:43  fit_tools                    INFO     Reading data for mesh3 from /global/cfs/cdirs/desi/users/shengyu/galaxies/catalogs/Y3/AbacusHF-v2/altmtl/LRG/mock3/mpspk/mesh3_spectrum_poles_sugiyama_LRG_z0.6-0.8_DR2_v2.0+dv_verr_nonparam.h5
[000014.91]  06-07 11:43  fit_tools                    INFO     Reading data for mesh3 from /global/cfs/cdirs/desi/users/shengyu/galaxies/catalogs/Y3/AbacusHF-v2/altmtl/LRG/mock4/mpspk/mesh3_spectrum_poles_sugiyama_LRG_z0.6-0.8_DR2_v2.0+dv_verr_nonparam.h5
[000014.95]  06-07 11:43  fit_tools                    INFO     Reading data for mesh3 from /global/cfs/cdirs/desi/users/shengyu/galaxies/catalogs/Y3/AbacusHF-v2/altmtl/LRG/mock5/mpspk/mesh3_spectrum_poles_sugiyama_LRG_z0.6-0.8_DR2_v2.0+dv_verr_nonparam.h5
[000014.99]  06-07 11:43  fit_tools                    INFO     Reading data for mesh3 from /global/cfs/cdirs/desi/users/shengyu/galaxies/catalogs/Y3/AbacusHF-v2/altmtl/LRG/mock6/mpspk/mesh3_spectrum_poles_sugiyama_LRG_z0.6-0.8_DR2_v2.0+dv_verr_nonparam.h5
[000015.04]  06-07 11:43  fit_tools                    INFO     Reading data for mesh3 from /global/cfs/cdirs/desi/users/shengyu/galaxies/catalogs/Y3/AbacusHF-v2/altmtl/LRG/mock7/mpspk/mesh3_spectrum_poles_sugiyama_LRG_z0.6-0.8_DR2_v2.0+dv_verr_nonparam.h5
[000015.08]  06-07 11:43  fit_tools                    INFO     Reading data for mesh3 from /global/cfs/cdirs/desi/users/shengyu/galaxies/catalogs/Y3/AbacusHF-v2/altmtl/LRG/mock8/mpspk/mesh3_spectrum_poles_sugiyama_LRG_z0.6-0.8_DR2_v2.0+dv_verr_nonparam.h5
[000015.12]  06-07 11:43  fit_tools                    INFO     Reading data for mesh3 from /global/cfs/cdirs/desi/users/shengyu/galaxies/catalogs/Y3/AbacusHF-v2/altmtl/LRG/mock9/mpspk/mesh3_spectrum_poles_sugiyama_LRG_z0.6-0.8_DR2_v2.0+dv_verr_nonparam.h5
[000015.18]  06-07 11:43  fit_tools                    INFO     Reading data for mesh3 from /global/cfs/cdirs/desi/users/shengyu/galaxies/catalogs/Y3/AbacusHF-v2/altmtl/LRG/mock10/mpspk/mesh3_spectrum_poles_sugiyama_LRG_z0.6-0.8_DR2_v2.0+dv_verr_nonparam.h5
[000015.23]  06-07 11:43  fit_tools                    INFO     Reading data for mesh3 from /global/cfs/cdirs/desi/users/shengyu/galaxies/catalogs/Y3/AbacusHF-v2/altmtl/LRG/mock11/mpspk/mesh3_spectrum_poles_sugiyama_LRG_z0.6-0.8_DR2_v2.0+dv_verr_nonparam.h5
[000015.26]  06-07 11:43  fit_tools                    INFO     Reading data for mesh3 from /global/cfs/cdirs/desi/users/shengyu/galaxies/catalogs/Y3/AbacusHF-v2/altmtl/LRG/mock12/mpspk/mesh3_spectrum_poles_sugiyama_LRG_z0.6-0.8_DR2_v2.0+dv_verr_nonparam.h5
[000015.31]  06-07 11:43  fit_tools                    INFO     Reading data for mesh3 from /global/cfs/cdirs/desi/users/shengyu/galaxies/catalogs/Y3/AbacusHF-v2/altmtl/LRG/mock13/mpspk/mesh3_spectrum_poles_sugiyama_LRG_z0.6-0.8_DR2_v2.0+dv_verr_nonparam.h5
[000015.35]  06-07 11:43  fit_tools                    INFO     Reading data for mesh3 from /global/cfs/cdirs/desi/users/shengyu/galaxies/catalogs/Y3/AbacusHF-v2/altmtl/LRG/mock14/mpspk/mesh3_spectrum_poles_sugiyama_LRG_z0.6-0.8_DR2_v2.0+dv_verr_nonparam.h5
[000015.39]  06-07 11:43  fit_tools                    INFO     Reading data for mesh3 from /global/cfs/cdirs/desi/users/shengyu/galaxies/catalogs/Y3/AbacusHF-v2/altmtl/LRG/mock15/mpspk/mesh3_spectrum_poles_sugiyama_LRG_z0.6-0.8_DR2_v2.0+dv_verr_nonparam.h5
[000015.43]  06-07 11:43  fit_tools                    INFO     Reading data for mesh3 from /global/cfs/cdirs/desi/users/shengyu/galaxies/catalogs/Y3/AbacusHF-v2/altmtl/LRG/mock16/mpspk/mesh3_spectrum_poles_sugiyama_LRG_z0.6-0.8_DR2_v2.0+dv_verr_nonparam.h5
[000015.47]  06-07 11:43  fit_tools                    INFO     Reading data for mesh3 from /global/cfs/cdirs/desi/users/shengyu/galaxies/catalogs/Y3/AbacusHF-v2/altmtl/LRG/mock17/mpspk/mesh3_spectrum_poles_sugiyama_LRG_z0.6-0.8_DR2_v2.0+dv_verr_nonparam.h5
[000015.54]  06-07 11:43  fit_tools                    INFO     Reading data for mesh3 from /global/cfs/cdirs/desi/users/shengyu/galaxies/catalogs/Y3/AbacusHF-v2/altmtl/LRG/mock18/mpspk/mesh3_spectrum_poles_sugiyama_LRG_z0.6-0.8_DR2_v2.0+dv_verr_nonparam.h5
[000015.59]  06-07 11:43  fit_tools                    INFO     Reading data for mesh3 from /global/cfs/cdirs/desi/users/shengyu/galaxies/catalogs/Y3/AbacusHF-v2/altmtl/LRG/mock19/mpspk/mesh3_spectrum_poles_sugiyama_LRG_z0.6-0.8_DR2_v2.0+dv_verr_nonparam.h5
[000015.66]  06-07 11:43  fit_tools                    INFO     Reading data for mesh3 from /global/cfs/cdirs/desi/users/shengyu/galaxies/catalogs/Y3/AbacusHF-v2/altmtl/LRG/mock20/mpspk/mesh3_spectrum_poles_sugiyama_LRG_z0.6-0.8_DR2_v2.0+dv_verr_nonparam.h5
[000015.71]  06-07 11:43  fit_tools                    INFO     Reading data for mesh3 from /global/cfs/cdirs/desi/users/shengyu/galaxies/catalogs/Y3/AbacusHF-v2/altmtl/LRG/mock21/mpspk/mesh3_spectrum_poles_sugiyama_LRG_z0.6-0.8_DR2_v2.0+dv_verr_nonparam.h5
[000015.75]  06-07 11:43  fit_tools                    INFO     Reading data for mesh3 from /global/cfs/cdirs/desi/users/shengyu/galaxies/catalogs/Y3/AbacusHF-v2/altmtl/LRG/mock22/mpspk/mesh3_spectrum_poles_sugiyama_LRG_z0.6-0.8_DR2_v2.0+dv_verr_nonparam.h5
[000015.80]  06-07 11:43  fit_tools                    INFO     Reading data for mesh3 from /global/cfs/cdirs/desi/users/shengyu/galaxies/catalogs/Y3/AbacusHF-v2/altmtl/LRG/mock23/mpspk/mesh3_spectrum_poles_sugiyama_LRG_z0.6-0.8_DR2_v2.0+dv_verr_nonparam.h5
[000015.86]  06-07 11:43  fit_tools                    INFO     Reading data for mesh3 from /global/cfs/cdirs/desi/users/shengyu/galaxies/catalogs/Y3/AbacusHF-v2/altmtl/LRG/mock24/mpspk/mesh3_spectrum_poles_sugiyama_LRG_z0.6-0.8_DR2_v2.0+dv_verr_nonparam.h5
[000015.90]  06-07 11:43  fit_tools                    INFO     Averaged data for mesh3 over 25 mock realizations
[000015.90]  06-07 11:43  fit_tools                    INFO     Reading window for mesh3 from /global/cfs/cdirs/desi/users/shengyu/galaxies/catalogs/Y3/AbacusHF-v2/altmtl/LRG/mock0/mpspk/window_mesh3_spectrum_poles_sugiyama_LRG_z0.6-0.8_DR2_v2.0+dv_verr_nonparam.h5
[000016.34]  06-07 11:43  fit_tools                    INFO     Reading window for mesh3 from /global/cfs/cdirs/desi/users/shengyu/galaxies/catalogs/Y3/AbacusHF-v2/altmtl/LRG/mock1/mpspk/window_mesh3_spectrum_poles_sugiyama_LRG_z0.6-0.8_DR2_v2.0+dv_verr_nonparam.h5
[000016.69]  06-07 11:43  fit_tools                    INFO     Reading window for mesh3 from /global/cfs/cdirs/desi/users/shengyu/galaxies/catalogs/Y3/AbacusHF-v2/altmtl/LRG/mock2/mpspk/window_mesh3_spectrum_poles_sugiyama_LRG_z0.6-0.8_DR2_v2.0+dv_verr_nonparam.h5
[000017.06]  06-07 11:43  fit_tools                    INFO     Reading window for mesh3 from /global/cfs/cdirs/desi/users/shengyu/galaxies/catalogs/Y3/AbacusHF-v2/altmtl/LRG/mock3/mpspk/window_mesh3_spectrum_poles_sugiyama_LRG_z0.6-0.8_DR2_v2.0+dv_verr_nonparam.h5
[000017.81]  06-07 11:43  fit_tools                    INFO     Reading window for mesh3 from /global/cfs/cdirs/desi/users/shengyu/galaxies/catalogs/Y3/AbacusHF-v2/altmtl/LRG/mock4/mpspk/window_mesh3_spectrum_poles_sugiyama_LRG_z0.6-0.8_DR2_v2.0+dv_verr_nonparam.h5
[000018.29]  06-07 11:43  fit_tools                    INFO     Reading window for mesh3 from /global/cfs/cdirs/desi/users/shengyu/galaxies/catalogs/Y3/AbacusHF-v2/altmtl/LRG/mock5/mpspk/window_mesh3_spectrum_poles_sugiyama_LRG_z0.6-0.8_DR2_v2.0+dv_verr_nonparam.h5
[000018.67]  06-07 11:43  fit_tools                    INFO     Reading window for mesh3 from /global/cfs/cdirs/desi/users/shengyu/galaxies/catalogs/Y3/AbacusHF-v2/altmtl/LRG/mock6/mpspk/window_mesh3_spectrum_poles_sugiyama_LRG_z0.6-0.8_DR2_v2.0+dv_verr_nonparam.h5
[000019.07]  06-07 11:43  fit_tools                    INFO     Reading window for mesh3 from /global/cfs/cdirs/desi/users/shengyu/galaxies/catalogs/Y3/AbacusHF-v2/altmtl/LRG/mock7/mpspk/window_mesh3_spectrum_poles_sugiyama_LRG_z0.6-0.8_DR2_v2.0+dv_verr_nonparam.h5
[000019.54]  06-07 11:43  fit_tools                    INFO     Reading window for mesh3 from /global/cfs/cdirs/desi/users/shengyu/galaxies/catalogs/Y3/AbacusHF-v2/altmtl/LRG/mock8/mpspk/window_mesh3_spectrum_poles_sugiyama_LRG_z0.6-0.8_DR2_v2.0+dv_verr_nonparam.h5
[000019.93]  06-07 11:43  fit_tools                    INFO     Reading window for mesh3 from /global/cfs/cdirs/desi/users/shengyu/galaxies/catalogs/Y3/AbacusHF-v2/altmtl/LRG/mock9/mpspk/window_mesh3_spectrum_poles_sugiyama_LRG_z0.6-0.8_DR2_v2.0+dv_verr_nonparam.h5
[000020.25]  06-07 11:43  fit_tools                    INFO     Reading window for mesh3 from /global/cfs/cdirs/desi/users/shengyu/galaxies/catalogs/Y3/AbacusHF-v2/altmtl/LRG/mock10/mpspk/window_mesh3_spectrum_poles_sugiyama_LRG_z0.6-0.8_DR2_v2.0+dv_verr_nonparam.h5
[000020.72]  06-07 11:43  fit_tools                    INFO     Reading window for mesh3 from /global/cfs/cdirs/desi/users/shengyu/galaxies/catalogs/Y3/AbacusHF-v2/altmtl/LRG/mock11/mpspk/window_mesh3_spectrum_poles_sugiyama_LRG_z0.6-0.8_DR2_v2.0+dv_verr_nonparam.h5
[000021.04]  06-07 11:43  fit_tools                    INFO     Reading window for mesh3 from /global/cfs/cdirs/desi/users/shengyu/galaxies/catalogs/Y3/AbacusHF-v2/altmtl/LRG/mock12/mpspk/window_mesh3_spectrum_poles_sugiyama_LRG_z0.6-0.8_DR2_v2.0+dv_verr_nonparam.h5
[000021.40]  06-07 11:43  fit_tools                    INFO     Reading window for mesh3 from /global/cfs/cdirs/desi/users/shengyu/galaxies/catalogs/Y3/AbacusHF-v2/altmtl/LRG/mock13/mpspk/window_mesh3_spectrum_poles_sugiyama_LRG_z0.6-0.8_DR2_v2.0+dv_verr_nonparam.h5
[000021.87]  06-07 11:43  fit_tools                    INFO     Reading window for mesh3 from /global/cfs/cdirs/desi/users/shengyu/galaxies/catalogs/Y3/AbacusHF-v2/altmtl/LRG/mock14/mpspk/window_mesh3_spectrum_poles_sugiyama_LRG_z0.6-0.8_DR2_v2.0+dv_verr_nonparam.h5
[000022.26]  06-07 11:43  fit_tools                    INFO     Reading window for mesh3 from /global/cfs/cdirs/desi/users/shengyu/galaxies/catalogs/Y3/AbacusHF-v2/altmtl/LRG/mock15/mpspk/window_mesh3_spectrum_poles_sugiyama_LRG_z0.6-0.8_DR2_v2.0+dv_verr_nonparam.h5
[000022.58]  06-07 11:43  fit_tools                    INFO     Reading window for mesh3 from /global/cfs/cdirs/desi/users/shengyu/galaxies/catalogs/Y3/AbacusHF-v2/altmtl/LRG/mock16/mpspk/window_mesh3_spectrum_poles_sugiyama_LRG_z0.6-0.8_DR2_v2.0+dv_verr_nonparam.h5
[000023.12]  06-07 11:43  fit_tools                    INFO     Reading window for mesh3 from /global/cfs/cdirs/desi/users/shengyu/galaxies/catalogs/Y3/AbacusHF-v2/altmtl/LRG/mock17/mpspk/window_mesh3_spectrum_poles_sugiyama_LRG_z0.6-0.8_DR2_v2.0+dv_verr_nonparam.h5
[000023.48]  06-07 11:43  fit_tools                    INFO     Reading window for mesh3 from /global/cfs/cdirs/desi/users/shengyu/galaxies/catalogs/Y3/AbacusHF-v2/altmtl/LRG/mock18/mpspk/window_mesh3_spectrum_poles_sugiyama_LRG_z0.6-0.8_DR2_v2.0+dv_verr_nonparam.h5
[000023.97]  06-07 11:43  fit_tools                    INFO     Reading window for mesh3 from /global/cfs/cdirs/desi/users/shengyu/galaxies/catalogs/Y3/AbacusHF-v2/altmtl/LRG/mock19/mpspk/window_mesh3_spectrum_poles_sugiyama_LRG_z0.6-0.8_DR2_v2.0+dv_verr_nonparam.h5
[000024.30]  06-07 11:43  fit_tools                    INFO     Reading window for mesh3 from /global/cfs/cdirs/desi/users/shengyu/galaxies/catalogs/Y3/AbacusHF-v2/altmtl/LRG/mock20/mpspk/window_mesh3_spectrum_poles_sugiyama_LRG_z0.6-0.8_DR2_v2.0+dv_verr_nonparam.h5
[000024.75]  06-07 11:43  fit_tools                    INFO     Reading window for mesh3 from /global/cfs/cdirs/desi/users/shengyu/galaxies/catalogs/Y3/AbacusHF-v2/altmtl/LRG/mock21/mpspk/window_mesh3_spectrum_poles_sugiyama_LRG_z0.6-0.8_DR2_v2.0+dv_verr_nonparam.h5
[000025.29]  06-07 11:43  fit_tools                    INFO     Reading window for mesh3 from /global/cfs/cdirs/desi/users/shengyu/galaxies/catalogs/Y3/AbacusHF-v2/altmtl/LRG/mock22/mpspk/window_mesh3_spectrum_poles_sugiyama_LRG_z0.6-0.8_DR2_v2.0+dv_verr_nonparam.h5
[000026.30]  06-07 11:43  fit_tools                    INFO     Reading window for mesh3 from /global/cfs/cdirs/desi/users/shengyu/galaxies/catalogs/Y3/AbacusHF-v2/altmtl/LRG/mock23/mpspk/window_mesh3_spectrum_poles_sugiyama_LRG_z0.6-0.8_DR2_v2.0+dv_verr_nonparam.h5
[000026.65]  06-07 11:43  fit_tools                    INFO     Reading window for mesh3 from /global/cfs/cdirs/desi/users/shengyu/galaxies/catalogs/Y3/AbacusHF-v2/altmtl/LRG/mock24/mpspk/window_mesh3_spectrum_poles_sugiyama_LRG_z0.6-0.8_DR2_v2.0+dv_verr_nonparam.h5
[000027.28]  06-07 11:44  fit_tools                    INFO     Writing cached stats /global/cfs/cdirs/desi/users/shengyu/Y3/full-shape/redshift_errors/fits/_cache/prepared_stats/data_LRG2-z0.6-0.8-mean25-S2+LRG2-z0.6-0.8-mean25-S3-cf751cb0.h5.
[000027.35]  06-07 11:44  fit_tools                    INFO     Writing cached stats /global/cfs/cdirs/desi/users/shengyu/Y3/full-shape/redshift_errors/fits/_cache/prepared_stats/window_LRG2-z0.6-0.8-mean25-S2+LRG2-z0.6-0.8-mean25-S3-cf751cb0.h5.
[000027.77]  06-07 11:44  fit_tools                    INFO     Reading covariance, first matched: /global/cfs/cdirs/desi/users/shengyu/galaxies/catalogs/Y3/holi-v3/altmtl/LRG/mock0/mpspk/mesh2_spectrum_poles_LRG_z0.6-0.8_holi_v3+dv_verr_nonparam.h5
[000112.00]  06-07 11:45  fit_tools                    INFO     Built covariance from 846 mock realizations; shape=(160, 160)
[000112.00]  06-07 11:45  fit_tools                    WARNING  Skipped 154 missing covariance mock files
[000112.00]  06-07 11:45  fit_tools                    INFO     Applied covariance corrections ('hartlap', 'percival') with factor 1.486729, hartlap=0.809467, percival=1.203459, nparams=9
[000112.01]  06-07 11:45  fit_tools                    INFO     Writing cached stats /global/cfs/cdirs/desi/users/shengyu/Y3/full-shape/redshift_errors/fits/_cache/prepared_stats/covariance_LRG2-z0.6-0.8-mean25-S2+LRG2-z0.6-0.8-mean25-S3+cov-mock-holi-v3-fedaded1.h5.
[000112.08]  06-07 11:45  fit_tools                    WARNING  No redshift found in data attributes; read z=0.706 from the mesh2 window.
[000112.09]  06-07 11:45  fit_tools                    WARNING  No redshift found in data attributes; read z=0.706 from the mesh2 window.
[000112.09]  06-07 11:45  fit_tools                    WARNING  No redshift found in data attributes; read z=0.706 from the mesh2 window.
[000112.09]  06-07 11:45  fit_tools                    WARNING  No redshift found in data attributes; read z=0.706 from the mesh2 window.
⚠️ No GPU found. Using JAX with CPU.
⚠️ No GPU found. Using JAX with CPU.
⚠️ No GPU found. Using JAX with CPU.
⚠️ No GPU found. Using JAX with CPU.
Calculating matrices (no save path specified)
Calculating matrices (no save path specified)
Calculating matrices (no save path specified)
Calculating matrices (no save path specified)
/global/homes/s/shengyu/.conda/envs/fit_env/lib/python3.12/site-packages/cosmoprimo/eisenstein_hu.py:25: UserWarning: EisensteinHuNoWiggleEngine cannot cope with massive neutrinos
  warnings.warn('{} cannot cope with massive neutrinos'.format(self.__class__.__name__))
/global/homes/s/shengyu/.conda/envs/fit_env/lib/python3.12/site-packages/cosmoprimo/eisenstein_hu.py:25: UserWarning: EisensteinHuNoWiggleEngine cannot cope with massive neutrinos
  warnings.warn('{} cannot cope with massive neutrinos'.format(self.__class__.__name__))
/global/homes/s/shengyu/.conda/envs/fit_env/lib/python3.12/site-packages/cosmoprimo/eisenstein_hu.py:25: UserWarning: EisensteinHuNoWiggleEngine cannot cope with massive neutrinos
  warnings.warn('{} cannot cope with massive neutrinos'.format(self.__class__.__name__))
/global/homes/s/shengyu/.conda/envs/fit_env/lib/python3.12/site-packages/cosmoprimo/eisenstein_hu.py:25: UserWarning: EisensteinHuNoWiggleEngine cannot cope with massive neutrinos
  warnings.warn('{} cannot cope with massive neutrinos'.format(self.__class__.__name__))
Calculating matrices (no save path specified)
Calculating matrices (no save path specified)
Calculating matrices (no save path specified)
Calculating matrices (no save path specified)
[000120.54]  06-07 11:45  fit_tools                    INFO     Reading cached emulator /global/cfs/cdirs/desi/users/shengyu/Y3/full-shape/redshift_errors/fits/_cache/emulator_cosmo-base_taylor/emulator_LRG2-z0.6-0.8-mean25-S2-ell0-k0.02-0.30-0.005-ell2-k0.02-0.30-0.005-th-folpsD_beddf668.npy
[000120.54]  06-07 11:45  fit_tools                    INFO     Reading cached emulator /global/cfs/cdirs/desi/users/shengyu/Y3/full-shape/redshift_errors/fits/_cache/emulator_cosmo-base_taylor/emulator_LRG2-z0.6-0.8-mean25-S2-ell0-k0.02-0.30-0.005-ell2-k0.02-0.30-0.005-th-folpsD_beddf668.npy
[000120.54]  06-07 11:45  fit_tools                    INFO     Reading cached emulator /global/cfs/cdirs/desi/users/shengyu/Y3/full-shape/redshift_errors/fits/_cache/emulator_cosmo-base_taylor/emulator_LRG2-z0.6-0.8-mean25-S2-ell0-k0.02-0.30-0.005-ell2-k0.02-0.30-0.005-th-folpsD_beddf668.npy
[000120.54]  06-07 11:45  fit_tools                    INFO     Reading cached emulator /global/cfs/cdirs/desi/users/shengyu/Y3/full-shape/redshift_errors/fits/_cache/emulator_cosmo-base_taylor/emulator_LRG2-z0.6-0.8-mean25-S2-ell0-k0.02-0.30-0.005-ell2-k0.02-0.30-0.005-th-folpsD_beddf668.npy
[000120.54]  06-07 11:45  Emulator                     INFO     Loading /global/cfs/cdirs/desi/users/shengyu/Y3/full-shape/redshift_errors/fits/_cache/emulator_cosmo-base_taylor/emulator_LRG2-z0.6-0.8-mean25-S2-ell0-k0.02-0.30-0.005-ell2-k0.02-0.30-0.005-th-folpsD_beddf668.npy.
[000120.54]  06-07 11:45  Emulator                     INFO     Loading /global/cfs/cdirs/desi/users/shengyu/Y3/full-shape/redshift_errors/fits/_cache/emulator_cosmo-base_taylor/emulator_LRG2-z0.6-0.8-mean25-S2-ell0-k0.02-0.30-0.005-ell2-k0.02-0.30-0.005-th-folpsD_beddf668.npy.
[000120.54]  06-07 11:45  Emulator                     INFO     Loading /global/cfs/cdirs/desi/users/shengyu/Y3/full-shape/redshift_errors/fits/_cache/emulator_cosmo-base_taylor/emulator_LRG2-z0.6-0.8-mean25-S2-ell0-k0.02-0.30-0.005-ell2-k0.02-0.30-0.005-th-folpsD_beddf668.npy.
[000120.54]  06-07 11:45  Emulator                     INFO     Loading /global/cfs/cdirs/desi/users/shengyu/Y3/full-shape/redshift_errors/fits/_cache/emulator_cosmo-base_taylor/emulator_LRG2-z0.6-0.8-mean25-S2-ell0-k0.02-0.30-0.005-ell2-k0.02-0.30-0.005-th-folpsD_beddf668.npy.
Calculating matrices (no save path specified)
Calculating matrices (no save path specified)
Calculating matrices (no save path specified)
Calculating matrices (no save path specified)
[000125.73]  06-07 11:45  fit_tools                    INFO     Fitting emulator /global/cfs/cdirs/desi/users/shengyu/Y3/full-shape/redshift_errors/fits/_cache/emulator_cosmo-base_taylor/emulator_LRG2-z0.6-0.8-mean25-S3-ell000-k0.02-0.20-0.005-ell202-k0.02-0.08-0.005-th-folpsD_97c1c853.npy
[000125.75]  06-07 11:45  fit_tools                    INFO     Fitting emulator /global/cfs/cdirs/desi/users/shengyu/Y3/full-shape/redshift_errors/fits/_cache/emulator_cosmo-base_taylor/emulator_LRG2-z0.6-0.8-mean25-S3-ell000-k0.02-0.20-0.005-ell202-k0.02-0.08-0.005-th-folpsD_97c1c853.npy
[000125.76]  06-07 11:45  fit_tools                    INFO     Fitting emulator /global/cfs/cdirs/desi/users/shengyu/Y3/full-shape/redshift_errors/fits/_cache/emulator_cosmo-base_taylor/emulator_LRG2-z0.6-0.8-mean25-S3-ell000-k0.02-0.20-0.005-ell202-k0.02-0.08-0.005-th-folpsD_97c1c853.npy
[000125.77]  06-07 11:45  fit_tools                    INFO     Fitting emulator /global/cfs/cdirs/desi/users/shengyu/Y3/full-shape/redshift_errors/fits/_cache/emulator_cosmo-base_taylor/emulator_LRG2-z0.6-0.8-mean25-S3-ell000-k0.02-0.20-0.005-ell202-k0.02-0.08-0.005-th-folpsD_97c1c853.npy
Calculating matrices (no save path specified)
Calculating matrices (no save path specified)
Calculating matrices (no save path specified)
Calculating matrices (no save path specified)
[000129.70]  06-07 11:45  Emulator                     INFO     Varied parameters: ['h', 'omega_cdm', 'omega_b', 'logA', 'n_s'].
[000129.70]  06-07 11:45  Emulator                     INFO     Found varying ['H0', 'Omega_m', 'sigma8_m', 'sigma8', 'fsigma8', 'pt-jac', 'pt-kap', 'pt-muap', 'pt-table', 'pt-table_now', 'pt-scalars', 'pt-scalars_now', 'pt-qpar', 'pt-qper', 'pt-f', 'pt-f0', 'pt-pklir'] and fixed ['k', 'z', 'ells', 'wmu', 'kt', 'pt-A_full', 'pt-remove_DeltaP'] outputs.
[000130.06]  06-07 11:45  Differentiation              INFO     Varied parameters: ['h', 'omega_cdm', 'omega_b', 'logA', 'n_s'].
[000131.43]  06-07 11:45  Differentiation              INFO     h grid is [0.6136 0.6436 0.6736 0.7036 0.7336].
[000131.43]  06-07 11:45  Differentiation              INFO     omega_cdm grid is [0.106 0.113 0.12  0.127 0.134].
[000131.43]  06-07 11:45  Differentiation              INFO     omega_b grid is [0.01937 0.02087 0.02237 0.02387 0.02537].
[000131.43]  06-07 11:45  Differentiation              INFO     logA grid is [2.93639426 2.98639426 3.03639426 3.08639426 3.13639426].
[000131.43]  06-07 11:45  Differentiation              INFO     n_s grid is [0.9549 0.9599 0.9649 0.9699 0.9749].
[000131.43]  06-07 11:45  Differentiation              INFO     Differentiation will evaluate 141 points.
[000145.62]  06-07 11:45  Emulator                     INFO     Fitting H0.
[000145.64]  06-07 11:45  Emulator                     INFO     Fitting Omega_m.
[000145.67]  06-07 11:45  Emulator                     INFO     Fitting sigma8_m.
[000145.69]  06-07 11:45  Emulator                     INFO     Fitting sigma8.
[000145.72]  06-07 11:45  Emulator                     INFO     Fitting fsigma8.
[000145.74]  06-07 11:45  Emulator                     INFO     Fitting pt-jac.
[000145.77]  06-07 11:45  Emulator                     INFO     Fitting pt-kap.
[000145.79]  06-07 11:45  Emulator                     INFO     Fitting pt-muap.
[000145.82]  06-07 11:45  Emulator                     INFO     Fitting pt-table.
[000145.84]  06-07 11:45  Emulator                     INFO     Fitting pt-table_now.
[000145.87]  06-07 11:45  Emulator                     INFO     Fitting pt-scalars.
[000145.89]  06-07 11:45  Emulator                     INFO     Fitting pt-scalars_now.
[000145.92]  06-07 11:45  Emulator                     INFO     Fitting pt-qpar.
[000145.94]  06-07 11:45  Emulator                     INFO     Fitting pt-qper.
[000145.97]  06-07 11:45  Emulator                     INFO     Fitting pt-f.
[000145.99]  06-07 11:45  Emulator                     INFO     Fitting pt-f0.
[000146.02]  06-07 11:45  Emulator                     INFO     Fitting pt-pklir.
[000146.12]  06-07 11:45  Emulator                     INFO     Saving /global/cfs/cdirs/desi/users/shengyu/Y3/full-shape/redshift_errors/fits/_cache/emulator_cosmo-base_taylor/emulator_LRG2-z0.6-0.8-mean25-S3-ell000-k0.02-0.20-0.005-ell202-k0.02-0.08-0.005-th-folpsD_97c1c853.npy.
[000146.13]  06-07 11:45  BaseConfig                   INFO     Saving /global/cfs/cdirs/desi/users/shengyu/Y3/full-shape/redshift_errors/fits/_cache/emulator_cosmo-base_taylor/emulator_LRG2-z0.6-0.8-mean25-S3-ell000-k0.02-0.20-0.005-ell202-k0.02-0.08-0.005-th-folpsD_97c1c853.yaml.
/global/u1/s/shengyu/packages/desilike/desilike/base.py:447: UserWarning: Derived parameter H0 of <desilike.theories.galaxy_clustering.full_shape.FOLPSv2PowerSpectrumMultipoles object at 0x7f476c2412e0> is already derived in <desilike.theories.galaxy_clustering.full_shape.FOLPSv2PowerSpectrumMultipoles object at 0x7f472cf7f350>.
  if self.mpicomm.rank == 0: warnings.warn(msg)
/global/u1/s/shengyu/packages/desilike/desilike/base.py:447: UserWarning: Derived parameter Omega_m of <desilike.theories.galaxy_clustering.full_shape.FOLPSv2PowerSpectrumMultipoles object at 0x7f476c2412e0> is already derived in <desilike.theories.galaxy_clustering.full_shape.FOLPSv2PowerSpectrumMultipoles object at 0x7f472cf7f350>.
  if self.mpicomm.rank == 0: warnings.warn(msg)
/global/u1/s/shengyu/packages/desilike/desilike/base.py:447: UserWarning: Derived parameter sigma8_m of <desilike.theories.galaxy_clustering.full_shape.FOLPSv2PowerSpectrumMultipoles object at 0x7f476c2412e0> is already derived in <desilike.theories.galaxy_clustering.full_shape.FOLPSv2PowerSpectrumMultipoles object at 0x7f472cf7f350>.
  if self.mpicomm.rank == 0: warnings.warn(msg)
[000146.35]  06-07 11:45  PocoMCSampler                INFO     Varied parameters: ['h', 'omega_cdm', 'omega_b', 'logA', 'n_s', 'LRG2.b1p', 'LRG2.b2p', 'LRG2.bsp', 'LRG2.c1p', 'LRG2.c2p', 'LRG2.Pshotp', 'LRG2.Bshotp', 'LRG2.X_FoG_bp', 'LRG2.X_FoG_pp'].
[None]
[000181.68]  06-07 11:46  PocoMCSampler                INFO     Successfully vmap input likelihood.
[000187.57]  06-07 11:46  PocoMCSampler                INFO     Successfully jit input likelihood.
Saving PMC state to /global/cfs/cdirs/desi/users/shengyu/Y3/full-shape/redshift_errors/fits/cosmo-base_LRG2-z0.6-0.8-mean25-S2+LRG2-z0.6-0.8-mean25-S3-3fe6839b/chain_0.pocomc.state
[000447.95]  06-07 11:51  Chain                        INFO     Saving /global/cfs/cdirs/desi/users/shengyu/Y3/full-shape/redshift_errors/fits/cosmo-base_LRG2-z0.6-0.8-mean25-S2+LRG2-z0.6-0.8-mean25-S3-3fe6839b/chain_0.npy.
[000447.99]  06-07 11:51  PocoMCSampler                INFO     Diagnostics:
[000448.03]  06-07 11:51  Diagnostics                  INFO     - max eigen Gelman-Rubin - 1 is 0.458; not < 0.03.
[000448.06]  06-07 11:51  Diagnostics                  INFO     - max diag Gelman-Rubin - 1 is 0.148.
[000448.27]  06-07 11:51  Diagnostics                  INFO     - max diag Gelman-Rubin - 1 at 1.0 sigmas is 0.507.
[000448.29]  06-07 11:51  Diagnostics                  INFO     - max Geweke is 0.426.
[000448.29]  06-07 11:51  Diagnostics                  INFO     - Geweke p-value is 0.00031.
[000448.83]  06-07 11:51  Diagnostics                  INFO     - effective sample size = (10 iterations / integrated autocorrelation time) is 14.7.
Saving PMC state to /global/cfs/cdirs/desi/users/shengyu/Y3/full-shape/redshift_errors/fits/cosmo-base_LRG2-z0.6-0.8-mean25-S2+LRG2-z0.6-0.8-mean25-S3-3fe6839b/chain_0.pocomc.state
[000815.79]  06-07 11:57  Chain                        INFO     Saving /global/cfs/cdirs/desi/users/shengyu/Y3/full-shape/redshift_errors/fits/cosmo-base_LRG2-z0.6-0.8-mean25-S2+LRG2-z0.6-0.8-mean25-S3-3fe6839b/chain_0.npy.
[000815.84]  06-07 11:57  PocoMCSampler                INFO     Diagnostics:
[000815.88]  06-07 11:57  Diagnostics                  INFO     - max eigen Gelman-Rubin - 1 is 0.337; not < 0.03.
[000815.91]  06-07 11:57  Diagnostics                  INFO     - max diag Gelman-Rubin - 1 is 0.189.
[000816.25]  06-07 11:57  Diagnostics                  INFO     - max diag Gelman-Rubin - 1 at 1.0 sigmas is 0.359.
[000816.27]  06-07 11:57  Diagnostics                  INFO     - max Geweke is 0.39.
[000816.27]  06-07 11:57  Diagnostics                  INFO     - Geweke p-value is 0.00296.
[000816.82]  06-07 11:57  Diagnostics                  INFO     - effective sample size = (20 iterations / integrated autocorrelation time) is 16.8.
[000816.82]  06-07 11:57  Diagnostics                  INFO     - max variation of integrated autocorrelation time is 0.615.
Saving PMC state to /global/cfs/cdirs/desi/users/shengyu/Y3/full-shape/redshift_errors/fits/cosmo-base_LRG2-z0.6-0.8-mean25-S2+LRG2-z0.6-0.8-mean25-S3-3fe6839b/chain_0.pocomc.state
[001205.96]  06-07 12:03  Chain                        INFO     Saving /global/cfs/cdirs/desi/users/shengyu/Y3/full-shape/redshift_errors/fits/cosmo-base_LRG2-z0.6-0.8-mean25-S2+LRG2-z0.6-0.8-mean25-S3-3fe6839b/chain_0.npy.
[001206.02]  06-07 12:03  PocoMCSampler                INFO     Diagnostics:
[001206.06]  06-07 12:03  Diagnostics                  INFO     - max eigen Gelman-Rubin - 1 is 0.304; not < 0.03.
[001206.10]  06-07 12:03  Diagnostics                  INFO     - max diag Gelman-Rubin - 1 is 0.218.
[001206.52]  06-07 12:03  Diagnostics                  INFO     - max diag Gelman-Rubin - 1 at 1.0 sigmas is 0.686.
[001206.54]  06-07 12:03  Diagnostics                  INFO     - max Geweke is 0.397.
[001206.54]  06-07 12:03  Diagnostics                  INFO     - Geweke p-value is 8.36e-06.
[001207.08]  06-07 12:03  Diagnostics                  INFO     - effective sample size = (30 iterations / integrated autocorrelation time) is 18.2.
[001207.08]  06-07 12:03  Diagnostics                  INFO     - max variation of integrated autocorrelation time is 0.33.
Saving PMC state to /global/cfs/cdirs/desi/users/shengyu/Y3/full-shape/redshift_errors/fits/cosmo-base_LRG2-z0.6-0.8-mean25-S2+LRG2-z0.6-0.8-mean25-S3-3fe6839b/chain_0.pocomc.state
[001601.22]  06-07 12:10  Chain                        INFO     Saving /global/cfs/cdirs/desi/users/shengyu/Y3/full-shape/redshift_errors/fits/cosmo-base_LRG2-z0.6-0.8-mean25-S2+LRG2-z0.6-0.8-mean25-S3-3fe6839b/chain_0.npy.
[001601.28]  06-07 12:10  PocoMCSampler                INFO     Diagnostics:
[001601.32]  06-07 12:10  Diagnostics                  INFO     - max eigen Gelman-Rubin - 1 is 1.07; not < 0.03.
[001601.36]  06-07 12:10  Diagnostics                  INFO     - max diag Gelman-Rubin - 1 is 0.387.
[001601.59]  06-07 12:10  Diagnostics                  INFO     - max diag Gelman-Rubin - 1 at 1.0 sigmas is 0.986.
[001601.62]  06-07 12:10  Diagnostics                  INFO     - max Geweke is 0.476.
[001601.62]  06-07 12:10  Diagnostics                  INFO     - Geweke p-value is 6.42e-07.
[001602.16]  06-07 12:10  Diagnostics                  INFO     - effective sample size = (40 iterations / integrated autocorrelation time) is 13.7.
[001602.16]  06-07 12:10  Diagnostics                  INFO     - max variation of integrated autocorrelation time is 0.608.
Saving PMC state to /global/cfs/cdirs/desi/users/shengyu/Y3/full-shape/redshift_errors/fits/cosmo-base_LRG2-z0.6-0.8-mean25-S2+LRG2-z0.6-0.8-mean25-S3-3fe6839b/chain_0.pocomc.state
[001973.37]  06-07 12:16  Chain                        INFO     Saving /global/cfs/cdirs/desi/users/shengyu/Y3/full-shape/redshift_errors/fits/cosmo-base_LRG2-z0.6-0.8-mean25-S2+LRG2-z0.6-0.8-mean25-S3-3fe6839b/chain_0.npy.
[001973.42]  06-07 12:16  PocoMCSampler                INFO     Diagnostics:
[001973.46]  06-07 12:16  Diagnostics                  INFO     - max eigen Gelman-Rubin - 1 is 1.16; not < 0.03.
[001973.50]  06-07 12:16  Diagnostics                  INFO     - max diag Gelman-Rubin - 1 is 0.369.
[001973.76]  06-07 12:16  Diagnostics                  INFO     - max diag Gelman-Rubin - 1 at 1.0 sigmas is 1.12.
[001973.78]  06-07 12:16  Diagnostics                  INFO     - max Geweke is 0.526.
[001973.78]  06-07 12:16  Diagnostics                  INFO     - Geweke p-value is 2.11e-06.
[001974.33]  06-07 12:16  Diagnostics                  INFO     - effective sample size = (50 iterations / integrated autocorrelation time) is 13.
[001974.33]  06-07 12:16  Diagnostics                  INFO     - max variation of integrated autocorrelation time is 0.624.
Saving PMC state to /global/cfs/cdirs/desi/users/shengyu/Y3/full-shape/redshift_errors/fits/cosmo-base_LRG2-z0.6-0.8-mean25-S2+LRG2-z0.6-0.8-mean25-S3-3fe6839b/chain_0.pocomc.state
[002357.39]  06-07 12:22  Chain                        INFO     Saving /global/cfs/cdirs/desi/users/shengyu/Y3/full-shape/redshift_errors/fits/cosmo-base_LRG2-z0.6-0.8-mean25-S2+LRG2-z0.6-0.8-mean25-S3-3fe6839b/chain_0.npy.
[002357.45]  06-07 12:22  PocoMCSampler                INFO     Diagnostics:
[002357.48]  06-07 12:22  Diagnostics                  INFO     - max eigen Gelman-Rubin - 1 is 1.61; not < 0.03.
[002357.52]  06-07 12:22  Diagnostics                  INFO     - max diag Gelman-Rubin - 1 is 0.539.
[002357.65]  06-07 12:22  Diagnostics                  INFO     - max diag Gelman-Rubin - 1 at 1.0 sigmas is 1.75.
[002357.68]  06-07 12:22  Diagnostics                  INFO     - max Geweke is 0.392.
[002357.68]  06-07 12:22  Diagnostics                  INFO     - Geweke p-value is 4.35e-06.
[002358.22]  06-07 12:22  Diagnostics                  INFO     - effective sample size = (60 iterations / integrated autocorrelation time) is 11.6.
[002358.22]  06-07 12:22  Diagnostics                  INFO     - max variation of integrated autocorrelation time is 0.808.
Saving PMC state to /global/cfs/cdirs/desi/users/shengyu/Y3/full-shape/redshift_errors/fits/cosmo-base_LRG2-z0.6-0.8-mean25-S2+LRG2-z0.6-0.8-mean25-S3-3fe6839b/chain_0.pocomc.state
[002748.47]  06-07 12:29  Chain                        INFO     Saving /global/cfs/cdirs/desi/users/shengyu/Y3/full-shape/redshift_errors/fits/cosmo-base_LRG2-z0.6-0.8-mean25-S2+LRG2-z0.6-0.8-mean25-S3-3fe6839b/chain_0.npy.
[002748.55]  06-07 12:29  PocoMCSampler                INFO     Diagnostics:
[002748.59]  06-07 12:29  Diagnostics                  INFO     - max eigen Gelman-Rubin - 1 is 1.56; not < 0.03.
[002748.63]  06-07 12:29  Diagnostics                  INFO     - max diag Gelman-Rubin - 1 is 0.479.
[002748.76]  06-07 12:29  Diagnostics                  INFO     - max diag Gelman-Rubin - 1 at 1.0 sigmas is 1.16.
[002748.78]  06-07 12:29  Diagnostics                  INFO     - max Geweke is 0.47.
[002748.78]  06-07 12:29  Diagnostics                  INFO     - Geweke p-value is 0.000338.
[002749.34]  06-07 12:29  Diagnostics                  INFO     - effective sample size = (70 iterations / integrated autocorrelation time) is 11.7.
[002749.34]  06-07 12:29  Diagnostics                  INFO     - max variation of integrated autocorrelation time is 0.926.
Saving PMC state to /global/cfs/cdirs/desi/users/shengyu/Y3/full-shape/redshift_errors/fits/cosmo-base_LRG2-z0.6-0.8-mean25-S2+LRG2-z0.6-0.8-mean25-S3-3fe6839b/chain_0.pocomc.state
[003131.77]  06-07 12:35  Chain                        INFO     Saving /global/cfs/cdirs/desi/users/shengyu/Y3/full-shape/redshift_errors/fits/cosmo-base_LRG2-z0.6-0.8-mean25-S2+LRG2-z0.6-0.8-mean25-S3-3fe6839b/chain_0.npy.
[003131.85]  06-07 12:35  PocoMCSampler                INFO     Diagnostics:
[003131.89]  06-07 12:35  Diagnostics                  INFO     - max eigen Gelman-Rubin - 1 is 2.07; not < 0.03.
[003131.93]  06-07 12:35  Diagnostics                  INFO     - max diag Gelman-Rubin - 1 is 0.461.
[003132.06]  06-07 12:35  Diagnostics                  INFO     - max diag Gelman-Rubin - 1 at 1.0 sigmas is 0.878.
[003132.08]  06-07 12:35  Diagnostics                  INFO     - max Geweke is 0.397.
[003132.08]  06-07 12:35  Diagnostics                  INFO     - Geweke p-value is 5.39e-07.
[003132.64]  06-07 12:35  Diagnostics                  INFO     - effective sample size = (80 iterations / integrated autocorrelation time) is 13.4.
[003132.64]  06-07 12:35  Diagnostics                  INFO     - max variation of integrated autocorrelation time is 0.334.
Saving PMC state to /global/cfs/cdirs/desi/users/shengyu/Y3/full-shape/redshift_errors/fits/cosmo-base_LRG2-z0.6-0.8-mean25-S2+LRG2-z0.6-0.8-mean25-S3-3fe6839b/chain_0.pocomc.state
[003518.35]  06-07 12:42  Chain                        INFO     Saving /global/cfs/cdirs/desi/users/shengyu/Y3/full-shape/redshift_errors/fits/cosmo-base_LRG2-z0.6-0.8-mean25-S2+LRG2-z0.6-0.8-mean25-S3-3fe6839b/chain_0.npy.
[003518.43]  06-07 12:42  PocoMCSampler                INFO     Diagnostics:
[003518.49]  06-07 12:42  Diagnostics                  INFO     - max eigen Gelman-Rubin - 1 is 1.77; not < 0.03.
[003518.54]  06-07 12:42  Diagnostics                  INFO     - max diag Gelman-Rubin - 1 is 0.282.
[003518.70]  06-07 12:42  Diagnostics                  INFO     - max diag Gelman-Rubin - 1 at 1.0 sigmas is 1.07.
[003518.73]  06-07 12:42  Diagnostics                  INFO     - max Geweke is 0.403.
[003518.73]  06-07 12:42  Diagnostics                  INFO     - Geweke p-value is 9.59e-06.
[003519.28]  06-07 12:42  Diagnostics                  INFO     - effective sample size = (90 iterations / integrated autocorrelation time) is 20.9.
[003519.28]  06-07 12:42  Diagnostics                  INFO     - max variation of integrated autocorrelation time is 0.731.
Saving PMC state to /global/cfs/cdirs/desi/users/shengyu/Y3/full-shape/redshift_errors/fits/cosmo-base_LRG2-z0.6-0.8-mean25-S2+LRG2-z0.6-0.8-mean25-S3-3fe6839b/chain_0.pocomc.state
[003906.31]  06-07 12:48  Chain                        INFO     Saving /global/cfs/cdirs/desi/users/shengyu/Y3/full-shape/redshift_errors/fits/cosmo-base_LRG2-z0.6-0.8-mean25-S2+LRG2-z0.6-0.8-mean25-S3-3fe6839b/chain_0.npy.
[003906.37]  06-07 12:48  PocoMCSampler                INFO     Diagnostics:
[003906.41]  06-07 12:48  Diagnostics                  INFO     - max eigen Gelman-Rubin - 1 is 1.44; not < 0.03.
[003906.45]  06-07 12:48  Diagnostics                  INFO     - max diag Gelman-Rubin - 1 is 0.454.
[003906.59]  06-07 12:48  Diagnostics                  INFO     - max diag Gelman-Rubin - 1 at 1.0 sigmas is 1.57.
[003906.62]  06-07 12:48  Diagnostics                  INFO     - max Geweke is 0.539.
[003906.62]  06-07 12:48  Diagnostics                  INFO     - Geweke p-value is 7.47e-07.
[003907.17]  06-07 12:48  Diagnostics                  INFO     - effective sample size = (100 iterations / integrated autocorrelation time) is 12.2.
[003907.17]  06-07 12:48  Diagnostics                  INFO     - max variation of integrated autocorrelation time is 0.983.
Saving PMC state to /global/cfs/cdirs/desi/users/shengyu/Y3/full-shape/redshift_errors/fits/cosmo-base_LRG2-z0.6-0.8-mean25-S2+LRG2-z0.6-0.8-mean25-S3-3fe6839b/chain_0.pocomc.state
[004273.32]  06-07 12:54  Chain                        INFO     Saving /global/cfs/cdirs/desi/users/shengyu/Y3/full-shape/redshift_errors/fits/cosmo-base_LRG2-z0.6-0.8-mean25-S2+LRG2-z0.6-0.8-mean25-S3-3fe6839b/chain_0.npy.
[004273.40]  06-07 12:54  PocoMCSampler                INFO     Diagnostics:
[004273.44]  06-07 12:54  Diagnostics                  INFO     - max eigen Gelman-Rubin - 1 is 1.39; not < 0.03.
[004273.48]  06-07 12:54  Diagnostics                  INFO     - max diag Gelman-Rubin - 1 is 0.572.
[004273.62]  06-07 12:54  Diagnostics                  INFO     - max diag Gelman-Rubin - 1 at 1.0 sigmas is 1.52.
[004273.65]  06-07 12:54  Diagnostics                  INFO     - max Geweke is 0.385.
[004273.65]  06-07 12:54  Diagnostics                  INFO     - Geweke p-value is 0.00103.
[004274.20]  06-07 12:54  Diagnostics                  INFO     - effective sample size = (110 iterations / integrated autocorrelation time) is 11.
[004274.20]  06-07 12:54  Diagnostics                  INFO     - max variation of integrated autocorrelation time is 0.805.
Saving PMC state to /global/cfs/cdirs/desi/users/shengyu/Y3/full-shape/redshift_errors/fits/cosmo-base_LRG2-z0.6-0.8-mean25-S2+LRG2-z0.6-0.8-mean25-S3-3fe6839b/chain_0.pocomc.state
[004642.18]  06-07 13:00  Chain                        INFO     Saving /global/cfs/cdirs/desi/users/shengyu/Y3/full-shape/redshift_errors/fits/cosmo-base_LRG2-z0.6-0.8-mean25-S2+LRG2-z0.6-0.8-mean25-S3-3fe6839b/chain_0.npy.
[004642.28]  06-07 13:00  PocoMCSampler                INFO     Diagnostics:
[004642.32]  06-07 13:00  Diagnostics                  INFO     - max eigen Gelman-Rubin - 1 is 1.43; not < 0.03.
[004642.36]  06-07 13:00  Diagnostics                  INFO     - max diag Gelman-Rubin - 1 is 0.715.
[004642.50]  06-07 13:00  Diagnostics                  INFO     - max diag Gelman-Rubin - 1 at 1.0 sigmas is 2.08.
[004642.52]  06-07 13:00  Diagnostics                  INFO     - max Geweke is 0.586.
[004642.52]  06-07 13:00  Diagnostics                  INFO     - Geweke p-value is 3.23e-11.
[004643.43]  06-07 13:00  Diagnostics                  INFO     - effective sample size = (120 iterations / integrated autocorrelation time) is 11.3.
[004643.43]  06-07 13:00  Diagnostics                  INFO     - max variation of integrated autocorrelation time is 0.437.
Saving PMC state to /global/cfs/cdirs/desi/users/shengyu/Y3/full-shape/redshift_errors/fits/cosmo-base_LRG2-z0.6-0.8-mean25-S2+LRG2-z0.6-0.8-mean25-S3-3fe6839b/chain_0.pocomc.state
[004996.10]  06-07 13:06  Chain                        INFO     Saving /global/cfs/cdirs/desi/users/shengyu/Y3/full-shape/redshift_errors/fits/cosmo-base_LRG2-z0.6-0.8-mean25-S2+LRG2-z0.6-0.8-mean25-S3-3fe6839b/chain_0.npy.
[004996.16]  06-07 13:06  PocoMCSampler                INFO     Diagnostics:
[004996.20]  06-07 13:06  Diagnostics                  INFO     - max eigen Gelman-Rubin - 1 is 1.13; not < 0.03.
[004996.24]  06-07 13:06  Diagnostics                  INFO     - max diag Gelman-Rubin - 1 is 0.625.
[004996.38]  06-07 13:06  Diagnostics                  INFO     - max diag Gelman-Rubin - 1 at 1.0 sigmas is 1.52.
[004996.40]  06-07 13:06  Diagnostics                  INFO     - max Geweke is 0.298.
[004996.40]  06-07 13:06  Diagnostics                  INFO     - Geweke p-value is 0.000939.
[004996.97]  06-07 13:06  Diagnostics                  INFO     - effective sample size = (130 iterations / integrated autocorrelation time) is 13.3.
[004996.97]  06-07 13:06  Diagnostics                  INFO     - max variation of integrated autocorrelation time is 0.31.
Saving PMC state to /global/cfs/cdirs/desi/users/shengyu/Y3/full-shape/redshift_errors/fits/cosmo-base_LRG2-z0.6-0.8-mean25-S2+LRG2-z0.6-0.8-mean25-S3-3fe6839b/chain_0.pocomc.state
[005358.54]  06-07 13:12  Chain                        INFO     Saving /global/cfs/cdirs/desi/users/shengyu/Y3/full-shape/redshift_errors/fits/cosmo-base_LRG2-z0.6-0.8-mean25-S2+LRG2-z0.6-0.8-mean25-S3-3fe6839b/chain_0.npy.
[005358.61]  06-07 13:12  PocoMCSampler                INFO     Diagnostics:
[005358.65]  06-07 13:12  Diagnostics                  INFO     - max eigen Gelman-Rubin - 1 is 0.679; not < 0.03.
[005358.69]  06-07 13:12  Diagnostics                  INFO     - max diag Gelman-Rubin - 1 is 0.39.
[005358.84]  06-07 13:12  Diagnostics                  INFO     - max diag Gelman-Rubin - 1 at 1.0 sigmas is 0.325.
[005358.86]  06-07 13:12  Diagnostics                  INFO     - max Geweke is 0.701.
[005358.86]  06-07 13:12  Diagnostics                  INFO     - Geweke p-value is 1.57e-14.
[005359.43]  06-07 13:12  Diagnostics                  INFO     - effective sample size = (140 iterations / integrated autocorrelation time) is 18.
[005359.43]  06-07 13:12  Diagnostics                  INFO     - max variation of integrated autocorrelation time is 0.581.
Saving PMC state to /global/cfs/cdirs/desi/users/shengyu/Y3/full-shape/redshift_errors/fits/cosmo-base_LRG2-z0.6-0.8-mean25-S2+LRG2-z0.6-0.8-mean25-S3-3fe6839b/chain_0.pocomc.state
[005715.04]  06-07 13:18  Chain                        INFO     Saving /global/cfs/cdirs/desi/users/shengyu/Y3/full-shape/redshift_errors/fits/cosmo-base_LRG2-z0.6-0.8-mean25-S2+LRG2-z0.6-0.8-mean25-S3-3fe6839b/chain_0.npy.
[005715.11]  06-07 13:18  PocoMCSampler                INFO     Diagnostics:
[005715.15]  06-07 13:18  Diagnostics                  INFO     - max eigen Gelman-Rubin - 1 is 0.294; not < 0.03.
[005715.19]  06-07 13:18  Diagnostics                  INFO     - max diag Gelman-Rubin - 1 is 0.177.
[005715.33]  06-07 13:18  Diagnostics                  INFO     - max diag Gelman-Rubin - 1 at 1.0 sigmas is 0.106.
[005715.36]  06-07 13:18  Diagnostics                  INFO     - max Geweke is 0.628.
[005715.36]  06-07 13:18  Diagnostics                  INFO     - Geweke p-value is 7.49e-13.
[005715.92]  06-07 13:18  Diagnostics                  INFO     - effective sample size = (150 iterations / integrated autocorrelation time) is 39.9.
[005715.92]  06-07 13:18  Diagnostics                  INFO     - max variation of integrated autocorrelation time is 1.06.
Saving PMC state to /global/cfs/cdirs/desi/users/shengyu/Y3/full-shape/redshift_errors/fits/cosmo-base_LRG2-z0.6-0.8-mean25-S2+LRG2-z0.6-0.8-mean25-S3-3fe6839b/chain_0.pocomc.state
[006111.21]  06-07 13:25  Chain                        INFO     Saving /global/cfs/cdirs/desi/users/shengyu/Y3/full-shape/redshift_errors/fits/cosmo-base_LRG2-z0.6-0.8-mean25-S2+LRG2-z0.6-0.8-mean25-S3-3fe6839b/chain_0.npy.
[006111.29]  06-07 13:25  PocoMCSampler                INFO     Diagnostics:
[006111.33]  06-07 13:25  Diagnostics                  INFO     - max eigen Gelman-Rubin - 1 is 0.144; not < 0.03.
[006111.37]  06-07 13:25  Diagnostics                  INFO     - max diag Gelman-Rubin - 1 is 0.0777.
[006111.52]  06-07 13:25  Diagnostics                  INFO     - max diag Gelman-Rubin - 1 at 1.0 sigmas is 0.0417.
[006111.54]  06-07 13:25  Diagnostics                  INFO     - max Geweke is 0.258.
[006111.55]  06-07 13:25  Diagnostics                  INFO     - Geweke p-value is 0.000201.
[006112.11]  06-07 13:25  Diagnostics                  INFO     - effective sample size = (160 iterations / integrated autocorrelation time) (reliable) is 100.
[006112.11]  06-07 13:25  Diagnostics                  INFO     - max variation of integrated autocorrelation time is 1.36.
Saving PMC state to /global/cfs/cdirs/desi/users/shengyu/Y3/full-shape/redshift_errors/fits/cosmo-base_LRG2-z0.6-0.8-mean25-S2+LRG2-z0.6-0.8-mean25-S3-3fe6839b/chain_0.pocomc.state
[006486.83]  06-07 13:31  Chain                        INFO     Saving /global/cfs/cdirs/desi/users/shengyu/Y3/full-shape/redshift_errors/fits/cosmo-base_LRG2-z0.6-0.8-mean25-S2+LRG2-z0.6-0.8-mean25-S3-3fe6839b/chain_0.npy.
[006486.94]  06-07 13:31  PocoMCSampler                INFO     Diagnostics:
[006486.98]  06-07 13:31  Diagnostics                  INFO     - max eigen Gelman-Rubin - 1 is 0.0828; not < 0.03.
[006487.01]  06-07 13:31  Diagnostics                  INFO     - max diag Gelman-Rubin - 1 is 0.0434.
[006487.16]  06-07 13:31  Diagnostics                  INFO     - max diag Gelman-Rubin - 1 at 1.0 sigmas is 0.0373.
[006487.19]  06-07 13:31  Diagnostics                  INFO     - max Geweke is 0.175.
[006487.19]  06-07 13:31  Diagnostics                  INFO     - Geweke p-value is 0.00441.
[006487.75]  06-07 13:31  Diagnostics                  INFO     - effective sample size = (170 iterations / integrated autocorrelation time) (reliable) is 138.
[006487.75]  06-07 13:31  Diagnostics                  INFO     - max variation of integrated autocorrelation time is 0.291.
Saving PMC state to /global/cfs/cdirs/desi/users/shengyu/Y3/full-shape/redshift_errors/fits/cosmo-base_LRG2-z0.6-0.8-mean25-S2+LRG2-z0.6-0.8-mean25-S3-3fe6839b/chain_0.pocomc.state
[006817.34]  06-07 13:37  Chain                        INFO     Saving /global/cfs/cdirs/desi/users/shengyu/Y3/full-shape/redshift_errors/fits/cosmo-base_LRG2-z0.6-0.8-mean25-S2+LRG2-z0.6-0.8-mean25-S3-3fe6839b/chain_0.npy.
[006817.39]  06-07 13:37  PocoMCSampler                INFO     Diagnostics:
[006817.44]  06-07 13:37  Diagnostics                  INFO     - max eigen Gelman-Rubin - 1 is 0.0538; not < 0.03.
[006817.48]  06-07 13:37  Diagnostics                  INFO     - max diag Gelman-Rubin - 1 is 0.0286.
[006817.63]  06-07 13:37  Diagnostics                  INFO     - max diag Gelman-Rubin - 1 at 1.0 sigmas is 0.0322.
[006817.65]  06-07 13:37  Diagnostics                  INFO     - max Geweke is 0.196.
[006817.65]  06-07 13:37  Diagnostics                  INFO     - Geweke p-value is 9.08e-06.
[006818.22]  06-07 13:37  Diagnostics                  INFO     - effective sample size = (180 iterations / integrated autocorrelation time) (reliable) is 159.
[006818.22]  06-07 13:37  Diagnostics                  INFO     - max variation of integrated autocorrelation time is 0.0925.
Saving PMC state to /global/cfs/cdirs/desi/users/shengyu/Y3/full-shape/redshift_errors/fits/cosmo-base_LRG2-z0.6-0.8-mean25-S2+LRG2-z0.6-0.8-mean25-S3-3fe6839b/chain_0.pocomc.state
[007151.47]  06-07 13:42  Chain                        INFO     Saving /global/cfs/cdirs/desi/users/shengyu/Y3/full-shape/redshift_errors/fits/cosmo-base_LRG2-z0.6-0.8-mean25-S2+LRG2-z0.6-0.8-mean25-S3-3fe6839b/chain_0.npy.
[007151.53]  06-07 13:42  PocoMCSampler                INFO     Diagnostics:
[007151.58]  06-07 13:42  Diagnostics                  INFO     - max eigen Gelman-Rubin - 1 is 0.0413; not < 0.03.
[007151.62]  06-07 13:42  Diagnostics                  INFO     - max diag Gelman-Rubin - 1 is 0.0202.
[007151.77]  06-07 13:42  Diagnostics                  INFO     - max diag Gelman-Rubin - 1 at 1.0 sigmas is 0.0326.
[007151.79]  06-07 13:42  Diagnostics                  INFO     - max Geweke is 0.166.
[007151.79]  06-07 13:42  Diagnostics                  INFO     - Geweke p-value is 0.0663.
[007152.37]  06-07 13:42  Diagnostics                  INFO     - effective sample size = (190 iterations / integrated autocorrelation time) (reliable) is 172.
[007152.37]  06-07 13:42  Diagnostics                  INFO     - max variation of integrated autocorrelation time is 0.0296.
Saving PMC state to /global/cfs/cdirs/desi/users/shengyu/Y3/full-shape/redshift_errors/fits/cosmo-base_LRG2-z0.6-0.8-mean25-S2+LRG2-z0.6-0.8-mean25-S3-3fe6839b/chain_0.pocomc.state
[007500.72]  06-07 13:48  Chain                        INFO     Saving /global/cfs/cdirs/desi/users/shengyu/Y3/full-shape/redshift_errors/fits/cosmo-base_LRG2-z0.6-0.8-mean25-S2+LRG2-z0.6-0.8-mean25-S3-3fe6839b/chain_0.npy.
[007500.80]  06-07 13:48  PocoMCSampler                INFO     Diagnostics:
[007500.85]  06-07 13:48  Diagnostics                  INFO     - max eigen Gelman-Rubin - 1 is 0.0501; not < 0.03.
[007500.89]  06-07 13:48  Diagnostics                  INFO     - max diag Gelman-Rubin - 1 is 0.0191.
[007501.04]  06-07 13:48  Diagnostics                  INFO     - max diag Gelman-Rubin - 1 at 1.0 sigmas is 0.0318.
[007501.07]  06-07 13:48  Diagnostics                  INFO     - max Geweke is 0.146.
[007501.07]  06-07 13:48  Diagnostics                  INFO     - Geweke p-value is 0.0211.
[007501.64]  06-07 13:48  Diagnostics                  INFO     - effective sample size = (200 iterations / integrated autocorrelation time) (reliable) is 182.
[007501.64]  06-07 13:48  Diagnostics                  INFO     - max variation of integrated autocorrelation time is 0.0142.
Saving PMC state to /global/cfs/cdirs/desi/users/shengyu/Y3/full-shape/redshift_errors/fits/cosmo-base_LRG2-z0.6-0.8-mean25-S2+LRG2-z0.6-0.8-mean25-S3-3fe6839b/chain_0.pocomc.state
[007837.48]  06-07 13:54  Chain                        INFO     Saving /global/cfs/cdirs/desi/users/shengyu/Y3/full-shape/redshift_errors/fits/cosmo-base_LRG2-z0.6-0.8-mean25-S2+LRG2-z0.6-0.8-mean25-S3-3fe6839b/chain_0.npy.
[007837.55]  06-07 13:54  PocoMCSampler                INFO     Diagnostics:
[007837.59]  06-07 13:54  Diagnostics                  INFO     - max eigen Gelman-Rubin - 1 is 0.0479; not < 0.03.
[007837.63]  06-07 13:54  Diagnostics                  INFO     - max diag Gelman-Rubin - 1 is 0.0184.
[007837.78]  06-07 13:54  Diagnostics                  INFO     - max diag Gelman-Rubin - 1 at 1.0 sigmas is 0.0267.
[007837.81]  06-07 13:54  Diagnostics                  INFO     - max Geweke is 0.119.
[007837.81]  06-07 13:54  Diagnostics                  INFO     - Geweke p-value is 0.0629.
[007838.38]  06-07 13:54  Diagnostics                  INFO     - effective sample size = (210 iterations / integrated autocorrelation time) (reliable) is 199.
[007838.38]  06-07 13:54  Diagnostics                  INFO     - max variation of integrated autocorrelation time is 0.0556.
Saving PMC state to /global/cfs/cdirs/desi/users/shengyu/Y3/full-shape/redshift_errors/fits/cosmo-base_LRG2-z0.6-0.8-mean25-S2+LRG2-z0.6-0.8-mean25-S3-3fe6839b/chain_0.pocomc.state
[008200.82]  06-07 14:00  Chain                        INFO     Saving /global/cfs/cdirs/desi/users/shengyu/Y3/full-shape/redshift_errors/fits/cosmo-base_LRG2-z0.6-0.8-mean25-S2+LRG2-z0.6-0.8-mean25-S3-3fe6839b/chain_0.npy.
[008200.94]  06-07 14:00  PocoMCSampler                INFO     Diagnostics:
[008200.98]  06-07 14:00  Diagnostics                  INFO     - max eigen Gelman-Rubin - 1 is 0.0556; not < 0.03.
[008201.02]  06-07 14:00  Diagnostics                  INFO     - max diag Gelman-Rubin - 1 is 0.0228.
[008201.18]  06-07 14:00  Diagnostics                  INFO     - max diag Gelman-Rubin - 1 at 1.0 sigmas is 0.0439.
[008201.20]  06-07 14:00  Diagnostics                  INFO     - max Geweke is 0.126.
[008201.20]  06-07 14:00  Diagnostics                  INFO     - Geweke p-value is 0.0457.
[008201.78]  06-07 14:00  Diagnostics                  INFO     - effective sample size = (220 iterations / integrated autocorrelation time) (reliable) is 203.
[008201.78]  06-07 14:00  Diagnostics                  INFO     - max variation of integrated autocorrelation time is 0.0329.
Saving PMC state to /global/cfs/cdirs/desi/users/shengyu/Y3/full-shape/redshift_errors/fits/cosmo-base_LRG2-z0.6-0.8-mean25-S2+LRG2-z0.6-0.8-mean25-S3-3fe6839b/chain_0.pocomc.state
[008552.11]  06-07 14:06  Chain                        INFO     Saving /global/cfs/cdirs/desi/users/shengyu/Y3/full-shape/redshift_errors/fits/cosmo-base_LRG2-z0.6-0.8-mean25-S2+LRG2-z0.6-0.8-mean25-S3-3fe6839b/chain_0.npy.
[008552.19]  06-07 14:06  PocoMCSampler                INFO     Diagnostics:
[008552.24]  06-07 14:06  Diagnostics                  INFO     - max eigen Gelman-Rubin - 1 is 0.0433; not < 0.03.
[008552.28]  06-07 14:06  Diagnostics                  INFO     - max diag Gelman-Rubin - 1 is 0.0186.
[008552.44]  06-07 14:06  Diagnostics                  INFO     - max diag Gelman-Rubin - 1 at 1.0 sigmas is 0.0245.
[008552.46]  06-07 14:06  Diagnostics                  INFO     - max Geweke is 0.111.
[008552.46]  06-07 14:06  Diagnostics                  INFO     - Geweke p-value is 0.105.
[008553.03]  06-07 14:06  Diagnostics                  INFO     - effective sample size = (230 iterations / integrated autocorrelation time) (reliable) is 215.
[008553.03]  06-07 14:06  Diagnostics                  INFO     - max variation of integrated autocorrelation time is 0.0199.
Saving PMC state to /global/cfs/cdirs/desi/users/shengyu/Y3/full-shape/redshift_errors/fits/cosmo-base_LRG2-z0.6-0.8-mean25-S2+LRG2-z0.6-0.8-mean25-S3-3fe6839b/chain_0.pocomc.state
[008907.16]  06-07 14:12  Chain                        INFO     Saving /global/cfs/cdirs/desi/users/shengyu/Y3/full-shape/redshift_errors/fits/cosmo-base_LRG2-z0.6-0.8-mean25-S2+LRG2-z0.6-0.8-mean25-S3-3fe6839b/chain_0.npy.
[008907.29]  06-07 14:12  PocoMCSampler                INFO     Diagnostics:
[008907.34]  06-07 14:12  Diagnostics                  INFO     - max eigen Gelman-Rubin - 1 is 0.0383; not < 0.03.
[008907.38]  06-07 14:12  Diagnostics                  INFO     - max diag Gelman-Rubin - 1 is 0.0147.
[008907.54]  06-07 14:12  Diagnostics                  INFO     - max diag Gelman-Rubin - 1 at 1.0 sigmas is 0.0271.
[008907.56]  06-07 14:12  Diagnostics                  INFO     - max Geweke is 0.142.
[008907.57]  06-07 14:12  Diagnostics                  INFO     - Geweke p-value is 0.0219.
[008908.14]  06-07 14:12  Diagnostics                  INFO     - effective sample size = (240 iterations / integrated autocorrelation time) (reliable) is 227.
[008908.14]  06-07 14:12  Diagnostics                  INFO     - max variation of integrated autocorrelation time is 0.0218.
Saving PMC state to /global/cfs/cdirs/desi/users/shengyu/Y3/full-shape/redshift_errors/fits/cosmo-base_LRG2-z0.6-0.8-mean25-S2+LRG2-z0.6-0.8-mean25-S3-3fe6839b/chain_0.pocomc.state
[009264.12]  06-07 14:17  Chain                        INFO     Saving /global/cfs/cdirs/desi/users/shengyu/Y3/full-shape/redshift_errors/fits/cosmo-base_LRG2-z0.6-0.8-mean25-S2+LRG2-z0.6-0.8-mean25-S3-3fe6839b/chain_0.npy.
[009264.21]  06-07 14:17  PocoMCSampler                INFO     Diagnostics:
[009264.25]  06-07 14:17  Diagnostics                  INFO     - max eigen Gelman-Rubin - 1 is 0.0302; not < 0.03.
[009264.30]  06-07 14:17  Diagnostics                  INFO     - max diag Gelman-Rubin - 1 is 0.0127.
[009264.46]  06-07 14:17  Diagnostics                  INFO     - max diag Gelman-Rubin - 1 at 1.0 sigmas is 0.018.
[009264.48]  06-07 14:17  Diagnostics                  INFO     - max Geweke is 0.153.
[009264.49]  06-07 14:17  Diagnostics                  INFO     - Geweke p-value is 2.91e-05.
[009265.06]  06-07 14:17  Diagnostics                  INFO     - effective sample size = (250 iterations / integrated autocorrelation time) (reliable) is 234.
[009265.06]  06-07 14:17  Diagnostics                  INFO     - max variation of integrated autocorrelation time is 0.0249.
Saving PMC state to /global/cfs/cdirs/desi/users/shengyu/Y3/full-shape/redshift_errors/fits/cosmo-base_LRG2-z0.6-0.8-mean25-S2+LRG2-z0.6-0.8-mean25-S3-3fe6839b/chain_0.pocomc.state
[009621.72]  06-07 14:23  Chain                        INFO     Saving /global/cfs/cdirs/desi/users/shengyu/Y3/full-shape/redshift_errors/fits/cosmo-base_LRG2-z0.6-0.8-mean25-S2+LRG2-z0.6-0.8-mean25-S3-3fe6839b/chain_0.npy.
[009621.85]  06-07 14:23  PocoMCSampler                INFO     Diagnostics:
[009621.89]  06-07 14:23  Diagnostics                  INFO     - max eigen Gelman-Rubin - 1 is 0.0405; not < 0.03.
[009621.94]  06-07 14:23  Diagnostics                  INFO     - max diag Gelman-Rubin - 1 is 0.011.
[009622.10]  06-07 14:23  Diagnostics                  INFO     - max diag Gelman-Rubin - 1 at 1.0 sigmas is 0.0285.
[009622.13]  06-07 14:23  Diagnostics                  INFO     - max Geweke is 0.115.
[009622.13]  06-07 14:23  Diagnostics                  INFO     - Geweke p-value is 0.193.
[009622.71]  06-07 14:23  Diagnostics                  INFO     - effective sample size = (260 iterations / integrated autocorrelation time) (reliable) is 241.
[009622.71]  06-07 14:23  Diagnostics                  INFO     - max variation of integrated autocorrelation time is 0.032.
Saving PMC state to /global/cfs/cdirs/desi/users/shengyu/Y3/full-shape/redshift_errors/fits/cosmo-base_LRG2-z0.6-0.8-mean25-S2+LRG2-z0.6-0.8-mean25-S3-3fe6839b/chain_0.pocomc.state
[010005.11]  06-07 14:30  Chain                        INFO     Saving /global/cfs/cdirs/desi/users/shengyu/Y3/full-shape/redshift_errors/fits/cosmo-base_LRG2-z0.6-0.8-mean25-S2+LRG2-z0.6-0.8-mean25-S3-3fe6839b/chain_0.npy.
[010005.21]  06-07 14:30  PocoMCSampler                INFO     Diagnostics:
[010005.26]  06-07 14:30  Diagnostics                  INFO     - max eigen Gelman-Rubin - 1 is 0.0235; < 0.03.
[010005.30]  06-07 14:30  Diagnostics                  INFO     - max diag Gelman-Rubin - 1 is 0.0115.
[010005.46]  06-07 14:30  Diagnostics                  INFO     - max diag Gelman-Rubin - 1 at 1.0 sigmas is 0.0255.
[010005.49]  06-07 14:30  Diagnostics                  INFO     - max Geweke is 0.0991.
[010005.49]  06-07 14:30  Diagnostics                  INFO     - Geweke p-value is 0.558.
[010006.07]  06-07 14:30  Diagnostics                  INFO     - effective sample size = (270 iterations / integrated autocorrelation time) (reliable) is 246.
[010006.07]  06-07 14:30  Diagnostics                  INFO     - max variation of integrated autocorrelation time is 0.0242.
Saving PMC state to /global/cfs/cdirs/desi/users/shengyu/Y3/full-shape/redshift_errors/fits/cosmo-base_LRG2-z0.6-0.8-mean25-S2+LRG2-z0.6-0.8-mean25-S3-3fe6839b/chain_0.pocomc.state
[010351.01]  06-07 14:36  Chain                        INFO     Saving /global/cfs/cdirs/desi/users/shengyu/Y3/full-shape/redshift_errors/fits/cosmo-base_LRG2-z0.6-0.8-mean25-S2+LRG2-z0.6-0.8-mean25-S3-3fe6839b/chain_0.npy.
[010351.14]  06-07 14:36  PocoMCSampler                INFO     Diagnostics:
[010351.18]  06-07 14:36  Diagnostics                  INFO     - max eigen Gelman-Rubin - 1 is 0.0334; not < 0.03.
[010351.23]  06-07 14:36  Diagnostics                  INFO     - max diag Gelman-Rubin - 1 is 0.0111.
[010351.39]  06-07 14:36  Diagnostics                  INFO     - max diag Gelman-Rubin - 1 at 1.0 sigmas is 0.0156.
[010351.42]  06-07 14:36  Diagnostics                  INFO     - max Geweke is 0.175.
[010351.42]  06-07 14:36  Diagnostics                  INFO     - Geweke p-value is 0.000388.
[010352.01]  06-07 14:36  Diagnostics                  INFO     - effective sample size = (280 iterations / integrated autocorrelation time) (reliable) is 254.
[010352.01]  06-07 14:36  Diagnostics                  INFO     - max variation of integrated autocorrelation time is 0.0188.
Saving PMC state to /global/cfs/cdirs/desi/users/shengyu/Y3/full-shape/redshift_errors/fits/cosmo-base_LRG2-z0.6-0.8-mean25-S2+LRG2-z0.6-0.8-mean25-S3-3fe6839b/chain_0.pocomc.state
[010727.56]  06-07 14:42  Chain                        INFO     Saving /global/cfs/cdirs/desi/users/shengyu/Y3/full-shape/redshift_errors/fits/cosmo-base_LRG2-z0.6-0.8-mean25-S2+LRG2-z0.6-0.8-mean25-S3-3fe6839b/chain_0.npy.
[010727.66]  06-07 14:42  PocoMCSampler                INFO     Diagnostics:
[010727.70]  06-07 14:42  Diagnostics                  INFO     - max eigen Gelman-Rubin - 1 is 0.0399; not < 0.03.
[010727.74]  06-07 14:42  Diagnostics                  INFO     - max diag Gelman-Rubin - 1 is 0.0131.
[010727.91]  06-07 14:42  Diagnostics                  INFO     - max diag Gelman-Rubin - 1 at 1.0 sigmas is 0.0197.
[010727.94]  06-07 14:42  Diagnostics                  INFO     - max Geweke is 0.166.
[010727.94]  06-07 14:42  Diagnostics                  INFO     - Geweke p-value is 0.000267.
[010728.52]  06-07 14:42  Diagnostics                  INFO     - effective sample size = (290 iterations / integrated autocorrelation time) (reliable) is 265.
[010728.52]  06-07 14:42  Diagnostics                  INFO     - max variation of integrated autocorrelation time is 0.0232.
Saving PMC state to /global/cfs/cdirs/desi/users/shengyu/Y3/full-shape/redshift_errors/fits/cosmo-base_LRG2-z0.6-0.8-mean25-S2+LRG2-z0.6-0.8-mean25-S3-3fe6839b/chain_0.pocomc.state
[011073.43]  06-07 14:48  Chain                        INFO     Saving /global/cfs/cdirs/desi/users/shengyu/Y3/full-shape/redshift_errors/fits/cosmo-base_LRG2-z0.6-0.8-mean25-S2+LRG2-z0.6-0.8-mean25-S3-3fe6839b/chain_0.npy.
[011073.53]  06-07 14:48  PocoMCSampler                INFO     Diagnostics:
[011073.57]  06-07 14:48  Diagnostics                  INFO     - max eigen Gelman-Rubin - 1 is 0.0494; not < 0.03.
[011073.61]  06-07 14:48  Diagnostics                  INFO     - max diag Gelman-Rubin - 1 is 0.0122.
[011073.78]  06-07 14:48  Diagnostics                  INFO     - max diag Gelman-Rubin - 1 at 1.0 sigmas is 0.0149.
[011073.81]  06-07 14:48  Diagnostics                  INFO     - max Geweke is 0.122.
[011073.81]  06-07 14:48  Diagnostics                  INFO     - Geweke p-value is 0.00278.
[011074.39]  06-07 14:48  Diagnostics                  INFO     - effective sample size = (300 iterations / integrated autocorrelation time) (reliable) is 280.
[011074.39]  06-07 14:48  Diagnostics                  INFO     - max variation of integrated autocorrelation time is 0.0195.
Saving PMC state to /global/cfs/cdirs/desi/users/shengyu/Y3/full-shape/redshift_errors/fits/cosmo-base_LRG2-z0.6-0.8-mean25-S2+LRG2-z0.6-0.8-mean25-S3-3fe6839b/chain_0.pocomc.state
[011398.42]  06-07 14:53  Chain                        INFO     Saving /global/cfs/cdirs/desi/users/shengyu/Y3/full-shape/redshift_errors/fits/cosmo-base_LRG2-z0.6-0.8-mean25-S2+LRG2-z0.6-0.8-mean25-S3-3fe6839b/chain_0.npy.
[011398.51]  06-07 14:53  PocoMCSampler                INFO     Diagnostics:
[011398.55]  06-07 14:53  Diagnostics                  INFO     - max eigen Gelman-Rubin - 1 is 0.0366; not < 0.03.
[011398.59]  06-07 14:53  Diagnostics                  INFO     - max diag Gelman-Rubin - 1 is 0.011.
[011398.77]  06-07 14:53  Diagnostics                  INFO     - max diag Gelman-Rubin - 1 at 1.0 sigmas is 0.0202.
[011398.79]  06-07 14:53  Diagnostics                  INFO     - max Geweke is 0.138.
[011398.79]  06-07 14:53  Diagnostics                  INFO     - Geweke p-value is 0.0413.
[011399.38]  06-07 14:53  Diagnostics                  INFO     - effective sample size = (310 iterations / integrated autocorrelation time) (reliable) is 288.
[011399.38]  06-07 14:53  Diagnostics                  INFO     - max variation of integrated autocorrelation time is 0.0118.
Saving PMC state to /global/cfs/cdirs/desi/users/shengyu/Y3/full-shape/redshift_errors/fits/cosmo-base_LRG2-z0.6-0.8-mean25-S2+LRG2-z0.6-0.8-mean25-S3-3fe6839b/chain_0.pocomc.state
[011763.45]  06-07 14:59  Chain                        INFO     Saving /global/cfs/cdirs/desi/users/shengyu/Y3/full-shape/redshift_errors/fits/cosmo-base_LRG2-z0.6-0.8-mean25-S2+LRG2-z0.6-0.8-mean25-S3-3fe6839b/chain_0.npy.
[011763.57]  06-07 14:59  PocoMCSampler                INFO     Diagnostics:
[011763.61]  06-07 14:59  Diagnostics                  INFO     - max eigen Gelman-Rubin - 1 is 0.0258; < 0.03.
[011763.66]  06-07 14:59  Diagnostics                  INFO     - max diag Gelman-Rubin - 1 is 0.0109.
[011763.83]  06-07 14:59  Diagnostics                  INFO     - max diag Gelman-Rubin - 1 at 1.0 sigmas is 0.0238.
[011763.85]  06-07 14:59  Diagnostics                  INFO     - max Geweke is 0.144.
[011763.85]  06-07 14:59  Diagnostics                  INFO     - Geweke p-value is 5.89e-05.
[011764.44]  06-07 14:59  Diagnostics                  INFO     - effective sample size = (320 iterations / integrated autocorrelation time) (reliable) is 297.
[011764.44]  06-07 14:59  Diagnostics                  INFO     - max variation of integrated autocorrelation time is 0.014.
Saving PMC state to /global/cfs/cdirs/desi/users/shengyu/Y3/full-shape/redshift_errors/fits/cosmo-base_LRG2-z0.6-0.8-mean25-S2+LRG2-z0.6-0.8-mean25-S3-3fe6839b/chain_0.pocomc.state
[012131.56]  06-07 15:05  Chain                        INFO     Saving /global/cfs/cdirs/desi/users/shengyu/Y3/full-shape/redshift_errors/fits/cosmo-base_LRG2-z0.6-0.8-mean25-S2+LRG2-z0.6-0.8-mean25-S3-3fe6839b/chain_0.npy.
[012131.70]  06-07 15:05  PocoMCSampler                INFO     Diagnostics:
[012131.74]  06-07 15:05  Diagnostics                  INFO     - max eigen Gelman-Rubin - 1 is 0.023; < 0.03.
[012131.78]  06-07 15:05  Diagnostics                  INFO     - max diag Gelman-Rubin - 1 is 0.00957.
[012131.96]  06-07 15:05  Diagnostics                  INFO     - max diag Gelman-Rubin - 1 at 1.0 sigmas is 0.0138.
[012131.98]  06-07 15:05  Diagnostics                  INFO     - max Geweke is 0.111.
[012131.98]  06-07 15:05  Diagnostics                  INFO     - Geweke p-value is 0.00778.
[012132.58]  06-07 15:05  Diagnostics                  INFO     - effective sample size = (330 iterations / integrated autocorrelation time) (reliable) is 310.
[012132.58]  06-07 15:05  Diagnostics                  INFO     - max variation of integrated autocorrelation time is 0.0142.
