Activate fit_env (Python 3.12.13).
Node nid006433 running run_fits.py tracer=LRG1 zerr=None stats=mesh2 mockid=0-24
[000000.01]  06-07 08:11  compute_mesh                 INFO     Received arguments: Namespace(todos=['sample'], version='AbacusHF-v2', cov_version='holi-v3', domain='altmtl', tracers=['LRG1'], mockid='0-24', zerrs=['None'], fits_dir='/global/cfs/cdirs/desi/users/shengyu/Y3/full-shape/redshift_errors/fits', stats=['mesh2', 'mesh3'], kmax='0.300-0.300-0.20-0.08', regions=['ALL'], theory_model='folpsD', prior_basis='physical_aap', cosmo_params='base', sampler='pocomc', nchains=1, resume=False)
[000016.47]  06-07 08:12  jax._src.xla_bridge          ERROR    Jax plugin configuration error: Exception when calling jax_plugins.xla_cuda12.initialize()
Traceback (most recent call last):
  File "/global/homes/s/shengyu/.conda/envs/fit_env/lib/python3.12/site-packages/jax/_src/xla_bridge.py", line 487, in discover_pjrt_plugins
    plugin_module.initialize()
  File "/global/homes/s/shengyu/.conda/envs/fit_env/lib/python3.12/site-packages/jax_plugins/xla_cuda12/__init__.py", line 370, in initialize
    _check_cuda_versions(raise_on_first_error = True)
  File "/global/homes/s/shengyu/.conda/envs/fit_env/lib/python3.12/site-packages/jax_plugins/xla_cuda12/__init__.py", line 274, in _check_cuda_versions
    for d in range(cuda_versions.cuda_device_count())
                   ^^^^^^^^^^^^^^^^^^^^^^^^^^^^^^^^^
RuntimeError: jaxlib/cuda/versions_helpers.cc:135: operation cuInit(0) failed: CUDA_ERROR_NO_DEVICE
[000016.48]  06-07 08:12  jax._src.xla_bridge          ERROR    Jax plugin configuration error: Exception when calling jax_plugins.xla_cuda12.initialize()
Traceback (most recent call last):
  File "/global/homes/s/shengyu/.conda/envs/fit_env/lib/python3.12/site-packages/jax/_src/xla_bridge.py", line 487, in discover_pjrt_plugins
    plugin_module.initialize()
  File "/global/homes/s/shengyu/.conda/envs/fit_env/lib/python3.12/site-packages/jax_plugins/xla_cuda12/__init__.py", line 370, in initialize
    _check_cuda_versions(raise_on_first_error = True)
  File "/global/homes/s/shengyu/.conda/envs/fit_env/lib/python3.12/site-packages/jax_plugins/xla_cuda12/__init__.py", line 274, in _check_cuda_versions
    for d in range(cuda_versions.cuda_device_count())
                   ^^^^^^^^^^^^^^^^^^^^^^^^^^^^^^^^^
RuntimeError: jaxlib/cuda/versions_helpers.cc:135: operation cuInit(0) failed: CUDA_ERROR_NO_DEVICE
[000016.47]  06-07 08:12  jax._src.xla_bridge          ERROR    Jax plugin configuration error: Exception when calling jax_plugins.xla_cuda12.initialize()
Traceback (most recent call last):
  File "/global/homes/s/shengyu/.conda/envs/fit_env/lib/python3.12/site-packages/jax/_src/xla_bridge.py", line 487, in discover_pjrt_plugins
    plugin_module.initialize()
  File "/global/homes/s/shengyu/.conda/envs/fit_env/lib/python3.12/site-packages/jax_plugins/xla_cuda12/__init__.py", line 370, in initialize
    _check_cuda_versions(raise_on_first_error = True)
  File "/global/homes/s/shengyu/.conda/envs/fit_env/lib/python3.12/site-packages/jax_plugins/xla_cuda12/__init__.py", line 274, in _check_cuda_versions
    for d in range(cuda_versions.cuda_device_count())
                   ^^^^^^^^^^^^^^^^^^^^^^^^^^^^^^^^^
RuntimeError: jaxlib/cuda/versions_helpers.cc:135: operation cuInit(0) failed: CUDA_ERROR_NO_DEVICE
[000016.47]  06-07 08:12  jax._src.xla_bridge          ERROR    Jax plugin configuration error: Exception when calling jax_plugins.xla_cuda12.initialize()
Traceback (most recent call last):
  File "/global/homes/s/shengyu/.conda/envs/fit_env/lib/python3.12/site-packages/jax/_src/xla_bridge.py", line 487, in discover_pjrt_plugins
    plugin_module.initialize()
  File "/global/homes/s/shengyu/.conda/envs/fit_env/lib/python3.12/site-packages/jax_plugins/xla_cuda12/__init__.py", line 370, in initialize
    _check_cuda_versions(raise_on_first_error = True)
  File "/global/homes/s/shengyu/.conda/envs/fit_env/lib/python3.12/site-packages/jax_plugins/xla_cuda12/__init__.py", line 274, in _check_cuda_versions
    for d in range(cuda_versions.cuda_device_count())
                   ^^^^^^^^^^^^^^^^^^^^^^^^^^^^^^^^^
RuntimeError: jaxlib/cuda/versions_helpers.cc:135: operation cuInit(0) failed: CUDA_ERROR_NO_DEVICE
[000016.49]  06-07 08:12  jax._src.xla_bridge          INFO     Unable to initialize backend 'tpu': INTERNAL: Failed to open libtpu.so: libtpu.so: cannot open shared object file: No such file or directory
[000016.50]  06-07 08:12  jax._src.xla_bridge          INFO     Unable to initialize backend 'tpu': INTERNAL: Failed to open libtpu.so: libtpu.so: cannot open shared object file: No such file or directory
[000016.50]  06-07 08:12  jax._src.xla_bridge          INFO     Unable to initialize backend 'tpu': INTERNAL: Failed to open libtpu.so: libtpu.so: cannot open shared object file: No such file or directory
[000016.50]  06-07 08:12  jax._src.xla_bridge          INFO     Unable to initialize backend 'tpu': INTERNAL: Failed to open libtpu.so: libtpu.so: cannot open shared object file: No such file or directory
[000027.43]  06-07 08:12  fit_tools                    INFO     Reading data for mesh2 from /global/cfs/cdirs/desi/users/shengyu/galaxies/catalogs/Y3/AbacusHF-v2/altmtl/LRG/mock0/mpspk/mesh2_spectrum_poles_LRG_z0.4-0.6_DR2_v2.0.h5
[000027.54]  06-07 08:12  fit_tools                    INFO     Reading data for mesh2 from /global/cfs/cdirs/desi/users/shengyu/galaxies/catalogs/Y3/AbacusHF-v2/altmtl/LRG/mock1/mpspk/mesh2_spectrum_poles_LRG_z0.4-0.6_DR2_v2.0.h5
[000027.69]  06-07 08:12  fit_tools                    INFO     Reading data for mesh2 from /global/cfs/cdirs/desi/users/shengyu/galaxies/catalogs/Y3/AbacusHF-v2/altmtl/LRG/mock2/mpspk/mesh2_spectrum_poles_LRG_z0.4-0.6_DR2_v2.0.h5
[000027.79]  06-07 08:12  fit_tools                    INFO     Reading data for mesh2 from /global/cfs/cdirs/desi/users/shengyu/galaxies/catalogs/Y3/AbacusHF-v2/altmtl/LRG/mock3/mpspk/mesh2_spectrum_poles_LRG_z0.4-0.6_DR2_v2.0.h5
[000027.93]  06-07 08:12  fit_tools                    INFO     Reading data for mesh2 from /global/cfs/cdirs/desi/users/shengyu/galaxies/catalogs/Y3/AbacusHF-v2/altmtl/LRG/mock4/mpspk/mesh2_spectrum_poles_LRG_z0.4-0.6_DR2_v2.0.h5
[000028.02]  06-07 08:12  fit_tools                    INFO     Reading data for mesh2 from /global/cfs/cdirs/desi/users/shengyu/galaxies/catalogs/Y3/AbacusHF-v2/altmtl/LRG/mock5/mpspk/mesh2_spectrum_poles_LRG_z0.4-0.6_DR2_v2.0.h5
[000028.10]  06-07 08:12  fit_tools                    INFO     Reading data for mesh2 from /global/cfs/cdirs/desi/users/shengyu/galaxies/catalogs/Y3/AbacusHF-v2/altmtl/LRG/mock6/mpspk/mesh2_spectrum_poles_LRG_z0.4-0.6_DR2_v2.0.h5
[000028.21]  06-07 08:12  fit_tools                    INFO     Reading data for mesh2 from /global/cfs/cdirs/desi/users/shengyu/galaxies/catalogs/Y3/AbacusHF-v2/altmtl/LRG/mock7/mpspk/mesh2_spectrum_poles_LRG_z0.4-0.6_DR2_v2.0.h5
[000028.31]  06-07 08:12  fit_tools                    INFO     Reading data for mesh2 from /global/cfs/cdirs/desi/users/shengyu/galaxies/catalogs/Y3/AbacusHF-v2/altmtl/LRG/mock8/mpspk/mesh2_spectrum_poles_LRG_z0.4-0.6_DR2_v2.0.h5
[000028.41]  06-07 08:12  fit_tools                    INFO     Reading data for mesh2 from /global/cfs/cdirs/desi/users/shengyu/galaxies/catalogs/Y3/AbacusHF-v2/altmtl/LRG/mock9/mpspk/mesh2_spectrum_poles_LRG_z0.4-0.6_DR2_v2.0.h5
[000028.49]  06-07 08:12  fit_tools                    INFO     Reading data for mesh2 from /global/cfs/cdirs/desi/users/shengyu/galaxies/catalogs/Y3/AbacusHF-v2/altmtl/LRG/mock10/mpspk/mesh2_spectrum_poles_LRG_z0.4-0.6_DR2_v2.0.h5
[000028.58]  06-07 08:12  fit_tools                    INFO     Reading data for mesh2 from /global/cfs/cdirs/desi/users/shengyu/galaxies/catalogs/Y3/AbacusHF-v2/altmtl/LRG/mock11/mpspk/mesh2_spectrum_poles_LRG_z0.4-0.6_DR2_v2.0.h5
[000028.66]  06-07 08:12  fit_tools                    INFO     Reading data for mesh2 from /global/cfs/cdirs/desi/users/shengyu/galaxies/catalogs/Y3/AbacusHF-v2/altmtl/LRG/mock12/mpspk/mesh2_spectrum_poles_LRG_z0.4-0.6_DR2_v2.0.h5
[000028.75]  06-07 08:12  fit_tools                    INFO     Reading data for mesh2 from /global/cfs/cdirs/desi/users/shengyu/galaxies/catalogs/Y3/AbacusHF-v2/altmtl/LRG/mock13/mpspk/mesh2_spectrum_poles_LRG_z0.4-0.6_DR2_v2.0.h5
[000028.83]  06-07 08:12  fit_tools                    INFO     Reading data for mesh2 from /global/cfs/cdirs/desi/users/shengyu/galaxies/catalogs/Y3/AbacusHF-v2/altmtl/LRG/mock14/mpspk/mesh2_spectrum_poles_LRG_z0.4-0.6_DR2_v2.0.h5
[000028.92]  06-07 08:12  fit_tools                    INFO     Reading data for mesh2 from /global/cfs/cdirs/desi/users/shengyu/galaxies/catalogs/Y3/AbacusHF-v2/altmtl/LRG/mock15/mpspk/mesh2_spectrum_poles_LRG_z0.4-0.6_DR2_v2.0.h5
[000029.02]  06-07 08:12  fit_tools                    INFO     Reading data for mesh2 from /global/cfs/cdirs/desi/users/shengyu/galaxies/catalogs/Y3/AbacusHF-v2/altmtl/LRG/mock16/mpspk/mesh2_spectrum_poles_LRG_z0.4-0.6_DR2_v2.0.h5
[000029.13]  06-07 08:12  fit_tools                    INFO     Reading data for mesh2 from /global/cfs/cdirs/desi/users/shengyu/galaxies/catalogs/Y3/AbacusHF-v2/altmtl/LRG/mock17/mpspk/mesh2_spectrum_poles_LRG_z0.4-0.6_DR2_v2.0.h5
[000029.25]  06-07 08:12  fit_tools                    INFO     Reading data for mesh2 from /global/cfs/cdirs/desi/users/shengyu/galaxies/catalogs/Y3/AbacusHF-v2/altmtl/LRG/mock18/mpspk/mesh2_spectrum_poles_LRG_z0.4-0.6_DR2_v2.0.h5
[000029.42]  06-07 08:12  fit_tools                    INFO     Reading data for mesh2 from /global/cfs/cdirs/desi/users/shengyu/galaxies/catalogs/Y3/AbacusHF-v2/altmtl/LRG/mock19/mpspk/mesh2_spectrum_poles_LRG_z0.4-0.6_DR2_v2.0.h5
[000029.51]  06-07 08:12  fit_tools                    INFO     Reading data for mesh2 from /global/cfs/cdirs/desi/users/shengyu/galaxies/catalogs/Y3/AbacusHF-v2/altmtl/LRG/mock20/mpspk/mesh2_spectrum_poles_LRG_z0.4-0.6_DR2_v2.0.h5
[000029.62]  06-07 08:12  fit_tools                    INFO     Reading data for mesh2 from /global/cfs/cdirs/desi/users/shengyu/galaxies/catalogs/Y3/AbacusHF-v2/altmtl/LRG/mock21/mpspk/mesh2_spectrum_poles_LRG_z0.4-0.6_DR2_v2.0.h5
[000029.74]  06-07 08:12  fit_tools                    INFO     Reading data for mesh2 from /global/cfs/cdirs/desi/users/shengyu/galaxies/catalogs/Y3/AbacusHF-v2/altmtl/LRG/mock22/mpspk/mesh2_spectrum_poles_LRG_z0.4-0.6_DR2_v2.0.h5
[000029.92]  06-07 08:12  fit_tools                    INFO     Reading data for mesh2 from /global/cfs/cdirs/desi/users/shengyu/galaxies/catalogs/Y3/AbacusHF-v2/altmtl/LRG/mock23/mpspk/mesh2_spectrum_poles_LRG_z0.4-0.6_DR2_v2.0.h5
[000030.03]  06-07 08:12  fit_tools                    INFO     Reading data for mesh2 from /global/cfs/cdirs/desi/users/shengyu/galaxies/catalogs/Y3/AbacusHF-v2/altmtl/LRG/mock24/mpspk/mesh2_spectrum_poles_LRG_z0.4-0.6_DR2_v2.0.h5
[000030.09]  06-07 08:12  fit_tools                    INFO     Averaged data for mesh2 over 25 mock realizations
[000030.10]  06-07 08:12  fit_tools                    INFO     Reading window for mesh2 from /global/cfs/cdirs/desi/users/shengyu/galaxies/catalogs/Y3/AbacusHF-v2/altmtl/LRG/mock0/mpspk/window_mesh2_spectrum_poles_LRG_z0.4-0.6_DR2_v2.0.h5
[000030.23]  06-07 08:12  fit_tools                    INFO     Reading window for mesh2 from /global/cfs/cdirs/desi/users/shengyu/galaxies/catalogs/Y3/AbacusHF-v2/altmtl/LRG/mock1/mpspk/window_mesh2_spectrum_poles_LRG_z0.4-0.6_DR2_v2.0.h5
[000030.41]  06-07 08:12  fit_tools                    INFO     Reading window for mesh2 from /global/cfs/cdirs/desi/users/shengyu/galaxies/catalogs/Y3/AbacusHF-v2/altmtl/LRG/mock2/mpspk/window_mesh2_spectrum_poles_LRG_z0.4-0.6_DR2_v2.0.h5
[000030.60]  06-07 08:12  fit_tools                    INFO     Reading window for mesh2 from /global/cfs/cdirs/desi/users/shengyu/galaxies/catalogs/Y3/AbacusHF-v2/altmtl/LRG/mock3/mpspk/window_mesh2_spectrum_poles_LRG_z0.4-0.6_DR2_v2.0.h5
[000030.75]  06-07 08:12  fit_tools                    INFO     Reading window for mesh2 from /global/cfs/cdirs/desi/users/shengyu/galaxies/catalogs/Y3/AbacusHF-v2/altmtl/LRG/mock4/mpspk/window_mesh2_spectrum_poles_LRG_z0.4-0.6_DR2_v2.0.h5
[000030.91]  06-07 08:12  fit_tools                    INFO     Reading window for mesh2 from /global/cfs/cdirs/desi/users/shengyu/galaxies/catalogs/Y3/AbacusHF-v2/altmtl/LRG/mock5/mpspk/window_mesh2_spectrum_poles_LRG_z0.4-0.6_DR2_v2.0.h5
[000031.06]  06-07 08:12  fit_tools                    INFO     Reading window for mesh2 from /global/cfs/cdirs/desi/users/shengyu/galaxies/catalogs/Y3/AbacusHF-v2/altmtl/LRG/mock6/mpspk/window_mesh2_spectrum_poles_LRG_z0.4-0.6_DR2_v2.0.h5
[000031.20]  06-07 08:12  fit_tools                    INFO     Reading window for mesh2 from /global/cfs/cdirs/desi/users/shengyu/galaxies/catalogs/Y3/AbacusHF-v2/altmtl/LRG/mock7/mpspk/window_mesh2_spectrum_poles_LRG_z0.4-0.6_DR2_v2.0.h5
[000031.37]  06-07 08:12  fit_tools                    INFO     Reading window for mesh2 from /global/cfs/cdirs/desi/users/shengyu/galaxies/catalogs/Y3/AbacusHF-v2/altmtl/LRG/mock8/mpspk/window_mesh2_spectrum_poles_LRG_z0.4-0.6_DR2_v2.0.h5
[000031.50]  06-07 08:12  fit_tools                    INFO     Reading window for mesh2 from /global/cfs/cdirs/desi/users/shengyu/galaxies/catalogs/Y3/AbacusHF-v2/altmtl/LRG/mock9/mpspk/window_mesh2_spectrum_poles_LRG_z0.4-0.6_DR2_v2.0.h5
[000031.64]  06-07 08:12  fit_tools                    INFO     Reading window for mesh2 from /global/cfs/cdirs/desi/users/shengyu/galaxies/catalogs/Y3/AbacusHF-v2/altmtl/LRG/mock10/mpspk/window_mesh2_spectrum_poles_LRG_z0.4-0.6_DR2_v2.0.h5
[000031.79]  06-07 08:12  fit_tools                    INFO     Reading window for mesh2 from /global/cfs/cdirs/desi/users/shengyu/galaxies/catalogs/Y3/AbacusHF-v2/altmtl/LRG/mock11/mpspk/window_mesh2_spectrum_poles_LRG_z0.4-0.6_DR2_v2.0.h5
[000031.91]  06-07 08:12  fit_tools                    INFO     Reading window for mesh2 from /global/cfs/cdirs/desi/users/shengyu/galaxies/catalogs/Y3/AbacusHF-v2/altmtl/LRG/mock12/mpspk/window_mesh2_spectrum_poles_LRG_z0.4-0.6_DR2_v2.0.h5
[000032.06]  06-07 08:12  fit_tools                    INFO     Reading window for mesh2 from /global/cfs/cdirs/desi/users/shengyu/galaxies/catalogs/Y3/AbacusHF-v2/altmtl/LRG/mock13/mpspk/window_mesh2_spectrum_poles_LRG_z0.4-0.6_DR2_v2.0.h5
[000032.22]  06-07 08:12  fit_tools                    INFO     Reading window for mesh2 from /global/cfs/cdirs/desi/users/shengyu/galaxies/catalogs/Y3/AbacusHF-v2/altmtl/LRG/mock14/mpspk/window_mesh2_spectrum_poles_LRG_z0.4-0.6_DR2_v2.0.h5
[000032.68]  06-07 08:12  fit_tools                    INFO     Reading window for mesh2 from /global/cfs/cdirs/desi/users/shengyu/galaxies/catalogs/Y3/AbacusHF-v2/altmtl/LRG/mock15/mpspk/window_mesh2_spectrum_poles_LRG_z0.4-0.6_DR2_v2.0.h5
[000033.45]  06-07 08:12  fit_tools                    INFO     Reading window for mesh2 from /global/cfs/cdirs/desi/users/shengyu/galaxies/catalogs/Y3/AbacusHF-v2/altmtl/LRG/mock16/mpspk/window_mesh2_spectrum_poles_LRG_z0.4-0.6_DR2_v2.0.h5
[000033.65]  06-07 08:12  fit_tools                    INFO     Reading window for mesh2 from /global/cfs/cdirs/desi/users/shengyu/galaxies/catalogs/Y3/AbacusHF-v2/altmtl/LRG/mock17/mpspk/window_mesh2_spectrum_poles_LRG_z0.4-0.6_DR2_v2.0.h5
[000033.81]  06-07 08:12  fit_tools                    INFO     Reading window for mesh2 from /global/cfs/cdirs/desi/users/shengyu/galaxies/catalogs/Y3/AbacusHF-v2/altmtl/LRG/mock18/mpspk/window_mesh2_spectrum_poles_LRG_z0.4-0.6_DR2_v2.0.h5
[000033.99]  06-07 08:12  fit_tools                    INFO     Reading window for mesh2 from /global/cfs/cdirs/desi/users/shengyu/galaxies/catalogs/Y3/AbacusHF-v2/altmtl/LRG/mock19/mpspk/window_mesh2_spectrum_poles_LRG_z0.4-0.6_DR2_v2.0.h5
[000034.15]  06-07 08:12  fit_tools                    INFO     Reading window for mesh2 from /global/cfs/cdirs/desi/users/shengyu/galaxies/catalogs/Y3/AbacusHF-v2/altmtl/LRG/mock20/mpspk/window_mesh2_spectrum_poles_LRG_z0.4-0.6_DR2_v2.0.h5
[000034.29]  06-07 08:12  fit_tools                    INFO     Reading window for mesh2 from /global/cfs/cdirs/desi/users/shengyu/galaxies/catalogs/Y3/AbacusHF-v2/altmtl/LRG/mock21/mpspk/window_mesh2_spectrum_poles_LRG_z0.4-0.6_DR2_v2.0.h5
[000034.46]  06-07 08:12  fit_tools                    INFO     Reading window for mesh2 from /global/cfs/cdirs/desi/users/shengyu/galaxies/catalogs/Y3/AbacusHF-v2/altmtl/LRG/mock22/mpspk/window_mesh2_spectrum_poles_LRG_z0.4-0.6_DR2_v2.0.h5
[000034.65]  06-07 08:12  fit_tools                    INFO     Reading window for mesh2 from /global/cfs/cdirs/desi/users/shengyu/galaxies/catalogs/Y3/AbacusHF-v2/altmtl/LRG/mock23/mpspk/window_mesh2_spectrum_poles_LRG_z0.4-0.6_DR2_v2.0.h5
[000034.79]  06-07 08:12  fit_tools                    INFO     Reading window for mesh2 from /global/cfs/cdirs/desi/users/shengyu/galaxies/catalogs/Y3/AbacusHF-v2/altmtl/LRG/mock24/mpspk/window_mesh2_spectrum_poles_LRG_z0.4-0.6_DR2_v2.0.h5
[000034.94]  06-07 08:12  fit_tools                    INFO     Reading data for mesh3 from /global/cfs/cdirs/desi/users/shengyu/galaxies/catalogs/Y3/AbacusHF-v2/altmtl/LRG/mock0/mpspk/mesh3_spectrum_poles_sugiyama_LRG_z0.4-0.6_DR2_v2.0.h5
[000034.98]  06-07 08:12  fit_tools                    INFO     Reading data for mesh3 from /global/cfs/cdirs/desi/users/shengyu/galaxies/catalogs/Y3/AbacusHF-v2/altmtl/LRG/mock1/mpspk/mesh3_spectrum_poles_sugiyama_LRG_z0.4-0.6_DR2_v2.0.h5
[000035.04]  06-07 08:12  fit_tools                    INFO     Reading data for mesh3 from /global/cfs/cdirs/desi/users/shengyu/galaxies/catalogs/Y3/AbacusHF-v2/altmtl/LRG/mock2/mpspk/mesh3_spectrum_poles_sugiyama_LRG_z0.4-0.6_DR2_v2.0.h5
[000035.10]  06-07 08:12  fit_tools                    INFO     Reading data for mesh3 from /global/cfs/cdirs/desi/users/shengyu/galaxies/catalogs/Y3/AbacusHF-v2/altmtl/LRG/mock3/mpspk/mesh3_spectrum_poles_sugiyama_LRG_z0.4-0.6_DR2_v2.0.h5
[000035.14]  06-07 08:12  fit_tools                    INFO     Reading data for mesh3 from /global/cfs/cdirs/desi/users/shengyu/galaxies/catalogs/Y3/AbacusHF-v2/altmtl/LRG/mock4/mpspk/mesh3_spectrum_poles_sugiyama_LRG_z0.4-0.6_DR2_v2.0.h5
[000035.19]  06-07 08:12  fit_tools                    INFO     Reading data for mesh3 from /global/cfs/cdirs/desi/users/shengyu/galaxies/catalogs/Y3/AbacusHF-v2/altmtl/LRG/mock5/mpspk/mesh3_spectrum_poles_sugiyama_LRG_z0.4-0.6_DR2_v2.0.h5
[000035.23]  06-07 08:12  fit_tools                    INFO     Reading data for mesh3 from /global/cfs/cdirs/desi/users/shengyu/galaxies/catalogs/Y3/AbacusHF-v2/altmtl/LRG/mock6/mpspk/mesh3_spectrum_poles_sugiyama_LRG_z0.4-0.6_DR2_v2.0.h5
[000035.28]  06-07 08:12  fit_tools                    INFO     Reading data for mesh3 from /global/cfs/cdirs/desi/users/shengyu/galaxies/catalogs/Y3/AbacusHF-v2/altmtl/LRG/mock7/mpspk/mesh3_spectrum_poles_sugiyama_LRG_z0.4-0.6_DR2_v2.0.h5
[000035.35]  06-07 08:12  fit_tools                    INFO     Reading data for mesh3 from /global/cfs/cdirs/desi/users/shengyu/galaxies/catalogs/Y3/AbacusHF-v2/altmtl/LRG/mock8/mpspk/mesh3_spectrum_poles_sugiyama_LRG_z0.4-0.6_DR2_v2.0.h5
[000035.40]  06-07 08:12  fit_tools                    INFO     Reading data for mesh3 from /global/cfs/cdirs/desi/users/shengyu/galaxies/catalogs/Y3/AbacusHF-v2/altmtl/LRG/mock9/mpspk/mesh3_spectrum_poles_sugiyama_LRG_z0.4-0.6_DR2_v2.0.h5
[000035.43]  06-07 08:12  fit_tools                    INFO     Reading data for mesh3 from /global/cfs/cdirs/desi/users/shengyu/galaxies/catalogs/Y3/AbacusHF-v2/altmtl/LRG/mock10/mpspk/mesh3_spectrum_poles_sugiyama_LRG_z0.4-0.6_DR2_v2.0.h5
[000035.47]  06-07 08:12  fit_tools                    INFO     Reading data for mesh3 from /global/cfs/cdirs/desi/users/shengyu/galaxies/catalogs/Y3/AbacusHF-v2/altmtl/LRG/mock11/mpspk/mesh3_spectrum_poles_sugiyama_LRG_z0.4-0.6_DR2_v2.0.h5
[000035.52]  06-07 08:12  fit_tools                    INFO     Reading data for mesh3 from /global/cfs/cdirs/desi/users/shengyu/galaxies/catalogs/Y3/AbacusHF-v2/altmtl/LRG/mock12/mpspk/mesh3_spectrum_poles_sugiyama_LRG_z0.4-0.6_DR2_v2.0.h5
[000035.55]  06-07 08:12  fit_tools                    INFO     Reading data for mesh3 from /global/cfs/cdirs/desi/users/shengyu/galaxies/catalogs/Y3/AbacusHF-v2/altmtl/LRG/mock13/mpspk/mesh3_spectrum_poles_sugiyama_LRG_z0.4-0.6_DR2_v2.0.h5
[000035.59]  06-07 08:12  fit_tools                    INFO     Reading data for mesh3 from /global/cfs/cdirs/desi/users/shengyu/galaxies/catalogs/Y3/AbacusHF-v2/altmtl/LRG/mock14/mpspk/mesh3_spectrum_poles_sugiyama_LRG_z0.4-0.6_DR2_v2.0.h5
[000035.63]  06-07 08:12  fit_tools                    INFO     Reading data for mesh3 from /global/cfs/cdirs/desi/users/shengyu/galaxies/catalogs/Y3/AbacusHF-v2/altmtl/LRG/mock15/mpspk/mesh3_spectrum_poles_sugiyama_LRG_z0.4-0.6_DR2_v2.0.h5
[000035.66]  06-07 08:12  fit_tools                    INFO     Reading data for mesh3 from /global/cfs/cdirs/desi/users/shengyu/galaxies/catalogs/Y3/AbacusHF-v2/altmtl/LRG/mock16/mpspk/mesh3_spectrum_poles_sugiyama_LRG_z0.4-0.6_DR2_v2.0.h5
[000035.73]  06-07 08:12  fit_tools                    INFO     Reading data for mesh3 from /global/cfs/cdirs/desi/users/shengyu/galaxies/catalogs/Y3/AbacusHF-v2/altmtl/LRG/mock17/mpspk/mesh3_spectrum_poles_sugiyama_LRG_z0.4-0.6_DR2_v2.0.h5
[000035.80]  06-07 08:12  fit_tools                    INFO     Reading data for mesh3 from /global/cfs/cdirs/desi/users/shengyu/galaxies/catalogs/Y3/AbacusHF-v2/altmtl/LRG/mock18/mpspk/mesh3_spectrum_poles_sugiyama_LRG_z0.4-0.6_DR2_v2.0.h5
[000035.84]  06-07 08:12  fit_tools                    INFO     Reading data for mesh3 from /global/cfs/cdirs/desi/users/shengyu/galaxies/catalogs/Y3/AbacusHF-v2/altmtl/LRG/mock19/mpspk/mesh3_spectrum_poles_sugiyama_LRG_z0.4-0.6_DR2_v2.0.h5
[000035.88]  06-07 08:12  fit_tools                    INFO     Reading data for mesh3 from /global/cfs/cdirs/desi/users/shengyu/galaxies/catalogs/Y3/AbacusHF-v2/altmtl/LRG/mock20/mpspk/mesh3_spectrum_poles_sugiyama_LRG_z0.4-0.6_DR2_v2.0.h5
[000035.93]  06-07 08:12  fit_tools                    INFO     Reading data for mesh3 from /global/cfs/cdirs/desi/users/shengyu/galaxies/catalogs/Y3/AbacusHF-v2/altmtl/LRG/mock21/mpspk/mesh3_spectrum_poles_sugiyama_LRG_z0.4-0.6_DR2_v2.0.h5
[000035.96]  06-07 08:12  fit_tools                    INFO     Reading data for mesh3 from /global/cfs/cdirs/desi/users/shengyu/galaxies/catalogs/Y3/AbacusHF-v2/altmtl/LRG/mock22/mpspk/mesh3_spectrum_poles_sugiyama_LRG_z0.4-0.6_DR2_v2.0.h5
[000036.05]  06-07 08:12  fit_tools                    INFO     Reading data for mesh3 from /global/cfs/cdirs/desi/users/shengyu/galaxies/catalogs/Y3/AbacusHF-v2/altmtl/LRG/mock23/mpspk/mesh3_spectrum_poles_sugiyama_LRG_z0.4-0.6_DR2_v2.0.h5
[000036.08]  06-07 08:12  fit_tools                    INFO     Reading data for mesh3 from /global/cfs/cdirs/desi/users/shengyu/galaxies/catalogs/Y3/AbacusHF-v2/altmtl/LRG/mock24/mpspk/mesh3_spectrum_poles_sugiyama_LRG_z0.4-0.6_DR2_v2.0.h5
[000036.12]  06-07 08:12  fit_tools                    INFO     Averaged data for mesh3 over 25 mock realizations
[000036.13]  06-07 08:12  fit_tools                    INFO     Reading window for mesh3 from /global/cfs/cdirs/desi/users/shengyu/galaxies/catalogs/Y3/AbacusHF-v2/altmtl/LRG/mock0/mpspk/window_mesh3_spectrum_poles_sugiyama_LRG_z0.4-0.6_DR2_v2.0.h5
[000036.57]  06-07 08:12  fit_tools                    INFO     Reading window for mesh3 from /global/cfs/cdirs/desi/users/shengyu/galaxies/catalogs/Y3/AbacusHF-v2/altmtl/LRG/mock1/mpspk/window_mesh3_spectrum_poles_sugiyama_LRG_z0.4-0.6_DR2_v2.0.h5
[000036.93]  06-07 08:12  fit_tools                    INFO     Reading window for mesh3 from /global/cfs/cdirs/desi/users/shengyu/galaxies/catalogs/Y3/AbacusHF-v2/altmtl/LRG/mock2/mpspk/window_mesh3_spectrum_poles_sugiyama_LRG_z0.4-0.6_DR2_v2.0.h5
[000037.29]  06-07 08:12  fit_tools                    INFO     Reading window for mesh3 from /global/cfs/cdirs/desi/users/shengyu/galaxies/catalogs/Y3/AbacusHF-v2/altmtl/LRG/mock3/mpspk/window_mesh3_spectrum_poles_sugiyama_LRG_z0.4-0.6_DR2_v2.0.h5
[000037.63]  06-07 08:12  fit_tools                    INFO     Reading window for mesh3 from /global/cfs/cdirs/desi/users/shengyu/galaxies/catalogs/Y3/AbacusHF-v2/altmtl/LRG/mock4/mpspk/window_mesh3_spectrum_poles_sugiyama_LRG_z0.4-0.6_DR2_v2.0.h5
[000038.08]  06-07 08:12  fit_tools                    INFO     Reading window for mesh3 from /global/cfs/cdirs/desi/users/shengyu/galaxies/catalogs/Y3/AbacusHF-v2/altmtl/LRG/mock5/mpspk/window_mesh3_spectrum_poles_sugiyama_LRG_z0.4-0.6_DR2_v2.0.h5
[000038.43]  06-07 08:12  fit_tools                    INFO     Reading window for mesh3 from /global/cfs/cdirs/desi/users/shengyu/galaxies/catalogs/Y3/AbacusHF-v2/altmtl/LRG/mock6/mpspk/window_mesh3_spectrum_poles_sugiyama_LRG_z0.4-0.6_DR2_v2.0.h5
[000038.75]  06-07 08:12  fit_tools                    INFO     Reading window for mesh3 from /global/cfs/cdirs/desi/users/shengyu/galaxies/catalogs/Y3/AbacusHF-v2/altmtl/LRG/mock7/mpspk/window_mesh3_spectrum_poles_sugiyama_LRG_z0.4-0.6_DR2_v2.0.h5
[000039.14]  06-07 08:12  fit_tools                    INFO     Reading window for mesh3 from /global/cfs/cdirs/desi/users/shengyu/galaxies/catalogs/Y3/AbacusHF-v2/altmtl/LRG/mock8/mpspk/window_mesh3_spectrum_poles_sugiyama_LRG_z0.4-0.6_DR2_v2.0.h5
[000039.62]  06-07 08:12  fit_tools                    INFO     Reading window for mesh3 from /global/cfs/cdirs/desi/users/shengyu/galaxies/catalogs/Y3/AbacusHF-v2/altmtl/LRG/mock9/mpspk/window_mesh3_spectrum_poles_sugiyama_LRG_z0.4-0.6_DR2_v2.0.h5
[000040.04]  06-07 08:12  fit_tools                    INFO     Reading window for mesh3 from /global/cfs/cdirs/desi/users/shengyu/galaxies/catalogs/Y3/AbacusHF-v2/altmtl/LRG/mock10/mpspk/window_mesh3_spectrum_poles_sugiyama_LRG_z0.4-0.6_DR2_v2.0.h5
[000040.44]  06-07 08:12  fit_tools                    INFO     Reading window for mesh3 from /global/cfs/cdirs/desi/users/shengyu/galaxies/catalogs/Y3/AbacusHF-v2/altmtl/LRG/mock11/mpspk/window_mesh3_spectrum_poles_sugiyama_LRG_z0.4-0.6_DR2_v2.0.h5
[000040.84]  06-07 08:12  fit_tools                    INFO     Reading window for mesh3 from /global/cfs/cdirs/desi/users/shengyu/galaxies/catalogs/Y3/AbacusHF-v2/altmtl/LRG/mock12/mpspk/window_mesh3_spectrum_poles_sugiyama_LRG_z0.4-0.6_DR2_v2.0.h5
[000041.21]  06-07 08:12  fit_tools                    INFO     Reading window for mesh3 from /global/cfs/cdirs/desi/users/shengyu/galaxies/catalogs/Y3/AbacusHF-v2/altmtl/LRG/mock13/mpspk/window_mesh3_spectrum_poles_sugiyama_LRG_z0.4-0.6_DR2_v2.0.h5
[000041.67]  06-07 08:12  fit_tools                    INFO     Reading window for mesh3 from /global/cfs/cdirs/desi/users/shengyu/galaxies/catalogs/Y3/AbacusHF-v2/altmtl/LRG/mock14/mpspk/window_mesh3_spectrum_poles_sugiyama_LRG_z0.4-0.6_DR2_v2.0.h5
[000042.14]  06-07 08:12  fit_tools                    INFO     Reading window for mesh3 from /global/cfs/cdirs/desi/users/shengyu/galaxies/catalogs/Y3/AbacusHF-v2/altmtl/LRG/mock15/mpspk/window_mesh3_spectrum_poles_sugiyama_LRG_z0.4-0.6_DR2_v2.0.h5
[000042.58]  06-07 08:12  fit_tools                    INFO     Reading window for mesh3 from /global/cfs/cdirs/desi/users/shengyu/galaxies/catalogs/Y3/AbacusHF-v2/altmtl/LRG/mock16/mpspk/window_mesh3_spectrum_poles_sugiyama_LRG_z0.4-0.6_DR2_v2.0.h5
[000043.01]  06-07 08:12  fit_tools                    INFO     Reading window for mesh3 from /global/cfs/cdirs/desi/users/shengyu/galaxies/catalogs/Y3/AbacusHF-v2/altmtl/LRG/mock17/mpspk/window_mesh3_spectrum_poles_sugiyama_LRG_z0.4-0.6_DR2_v2.0.h5
[000043.44]  06-07 08:12  fit_tools                    INFO     Reading window for mesh3 from /global/cfs/cdirs/desi/users/shengyu/galaxies/catalogs/Y3/AbacusHF-v2/altmtl/LRG/mock18/mpspk/window_mesh3_spectrum_poles_sugiyama_LRG_z0.4-0.6_DR2_v2.0.h5
[000043.77]  06-07 08:12  fit_tools                    INFO     Reading window for mesh3 from /global/cfs/cdirs/desi/users/shengyu/galaxies/catalogs/Y3/AbacusHF-v2/altmtl/LRG/mock19/mpspk/window_mesh3_spectrum_poles_sugiyama_LRG_z0.4-0.6_DR2_v2.0.h5
[000044.08]  06-07 08:12  fit_tools                    INFO     Reading window for mesh3 from /global/cfs/cdirs/desi/users/shengyu/galaxies/catalogs/Y3/AbacusHF-v2/altmtl/LRG/mock20/mpspk/window_mesh3_spectrum_poles_sugiyama_LRG_z0.4-0.6_DR2_v2.0.h5
[000044.51]  06-07 08:12  fit_tools                    INFO     Reading window for mesh3 from /global/cfs/cdirs/desi/users/shengyu/galaxies/catalogs/Y3/AbacusHF-v2/altmtl/LRG/mock21/mpspk/window_mesh3_spectrum_poles_sugiyama_LRG_z0.4-0.6_DR2_v2.0.h5
[000044.97]  06-07 08:12  fit_tools                    INFO     Reading window for mesh3 from /global/cfs/cdirs/desi/users/shengyu/galaxies/catalogs/Y3/AbacusHF-v2/altmtl/LRG/mock22/mpspk/window_mesh3_spectrum_poles_sugiyama_LRG_z0.4-0.6_DR2_v2.0.h5
[000045.51]  06-07 08:12  fit_tools                    INFO     Reading window for mesh3 from /global/cfs/cdirs/desi/users/shengyu/galaxies/catalogs/Y3/AbacusHF-v2/altmtl/LRG/mock23/mpspk/window_mesh3_spectrum_poles_sugiyama_LRG_z0.4-0.6_DR2_v2.0.h5
[000045.81]  06-07 08:12  fit_tools                    INFO     Reading window for mesh3 from /global/cfs/cdirs/desi/users/shengyu/galaxies/catalogs/Y3/AbacusHF-v2/altmtl/LRG/mock24/mpspk/window_mesh3_spectrum_poles_sugiyama_LRG_z0.4-0.6_DR2_v2.0.h5
[000046.48]  06-07 08:12  fit_tools                    INFO     Writing cached stats /global/cfs/cdirs/desi/users/shengyu/Y3/full-shape/redshift_errors/fits/_cache/prepared_stats/data_LRG1-z0.4-0.6-mean25-S2+LRG1-z0.4-0.6-mean25-S3-7001c32f.h5.
[000046.58]  06-07 08:12  fit_tools                    INFO     Writing cached stats /global/cfs/cdirs/desi/users/shengyu/Y3/full-shape/redshift_errors/fits/_cache/prepared_stats/window_LRG1-z0.4-0.6-mean25-S2+LRG1-z0.4-0.6-mean25-S3-7001c32f.h5.
[000047.00]  06-07 08:12  fit_tools                    INFO     Reading covariance, first matched: /global/cfs/cdirs/desi/users/shengyu/galaxies/catalogs/Y3/holi-v3/altmtl/LRG/mock0/mpspk/mesh2_spectrum_poles_LRG_z0.4-0.6_holi_v3.h5
[000236.32]  06-07 08:15  fit_tools                    INFO     Built covariance from 846 mock realizations; shape=(160, 160)
[000236.32]  06-07 08:15  fit_tools                    WARNING  Skipped 154 missing covariance mock files
[000236.32]  06-07 08:15  fit_tools                    INFO     Applied covariance corrections ('hartlap', 'percival') with factor 1.486729, hartlap=0.809467, percival=1.203459, nparams=9
[000236.33]  06-07 08:15  fit_tools                    INFO     Writing cached stats /global/cfs/cdirs/desi/users/shengyu/Y3/full-shape/redshift_errors/fits/_cache/prepared_stats/covariance_LRG1-z0.4-0.6-mean25-S2+LRG1-z0.4-0.6-mean25-S3+cov-mock-holi-v3-d916ae07.h5.
[000236.42]  06-07 08:15  fit_tools                    WARNING  No redshift found in data attributes; read z=0.510 from the mesh2 window.
[000236.42]  06-07 08:15  fit_tools                    WARNING  No redshift found in data attributes; read z=0.510 from the mesh2 window.
[000236.42]  06-07 08:15  fit_tools                    WARNING  No redshift found in data attributes; read z=0.510 from the mesh2 window.
[000236.42]  06-07 08:15  fit_tools                    WARNING  No redshift found in data attributes; read z=0.510 from the mesh2 window.
⚠️ No GPU found. Using JAX with CPU.
⚠️ No GPU found. Using JAX with CPU.
⚠️ No GPU found. Using JAX with CPU.
⚠️ No GPU found. Using JAX with CPU.
Calculating matrices (no save path specified)
Calculating matrices (no save path specified)
Calculating matrices (no save path specified)
Calculating matrices (no save path specified)
/global/homes/s/shengyu/.conda/envs/fit_env/lib/python3.12/site-packages/cosmoprimo/eisenstein_hu.py:25: UserWarning: EisensteinHuNoWiggleEngine cannot cope with massive neutrinos
  warnings.warn('{} cannot cope with massive neutrinos'.format(self.__class__.__name__))
/global/homes/s/shengyu/.conda/envs/fit_env/lib/python3.12/site-packages/cosmoprimo/eisenstein_hu.py:25: UserWarning: EisensteinHuNoWiggleEngine cannot cope with massive neutrinos
  warnings.warn('{} cannot cope with massive neutrinos'.format(self.__class__.__name__))
/global/homes/s/shengyu/.conda/envs/fit_env/lib/python3.12/site-packages/cosmoprimo/eisenstein_hu.py:25: UserWarning: EisensteinHuNoWiggleEngine cannot cope with massive neutrinos
  warnings.warn('{} cannot cope with massive neutrinos'.format(self.__class__.__name__))
/global/homes/s/shengyu/.conda/envs/fit_env/lib/python3.12/site-packages/cosmoprimo/eisenstein_hu.py:25: UserWarning: EisensteinHuNoWiggleEngine cannot cope with massive neutrinos
  warnings.warn('{} cannot cope with massive neutrinos'.format(self.__class__.__name__))
Calculating matrices (no save path specified)
Calculating matrices (no save path specified)
Calculating matrices (no save path specified)
Calculating matrices (no save path specified)
[000244.84]  06-07 08:15  fit_tools                    INFO     Reading cached emulator /global/cfs/cdirs/desi/users/shengyu/Y3/full-shape/redshift_errors/fits/_cache/emulator_cosmo-base_taylor/emulator_LRG1-z0.4-0.6-mean25-S2-ell0-k0.02-0.30-0.005-ell2-k0.02-0.30-0.005-th-folpsD_861119db.npy
[000244.84]  06-07 08:15  fit_tools                    INFO     Reading cached emulator /global/cfs/cdirs/desi/users/shengyu/Y3/full-shape/redshift_errors/fits/_cache/emulator_cosmo-base_taylor/emulator_LRG1-z0.4-0.6-mean25-S2-ell0-k0.02-0.30-0.005-ell2-k0.02-0.30-0.005-th-folpsD_861119db.npy
[000244.84]  06-07 08:15  fit_tools                    INFO     Reading cached emulator /global/cfs/cdirs/desi/users/shengyu/Y3/full-shape/redshift_errors/fits/_cache/emulator_cosmo-base_taylor/emulator_LRG1-z0.4-0.6-mean25-S2-ell0-k0.02-0.30-0.005-ell2-k0.02-0.30-0.005-th-folpsD_861119db.npy
[000244.84]  06-07 08:15  fit_tools                    INFO     Reading cached emulator /global/cfs/cdirs/desi/users/shengyu/Y3/full-shape/redshift_errors/fits/_cache/emulator_cosmo-base_taylor/emulator_LRG1-z0.4-0.6-mean25-S2-ell0-k0.02-0.30-0.005-ell2-k0.02-0.30-0.005-th-folpsD_861119db.npy
[000244.84]  06-07 08:15  Emulator                     INFO     Loading /global/cfs/cdirs/desi/users/shengyu/Y3/full-shape/redshift_errors/fits/_cache/emulator_cosmo-base_taylor/emulator_LRG1-z0.4-0.6-mean25-S2-ell0-k0.02-0.30-0.005-ell2-k0.02-0.30-0.005-th-folpsD_861119db.npy.
[000244.84]  06-07 08:15  Emulator                     INFO     Loading /global/cfs/cdirs/desi/users/shengyu/Y3/full-shape/redshift_errors/fits/_cache/emulator_cosmo-base_taylor/emulator_LRG1-z0.4-0.6-mean25-S2-ell0-k0.02-0.30-0.005-ell2-k0.02-0.30-0.005-th-folpsD_861119db.npy.
[000244.84]  06-07 08:15  Emulator                     INFO     Loading /global/cfs/cdirs/desi/users/shengyu/Y3/full-shape/redshift_errors/fits/_cache/emulator_cosmo-base_taylor/emulator_LRG1-z0.4-0.6-mean25-S2-ell0-k0.02-0.30-0.005-ell2-k0.02-0.30-0.005-th-folpsD_861119db.npy.
[000244.84]  06-07 08:15  Emulator                     INFO     Loading /global/cfs/cdirs/desi/users/shengyu/Y3/full-shape/redshift_errors/fits/_cache/emulator_cosmo-base_taylor/emulator_LRG1-z0.4-0.6-mean25-S2-ell0-k0.02-0.30-0.005-ell2-k0.02-0.30-0.005-th-folpsD_861119db.npy.
Calculating matrices (no save path specified)
Calculating matrices (no save path specified)
Calculating matrices (no save path specified)
Calculating matrices (no save path specified)
[000250.06]  06-07 08:15  fit_tools                    INFO     Fitting emulator /global/cfs/cdirs/desi/users/shengyu/Y3/full-shape/redshift_errors/fits/_cache/emulator_cosmo-base_taylor/emulator_LRG1-z0.4-0.6-mean25-S3-ell000-k0.02-0.20-0.005-ell202-k0.02-0.08-0.005-th-folpsD_71214397.npy
[000250.06]  06-07 08:15  fit_tools                    INFO     Fitting emulator /global/cfs/cdirs/desi/users/shengyu/Y3/full-shape/redshift_errors/fits/_cache/emulator_cosmo-base_taylor/emulator_LRG1-z0.4-0.6-mean25-S3-ell000-k0.02-0.20-0.005-ell202-k0.02-0.08-0.005-th-folpsD_71214397.npy
[000250.08]  06-07 08:15  fit_tools                    INFO     Fitting emulator /global/cfs/cdirs/desi/users/shengyu/Y3/full-shape/redshift_errors/fits/_cache/emulator_cosmo-base_taylor/emulator_LRG1-z0.4-0.6-mean25-S3-ell000-k0.02-0.20-0.005-ell202-k0.02-0.08-0.005-th-folpsD_71214397.npy
[000250.08]  06-07 08:15  fit_tools                    INFO     Fitting emulator /global/cfs/cdirs/desi/users/shengyu/Y3/full-shape/redshift_errors/fits/_cache/emulator_cosmo-base_taylor/emulator_LRG1-z0.4-0.6-mean25-S3-ell000-k0.02-0.20-0.005-ell202-k0.02-0.08-0.005-th-folpsD_71214397.npy
Calculating matrices (no save path specified)
Calculating matrices (no save path specified)
Calculating matrices (no save path specified)
Calculating matrices (no save path specified)
[000254.03]  06-07 08:16  Emulator                     INFO     Varied parameters: ['h', 'omega_cdm', 'omega_b', 'logA', 'n_s'].
[000254.03]  06-07 08:16  Emulator                     INFO     Found varying ['H0', 'Omega_m', 'sigma8_m', 'sigma8', 'fsigma8', 'pt-jac', 'pt-kap', 'pt-muap', 'pt-table', 'pt-table_now', 'pt-scalars', 'pt-scalars_now', 'pt-qpar', 'pt-qper', 'pt-f', 'pt-f0', 'pt-pklir'] and fixed ['k', 'z', 'ells', 'wmu', 'kt', 'pt-A_full', 'pt-remove_DeltaP'] outputs.
[000254.41]  06-07 08:16  Differentiation              INFO     Varied parameters: ['h', 'omega_cdm', 'omega_b', 'logA', 'n_s'].
[000255.75]  06-07 08:16  Differentiation              INFO     h grid is [0.6136 0.6436 0.6736 0.7036 0.7336].
[000255.75]  06-07 08:16  Differentiation              INFO     omega_cdm grid is [0.106 0.113 0.12  0.127 0.134].
[000255.75]  06-07 08:16  Differentiation              INFO     omega_b grid is [0.01937 0.02087 0.02237 0.02387 0.02537].
[000255.75]  06-07 08:16  Differentiation              INFO     logA grid is [2.93639426 2.98639426 3.03639426 3.08639426 3.13639426].
[000255.75]  06-07 08:16  Differentiation              INFO     n_s grid is [0.9549 0.9599 0.9649 0.9699 0.9749].
[000255.75]  06-07 08:16  Differentiation              INFO     Differentiation will evaluate 141 points.
[000269.91]  06-07 08:16  Emulator                     INFO     Fitting H0.
[000269.93]  06-07 08:16  Emulator                     INFO     Fitting Omega_m.
[000269.96]  06-07 08:16  Emulator                     INFO     Fitting sigma8_m.
[000269.98]  06-07 08:16  Emulator                     INFO     Fitting sigma8.
[000270.01]  06-07 08:16  Emulator                     INFO     Fitting fsigma8.
[000270.03]  06-07 08:16  Emulator                     INFO     Fitting pt-jac.
[000270.05]  06-07 08:16  Emulator                     INFO     Fitting pt-kap.
[000270.08]  06-07 08:16  Emulator                     INFO     Fitting pt-muap.
[000270.10]  06-07 08:16  Emulator                     INFO     Fitting pt-table.
[000270.13]  06-07 08:16  Emulator                     INFO     Fitting pt-table_now.
[000270.15]  06-07 08:16  Emulator                     INFO     Fitting pt-scalars.
[000270.18]  06-07 08:16  Emulator                     INFO     Fitting pt-scalars_now.
[000270.20]  06-07 08:16  Emulator                     INFO     Fitting pt-qpar.
[000270.23]  06-07 08:16  Emulator                     INFO     Fitting pt-qper.
[000270.25]  06-07 08:16  Emulator                     INFO     Fitting pt-f.
[000270.28]  06-07 08:16  Emulator                     INFO     Fitting pt-f0.
[000270.30]  06-07 08:16  Emulator                     INFO     Fitting pt-pklir.
[000270.41]  06-07 08:16  Emulator                     INFO     Saving /global/cfs/cdirs/desi/users/shengyu/Y3/full-shape/redshift_errors/fits/_cache/emulator_cosmo-base_taylor/emulator_LRG1-z0.4-0.6-mean25-S3-ell000-k0.02-0.20-0.005-ell202-k0.02-0.08-0.005-th-folpsD_71214397.npy.
[000270.44]  06-07 08:16  BaseConfig                   INFO     Saving /global/cfs/cdirs/desi/users/shengyu/Y3/full-shape/redshift_errors/fits/_cache/emulator_cosmo-base_taylor/emulator_LRG1-z0.4-0.6-mean25-S3-ell000-k0.02-0.20-0.005-ell202-k0.02-0.08-0.005-th-folpsD_71214397.yaml.
/global/u1/s/shengyu/packages/desilike/desilike/base.py:447: UserWarning: Derived parameter H0 of <desilike.theories.galaxy_clustering.full_shape.FOLPSv2PowerSpectrumMultipoles object at 0x7f4d6a30c5f0> is already derived in <desilike.theories.galaxy_clustering.full_shape.FOLPSv2PowerSpectrumMultipoles object at 0x7f4d6afe9130>.
  if self.mpicomm.rank == 0: warnings.warn(msg)
/global/u1/s/shengyu/packages/desilike/desilike/base.py:447: UserWarning: Derived parameter Omega_m of <desilike.theories.galaxy_clustering.full_shape.FOLPSv2PowerSpectrumMultipoles object at 0x7f4d6a30c5f0> is already derived in <desilike.theories.galaxy_clustering.full_shape.FOLPSv2PowerSpectrumMultipoles object at 0x7f4d6afe9130>.
  if self.mpicomm.rank == 0: warnings.warn(msg)
/global/u1/s/shengyu/packages/desilike/desilike/base.py:447: UserWarning: Derived parameter sigma8_m of <desilike.theories.galaxy_clustering.full_shape.FOLPSv2PowerSpectrumMultipoles object at 0x7f4d6a30c5f0> is already derived in <desilike.theories.galaxy_clustering.full_shape.FOLPSv2PowerSpectrumMultipoles object at 0x7f4d6afe9130>.
  if self.mpicomm.rank == 0: warnings.warn(msg)
[000270.70]  06-07 08:16  PocoMCSampler                INFO     Varied parameters: ['h', 'omega_cdm', 'omega_b', 'logA', 'n_s', 'LRG1.b1p', 'LRG1.b2p', 'LRG1.bsp', 'LRG1.c1p', 'LRG1.c2p', 'LRG1.Pshotp', 'LRG1.Bshotp', 'LRG1.X_FoG_bp', 'LRG1.X_FoG_pp'].
[None]
[000317.50]  06-07 08:17  PocoMCSampler                INFO     Successfully vmap input likelihood.
[000323.34]  06-07 08:17  PocoMCSampler                INFO     Successfully jit input likelihood.
Saving PMC state to /global/cfs/cdirs/desi/users/shengyu/Y3/full-shape/redshift_errors/fits/cosmo-base_LRG1-z0.4-0.6-mean25-S2+LRG1-z0.4-0.6-mean25-S3-049dea16/chain_0.pocomc.state
[000612.22]  06-07 08:21  Chain                        INFO     Saving /global/cfs/cdirs/desi/users/shengyu/Y3/full-shape/redshift_errors/fits/cosmo-base_LRG1-z0.4-0.6-mean25-S2+LRG1-z0.4-0.6-mean25-S3-049dea16/chain_0.npy.
[000612.35]  06-07 08:21  PocoMCSampler                INFO     Diagnostics:
[000612.39]  06-07 08:21  Diagnostics                  INFO     - max eigen Gelman-Rubin - 1 is 0.306; not < 0.03.
[000612.42]  06-07 08:21  Diagnostics                  INFO     - max diag Gelman-Rubin - 1 is 0.16.
[000612.63]  06-07 08:21  Diagnostics                  INFO     - max diag Gelman-Rubin - 1 at 1.0 sigmas is 0.262.
[000612.66]  06-07 08:21  Diagnostics                  INFO     - max Geweke is 0.616.
[000612.66]  06-07 08:21  Diagnostics                  INFO     - Geweke p-value is 1.92e-07.
[000613.20]  06-07 08:21  Diagnostics                  INFO     - effective sample size = (10 iterations / integrated autocorrelation time) is 15.3.
Saving PMC state to /global/cfs/cdirs/desi/users/shengyu/Y3/full-shape/redshift_errors/fits/cosmo-base_LRG1-z0.4-0.6-mean25-S2+LRG1-z0.4-0.6-mean25-S3-049dea16/chain_0.pocomc.state
[000951.19]  06-07 08:27  Chain                        INFO     Saving /global/cfs/cdirs/desi/users/shengyu/Y3/full-shape/redshift_errors/fits/cosmo-base_LRG1-z0.4-0.6-mean25-S2+LRG1-z0.4-0.6-mean25-S3-049dea16/chain_0.npy.
[000951.28]  06-07 08:27  PocoMCSampler                INFO     Diagnostics:
[000951.32]  06-07 08:27  Diagnostics                  INFO     - max eigen Gelman-Rubin - 1 is 0.422; not < 0.03.
[000951.35]  06-07 08:27  Diagnostics                  INFO     - max diag Gelman-Rubin - 1 is 0.273.
[000951.69]  06-07 08:27  Diagnostics                  INFO     - max diag Gelman-Rubin - 1 at 1.0 sigmas is 0.633.
[000951.72]  06-07 08:27  Diagnostics                  INFO     - max Geweke is 0.306.
[000951.72]  06-07 08:27  Diagnostics                  INFO     - Geweke p-value is 5.31e-05.
[000952.26]  06-07 08:27  Diagnostics                  INFO     - effective sample size = (20 iterations / integrated autocorrelation time) is 14.2.
[000952.26]  06-07 08:27  Diagnostics                  INFO     - max variation of integrated autocorrelation time is 0.633.
Saving PMC state to /global/cfs/cdirs/desi/users/shengyu/Y3/full-shape/redshift_errors/fits/cosmo-base_LRG1-z0.4-0.6-mean25-S2+LRG1-z0.4-0.6-mean25-S3-049dea16/chain_0.pocomc.state
[001301.08]  06-07 08:33  Chain                        INFO     Saving /global/cfs/cdirs/desi/users/shengyu/Y3/full-shape/redshift_errors/fits/cosmo-base_LRG1-z0.4-0.6-mean25-S2+LRG1-z0.4-0.6-mean25-S3-049dea16/chain_0.npy.
[001301.13]  06-07 08:33  PocoMCSampler                INFO     Diagnostics:
[001301.17]  06-07 08:33  Diagnostics                  INFO     - max eigen Gelman-Rubin - 1 is 0.294; not < 0.03.
[001301.21]  06-07 08:33  Diagnostics                  INFO     - max diag Gelman-Rubin - 1 is 0.218.
[001301.63]  06-07 08:33  Diagnostics                  INFO     - max diag Gelman-Rubin - 1 at 1.0 sigmas is 0.411.
[001301.66]  06-07 08:33  Diagnostics                  INFO     - max Geweke is 0.366.
[001301.66]  06-07 08:33  Diagnostics                  INFO     - Geweke p-value is 1.43e-05.
[001302.19]  06-07 08:33  Diagnostics                  INFO     - effective sample size = (30 iterations / integrated autocorrelation time) is 17.4.
[001302.19]  06-07 08:33  Diagnostics                  INFO     - max variation of integrated autocorrelation time is 0.309.
Saving PMC state to /global/cfs/cdirs/desi/users/shengyu/Y3/full-shape/redshift_errors/fits/cosmo-base_LRG1-z0.4-0.6-mean25-S2+LRG1-z0.4-0.6-mean25-S3-049dea16/chain_0.pocomc.state
[001730.20]  06-07 08:40  Chain                        INFO     Saving /global/cfs/cdirs/desi/users/shengyu/Y3/full-shape/redshift_errors/fits/cosmo-base_LRG1-z0.4-0.6-mean25-S2+LRG1-z0.4-0.6-mean25-S3-049dea16/chain_0.npy.
[001730.25]  06-07 08:40  PocoMCSampler                INFO     Diagnostics:
[001730.29]  06-07 08:40  Diagnostics                  INFO     - max eigen Gelman-Rubin - 1 is 0.803; not < 0.03.
[001730.33]  06-07 08:40  Diagnostics                  INFO     - max diag Gelman-Rubin - 1 is 0.371.
[001730.56]  06-07 08:40  Diagnostics                  INFO     - max diag Gelman-Rubin - 1 at 1.0 sigmas is 0.894.
[001730.59]  06-07 08:40  Diagnostics                  INFO     - max Geweke is 0.396.
[001730.59]  06-07 08:40  Diagnostics                  INFO     - Geweke p-value is 2.88e-08.
[001731.13]  06-07 08:40  Diagnostics                  INFO     - effective sample size = (40 iterations / integrated autocorrelation time) is 14.4.
[001731.13]  06-07 08:40  Diagnostics                  INFO     - max variation of integrated autocorrelation time is 0.517.
Saving PMC state to /global/cfs/cdirs/desi/users/shengyu/Y3/full-shape/redshift_errors/fits/cosmo-base_LRG1-z0.4-0.6-mean25-S2+LRG1-z0.4-0.6-mean25-S3-049dea16/chain_0.pocomc.state
[002093.00]  06-07 08:46  Chain                        INFO     Saving /global/cfs/cdirs/desi/users/shengyu/Y3/full-shape/redshift_errors/fits/cosmo-base_LRG1-z0.4-0.6-mean25-S2+LRG1-z0.4-0.6-mean25-S3-049dea16/chain_0.npy.
[002093.23]  06-07 08:46  PocoMCSampler                INFO     Diagnostics:
[002093.26]  06-07 08:46  Diagnostics                  INFO     - max eigen Gelman-Rubin - 1 is 1.33; not < 0.03.
[002093.30]  06-07 08:46  Diagnostics                  INFO     - max diag Gelman-Rubin - 1 is 0.335.
[002093.56]  06-07 08:46  Diagnostics                  INFO     - max diag Gelman-Rubin - 1 at 1.0 sigmas is 0.908.
[002093.58]  06-07 08:46  Diagnostics                  INFO     - max Geweke is 0.432.
[002093.58]  06-07 08:46  Diagnostics                  INFO     - Geweke p-value is 5.41e-06.
[002094.13]  06-07 08:46  Diagnostics                  INFO     - effective sample size = (50 iterations / integrated autocorrelation time) is 13.3.
[002094.13]  06-07 08:46  Diagnostics                  INFO     - max variation of integrated autocorrelation time is 0.592.
Saving PMC state to /global/cfs/cdirs/desi/users/shengyu/Y3/full-shape/redshift_errors/fits/cosmo-base_LRG1-z0.4-0.6-mean25-S2+LRG1-z0.4-0.6-mean25-S3-049dea16/chain_0.pocomc.state
[002505.14]  06-07 08:53  Chain                        INFO     Saving /global/cfs/cdirs/desi/users/shengyu/Y3/full-shape/redshift_errors/fits/cosmo-base_LRG1-z0.4-0.6-mean25-S2+LRG1-z0.4-0.6-mean25-S3-049dea16/chain_0.npy.
[002505.21]  06-07 08:53  PocoMCSampler                INFO     Diagnostics:
[002505.25]  06-07 08:53  Diagnostics                  INFO     - max eigen Gelman-Rubin - 1 is 1.89; not < 0.03.
[002505.29]  06-07 08:53  Diagnostics                  INFO     - max diag Gelman-Rubin - 1 is 0.671.
[002505.42]  06-07 08:53  Diagnostics                  INFO     - max diag Gelman-Rubin - 1 at 1.0 sigmas is 1.66.
[002505.44]  06-07 08:53  Diagnostics                  INFO     - max Geweke is 0.488.
[002505.44]  06-07 08:53  Diagnostics                  INFO     - Geweke p-value is 9.93e-08.
[002505.99]  06-07 08:53  Diagnostics                  INFO     - effective sample size = (60 iterations / integrated autocorrelation time) is 10.6.
[002505.99]  06-07 08:53  Diagnostics                  INFO     - max variation of integrated autocorrelation time is 0.574.
Saving PMC state to /global/cfs/cdirs/desi/users/shengyu/Y3/full-shape/redshift_errors/fits/cosmo-base_LRG1-z0.4-0.6-mean25-S2+LRG1-z0.4-0.6-mean25-S3-049dea16/chain_0.pocomc.state
[002862.96]  06-07 08:59  Chain                        INFO     Saving /global/cfs/cdirs/desi/users/shengyu/Y3/full-shape/redshift_errors/fits/cosmo-base_LRG1-z0.4-0.6-mean25-S2+LRG1-z0.4-0.6-mean25-S3-049dea16/chain_0.npy.
[002863.15]  06-07 08:59  PocoMCSampler                INFO     Diagnostics:
[002863.18]  06-07 08:59  Diagnostics                  INFO     - max eigen Gelman-Rubin - 1 is 1.57; not < 0.03.
[002863.22]  06-07 08:59  Diagnostics                  INFO     - max diag Gelman-Rubin - 1 is 0.686.
[002863.36]  06-07 08:59  Diagnostics                  INFO     - max diag Gelman-Rubin - 1 at 1.0 sigmas is 1.31.
[002863.38]  06-07 08:59  Diagnostics                  INFO     - max Geweke is 0.505.
[002863.38]  06-07 08:59  Diagnostics                  INFO     - Geweke p-value is 6.83e-05.
[002863.93]  06-07 08:59  Diagnostics                  INFO     - effective sample size = (70 iterations / integrated autocorrelation time) is 10.3.
[002863.93]  06-07 08:59  Diagnostics                  INFO     - max variation of integrated autocorrelation time is 0.835.
Saving PMC state to /global/cfs/cdirs/desi/users/shengyu/Y3/full-shape/redshift_errors/fits/cosmo-base_LRG1-z0.4-0.6-mean25-S2+LRG1-z0.4-0.6-mean25-S3-049dea16/chain_0.pocomc.state
[003245.28]  06-07 09:05  Chain                        INFO     Saving /global/cfs/cdirs/desi/users/shengyu/Y3/full-shape/redshift_errors/fits/cosmo-base_LRG1-z0.4-0.6-mean25-S2+LRG1-z0.4-0.6-mean25-S3-049dea16/chain_0.npy.
[003245.57]  06-07 09:05  PocoMCSampler                INFO     Diagnostics:
[003245.61]  06-07 09:05  Diagnostics                  INFO     - max eigen Gelman-Rubin - 1 is 2.54; not < 0.03.
[003245.64]  06-07 09:05  Diagnostics                  INFO     - max diag Gelman-Rubin - 1 is 0.606.
[003245.78]  06-07 09:05  Diagnostics                  INFO     - max diag Gelman-Rubin - 1 at 1.0 sigmas is 1.33.
[003245.80]  06-07 09:05  Diagnostics                  INFO     - max Geweke is 0.377.
[003245.80]  06-07 09:05  Diagnostics                  INFO     - Geweke p-value is 0.00037.
[003246.36]  06-07 09:05  Diagnostics                  INFO     - effective sample size = (80 iterations / integrated autocorrelation time) is 12.1.
[003246.36]  06-07 09:05  Diagnostics                  INFO     - max variation of integrated autocorrelation time is 0.393.
Saving PMC state to /global/cfs/cdirs/desi/users/shengyu/Y3/full-shape/redshift_errors/fits/cosmo-base_LRG1-z0.4-0.6-mean25-S2+LRG1-z0.4-0.6-mean25-S3-049dea16/chain_0.pocomc.state
[003614.51]  06-07 09:12  Chain                        INFO     Saving /global/cfs/cdirs/desi/users/shengyu/Y3/full-shape/redshift_errors/fits/cosmo-base_LRG1-z0.4-0.6-mean25-S2+LRG1-z0.4-0.6-mean25-S3-049dea16/chain_0.npy.
[003614.58]  06-07 09:12  PocoMCSampler                INFO     Diagnostics:
[003614.63]  06-07 09:12  Diagnostics                  INFO     - max eigen Gelman-Rubin - 1 is 2.05; not < 0.03.
[003614.69]  06-07 09:12  Diagnostics                  INFO     - max diag Gelman-Rubin - 1 is 0.324.
[003614.85]  06-07 09:12  Diagnostics                  INFO     - max diag Gelman-Rubin - 1 at 1.0 sigmas is 0.944.
[003614.87]  06-07 09:12  Diagnostics                  INFO     - max Geweke is 0.523.
[003614.87]  06-07 09:12  Diagnostics                  INFO     - Geweke p-value is 1.16e-07.
[003615.43]  06-07 09:12  Diagnostics                  INFO     - effective sample size = (90 iterations / integrated autocorrelation time) is 20.7.
[003615.43]  06-07 09:12  Diagnostics                  INFO     - max variation of integrated autocorrelation time is 0.533.
Saving PMC state to /global/cfs/cdirs/desi/users/shengyu/Y3/full-shape/redshift_errors/fits/cosmo-base_LRG1-z0.4-0.6-mean25-S2+LRG1-z0.4-0.6-mean25-S3-049dea16/chain_0.pocomc.state
[004000.64]  06-07 09:18  Chain                        INFO     Saving /global/cfs/cdirs/desi/users/shengyu/Y3/full-shape/redshift_errors/fits/cosmo-base_LRG1-z0.4-0.6-mean25-S2+LRG1-z0.4-0.6-mean25-S3-049dea16/chain_0.npy.
[004000.71]  06-07 09:18  PocoMCSampler                INFO     Diagnostics:
[004000.75]  06-07 09:18  Diagnostics                  INFO     - max eigen Gelman-Rubin - 1 is 1.22; not < 0.03.
[004000.79]  06-07 09:18  Diagnostics                  INFO     - max diag Gelman-Rubin - 1 is 0.213.
[004000.93]  06-07 09:18  Diagnostics                  INFO     - max diag Gelman-Rubin - 1 at 1.0 sigmas is 0.894.
[004000.95]  06-07 09:18  Diagnostics                  INFO     - max Geweke is 0.443.
[004000.95]  06-07 09:18  Diagnostics                  INFO     - Geweke p-value is 1.27e-05.
[004001.86]  06-07 09:18  Diagnostics                  INFO     - effective sample size = (100 iterations / integrated autocorrelation time) is 21.3.
[004001.86]  06-07 09:18  Diagnostics                  INFO     - max variation of integrated autocorrelation time is 1.35.
Saving PMC state to /global/cfs/cdirs/desi/users/shengyu/Y3/full-shape/redshift_errors/fits/cosmo-base_LRG1-z0.4-0.6-mean25-S2+LRG1-z0.4-0.6-mean25-S3-049dea16/chain_0.pocomc.state
[004364.48]  06-07 09:24  Chain                        INFO     Saving /global/cfs/cdirs/desi/users/shengyu/Y3/full-shape/redshift_errors/fits/cosmo-base_LRG1-z0.4-0.6-mean25-S2+LRG1-z0.4-0.6-mean25-S3-049dea16/chain_0.npy.
[004364.56]  06-07 09:24  PocoMCSampler                INFO     Diagnostics:
[004364.60]  06-07 09:24  Diagnostics                  INFO     - max eigen Gelman-Rubin - 1 is 0.859; not < 0.03.
[004364.64]  06-07 09:24  Diagnostics                  INFO     - max diag Gelman-Rubin - 1 is 0.274.
[004364.78]  06-07 09:24  Diagnostics                  INFO     - max diag Gelman-Rubin - 1 at 1.0 sigmas is 1.02.
[004364.80]  06-07 09:24  Diagnostics                  INFO     - max Geweke is 0.293.
[004364.81]  06-07 09:24  Diagnostics                  INFO     - Geweke p-value is 7.29e-07.
[004365.36]  06-07 09:24  Diagnostics                  INFO     - effective sample size = (110 iterations / integrated autocorrelation time) is 17.2.
[004365.36]  06-07 09:24  Diagnostics                  INFO     - max variation of integrated autocorrelation time is 0.649.
Saving PMC state to /global/cfs/cdirs/desi/users/shengyu/Y3/full-shape/redshift_errors/fits/cosmo-base_LRG1-z0.4-0.6-mean25-S2+LRG1-z0.4-0.6-mean25-S3-049dea16/chain_0.pocomc.state
[004743.91]  06-07 09:30  Chain                        INFO     Saving /global/cfs/cdirs/desi/users/shengyu/Y3/full-shape/redshift_errors/fits/cosmo-base_LRG1-z0.4-0.6-mean25-S2+LRG1-z0.4-0.6-mean25-S3-049dea16/chain_0.npy.
[004744.18]  06-07 09:30  PocoMCSampler                INFO     Diagnostics:
[004744.22]  06-07 09:30  Diagnostics                  INFO     - max eigen Gelman-Rubin - 1 is 0.696; not < 0.03.
[004744.26]  06-07 09:30  Diagnostics                  INFO     - max diag Gelman-Rubin - 1 is 0.316.
[004744.40]  06-07 09:30  Diagnostics                  INFO     - max diag Gelman-Rubin - 1 at 1.0 sigmas is 1.15.
[004744.42]  06-07 09:30  Diagnostics                  INFO     - max Geweke is 0.331.
[004744.43]  06-07 09:30  Diagnostics                  INFO     - Geweke p-value is 0.000359.
[004744.98]  06-07 09:30  Diagnostics                  INFO     - effective sample size = (120 iterations / integrated autocorrelation time) is 18.2.
[004744.98]  06-07 09:30  Diagnostics                  INFO     - max variation of integrated autocorrelation time is 0.438.
Saving PMC state to /global/cfs/cdirs/desi/users/shengyu/Y3/full-shape/redshift_errors/fits/cosmo-base_LRG1-z0.4-0.6-mean25-S2+LRG1-z0.4-0.6-mean25-S3-049dea16/chain_0.pocomc.state
[005085.86]  06-07 09:36  Chain                        INFO     Saving /global/cfs/cdirs/desi/users/shengyu/Y3/full-shape/redshift_errors/fits/cosmo-base_LRG1-z0.4-0.6-mean25-S2+LRG1-z0.4-0.6-mean25-S3-049dea16/chain_0.npy.
[005086.19]  06-07 09:36  PocoMCSampler                INFO     Diagnostics:
[005086.23]  06-07 09:36  Diagnostics                  INFO     - max eigen Gelman-Rubin - 1 is 0.485; not < 0.03.
[005086.27]  06-07 09:36  Diagnostics                  INFO     - max diag Gelman-Rubin - 1 is 0.248.
[005086.41]  06-07 09:36  Diagnostics                  INFO     - max diag Gelman-Rubin - 1 at 1.0 sigmas is 0.798.
[005086.44]  06-07 09:36  Diagnostics                  INFO     - max Geweke is 0.309.
[005086.44]  06-07 09:36  Diagnostics                  INFO     - Geweke p-value is 9.43e-10.
[005087.00]  06-07 09:36  Diagnostics                  INFO     - effective sample size = (130 iterations / integrated autocorrelation time) is 25.3.
[005087.00]  06-07 09:36  Diagnostics                  INFO     - max variation of integrated autocorrelation time is 0.279.
Saving PMC state to /global/cfs/cdirs/desi/users/shengyu/Y3/full-shape/redshift_errors/fits/cosmo-base_LRG1-z0.4-0.6-mean25-S2+LRG1-z0.4-0.6-mean25-S3-049dea16/chain_0.pocomc.state
[005444.60]  06-07 09:42  Chain                        INFO     Saving /global/cfs/cdirs/desi/users/shengyu/Y3/full-shape/redshift_errors/fits/cosmo-base_LRG1-z0.4-0.6-mean25-S2+LRG1-z0.4-0.6-mean25-S3-049dea16/chain_0.npy.
[005444.66]  06-07 09:42  PocoMCSampler                INFO     Diagnostics:
[005444.71]  06-07 09:42  Diagnostics                  INFO     - max eigen Gelman-Rubin - 1 is 0.316; not < 0.03.
[005444.74]  06-07 09:42  Diagnostics                  INFO     - max diag Gelman-Rubin - 1 is 0.162.
[005444.89]  06-07 09:42  Diagnostics                  INFO     - max diag Gelman-Rubin - 1 at 1.0 sigmas is 0.244.
[005444.91]  06-07 09:42  Diagnostics                  INFO     - max Geweke is 0.371.
[005444.92]  06-07 09:42  Diagnostics                  INFO     - Geweke p-value is 1.88e-08.
[005445.48]  06-07 09:42  Diagnostics                  INFO     - effective sample size = (140 iterations / integrated autocorrelation time) is 44.1.
[005445.48]  06-07 09:42  Diagnostics                  INFO     - max variation of integrated autocorrelation time is 0.622.
Saving PMC state to /global/cfs/cdirs/desi/users/shengyu/Y3/full-shape/redshift_errors/fits/cosmo-base_LRG1-z0.4-0.6-mean25-S2+LRG1-z0.4-0.6-mean25-S3-049dea16/chain_0.pocomc.state
[005778.16]  06-07 09:48  Chain                        INFO     Saving /global/cfs/cdirs/desi/users/shengyu/Y3/full-shape/redshift_errors/fits/cosmo-base_LRG1-z0.4-0.6-mean25-S2+LRG1-z0.4-0.6-mean25-S3-049dea16/chain_0.npy.
[005778.39]  06-07 09:48  PocoMCSampler                INFO     Diagnostics:
[005778.43]  06-07 09:48  Diagnostics                  INFO     - max eigen Gelman-Rubin - 1 is 0.216; not < 0.03.
[005778.47]  06-07 09:48  Diagnostics                  INFO     - max diag Gelman-Rubin - 1 is 0.109.
[005778.62]  06-07 09:48  Diagnostics                  INFO     - max diag Gelman-Rubin - 1 at 1.0 sigmas is 0.0725.
[005778.64]  06-07 09:48  Diagnostics                  INFO     - max Geweke is 0.336.
[005778.64]  06-07 09:48  Diagnostics                  INFO     - Geweke p-value is 3.69e-09.
[005779.21]  06-07 09:48  Diagnostics                  INFO     - effective sample size = (150 iterations / integrated autocorrelation time) (reliable) is 76.6.
[005779.21]  06-07 09:48  Diagnostics                  INFO     - max variation of integrated autocorrelation time is 0.621.
Saving PMC state to /global/cfs/cdirs/desi/users/shengyu/Y3/full-shape/redshift_errors/fits/cosmo-base_LRG1-z0.4-0.6-mean25-S2+LRG1-z0.4-0.6-mean25-S3-049dea16/chain_0.pocomc.state
[006108.85]  06-07 09:53  Chain                        INFO     Saving /global/cfs/cdirs/desi/users/shengyu/Y3/full-shape/redshift_errors/fits/cosmo-base_LRG1-z0.4-0.6-mean25-S2+LRG1-z0.4-0.6-mean25-S3-049dea16/chain_0.npy.
[006108.95]  06-07 09:53  PocoMCSampler                INFO     Diagnostics:
[006108.99]  06-07 09:53  Diagnostics                  INFO     - max eigen Gelman-Rubin - 1 is 0.173; not < 0.03.
[006109.03]  06-07 09:53  Diagnostics                  INFO     - max diag Gelman-Rubin - 1 is 0.0894.
[006109.18]  06-07 09:53  Diagnostics                  INFO     - max diag Gelman-Rubin - 1 at 1.0 sigmas is 0.0382.
[006109.21]  06-07 09:53  Diagnostics                  INFO     - max Geweke is 0.124.
[006109.21]  06-07 09:53  Diagnostics                  INFO     - Geweke p-value is 0.135.
[006109.77]  06-07 09:53  Diagnostics                  INFO     - effective sample size = (160 iterations / integrated autocorrelation time) (reliable) is 94.2.
[006109.77]  06-07 09:53  Diagnostics                  INFO     - max variation of integrated autocorrelation time is 0.153.
Saving PMC state to /global/cfs/cdirs/desi/users/shengyu/Y3/full-shape/redshift_errors/fits/cosmo-base_LRG1-z0.4-0.6-mean25-S2+LRG1-z0.4-0.6-mean25-S3-049dea16/chain_0.pocomc.state
[006460.73]  06-07 09:59  Chain                        INFO     Saving /global/cfs/cdirs/desi/users/shengyu/Y3/full-shape/redshift_errors/fits/cosmo-base_LRG1-z0.4-0.6-mean25-S2+LRG1-z0.4-0.6-mean25-S3-049dea16/chain_0.npy.
[006461.26]  06-07 09:59  PocoMCSampler                INFO     Diagnostics:
[006461.30]  06-07 09:59  Diagnostics                  INFO     - max eigen Gelman-Rubin - 1 is 0.153; not < 0.03.
[006461.34]  06-07 09:59  Diagnostics                  INFO     - max diag Gelman-Rubin - 1 is 0.0798.
[006461.49]  06-07 09:59  Diagnostics                  INFO     - max diag Gelman-Rubin - 1 at 1.0 sigmas is 0.0436.
[006461.52]  06-07 09:59  Diagnostics                  INFO     - max Geweke is 0.17.
[006461.52]  06-07 09:59  Diagnostics                  INFO     - Geweke p-value is 0.00358.
[006462.09]  06-07 09:59  Diagnostics                  INFO     - effective sample size = (170 iterations / integrated autocorrelation time) (reliable) is 102.
[006462.09]  06-07 09:59  Diagnostics                  INFO     - max variation of integrated autocorrelation time is 0.0545.
Saving PMC state to /global/cfs/cdirs/desi/users/shengyu/Y3/full-shape/redshift_errors/fits/cosmo-base_LRG1-z0.4-0.6-mean25-S2+LRG1-z0.4-0.6-mean25-S3-049dea16/chain_0.pocomc.state
[006791.94]  06-07 10:04  Chain                        INFO     Saving /global/cfs/cdirs/desi/users/shengyu/Y3/full-shape/redshift_errors/fits/cosmo-base_LRG1-z0.4-0.6-mean25-S2+LRG1-z0.4-0.6-mean25-S3-049dea16/chain_0.npy.
[006792.02]  06-07 10:04  PocoMCSampler                INFO     Diagnostics:
[006792.06]  06-07 10:04  Diagnostics                  INFO     - max eigen Gelman-Rubin - 1 is 0.129; not < 0.03.
[006792.10]  06-07 10:04  Diagnostics                  INFO     - max diag Gelman-Rubin - 1 is 0.0668.
[006792.25]  06-07 10:04  Diagnostics                  INFO     - max diag Gelman-Rubin - 1 at 1.0 sigmas is 0.0289.
[006792.28]  06-07 10:04  Diagnostics                  INFO     - max Geweke is 0.127.
[006792.28]  06-07 10:04  Diagnostics                  INFO     - Geweke p-value is 0.000522.
[006792.84]  06-07 10:04  Diagnostics                  INFO     - effective sample size = (180 iterations / integrated autocorrelation time) (reliable) is 118.
[006792.84]  06-07 10:04  Diagnostics                  INFO     - max variation of integrated autocorrelation time is 0.0918.
Saving PMC state to /global/cfs/cdirs/desi/users/shengyu/Y3/full-shape/redshift_errors/fits/cosmo-base_LRG1-z0.4-0.6-mean25-S2+LRG1-z0.4-0.6-mean25-S3-049dea16/chain_0.pocomc.state
[007133.58]  06-07 10:10  Chain                        INFO     Saving /global/cfs/cdirs/desi/users/shengyu/Y3/full-shape/redshift_errors/fits/cosmo-base_LRG1-z0.4-0.6-mean25-S2+LRG1-z0.4-0.6-mean25-S3-049dea16/chain_0.npy.
[007133.65]  06-07 10:10  PocoMCSampler                INFO     Diagnostics:
[007133.69]  06-07 10:10  Diagnostics                  INFO     - max eigen Gelman-Rubin - 1 is 0.104; not < 0.03.
[007133.73]  06-07 10:10  Diagnostics                  INFO     - max diag Gelman-Rubin - 1 is 0.0543.
[007133.88]  06-07 10:10  Diagnostics                  INFO     - max diag Gelman-Rubin - 1 at 1.0 sigmas is 0.0278.
[007133.91]  06-07 10:10  Diagnostics                  INFO     - max Geweke is 0.192.
[007133.91]  06-07 10:10  Diagnostics                  INFO     - Geweke p-value is 0.000102.
[007134.47]  06-07 10:10  Diagnostics                  INFO     - effective sample size = (190 iterations / integrated autocorrelation time) (reliable) is 132.
[007134.47]  06-07 10:10  Diagnostics                  INFO     - max variation of integrated autocorrelation time is 0.0593.
Saving PMC state to /global/cfs/cdirs/desi/users/shengyu/Y3/full-shape/redshift_errors/fits/cosmo-base_LRG1-z0.4-0.6-mean25-S2+LRG1-z0.4-0.6-mean25-S3-049dea16/chain_0.pocomc.state
[007468.57]  06-07 10:16  Chain                        INFO     Saving /global/cfs/cdirs/desi/users/shengyu/Y3/full-shape/redshift_errors/fits/cosmo-base_LRG1-z0.4-0.6-mean25-S2+LRG1-z0.4-0.6-mean25-S3-049dea16/chain_0.npy.
[007469.17]  06-07 10:16  PocoMCSampler                INFO     Diagnostics:
[007469.21]  06-07 10:16  Diagnostics                  INFO     - max eigen Gelman-Rubin - 1 is 0.0841; not < 0.03.
[007469.25]  06-07 10:16  Diagnostics                  INFO     - max diag Gelman-Rubin - 1 is 0.0428.
[007469.41]  06-07 10:16  Diagnostics                  INFO     - max diag Gelman-Rubin - 1 at 1.0 sigmas is 0.0241.
[007469.43]  06-07 10:16  Diagnostics                  INFO     - max Geweke is 0.166.
[007469.43]  06-07 10:16  Diagnostics                  INFO     - Geweke p-value is 0.00744.
[007470.00]  06-07 10:16  Diagnostics                  INFO     - effective sample size = (200 iterations / integrated autocorrelation time) (reliable) is 152.
[007470.00]  06-07 10:16  Diagnostics                  INFO     - max variation of integrated autocorrelation time is 0.0977.
Saving PMC state to /global/cfs/cdirs/desi/users/shengyu/Y3/full-shape/redshift_errors/fits/cosmo-base_LRG1-z0.4-0.6-mean25-S2+LRG1-z0.4-0.6-mean25-S3-049dea16/chain_0.pocomc.state
[007850.21]  06-07 10:22  Chain                        INFO     Saving /global/cfs/cdirs/desi/users/shengyu/Y3/full-shape/redshift_errors/fits/cosmo-base_LRG1-z0.4-0.6-mean25-S2+LRG1-z0.4-0.6-mean25-S3-049dea16/chain_0.npy.
[007850.33]  06-07 10:22  PocoMCSampler                INFO     Diagnostics:
[007850.38]  06-07 10:22  Diagnostics                  INFO     - max eigen Gelman-Rubin - 1 is 0.0798; not < 0.03.
[007850.42]  06-07 10:22  Diagnostics                  INFO     - max diag Gelman-Rubin - 1 is 0.0403.
[007850.57]  06-07 10:22  Diagnostics                  INFO     - max diag Gelman-Rubin - 1 at 1.0 sigmas is 0.0206.
[007850.60]  06-07 10:22  Diagnostics                  INFO     - max Geweke is 0.113.
[007850.60]  06-07 10:22  Diagnostics                  INFO     - Geweke p-value is 0.0332.
[007851.16]  06-07 10:22  Diagnostics                  INFO     - effective sample size = (210 iterations / integrated autocorrelation time) (reliable) is 164.
[007851.16]  06-07 10:22  Diagnostics                  INFO     - max variation of integrated autocorrelation time is 0.0287.
Saving PMC state to /global/cfs/cdirs/desi/users/shengyu/Y3/full-shape/redshift_errors/fits/cosmo-base_LRG1-z0.4-0.6-mean25-S2+LRG1-z0.4-0.6-mean25-S3-049dea16/chain_0.pocomc.state
[008205.28]  06-07 10:28  Chain                        INFO     Saving /global/cfs/cdirs/desi/users/shengyu/Y3/full-shape/redshift_errors/fits/cosmo-base_LRG1-z0.4-0.6-mean25-S2+LRG1-z0.4-0.6-mean25-S3-049dea16/chain_0.npy.
[008205.85]  06-07 10:28  PocoMCSampler                INFO     Diagnostics:
[008205.89]  06-07 10:28  Diagnostics                  INFO     - max eigen Gelman-Rubin - 1 is 0.0712; not < 0.03.
[008205.93]  06-07 10:28  Diagnostics                  INFO     - max diag Gelman-Rubin - 1 is 0.0376.
[008206.09]  06-07 10:28  Diagnostics                  INFO     - max diag Gelman-Rubin - 1 at 1.0 sigmas is 0.0184.
[008206.12]  06-07 10:28  Diagnostics                  INFO     - max Geweke is 0.117.
[008206.12]  06-07 10:28  Diagnostics                  INFO     - Geweke p-value is 0.0227.
[008206.69]  06-07 10:28  Diagnostics                  INFO     - effective sample size = (220 iterations / integrated autocorrelation time) (reliable) is 177.
[008206.69]  06-07 10:28  Diagnostics                  INFO     - max variation of integrated autocorrelation time is 0.0395.
Saving PMC state to /global/cfs/cdirs/desi/users/shengyu/Y3/full-shape/redshift_errors/fits/cosmo-base_LRG1-z0.4-0.6-mean25-S2+LRG1-z0.4-0.6-mean25-S3-049dea16/chain_0.pocomc.state
[008548.39]  06-07 10:34  Chain                        INFO     Saving /global/cfs/cdirs/desi/users/shengyu/Y3/full-shape/redshift_errors/fits/cosmo-base_LRG1-z0.4-0.6-mean25-S2+LRG1-z0.4-0.6-mean25-S3-049dea16/chain_0.npy.
[008548.80]  06-07 10:34  PocoMCSampler                INFO     Diagnostics:
[008548.84]  06-07 10:34  Diagnostics                  INFO     - max eigen Gelman-Rubin - 1 is 0.0608; not < 0.03.
[008548.88]  06-07 10:34  Diagnostics                  INFO     - max diag Gelman-Rubin - 1 is 0.0324.
[008549.04]  06-07 10:34  Diagnostics                  INFO     - max diag Gelman-Rubin - 1 at 1.0 sigmas is 0.0122.
[008549.07]  06-07 10:34  Diagnostics                  INFO     - max Geweke is 0.107.
[008549.07]  06-07 10:34  Diagnostics                  INFO     - Geweke p-value is 0.000689.
[008549.63]  06-07 10:34  Diagnostics                  INFO     - effective sample size = (230 iterations / integrated autocorrelation time) (reliable) is 187.
[008549.63]  06-07 10:34  Diagnostics                  INFO     - max variation of integrated autocorrelation time is 0.0242.
Saving PMC state to /global/cfs/cdirs/desi/users/shengyu/Y3/full-shape/redshift_errors/fits/cosmo-base_LRG1-z0.4-0.6-mean25-S2+LRG1-z0.4-0.6-mean25-S3-049dea16/chain_0.pocomc.state
[008900.06]  06-07 10:40  Chain                        INFO     Saving /global/cfs/cdirs/desi/users/shengyu/Y3/full-shape/redshift_errors/fits/cosmo-base_LRG1-z0.4-0.6-mean25-S2+LRG1-z0.4-0.6-mean25-S3-049dea16/chain_0.npy.
[008900.51]  06-07 10:40  PocoMCSampler                INFO     Diagnostics:
[008900.56]  06-07 10:40  Diagnostics                  INFO     - max eigen Gelman-Rubin - 1 is 0.0489; not < 0.03.
[008900.60]  06-07 10:40  Diagnostics                  INFO     - max diag Gelman-Rubin - 1 is 0.0274.
[008900.77]  06-07 10:40  Diagnostics                  INFO     - max diag Gelman-Rubin - 1 at 1.0 sigmas is 0.0223.
[008900.79]  06-07 10:40  Diagnostics                  INFO     - max Geweke is 0.143.
[008900.79]  06-07 10:40  Diagnostics                  INFO     - Geweke p-value is 0.000765.
[008901.36]  06-07 10:40  Diagnostics                  INFO     - effective sample size = (240 iterations / integrated autocorrelation time) (reliable) is 203.
[008901.36]  06-07 10:40  Diagnostics                  INFO     - max variation of integrated autocorrelation time is 0.0396.
Saving PMC state to /global/cfs/cdirs/desi/users/shengyu/Y3/full-shape/redshift_errors/fits/cosmo-base_LRG1-z0.4-0.6-mean25-S2+LRG1-z0.4-0.6-mean25-S3-049dea16/chain_0.pocomc.state
[009256.18]  06-07 10:46  Chain                        INFO     Saving /global/cfs/cdirs/desi/users/shengyu/Y3/full-shape/redshift_errors/fits/cosmo-base_LRG1-z0.4-0.6-mean25-S2+LRG1-z0.4-0.6-mean25-S3-049dea16/chain_0.npy.
[009256.65]  06-07 10:46  PocoMCSampler                INFO     Diagnostics:
[009256.69]  06-07 10:46  Diagnostics                  INFO     - max eigen Gelman-Rubin - 1 is 0.0519; not < 0.03.
[009256.73]  06-07 10:46  Diagnostics                  INFO     - max diag Gelman-Rubin - 1 is 0.026.
[009256.90]  06-07 10:46  Diagnostics                  INFO     - max diag Gelman-Rubin - 1 at 1.0 sigmas is 0.0221.
[009256.92]  06-07 10:46  Diagnostics                  INFO     - max Geweke is 0.137.
[009256.92]  06-07 10:46  Diagnostics                  INFO     - Geweke p-value is 8.57e-05.
[009257.49]  06-07 10:46  Diagnostics                  INFO     - effective sample size = (250 iterations / integrated autocorrelation time) (reliable) is 217.
[009257.49]  06-07 10:46  Diagnostics                  INFO     - max variation of integrated autocorrelation time is 0.0287.
Saving PMC state to /global/cfs/cdirs/desi/users/shengyu/Y3/full-shape/redshift_errors/fits/cosmo-base_LRG1-z0.4-0.6-mean25-S2+LRG1-z0.4-0.6-mean25-S3-049dea16/chain_0.pocomc.state
[009586.20]  06-07 10:51  Chain                        INFO     Saving /global/cfs/cdirs/desi/users/shengyu/Y3/full-shape/redshift_errors/fits/cosmo-base_LRG1-z0.4-0.6-mean25-S2+LRG1-z0.4-0.6-mean25-S3-049dea16/chain_0.npy.
[009586.27]  06-07 10:51  PocoMCSampler                INFO     Diagnostics:
[009586.31]  06-07 10:51  Diagnostics                  INFO     - max eigen Gelman-Rubin - 1 is 0.0499; not < 0.03.
[009586.36]  06-07 10:51  Diagnostics                  INFO     - max diag Gelman-Rubin - 1 is 0.0221.
[009586.52]  06-07 10:51  Diagnostics                  INFO     - max diag Gelman-Rubin - 1 at 1.0 sigmas is 0.0109.
[009586.55]  06-07 10:51  Diagnostics                  INFO     - max Geweke is 0.115.
[009586.55]  06-07 10:51  Diagnostics                  INFO     - Geweke p-value is 0.0112.
[009587.13]  06-07 10:51  Diagnostics                  INFO     - effective sample size = (260 iterations / integrated autocorrelation time) (reliable) is 232.
[009587.13]  06-07 10:51  Diagnostics                  INFO     - max variation of integrated autocorrelation time is 0.0279.
Saving PMC state to /global/cfs/cdirs/desi/users/shengyu/Y3/full-shape/redshift_errors/fits/cosmo-base_LRG1-z0.4-0.6-mean25-S2+LRG1-z0.4-0.6-mean25-S3-049dea16/chain_0.pocomc.state
[009905.43]  06-07 10:56  Chain                        INFO     Saving /global/cfs/cdirs/desi/users/shengyu/Y3/full-shape/redshift_errors/fits/cosmo-base_LRG1-z0.4-0.6-mean25-S2+LRG1-z0.4-0.6-mean25-S3-049dea16/chain_0.npy.
[009905.51]  06-07 10:56  PocoMCSampler                INFO     Diagnostics:
[009905.56]  06-07 10:56  Diagnostics                  INFO     - max eigen Gelman-Rubin - 1 is 0.0488; not < 0.03.
[009905.60]  06-07 10:56  Diagnostics                  INFO     - max diag Gelman-Rubin - 1 is 0.0198.
[009905.76]  06-07 10:56  Diagnostics                  INFO     - max diag Gelman-Rubin - 1 at 1.0 sigmas is 0.0199.
[009905.79]  06-07 10:56  Diagnostics                  INFO     - max Geweke is 0.13.
[009905.79]  06-07 10:56  Diagnostics                  INFO     - Geweke p-value is 0.000149.
[009906.37]  06-07 10:56  Diagnostics                  INFO     - effective sample size = (270 iterations / integrated autocorrelation time) (reliable) is 247.
[009906.37]  06-07 10:56  Diagnostics                  INFO     - max variation of integrated autocorrelation time is 0.0242.
Saving PMC state to /global/cfs/cdirs/desi/users/shengyu/Y3/full-shape/redshift_errors/fits/cosmo-base_LRG1-z0.4-0.6-mean25-S2+LRG1-z0.4-0.6-mean25-S3-049dea16/chain_0.pocomc.state
[010226.17]  06-07 11:02  Chain                        INFO     Saving /global/cfs/cdirs/desi/users/shengyu/Y3/full-shape/redshift_errors/fits/cosmo-base_LRG1-z0.4-0.6-mean25-S2+LRG1-z0.4-0.6-mean25-S3-049dea16/chain_0.npy.
[010226.65]  06-07 11:02  PocoMCSampler                INFO     Diagnostics:
[010226.70]  06-07 11:02  Diagnostics                  INFO     - max eigen Gelman-Rubin - 1 is 0.0526; not < 0.03.
[010226.75]  06-07 11:02  Diagnostics                  INFO     - max diag Gelman-Rubin - 1 is 0.0136.
[010226.92]  06-07 11:02  Diagnostics                  INFO     - max diag Gelman-Rubin - 1 at 1.0 sigmas is 0.0215.
[010226.94]  06-07 11:02  Diagnostics                  INFO     - max Geweke is 0.112.
[010226.94]  06-07 11:02  Diagnostics                  INFO     - Geweke p-value is 0.0124.
[010227.53]  06-07 11:02  Diagnostics                  INFO     - effective sample size = (280 iterations / integrated autocorrelation time) (reliable) is 267.
[010227.53]  06-07 11:02  Diagnostics                  INFO     - max variation of integrated autocorrelation time is 0.0421.
Saving PMC state to /global/cfs/cdirs/desi/users/shengyu/Y3/full-shape/redshift_errors/fits/cosmo-base_LRG1-z0.4-0.6-mean25-S2+LRG1-z0.4-0.6-mean25-S3-049dea16/chain_0.pocomc.state
[010564.57]  06-07 11:07  Chain                        INFO     Saving /global/cfs/cdirs/desi/users/shengyu/Y3/full-shape/redshift_errors/fits/cosmo-base_LRG1-z0.4-0.6-mean25-S2+LRG1-z0.4-0.6-mean25-S3-049dea16/chain_0.npy.
[010564.69]  06-07 11:07  PocoMCSampler                INFO     Diagnostics:
[010564.73]  06-07 11:07  Diagnostics                  INFO     - max eigen Gelman-Rubin - 1 is 0.0501; not < 0.03.
[010564.77]  06-07 11:07  Diagnostics                  INFO     - max diag Gelman-Rubin - 1 is 0.0118.
[010564.94]  06-07 11:07  Diagnostics                  INFO     - max diag Gelman-Rubin - 1 at 1.0 sigmas is 0.0244.
[010564.97]  06-07 11:07  Diagnostics                  INFO     - max Geweke is 0.0949.
[010564.97]  06-07 11:07  Diagnostics                  INFO     - Geweke p-value is 0.0977.
[010565.56]  06-07 11:07  Diagnostics                  INFO     - effective sample size = (290 iterations / integrated autocorrelation time) (reliable) is 274.
[010565.56]  06-07 11:07  Diagnostics                  INFO     - max variation of integrated autocorrelation time is 0.0143.
Saving PMC state to /global/cfs/cdirs/desi/users/shengyu/Y3/full-shape/redshift_errors/fits/cosmo-base_LRG1-z0.4-0.6-mean25-S2+LRG1-z0.4-0.6-mean25-S3-049dea16/chain_0.pocomc.state
[010943.76]  06-07 11:14  Chain                        INFO     Saving /global/cfs/cdirs/desi/users/shengyu/Y3/full-shape/redshift_errors/fits/cosmo-base_LRG1-z0.4-0.6-mean25-S2+LRG1-z0.4-0.6-mean25-S3-049dea16/chain_0.npy.
[010943.88]  06-07 11:14  PocoMCSampler                INFO     Diagnostics:
[010943.92]  06-07 11:14  Diagnostics                  INFO     - max eigen Gelman-Rubin - 1 is 0.0401; not < 0.03.
[010943.96]  06-07 11:14  Diagnostics                  INFO     - max diag Gelman-Rubin - 1 is 0.0108.
[010944.13]  06-07 11:14  Diagnostics                  INFO     - max diag Gelman-Rubin - 1 at 1.0 sigmas is 0.0118.
[010944.16]  06-07 11:14  Diagnostics                  INFO     - max Geweke is 0.145.
[010944.16]  06-07 11:14  Diagnostics                  INFO     - Geweke p-value is 5.55e-06.
[010944.74]  06-07 11:14  Diagnostics                  INFO     - effective sample size = (300 iterations / integrated autocorrelation time) (reliable) is 287.
[010944.74]  06-07 11:14  Diagnostics                  INFO     - max variation of integrated autocorrelation time is 0.0142.
Saving PMC state to /global/cfs/cdirs/desi/users/shengyu/Y3/full-shape/redshift_errors/fits/cosmo-base_LRG1-z0.4-0.6-mean25-S2+LRG1-z0.4-0.6-mean25-S3-049dea16/chain_0.pocomc.state
[011284.82]  06-07 11:19  Chain                        INFO     Saving /global/cfs/cdirs/desi/users/shengyu/Y3/full-shape/redshift_errors/fits/cosmo-base_LRG1-z0.4-0.6-mean25-S2+LRG1-z0.4-0.6-mean25-S3-049dea16/chain_0.npy.
[011285.76]  06-07 11:19  PocoMCSampler                INFO     Diagnostics:
[011285.80]  06-07 11:19  Diagnostics                  INFO     - max eigen Gelman-Rubin - 1 is 0.0367; not < 0.03.
[011285.84]  06-07 11:19  Diagnostics                  INFO     - max diag Gelman-Rubin - 1 is 0.0101.
[011286.01]  06-07 11:19  Diagnostics                  INFO     - max diag Gelman-Rubin - 1 at 1.0 sigmas is 0.0102.
[011286.04]  06-07 11:19  Diagnostics                  INFO     - max Geweke is 0.123.
[011286.04]  06-07 11:19  Diagnostics                  INFO     - Geweke p-value is 0.000578.
[011286.63]  06-07 11:19  Diagnostics                  INFO     - effective sample size = (310 iterations / integrated autocorrelation time) (reliable) is 295.
[011286.63]  06-07 11:19  Diagnostics                  INFO     - max variation of integrated autocorrelation time is 0.00808.
Saving PMC state to /global/cfs/cdirs/desi/users/shengyu/Y3/full-shape/redshift_errors/fits/cosmo-base_LRG1-z0.4-0.6-mean25-S2+LRG1-z0.4-0.6-mean25-S3-049dea16/chain_0.pocomc.state
[011635.32]  06-07 11:25  Chain                        INFO     Saving /global/cfs/cdirs/desi/users/shengyu/Y3/full-shape/redshift_errors/fits/cosmo-base_LRG1-z0.4-0.6-mean25-S2+LRG1-z0.4-0.6-mean25-S3-049dea16/chain_0.npy.
[011635.63]  06-07 11:25  PocoMCSampler                INFO     Diagnostics:
[011635.67]  06-07 11:25  Diagnostics                  INFO     - max eigen Gelman-Rubin - 1 is 0.0309; not < 0.03.
[011635.71]  06-07 11:25  Diagnostics                  INFO     - max diag Gelman-Rubin - 1 is 0.0072.
[011635.89]  06-07 11:25  Diagnostics                  INFO     - max diag Gelman-Rubin - 1 at 1.0 sigmas is 0.0182.
[011635.91]  06-07 11:25  Diagnostics                  INFO     - max Geweke is 0.119.
[011635.91]  06-07 11:25  Diagnostics                  INFO     - Geweke p-value is 0.0686.
[011636.50]  06-07 11:25  Diagnostics                  INFO     - effective sample size = (320 iterations / integrated autocorrelation time) (reliable) is 302.
[011636.50]  06-07 11:25  Diagnostics                  INFO     - max variation of integrated autocorrelation time is 0.0354.
Saving PMC state to /global/cfs/cdirs/desi/users/shengyu/Y3/full-shape/redshift_errors/fits/cosmo-base_LRG1-z0.4-0.6-mean25-S2+LRG1-z0.4-0.6-mean25-S3-049dea16/chain_0.pocomc.state
[011987.99]  06-07 11:31  Chain                        INFO     Saving /global/cfs/cdirs/desi/users/shengyu/Y3/full-shape/redshift_errors/fits/cosmo-base_LRG1-z0.4-0.6-mean25-S2+LRG1-z0.4-0.6-mean25-S3-049dea16/chain_0.npy.
[011988.07]  06-07 11:31  PocoMCSampler                INFO     Diagnostics:
[011988.11]  06-07 11:31  Diagnostics                  INFO     - max eigen Gelman-Rubin - 1 is 0.0288; < 0.03.
[011988.15]  06-07 11:31  Diagnostics                  INFO     - max diag Gelman-Rubin - 1 is 0.00487.
[011988.33]  06-07 11:31  Diagnostics                  INFO     - max diag Gelman-Rubin - 1 at 1.0 sigmas is 0.0138.
[011988.36]  06-07 11:31  Diagnostics                  INFO     - max Geweke is 0.1.
[011988.36]  06-07 11:31  Diagnostics                  INFO     - Geweke p-value is 0.0712.
[011988.94]  06-07 11:31  Diagnostics                  INFO     - effective sample size = (330 iterations / integrated autocorrelation time) (reliable) is 313.
[011988.94]  06-07 11:31  Diagnostics                  INFO     - max variation of integrated autocorrelation time is 0.0177.
Saving PMC state to /global/cfs/cdirs/desi/users/shengyu/Y3/full-shape/redshift_errors/fits/cosmo-base_LRG1-z0.4-0.6-mean25-S2+LRG1-z0.4-0.6-mean25-S3-049dea16/chain_0.pocomc.state
[012328.82]  06-07 11:37  Chain                        INFO     Saving /global/cfs/cdirs/desi/users/shengyu/Y3/full-shape/redshift_errors/fits/cosmo-base_LRG1-z0.4-0.6-mean25-S2+LRG1-z0.4-0.6-mean25-S3-049dea16/chain_0.npy.
[012328.91]  06-07 11:37  PocoMCSampler                INFO     Diagnostics:
[012328.95]  06-07 11:37  Diagnostics                  INFO     - max eigen Gelman-Rubin - 1 is 0.0271; < 0.03.
[012329.00]  06-07 11:37  Diagnostics                  INFO     - max diag Gelman-Rubin - 1 is 0.00515.
[012329.17]  06-07 11:37  Diagnostics                  INFO     - max diag Gelman-Rubin - 1 at 1.0 sigmas is 0.0167.
[012329.20]  06-07 11:37  Diagnostics                  INFO     - max Geweke is 0.0898.
[012329.20]  06-07 11:37  Diagnostics                  INFO     - Geweke p-value is 0.115.
[012329.79]  06-07 11:37  Diagnostics                  INFO     - effective sample size = (340 iterations / integrated autocorrelation time) (reliable) is 323.
[012329.79]  06-07 11:37  Diagnostics                  INFO     - max variation of integrated autocorrelation time is 0.017.
