Activate fit_env (Python 3.12.13).
Node nid005503 running run_fits.py tracer=LRG3 zerr=verr_nonparam stats=mesh2 mockid=0-24
[000000.10]  06-07 10:17  compute_mesh                 INFO     Received arguments: Namespace(todos=['sample'], version='AbacusHF-v2', cov_version='holi-v3', domain='altmtl', tracers=['LRG3'], mockid='0-24', zerrs=['verr_nonparam'], fits_dir='/global/cfs/cdirs/desi/users/shengyu/Y3/full-shape/redshift_errors/fits', stats=['mesh2'], kmax='0.300-0.300-0.20-0.08', regions=['ALL'], theory_model='folpsD', prior_basis='physical_aap', cosmo_params='base', sampler='pocomc', nchains=1, resume=False)
[000016.36]  06-07 10:18  jax._src.xla_bridge          ERROR    Jax plugin configuration error: Exception when calling jax_plugins.xla_cuda12.initialize()
Traceback (most recent call last):
  File "/global/homes/s/shengyu/.conda/envs/fit_env/lib/python3.12/site-packages/jax/_src/xla_bridge.py", line 487, in discover_pjrt_plugins
    plugin_module.initialize()
  File "/global/homes/s/shengyu/.conda/envs/fit_env/lib/python3.12/site-packages/jax_plugins/xla_cuda12/__init__.py", line 370, in initialize
    _check_cuda_versions(raise_on_first_error = True)
  File "/global/homes/s/shengyu/.conda/envs/fit_env/lib/python3.12/site-packages/jax_plugins/xla_cuda12/__init__.py", line 274, in _check_cuda_versions
    for d in range(cuda_versions.cuda_device_count())
                   ^^^^^^^^^^^^^^^^^^^^^^^^^^^^^^^^^
RuntimeError: jaxlib/cuda/versions_helpers.cc:135: operation cuInit(0) failed: CUDA_ERROR_NO_DEVICE
[000016.36]  06-07 10:18  jax._src.xla_bridge          ERROR    Jax plugin configuration error: Exception when calling jax_plugins.xla_cuda12.initialize()
Traceback (most recent call last):
  File "/global/homes/s/shengyu/.conda/envs/fit_env/lib/python3.12/site-packages/jax/_src/xla_bridge.py", line 487, in discover_pjrt_plugins
    plugin_module.initialize()
  File "/global/homes/s/shengyu/.conda/envs/fit_env/lib/python3.12/site-packages/jax_plugins/xla_cuda12/__init__.py", line 370, in initialize
    _check_cuda_versions(raise_on_first_error = True)
  File "/global/homes/s/shengyu/.conda/envs/fit_env/lib/python3.12/site-packages/jax_plugins/xla_cuda12/__init__.py", line 274, in _check_cuda_versions
    for d in range(cuda_versions.cuda_device_count())
                   ^^^^^^^^^^^^^^^^^^^^^^^^^^^^^^^^^
RuntimeError: jaxlib/cuda/versions_helpers.cc:135: operation cuInit(0) failed: CUDA_ERROR_NO_DEVICE
[000016.37]  06-07 10:18  jax._src.xla_bridge          ERROR    Jax plugin configuration error: Exception when calling jax_plugins.xla_cuda12.initialize()
Traceback (most recent call last):
  File "/global/homes/s/shengyu/.conda/envs/fit_env/lib/python3.12/site-packages/jax/_src/xla_bridge.py", line 487, in discover_pjrt_plugins
    plugin_module.initialize()
  File "/global/homes/s/shengyu/.conda/envs/fit_env/lib/python3.12/site-packages/jax_plugins/xla_cuda12/__init__.py", line 370, in initialize
    _check_cuda_versions(raise_on_first_error = True)
  File "/global/homes/s/shengyu/.conda/envs/fit_env/lib/python3.12/site-packages/jax_plugins/xla_cuda12/__init__.py", line 274, in _check_cuda_versions
    for d in range(cuda_versions.cuda_device_count())
                   ^^^^^^^^^^^^^^^^^^^^^^^^^^^^^^^^^
RuntimeError: jaxlib/cuda/versions_helpers.cc:135: operation cuInit(0) failed: CUDA_ERROR_NO_DEVICE
[000016.39]  06-07 10:18  jax._src.xla_bridge          INFO     Unable to initialize backend 'tpu': INTERNAL: Failed to open libtpu.so: libtpu.so: cannot open shared object file: No such file or directory
[000016.39]  06-07 10:18  jax._src.xla_bridge          INFO     Unable to initialize backend 'tpu': INTERNAL: Failed to open libtpu.so: libtpu.so: cannot open shared object file: No such file or directory
[000016.39]  06-07 10:18  jax._src.xla_bridge          INFO     Unable to initialize backend 'tpu': INTERNAL: Failed to open libtpu.so: libtpu.so: cannot open shared object file: No such file or directory
[000016.40]  06-07 10:18  jax._src.xla_bridge          ERROR    Jax plugin configuration error: Exception when calling jax_plugins.xla_cuda12.initialize()
Traceback (most recent call last):
  File "/global/homes/s/shengyu/.conda/envs/fit_env/lib/python3.12/site-packages/jax/_src/xla_bridge.py", line 487, in discover_pjrt_plugins
    plugin_module.initialize()
  File "/global/homes/s/shengyu/.conda/envs/fit_env/lib/python3.12/site-packages/jax_plugins/xla_cuda12/__init__.py", line 370, in initialize
    _check_cuda_versions(raise_on_first_error = True)
  File "/global/homes/s/shengyu/.conda/envs/fit_env/lib/python3.12/site-packages/jax_plugins/xla_cuda12/__init__.py", line 274, in _check_cuda_versions
    for d in range(cuda_versions.cuda_device_count())
                   ^^^^^^^^^^^^^^^^^^^^^^^^^^^^^^^^^
RuntimeError: jaxlib/cuda/versions_helpers.cc:135: operation cuInit(0) failed: CUDA_ERROR_NO_DEVICE
[000016.43]  06-07 10:18  jax._src.xla_bridge          INFO     Unable to initialize backend 'tpu': INTERNAL: Failed to open libtpu.so: libtpu.so: cannot open shared object file: No such file or directory
[000031.00]  06-07 10:18  fit_tools                    INFO     Reading data for mesh2 from /global/cfs/cdirs/desi/users/shengyu/galaxies/catalogs/Y3/AbacusHF-v2/altmtl/LRG/mock0/mpspk/mesh2_spectrum_poles_LRG_z0.8-1.1_DR2_v2.0+dv_verr_nonparam.h5
[000031.12]  06-07 10:18  fit_tools                    INFO     Reading data for mesh2 from /global/cfs/cdirs/desi/users/shengyu/galaxies/catalogs/Y3/AbacusHF-v2/altmtl/LRG/mock1/mpspk/mesh2_spectrum_poles_LRG_z0.8-1.1_DR2_v2.0+dv_verr_nonparam.h5
[000031.25]  06-07 10:18  fit_tools                    INFO     Reading data for mesh2 from /global/cfs/cdirs/desi/users/shengyu/galaxies/catalogs/Y3/AbacusHF-v2/altmtl/LRG/mock2/mpspk/mesh2_spectrum_poles_LRG_z0.8-1.1_DR2_v2.0+dv_verr_nonparam.h5
[000031.31]  06-07 10:18  fit_tools                    INFO     Reading data for mesh2 from /global/cfs/cdirs/desi/users/shengyu/galaxies/catalogs/Y3/AbacusHF-v2/altmtl/LRG/mock3/mpspk/mesh2_spectrum_poles_LRG_z0.8-1.1_DR2_v2.0+dv_verr_nonparam.h5
[000031.41]  06-07 10:18  fit_tools                    INFO     Reading data for mesh2 from /global/cfs/cdirs/desi/users/shengyu/galaxies/catalogs/Y3/AbacusHF-v2/altmtl/LRG/mock4/mpspk/mesh2_spectrum_poles_LRG_z0.8-1.1_DR2_v2.0+dv_verr_nonparam.h5
[000031.47]  06-07 10:18  fit_tools                    INFO     Reading data for mesh2 from /global/cfs/cdirs/desi/users/shengyu/galaxies/catalogs/Y3/AbacusHF-v2/altmtl/LRG/mock5/mpspk/mesh2_spectrum_poles_LRG_z0.8-1.1_DR2_v2.0+dv_verr_nonparam.h5
[000031.52]  06-07 10:18  fit_tools                    INFO     Reading data for mesh2 from /global/cfs/cdirs/desi/users/shengyu/galaxies/catalogs/Y3/AbacusHF-v2/altmtl/LRG/mock6/mpspk/mesh2_spectrum_poles_LRG_z0.8-1.1_DR2_v2.0+dv_verr_nonparam.h5
[000031.57]  06-07 10:18  fit_tools                    INFO     Reading data for mesh2 from /global/cfs/cdirs/desi/users/shengyu/galaxies/catalogs/Y3/AbacusHF-v2/altmtl/LRG/mock7/mpspk/mesh2_spectrum_poles_LRG_z0.8-1.1_DR2_v2.0+dv_verr_nonparam.h5
[000031.65]  06-07 10:18  fit_tools                    INFO     Reading data for mesh2 from /global/cfs/cdirs/desi/users/shengyu/galaxies/catalogs/Y3/AbacusHF-v2/altmtl/LRG/mock8/mpspk/mesh2_spectrum_poles_LRG_z0.8-1.1_DR2_v2.0+dv_verr_nonparam.h5
[000031.73]  06-07 10:18  fit_tools                    INFO     Reading data for mesh2 from /global/cfs/cdirs/desi/users/shengyu/galaxies/catalogs/Y3/AbacusHF-v2/altmtl/LRG/mock9/mpspk/mesh2_spectrum_poles_LRG_z0.8-1.1_DR2_v2.0+dv_verr_nonparam.h5
[000031.80]  06-07 10:18  fit_tools                    INFO     Reading data for mesh2 from /global/cfs/cdirs/desi/users/shengyu/galaxies/catalogs/Y3/AbacusHF-v2/altmtl/LRG/mock10/mpspk/mesh2_spectrum_poles_LRG_z0.8-1.1_DR2_v2.0+dv_verr_nonparam.h5
[000031.93]  06-07 10:18  fit_tools                    INFO     Reading data for mesh2 from /global/cfs/cdirs/desi/users/shengyu/galaxies/catalogs/Y3/AbacusHF-v2/altmtl/LRG/mock11/mpspk/mesh2_spectrum_poles_LRG_z0.8-1.1_DR2_v2.0+dv_verr_nonparam.h5
[000032.03]  06-07 10:18  fit_tools                    INFO     Reading data for mesh2 from /global/cfs/cdirs/desi/users/shengyu/galaxies/catalogs/Y3/AbacusHF-v2/altmtl/LRG/mock12/mpspk/mesh2_spectrum_poles_LRG_z0.8-1.1_DR2_v2.0+dv_verr_nonparam.h5
[000032.10]  06-07 10:18  fit_tools                    INFO     Reading data for mesh2 from /global/cfs/cdirs/desi/users/shengyu/galaxies/catalogs/Y3/AbacusHF-v2/altmtl/LRG/mock13/mpspk/mesh2_spectrum_poles_LRG_z0.8-1.1_DR2_v2.0+dv_verr_nonparam.h5
[000032.18]  06-07 10:18  fit_tools                    INFO     Reading data for mesh2 from /global/cfs/cdirs/desi/users/shengyu/galaxies/catalogs/Y3/AbacusHF-v2/altmtl/LRG/mock14/mpspk/mesh2_spectrum_poles_LRG_z0.8-1.1_DR2_v2.0+dv_verr_nonparam.h5
[000032.46]  06-07 10:18  fit_tools                    INFO     Reading data for mesh2 from /global/cfs/cdirs/desi/users/shengyu/galaxies/catalogs/Y3/AbacusHF-v2/altmtl/LRG/mock15/mpspk/mesh2_spectrum_poles_LRG_z0.8-1.1_DR2_v2.0+dv_verr_nonparam.h5
[000032.53]  06-07 10:18  fit_tools                    INFO     Reading data for mesh2 from /global/cfs/cdirs/desi/users/shengyu/galaxies/catalogs/Y3/AbacusHF-v2/altmtl/LRG/mock16/mpspk/mesh2_spectrum_poles_LRG_z0.8-1.1_DR2_v2.0+dv_verr_nonparam.h5
[000033.50]  06-07 10:18  fit_tools                    INFO     Reading data for mesh2 from /global/cfs/cdirs/desi/users/shengyu/galaxies/catalogs/Y3/AbacusHF-v2/altmtl/LRG/mock17/mpspk/mesh2_spectrum_poles_LRG_z0.8-1.1_DR2_v2.0+dv_verr_nonparam.h5
[000033.58]  06-07 10:18  fit_tools                    INFO     Reading data for mesh2 from /global/cfs/cdirs/desi/users/shengyu/galaxies/catalogs/Y3/AbacusHF-v2/altmtl/LRG/mock18/mpspk/mesh2_spectrum_poles_LRG_z0.8-1.1_DR2_v2.0+dv_verr_nonparam.h5
[000033.63]  06-07 10:18  fit_tools                    INFO     Reading data for mesh2 from /global/cfs/cdirs/desi/users/shengyu/galaxies/catalogs/Y3/AbacusHF-v2/altmtl/LRG/mock19/mpspk/mesh2_spectrum_poles_LRG_z0.8-1.1_DR2_v2.0+dv_verr_nonparam.h5
[000033.69]  06-07 10:18  fit_tools                    INFO     Reading data for mesh2 from /global/cfs/cdirs/desi/users/shengyu/galaxies/catalogs/Y3/AbacusHF-v2/altmtl/LRG/mock20/mpspk/mesh2_spectrum_poles_LRG_z0.8-1.1_DR2_v2.0+dv_verr_nonparam.h5
[000033.77]  06-07 10:18  fit_tools                    INFO     Reading data for mesh2 from /global/cfs/cdirs/desi/users/shengyu/galaxies/catalogs/Y3/AbacusHF-v2/altmtl/LRG/mock21/mpspk/mesh2_spectrum_poles_LRG_z0.8-1.1_DR2_v2.0+dv_verr_nonparam.h5
[000033.83]  06-07 10:18  fit_tools                    INFO     Reading data for mesh2 from /global/cfs/cdirs/desi/users/shengyu/galaxies/catalogs/Y3/AbacusHF-v2/altmtl/LRG/mock22/mpspk/mesh2_spectrum_poles_LRG_z0.8-1.1_DR2_v2.0+dv_verr_nonparam.h5
[000033.95]  06-07 10:18  fit_tools                    INFO     Reading data for mesh2 from /global/cfs/cdirs/desi/users/shengyu/galaxies/catalogs/Y3/AbacusHF-v2/altmtl/LRG/mock23/mpspk/mesh2_spectrum_poles_LRG_z0.8-1.1_DR2_v2.0+dv_verr_nonparam.h5
[000034.01]  06-07 10:18  fit_tools                    INFO     Reading data for mesh2 from /global/cfs/cdirs/desi/users/shengyu/galaxies/catalogs/Y3/AbacusHF-v2/altmtl/LRG/mock24/mpspk/mesh2_spectrum_poles_LRG_z0.8-1.1_DR2_v2.0+dv_verr_nonparam.h5
[000034.06]  06-07 10:18  fit_tools                    INFO     Averaged data for mesh2 over 25 mock realizations
[000034.06]  06-07 10:18  fit_tools                    INFO     Reading window for mesh2 from /global/cfs/cdirs/desi/users/shengyu/galaxies/catalogs/Y3/AbacusHF-v2/altmtl/LRG/mock0/mpspk/window_mesh2_spectrum_poles_LRG_z0.8-1.1_DR2_v2.0+dv_verr_nonparam.h5
[000034.23]  06-07 10:18  fit_tools                    INFO     Reading window for mesh2 from /global/cfs/cdirs/desi/users/shengyu/galaxies/catalogs/Y3/AbacusHF-v2/altmtl/LRG/mock1/mpspk/window_mesh2_spectrum_poles_LRG_z0.8-1.1_DR2_v2.0+dv_verr_nonparam.h5
[000034.39]  06-07 10:18  fit_tools                    INFO     Reading window for mesh2 from /global/cfs/cdirs/desi/users/shengyu/galaxies/catalogs/Y3/AbacusHF-v2/altmtl/LRG/mock2/mpspk/window_mesh2_spectrum_poles_LRG_z0.8-1.1_DR2_v2.0+dv_verr_nonparam.h5
[000034.70]  06-07 10:18  fit_tools                    INFO     Reading window for mesh2 from /global/cfs/cdirs/desi/users/shengyu/galaxies/catalogs/Y3/AbacusHF-v2/altmtl/LRG/mock3/mpspk/window_mesh2_spectrum_poles_LRG_z0.8-1.1_DR2_v2.0+dv_verr_nonparam.h5
[000035.45]  06-07 10:18  fit_tools                    INFO     Reading window for mesh2 from /global/cfs/cdirs/desi/users/shengyu/galaxies/catalogs/Y3/AbacusHF-v2/altmtl/LRG/mock4/mpspk/window_mesh2_spectrum_poles_LRG_z0.8-1.1_DR2_v2.0+dv_verr_nonparam.h5
[000035.63]  06-07 10:18  fit_tools                    INFO     Reading window for mesh2 from /global/cfs/cdirs/desi/users/shengyu/galaxies/catalogs/Y3/AbacusHF-v2/altmtl/LRG/mock5/mpspk/window_mesh2_spectrum_poles_LRG_z0.8-1.1_DR2_v2.0+dv_verr_nonparam.h5
[000035.78]  06-07 10:18  fit_tools                    INFO     Reading window for mesh2 from /global/cfs/cdirs/desi/users/shengyu/galaxies/catalogs/Y3/AbacusHF-v2/altmtl/LRG/mock6/mpspk/window_mesh2_spectrum_poles_LRG_z0.8-1.1_DR2_v2.0+dv_verr_nonparam.h5
[000047.56]  06-07 10:18  fit_tools                    INFO     Reading window for mesh2 from /global/cfs/cdirs/desi/users/shengyu/galaxies/catalogs/Y3/AbacusHF-v2/altmtl/LRG/mock7/mpspk/window_mesh2_spectrum_poles_LRG_z0.8-1.1_DR2_v2.0+dv_verr_nonparam.h5
[000047.65]  06-07 10:18  fit_tools                    INFO     Reading window for mesh2 from /global/cfs/cdirs/desi/users/shengyu/galaxies/catalogs/Y3/AbacusHF-v2/altmtl/LRG/mock8/mpspk/window_mesh2_spectrum_poles_LRG_z0.8-1.1_DR2_v2.0+dv_verr_nonparam.h5
[000047.78]  06-07 10:18  fit_tools                    INFO     Reading window for mesh2 from /global/cfs/cdirs/desi/users/shengyu/galaxies/catalogs/Y3/AbacusHF-v2/altmtl/LRG/mock9/mpspk/window_mesh2_spectrum_poles_LRG_z0.8-1.1_DR2_v2.0+dv_verr_nonparam.h5
[000059.92]  06-07 10:18  fit_tools                    INFO     Reading window for mesh2 from /global/cfs/cdirs/desi/users/shengyu/galaxies/catalogs/Y3/AbacusHF-v2/altmtl/LRG/mock10/mpspk/window_mesh2_spectrum_poles_LRG_z0.8-1.1_DR2_v2.0+dv_verr_nonparam.h5
[000060.06]  06-07 10:18  fit_tools                    INFO     Reading window for mesh2 from /global/cfs/cdirs/desi/users/shengyu/galaxies/catalogs/Y3/AbacusHF-v2/altmtl/LRG/mock11/mpspk/window_mesh2_spectrum_poles_LRG_z0.8-1.1_DR2_v2.0+dv_verr_nonparam.h5
[000060.20]  06-07 10:18  fit_tools                    INFO     Reading window for mesh2 from /global/cfs/cdirs/desi/users/shengyu/galaxies/catalogs/Y3/AbacusHF-v2/altmtl/LRG/mock12/mpspk/window_mesh2_spectrum_poles_LRG_z0.8-1.1_DR2_v2.0+dv_verr_nonparam.h5
[000060.33]  06-07 10:18  fit_tools                    INFO     Reading window for mesh2 from /global/cfs/cdirs/desi/users/shengyu/galaxies/catalogs/Y3/AbacusHF-v2/altmtl/LRG/mock13/mpspk/window_mesh2_spectrum_poles_LRG_z0.8-1.1_DR2_v2.0+dv_verr_nonparam.h5
[000060.49]  06-07 10:18  fit_tools                    INFO     Reading window for mesh2 from /global/cfs/cdirs/desi/users/shengyu/galaxies/catalogs/Y3/AbacusHF-v2/altmtl/LRG/mock14/mpspk/window_mesh2_spectrum_poles_LRG_z0.8-1.1_DR2_v2.0+dv_verr_nonparam.h5
[000060.63]  06-07 10:18  fit_tools                    INFO     Reading window for mesh2 from /global/cfs/cdirs/desi/users/shengyu/galaxies/catalogs/Y3/AbacusHF-v2/altmtl/LRG/mock15/mpspk/window_mesh2_spectrum_poles_LRG_z0.8-1.1_DR2_v2.0+dv_verr_nonparam.h5
[000061.71]  06-07 10:18  fit_tools                    INFO     Reading window for mesh2 from /global/cfs/cdirs/desi/users/shengyu/galaxies/catalogs/Y3/AbacusHF-v2/altmtl/LRG/mock16/mpspk/window_mesh2_spectrum_poles_LRG_z0.8-1.1_DR2_v2.0+dv_verr_nonparam.h5
[000061.87]  06-07 10:18  fit_tools                    INFO     Reading window for mesh2 from /global/cfs/cdirs/desi/users/shengyu/galaxies/catalogs/Y3/AbacusHF-v2/altmtl/LRG/mock17/mpspk/window_mesh2_spectrum_poles_LRG_z0.8-1.1_DR2_v2.0+dv_verr_nonparam.h5
[000062.29]  06-07 10:18  fit_tools                    INFO     Reading window for mesh2 from /global/cfs/cdirs/desi/users/shengyu/galaxies/catalogs/Y3/AbacusHF-v2/altmtl/LRG/mock18/mpspk/window_mesh2_spectrum_poles_LRG_z0.8-1.1_DR2_v2.0+dv_verr_nonparam.h5
[000062.43]  06-07 10:18  fit_tools                    INFO     Reading window for mesh2 from /global/cfs/cdirs/desi/users/shengyu/galaxies/catalogs/Y3/AbacusHF-v2/altmtl/LRG/mock19/mpspk/window_mesh2_spectrum_poles_LRG_z0.8-1.1_DR2_v2.0+dv_verr_nonparam.h5
[000063.78]  06-07 10:19  fit_tools                    INFO     Reading window for mesh2 from /global/cfs/cdirs/desi/users/shengyu/galaxies/catalogs/Y3/AbacusHF-v2/altmtl/LRG/mock20/mpspk/window_mesh2_spectrum_poles_LRG_z0.8-1.1_DR2_v2.0+dv_verr_nonparam.h5
[000063.89]  06-07 10:19  fit_tools                    INFO     Reading window for mesh2 from /global/cfs/cdirs/desi/users/shengyu/galaxies/catalogs/Y3/AbacusHF-v2/altmtl/LRG/mock21/mpspk/window_mesh2_spectrum_poles_LRG_z0.8-1.1_DR2_v2.0+dv_verr_nonparam.h5
[000064.02]  06-07 10:19  fit_tools                    INFO     Reading window for mesh2 from /global/cfs/cdirs/desi/users/shengyu/galaxies/catalogs/Y3/AbacusHF-v2/altmtl/LRG/mock22/mpspk/window_mesh2_spectrum_poles_LRG_z0.8-1.1_DR2_v2.0+dv_verr_nonparam.h5
[000064.25]  06-07 10:19  fit_tools                    INFO     Reading window for mesh2 from /global/cfs/cdirs/desi/users/shengyu/galaxies/catalogs/Y3/AbacusHF-v2/altmtl/LRG/mock23/mpspk/window_mesh2_spectrum_poles_LRG_z0.8-1.1_DR2_v2.0+dv_verr_nonparam.h5
[000064.36]  06-07 10:19  fit_tools                    INFO     Reading window for mesh2 from /global/cfs/cdirs/desi/users/shengyu/galaxies/catalogs/Y3/AbacusHF-v2/altmtl/LRG/mock24/mpspk/window_mesh2_spectrum_poles_LRG_z0.8-1.1_DR2_v2.0+dv_verr_nonparam.h5
[000064.56]  06-07 10:19  fit_tools                    INFO     Writing cached stats /global/cfs/cdirs/desi/users/shengyu/Y3/full-shape/redshift_errors/fits/_cache/prepared_stats/data_LRG3-z0.8-1.1-mean25-S2-5d7361d6.h5.
[000070.74]  06-07 10:19  fit_tools                    INFO     Writing cached stats /global/cfs/cdirs/desi/users/shengyu/Y3/full-shape/redshift_errors/fits/_cache/prepared_stats/window_LRG3-z0.8-1.1-mean25-S2-5d7361d6.h5.
[000070.86]  06-07 10:19  fit_tools                    INFO     Reading covariance, first matched: /global/cfs/cdirs/desi/users/shengyu/galaxies/catalogs/Y3/holi-v3/altmtl/LRG/mock0/mpspk/mesh2_spectrum_poles_LRG_z0.8-1.1_holi_v3+dv_verr_nonparam.h5
[000224.31]  06-07 10:21  fit_tools                    INFO     Built covariance from 846 mock realizations; shape=(112, 112)
[000224.31]  06-07 10:21  fit_tools                    WARNING  Skipped 154 missing covariance mock files
[000224.31]  06-07 10:21  fit_tools                    INFO     Applied covariance corrections ('hartlap', 'percival') with factor 1.305888, hartlap=0.866272, percival=1.131255, nparams=7
[000224.32]  06-07 10:21  fit_tools                    INFO     Writing cached stats /global/cfs/cdirs/desi/users/shengyu/Y3/full-shape/redshift_errors/fits/_cache/prepared_stats/covariance_LRG3-z0.8-1.1-mean25-S2+cov-mock-holi-v3-36706cf5.h5.
[000224.43]  06-07 10:21  fit_tools                    WARNING  No redshift found in data attributes; read z=0.923 from the mesh2 window.
[000224.43]  06-07 10:21  fit_tools                    WARNING  No redshift found in data attributes; read z=0.923 from the mesh2 window.
[000224.44]  06-07 10:21  fit_tools                    WARNING  No redshift found in data attributes; read z=0.923 from the mesh2 window.
[000224.44]  06-07 10:21  fit_tools                    WARNING  No redshift found in data attributes; read z=0.923 from the mesh2 window.
⚠️ No GPU found. Using JAX with CPU.
⚠️ No GPU found. Using JAX with CPU.
⚠️ No GPU found. Using JAX with CPU.
⚠️ No GPU found. Using JAX with CPU.
Calculating matrices (no save path specified)
Calculating matrices (no save path specified)
Calculating matrices (no save path specified)
Calculating matrices (no save path specified)
/global/homes/s/shengyu/.conda/envs/fit_env/lib/python3.12/site-packages/cosmoprimo/eisenstein_hu.py:25: UserWarning: EisensteinHuNoWiggleEngine cannot cope with massive neutrinos
  warnings.warn('{} cannot cope with massive neutrinos'.format(self.__class__.__name__))
/global/homes/s/shengyu/.conda/envs/fit_env/lib/python3.12/site-packages/cosmoprimo/eisenstein_hu.py:25: UserWarning: EisensteinHuNoWiggleEngine cannot cope with massive neutrinos
  warnings.warn('{} cannot cope with massive neutrinos'.format(self.__class__.__name__))
/global/homes/s/shengyu/.conda/envs/fit_env/lib/python3.12/site-packages/cosmoprimo/eisenstein_hu.py:25: UserWarning: EisensteinHuNoWiggleEngine cannot cope with massive neutrinos
  warnings.warn('{} cannot cope with massive neutrinos'.format(self.__class__.__name__))
/global/homes/s/shengyu/.conda/envs/fit_env/lib/python3.12/site-packages/cosmoprimo/eisenstein_hu.py:25: UserWarning: EisensteinHuNoWiggleEngine cannot cope with massive neutrinos
  warnings.warn('{} cannot cope with massive neutrinos'.format(self.__class__.__name__))
Calculating matrices (no save path specified)
Calculating matrices (no save path specified)
Calculating matrices (no save path specified)
Calculating matrices (no save path specified)
[000233.83]  06-07 10:21  fit_tools                    INFO     Fitting emulator /global/cfs/cdirs/desi/users/shengyu/Y3/full-shape/redshift_errors/fits/_cache/emulator_cosmo-base_taylor/emulator_LRG3-z0.8-1.1-mean25-S2-ell0-k0.02-0.30-0.005-ell2-k0.02-0.30-0.005-th-folpsD_58c1b38d.npy
[000233.83]  06-07 10:21  fit_tools                    INFO     Fitting emulator /global/cfs/cdirs/desi/users/shengyu/Y3/full-shape/redshift_errors/fits/_cache/emulator_cosmo-base_taylor/emulator_LRG3-z0.8-1.1-mean25-S2-ell0-k0.02-0.30-0.005-ell2-k0.02-0.30-0.005-th-folpsD_58c1b38d.npy
[000233.83]  06-07 10:21  fit_tools                    INFO     Fitting emulator /global/cfs/cdirs/desi/users/shengyu/Y3/full-shape/redshift_errors/fits/_cache/emulator_cosmo-base_taylor/emulator_LRG3-z0.8-1.1-mean25-S2-ell0-k0.02-0.30-0.005-ell2-k0.02-0.30-0.005-th-folpsD_58c1b38d.npy
[000233.83]  06-07 10:21  fit_tools                    INFO     Fitting emulator /global/cfs/cdirs/desi/users/shengyu/Y3/full-shape/redshift_errors/fits/_cache/emulator_cosmo-base_taylor/emulator_LRG3-z0.8-1.1-mean25-S2-ell0-k0.02-0.30-0.005-ell2-k0.02-0.30-0.005-th-folpsD_58c1b38d.npy
Calculating matrices (no save path specified)
Calculating matrices (no save path specified)
Calculating matrices (no save path specified)
Calculating matrices (no save path specified)
[000237.49]  06-07 10:21  Emulator                     INFO     Varied parameters: ['h', 'omega_cdm', 'omega_b', 'logA', 'n_s'].
[000237.49]  06-07 10:21  Emulator                     INFO     Found varying ['H0', 'Omega_m', 'sigma8_m', 'sigma8', 'fsigma8', 'pt-jac', 'pt-kap', 'pt-muap', 'pt-table', 'pt-table_now', 'pt-scalars', 'pt-scalars_now', 'pt-qpar', 'pt-qper', 'pt-f', 'pt-f0', 'pt-pklir'] and fixed ['k', 'z', 'ells', 'wmu', 'kt', 'pt-A_full', 'pt-remove_DeltaP'] outputs.
[000237.96]  06-07 10:21  Differentiation              INFO     Varied parameters: ['h', 'omega_cdm', 'omega_b', 'logA', 'n_s'].
[000239.50]  06-07 10:21  Differentiation              INFO     h grid is [0.6136 0.6436 0.6736 0.7036 0.7336].
[000239.50]  06-07 10:21  Differentiation              INFO     omega_cdm grid is [0.106 0.113 0.12  0.127 0.134].
[000239.50]  06-07 10:21  Differentiation              INFO     omega_b grid is [0.01937 0.02087 0.02237 0.02387 0.02537].
[000239.50]  06-07 10:21  Differentiation              INFO     logA grid is [2.93639426 2.98639426 3.03639426 3.08639426 3.13639426].
[000239.50]  06-07 10:21  Differentiation              INFO     n_s grid is [0.9549 0.9599 0.9649 0.9699 0.9749].
[000239.50]  06-07 10:21  Differentiation              INFO     Differentiation will evaluate 141 points.
[000254.29]  06-07 10:22  Emulator                     INFO     Fitting H0.
[000254.31]  06-07 10:22  Emulator                     INFO     Fitting Omega_m.
[000254.34]  06-07 10:22  Emulator                     INFO     Fitting sigma8_m.
[000254.36]  06-07 10:22  Emulator                     INFO     Fitting sigma8.
[000254.39]  06-07 10:22  Emulator                     INFO     Fitting fsigma8.
[000254.41]  06-07 10:22  Emulator                     INFO     Fitting pt-jac.
[000254.44]  06-07 10:22  Emulator                     INFO     Fitting pt-kap.
[000254.46]  06-07 10:22  Emulator                     INFO     Fitting pt-muap.
[000254.48]  06-07 10:22  Emulator                     INFO     Fitting pt-table.
[000254.51]  06-07 10:22  Emulator                     INFO     Fitting pt-table_now.
[000254.54]  06-07 10:22  Emulator                     INFO     Fitting pt-scalars.
[000254.56]  06-07 10:22  Emulator                     INFO     Fitting pt-scalars_now.
[000254.58]  06-07 10:22  Emulator                     INFO     Fitting pt-qpar.
[000254.61]  06-07 10:22  Emulator                     INFO     Fitting pt-qper.
[000254.63]  06-07 10:22  Emulator                     INFO     Fitting pt-f.
[000254.66]  06-07 10:22  Emulator                     INFO     Fitting pt-f0.
[000254.68]  06-07 10:22  Emulator                     INFO     Fitting pt-pklir.
[000255.09]  06-07 10:22  Emulator                     INFO     Saving /global/cfs/cdirs/desi/users/shengyu/Y3/full-shape/redshift_errors/fits/_cache/emulator_cosmo-base_taylor/emulator_LRG3-z0.8-1.1-mean25-S2-ell0-k0.02-0.30-0.005-ell2-k0.02-0.30-0.005-th-folpsD_58c1b38d.npy.
[000255.12]  06-07 10:22  BaseConfig                   INFO     Saving /global/cfs/cdirs/desi/users/shengyu/Y3/full-shape/redshift_errors/fits/_cache/emulator_cosmo-base_taylor/emulator_LRG3-z0.8-1.1-mean25-S2-ell0-k0.02-0.30-0.005-ell2-k0.02-0.30-0.005-th-folpsD_58c1b38d.yaml.
[000255.30]  06-07 10:22  PocoMCSampler                INFO     Varied parameters: ['h', 'omega_cdm', 'omega_b', 'logA', 'n_s', 'LRG3.b1p', 'LRG3.b2p', 'LRG3.bsp', 'LRG3.X_FoG_pp'].
[None]
[000312.89]  06-07 10:23  PocoMCSampler                INFO     Successfully vmap input likelihood.
[000316.70]  06-07 10:23  PocoMCSampler                INFO     Successfully jit input likelihood.
Saving PMC state to /global/cfs/cdirs/desi/users/shengyu/Y3/full-shape/redshift_errors/fits/cosmo-base_LRG3-z0.8-1.1-mean25-S2-97e7dbda/chain_0.pocomc.state
[000396.91]  06-07 10:24  Chain                        INFO     Saving /global/cfs/cdirs/desi/users/shengyu/Y3/full-shape/redshift_errors/fits/cosmo-base_LRG3-z0.8-1.1-mean25-S2-97e7dbda/chain_0.npy.
[000396.97]  06-07 10:24  PocoMCSampler                INFO     Diagnostics:
[000396.99]  06-07 10:24  Diagnostics                  INFO     - max eigen Gelman-Rubin - 1 is 0.359; not < 0.02.
[000397.01]  06-07 10:24  Diagnostics                  INFO     - max diag Gelman-Rubin - 1 is 0.156.
[000397.14]  06-07 10:24  Diagnostics                  INFO     - max diag Gelman-Rubin - 1 at 1.0 sigmas is 0.571.
[000397.15]  06-07 10:24  Diagnostics                  INFO     - max Geweke is 0.506.
[000397.16]  06-07 10:24  Diagnostics                  INFO     - Geweke p-value is 4.13e-06.
[000397.48]  06-07 10:24  Diagnostics                  INFO     - effective sample size = (10 iterations / integrated autocorrelation time) is 16.8.
Saving PMC state to /global/cfs/cdirs/desi/users/shengyu/Y3/full-shape/redshift_errors/fits/cosmo-base_LRG3-z0.8-1.1-mean25-S2-97e7dbda/chain_0.pocomc.state
[000434.91]  06-07 10:25  Chain                        INFO     Saving /global/cfs/cdirs/desi/users/shengyu/Y3/full-shape/redshift_errors/fits/cosmo-base_LRG3-z0.8-1.1-mean25-S2-97e7dbda/chain_0.npy.
[000434.95]  06-07 10:25  PocoMCSampler                INFO     Diagnostics:
[000434.98]  06-07 10:25  Diagnostics                  INFO     - max eigen Gelman-Rubin - 1 is 0.381; not < 0.02.
[000435.00]  06-07 10:25  Diagnostics                  INFO     - max diag Gelman-Rubin - 1 is 0.303.
[000435.21]  06-07 10:25  Diagnostics                  INFO     - max diag Gelman-Rubin - 1 at 1.0 sigmas is 0.744.
[000435.23]  06-07 10:25  Diagnostics                  INFO     - max Geweke is 0.288.
[000435.23]  06-07 10:25  Diagnostics                  INFO     - Geweke p-value is 0.0421.
[000435.56]  06-07 10:25  Diagnostics                  INFO     - effective sample size = (20 iterations / integrated autocorrelation time) is 13.8.
[000435.56]  06-07 10:25  Diagnostics                  INFO     - max variation of integrated autocorrelation time is 0.641.
Saving PMC state to /global/cfs/cdirs/desi/users/shengyu/Y3/full-shape/redshift_errors/fits/cosmo-base_LRG3-z0.8-1.1-mean25-S2-97e7dbda/chain_0.pocomc.state
[000470.64]  06-07 10:25  Chain                        INFO     Saving /global/cfs/cdirs/desi/users/shengyu/Y3/full-shape/redshift_errors/fits/cosmo-base_LRG3-z0.8-1.1-mean25-S2-97e7dbda/chain_0.npy.
[000470.69]  06-07 10:25  PocoMCSampler                INFO     Diagnostics:
[000470.71]  06-07 10:25  Diagnostics                  INFO     - max eigen Gelman-Rubin - 1 is 0.521; not < 0.02.
[000470.74]  06-07 10:25  Diagnostics                  INFO     - max diag Gelman-Rubin - 1 is 0.366.
[000471.01]  06-07 10:25  Diagnostics                  INFO     - max diag Gelman-Rubin - 1 at 1.0 sigmas is 1.02.
[000471.02]  06-07 10:25  Diagnostics                  INFO     - max Geweke is 0.456.
[000471.02]  06-07 10:25  Diagnostics                  INFO     - Geweke p-value is 0.000914.
[000471.61]  06-07 10:25  Diagnostics                  INFO     - effective sample size = (30 iterations / integrated autocorrelation time) is 13.8.
[000471.61]  06-07 10:25  Diagnostics                  INFO     - max variation of integrated autocorrelation time is 0.444.
Saving PMC state to /global/cfs/cdirs/desi/users/shengyu/Y3/full-shape/redshift_errors/fits/cosmo-base_LRG3-z0.8-1.1-mean25-S2-97e7dbda/chain_0.pocomc.state
[000511.01]  06-07 10:26  Chain                        INFO     Saving /global/cfs/cdirs/desi/users/shengyu/Y3/full-shape/redshift_errors/fits/cosmo-base_LRG3-z0.8-1.1-mean25-S2-97e7dbda/chain_0.npy.
[000511.07]  06-07 10:26  PocoMCSampler                INFO     Diagnostics:
[000511.10]  06-07 10:26  Diagnostics                  INFO     - max eigen Gelman-Rubin - 1 is 0.957; not < 0.02.
[000511.12]  06-07 10:26  Diagnostics                  INFO     - max diag Gelman-Rubin - 1 is 0.54.
[000511.27]  06-07 10:26  Diagnostics                  INFO     - max diag Gelman-Rubin - 1 at 1.0 sigmas is 1.96.
[000511.28]  06-07 10:26  Diagnostics                  INFO     - max Geweke is 0.526.
[000511.28]  06-07 10:26  Diagnostics                  INFO     - Geweke p-value is 1.84e-05.
[000511.61]  06-07 10:26  Diagnostics                  INFO     - effective sample size = (40 iterations / integrated autocorrelation time) is 11.3.
[000511.62]  06-07 10:26  Diagnostics                  INFO     - max variation of integrated autocorrelation time is 0.532.
Saving PMC state to /global/cfs/cdirs/desi/users/shengyu/Y3/full-shape/redshift_errors/fits/cosmo-base_LRG3-z0.8-1.1-mean25-S2-97e7dbda/chain_0.pocomc.state
[000555.71]  06-07 10:27  Chain                        INFO     Saving /global/cfs/cdirs/desi/users/shengyu/Y3/full-shape/redshift_errors/fits/cosmo-base_LRG3-z0.8-1.1-mean25-S2-97e7dbda/chain_0.npy.
[000555.76]  06-07 10:27  PocoMCSampler                INFO     Diagnostics:
[000555.78]  06-07 10:27  Diagnostics                  INFO     - max eigen Gelman-Rubin - 1 is 1.4; not < 0.02.
[000555.80]  06-07 10:27  Diagnostics                  INFO     - max diag Gelman-Rubin - 1 is 0.682.
[000555.97]  06-07 10:27  Diagnostics                  INFO     - max diag Gelman-Rubin - 1 at 1.0 sigmas is 1.6.
[000555.98]  06-07 10:27  Diagnostics                  INFO     - max Geweke is 0.582.
[000555.98]  06-07 10:27  Diagnostics                  INFO     - Geweke p-value is 0.000844.
[000556.32]  06-07 10:27  Diagnostics                  INFO     - effective sample size = (50 iterations / integrated autocorrelation time) is 10.4.
[000556.32]  06-07 10:27  Diagnostics                  INFO     - max variation of integrated autocorrelation time is 0.536.
Saving PMC state to /global/cfs/cdirs/desi/users/shengyu/Y3/full-shape/redshift_errors/fits/cosmo-base_LRG3-z0.8-1.1-mean25-S2-97e7dbda/chain_0.pocomc.state
[000605.29]  06-07 10:28  Chain                        INFO     Saving /global/cfs/cdirs/desi/users/shengyu/Y3/full-shape/redshift_errors/fits/cosmo-base_LRG3-z0.8-1.1-mean25-S2-97e7dbda/chain_0.npy.
[000605.38]  06-07 10:28  PocoMCSampler                INFO     Diagnostics:
[000605.40]  06-07 10:28  Diagnostics                  INFO     - max eigen Gelman-Rubin - 1 is 1.72; not < 0.02.
[000605.43]  06-07 10:28  Diagnostics                  INFO     - max diag Gelman-Rubin - 1 is 0.762.
[000605.51]  06-07 10:28  Diagnostics                  INFO     - max diag Gelman-Rubin - 1 at 1.0 sigmas is 1.6.
[000605.52]  06-07 10:28  Diagnostics                  INFO     - max Geweke is 0.391.
[000605.52]  06-07 10:28  Diagnostics                  INFO     - Geweke p-value is 0.102.
[000605.86]  06-07 10:28  Diagnostics                  INFO     - effective sample size = (60 iterations / integrated autocorrelation time) is 11.
[000605.86]  06-07 10:28  Diagnostics                  INFO     - max variation of integrated autocorrelation time is 0.543.
Saving PMC state to /global/cfs/cdirs/desi/users/shengyu/Y3/full-shape/redshift_errors/fits/cosmo-base_LRG3-z0.8-1.1-mean25-S2-97e7dbda/chain_0.pocomc.state
[000684.36]  06-07 10:29  Chain                        INFO     Saving /global/cfs/cdirs/desi/users/shengyu/Y3/full-shape/redshift_errors/fits/cosmo-base_LRG3-z0.8-1.1-mean25-S2-97e7dbda/chain_0.npy.
[000684.41]  06-07 10:29  PocoMCSampler                INFO     Diagnostics:
[000684.44]  06-07 10:29  Diagnostics                  INFO     - max eigen Gelman-Rubin - 1 is 0.87; not < 0.02.
[000684.46]  06-07 10:29  Diagnostics                  INFO     - max diag Gelman-Rubin - 1 is 0.344.
[000684.54]  06-07 10:29  Diagnostics                  INFO     - max diag Gelman-Rubin - 1 at 1.0 sigmas is 0.788.
[000684.56]  06-07 10:29  Diagnostics                  INFO     - max Geweke is 0.724.
[000684.56]  06-07 10:29  Diagnostics                  INFO     - Geweke p-value is 2.63e-05.
[000684.89]  06-07 10:29  Diagnostics                  INFO     - effective sample size = (70 iterations / integrated autocorrelation time) is 16.2.
[000684.89]  06-07 10:29  Diagnostics                  INFO     - max variation of integrated autocorrelation time is 0.518.
Saving PMC state to /global/cfs/cdirs/desi/users/shengyu/Y3/full-shape/redshift_errors/fits/cosmo-base_LRG3-z0.8-1.1-mean25-S2-97e7dbda/chain_0.pocomc.state
[000744.72]  06-07 10:30  Chain                        INFO     Saving /global/cfs/cdirs/desi/users/shengyu/Y3/full-shape/redshift_errors/fits/cosmo-base_LRG3-z0.8-1.1-mean25-S2-97e7dbda/chain_0.npy.
[000744.79]  06-07 10:30  PocoMCSampler                INFO     Diagnostics:
[000744.82]  06-07 10:30  Diagnostics                  INFO     - max eigen Gelman-Rubin - 1 is 0.787; not < 0.02.
[000744.84]  06-07 10:30  Diagnostics                  INFO     - max diag Gelman-Rubin - 1 is 0.201.
[000744.92]  06-07 10:30  Diagnostics                  INFO     - max diag Gelman-Rubin - 1 at 1.0 sigmas is 0.889.
[000744.94]  06-07 10:30  Diagnostics                  INFO     - max Geweke is 0.273.
[000744.94]  06-07 10:30  Diagnostics                  INFO     - Geweke p-value is 0.00163.
[000745.28]  06-07 10:30  Diagnostics                  INFO     - effective sample size = (80 iterations / integrated autocorrelation time) is 23.7.
[000745.28]  06-07 10:30  Diagnostics                  INFO     - max variation of integrated autocorrelation time is 1.06.
Saving PMC state to /global/cfs/cdirs/desi/users/shengyu/Y3/full-shape/redshift_errors/fits/cosmo-base_LRG3-z0.8-1.1-mean25-S2-97e7dbda/chain_0.pocomc.state
[000801.19]  06-07 10:31  Chain                        INFO     Saving /global/cfs/cdirs/desi/users/shengyu/Y3/full-shape/redshift_errors/fits/cosmo-base_LRG3-z0.8-1.1-mean25-S2-97e7dbda/chain_0.npy.
[000801.33]  06-07 10:31  PocoMCSampler                INFO     Diagnostics:
[000801.36]  06-07 10:31  Diagnostics                  INFO     - max eigen Gelman-Rubin - 1 is 0.502; not < 0.02.
[000801.38]  06-07 10:31  Diagnostics                  INFO     - max diag Gelman-Rubin - 1 is 0.173.
[000801.46]  06-07 10:31  Diagnostics                  INFO     - max diag Gelman-Rubin - 1 at 1.0 sigmas is 0.506.
[000801.48]  06-07 10:31  Diagnostics                  INFO     - max Geweke is 0.346.
[000801.48]  06-07 10:31  Diagnostics                  INFO     - Geweke p-value is 0.000351.
[000801.81]  06-07 10:31  Diagnostics                  INFO     - effective sample size = (90 iterations / integrated autocorrelation time) is 33.
[000801.81]  06-07 10:31  Diagnostics                  INFO     - max variation of integrated autocorrelation time is 1.05.
Saving PMC state to /global/cfs/cdirs/desi/users/shengyu/Y3/full-shape/redshift_errors/fits/cosmo-base_LRG3-z0.8-1.1-mean25-S2-97e7dbda/chain_0.pocomc.state
[000868.51]  06-07 10:32  Chain                        INFO     Saving /global/cfs/cdirs/desi/users/shengyu/Y3/full-shape/redshift_errors/fits/cosmo-base_LRG3-z0.8-1.1-mean25-S2-97e7dbda/chain_0.npy.
[000868.58]  06-07 10:32  PocoMCSampler                INFO     Diagnostics:
[000868.61]  06-07 10:32  Diagnostics                  INFO     - max eigen Gelman-Rubin - 1 is 0.181; not < 0.02.
[000868.63]  06-07 10:32  Diagnostics                  INFO     - max diag Gelman-Rubin - 1 is 0.0918.
[000868.72]  06-07 10:32  Diagnostics                  INFO     - max diag Gelman-Rubin - 1 at 1.0 sigmas is 0.3.
[000868.73]  06-07 10:32  Diagnostics                  INFO     - max Geweke is 0.241.
[000868.73]  06-07 10:32  Diagnostics                  INFO     - Geweke p-value is 0.000384.
[000869.07]  06-07 10:32  Diagnostics                  INFO     - effective sample size = (100 iterations / integrated autocorrelation time) (reliable) is 56.
[000869.07]  06-07 10:32  Diagnostics                  INFO     - max variation of integrated autocorrelation time is 0.528.
Saving PMC state to /global/cfs/cdirs/desi/users/shengyu/Y3/full-shape/redshift_errors/fits/cosmo-base_LRG3-z0.8-1.1-mean25-S2-97e7dbda/chain_0.pocomc.state
[000924.50]  06-07 10:33  Chain                        INFO     Saving /global/cfs/cdirs/desi/users/shengyu/Y3/full-shape/redshift_errors/fits/cosmo-base_LRG3-z0.8-1.1-mean25-S2-97e7dbda/chain_0.npy.
[000924.56]  06-07 10:33  PocoMCSampler                INFO     Diagnostics:
[000924.58]  06-07 10:33  Diagnostics                  INFO     - max eigen Gelman-Rubin - 1 is 0.0582; not < 0.02.
[000924.61]  06-07 10:33  Diagnostics                  INFO     - max diag Gelman-Rubin - 1 is 0.0344.
[000924.70]  06-07 10:33  Diagnostics                  INFO     - max diag Gelman-Rubin - 1 at 1.0 sigmas is 0.0723.
[000924.71]  06-07 10:33  Diagnostics                  INFO     - max Geweke is 0.324.
[000924.71]  06-07 10:33  Diagnostics                  INFO     - Geweke p-value is 1.43e-12.
[000925.05]  06-07 10:33  Diagnostics                  INFO     - effective sample size = (110 iterations / integrated autocorrelation time) (reliable) is 93.8.
[000925.05]  06-07 10:33  Diagnostics                  INFO     - max variation of integrated autocorrelation time is 0.521.
Saving PMC state to /global/cfs/cdirs/desi/users/shengyu/Y3/full-shape/redshift_errors/fits/cosmo-base_LRG3-z0.8-1.1-mean25-S2-97e7dbda/chain_0.pocomc.state
[000980.05]  06-07 10:34  Chain                        INFO     Saving /global/cfs/cdirs/desi/users/shengyu/Y3/full-shape/redshift_errors/fits/cosmo-base_LRG3-z0.8-1.1-mean25-S2-97e7dbda/chain_0.npy.
[000980.17]  06-07 10:34  PocoMCSampler                INFO     Diagnostics:
[000980.20]  06-07 10:34  Diagnostics                  INFO     - max eigen Gelman-Rubin - 1 is 0.0124; < 0.02.
[000980.22]  06-07 10:34  Diagnostics                  INFO     - max diag Gelman-Rubin - 1 is 0.00431.
[000980.31]  06-07 10:34  Diagnostics                  INFO     - max diag Gelman-Rubin - 1 at 1.0 sigmas is 0.0215.
[000980.33]  06-07 10:34  Diagnostics                  INFO     - max Geweke is 0.207.
[000980.33]  06-07 10:34  Diagnostics                  INFO     - Geweke p-value is 4.31e-10.
[000980.67]  06-07 10:34  Diagnostics                  INFO     - effective sample size = (120 iterations / integrated autocorrelation time) (reliable) is 124.
[000980.67]  06-07 10:34  Diagnostics                  INFO     - max variation of integrated autocorrelation time is 0.213.
Saving PMC state to /global/cfs/cdirs/desi/users/shengyu/Y3/full-shape/redshift_errors/fits/cosmo-base_LRG3-z0.8-1.1-mean25-S2-97e7dbda/chain_0.pocomc.state
[001035.07]  06-07 10:35  Chain                        INFO     Saving /global/cfs/cdirs/desi/users/shengyu/Y3/full-shape/redshift_errors/fits/cosmo-base_LRG3-z0.8-1.1-mean25-S2-97e7dbda/chain_0.npy.
[001035.17]  06-07 10:35  PocoMCSampler                INFO     Diagnostics:
[001035.20]  06-07 10:35  Diagnostics                  INFO     - max eigen Gelman-Rubin - 1 is 0.00704; < 0.02.
[001035.22]  06-07 10:35  Diagnostics                  INFO     - max diag Gelman-Rubin - 1 is 0.00159.
[001035.31]  06-07 10:35  Diagnostics                  INFO     - max diag Gelman-Rubin - 1 at 1.0 sigmas is 0.0194.
[001035.33]  06-07 10:35  Diagnostics                  INFO     - max Geweke is 0.146.
[001035.33]  06-07 10:35  Diagnostics                  INFO     - Geweke p-value is 9.3e-05.
[001035.67]  06-07 10:35  Diagnostics                  INFO     - effective sample size = (130 iterations / integrated autocorrelation time) (reliable) is 137.
[001035.67]  06-07 10:35  Diagnostics                  INFO     - max variation of integrated autocorrelation time is 0.0355.
Saving PMC state to /global/cfs/cdirs/desi/users/shengyu/Y3/full-shape/redshift_errors/fits/cosmo-base_LRG3-z0.8-1.1-mean25-S2-97e7dbda/chain_0.pocomc.state
[001092.33]  06-07 10:36  Chain                        INFO     Saving /global/cfs/cdirs/desi/users/shengyu/Y3/full-shape/redshift_errors/fits/cosmo-base_LRG3-z0.8-1.1-mean25-S2-97e7dbda/chain_0.npy.
[001092.40]  06-07 10:36  PocoMCSampler                INFO     Diagnostics:
[001092.43]  06-07 10:36  Diagnostics                  INFO     - max eigen Gelman-Rubin - 1 is 0.00369; < 0.02.
[001092.45]  06-07 10:36  Diagnostics                  INFO     - max diag Gelman-Rubin - 1 is 0.000802.
[001092.54]  06-07 10:36  Diagnostics                  INFO     - max diag Gelman-Rubin - 1 at 1.0 sigmas is 0.0158.
[001092.56]  06-07 10:36  Diagnostics                  INFO     - max Geweke is 0.102.
[001092.56]  06-07 10:36  Diagnostics                  INFO     - Geweke p-value is 0.00235.
[001092.90]  06-07 10:36  Diagnostics                  INFO     - effective sample size = (140 iterations / integrated autocorrelation time) (reliable) is 148.
[001092.90]  06-07 10:36  Diagnostics                  INFO     - max variation of integrated autocorrelation time is 0.0215.
Saving PMC state to /global/cfs/cdirs/desi/users/shengyu/Y3/full-shape/redshift_errors/fits/cosmo-base_LRG3-z0.8-1.1-mean25-S2-97e7dbda/chain_0.pocomc.state
[001140.14]  06-07 10:36  Chain                        INFO     Saving /global/cfs/cdirs/desi/users/shengyu/Y3/full-shape/redshift_errors/fits/cosmo-base_LRG3-z0.8-1.1-mean25-S2-97e7dbda/chain_0.npy.
[001140.32]  06-07 10:36  PocoMCSampler                INFO     Diagnostics:
[001140.34]  06-07 10:36  Diagnostics                  INFO     - max eigen Gelman-Rubin - 1 is 0.00628; < 0.02.
[001140.36]  06-07 10:36  Diagnostics                  INFO     - max diag Gelman-Rubin - 1 is 0.000806.
[001140.45]  06-07 10:36  Diagnostics                  INFO     - max diag Gelman-Rubin - 1 at 1.0 sigmas is 0.016.
[001140.47]  06-07 10:36  Diagnostics                  INFO     - max Geweke is 0.13.
[001140.47]  06-07 10:36  Diagnostics                  INFO     - Geweke p-value is 1.61e-06.
[001140.82]  06-07 10:36  Diagnostics                  INFO     - effective sample size = (150 iterations / integrated autocorrelation time) (reliable) is 158.
[001140.82]  06-07 10:36  Diagnostics                  INFO     - max variation of integrated autocorrelation time is 0.0329.
Saving PMC state to /global/cfs/cdirs/desi/users/shengyu/Y3/full-shape/redshift_errors/fits/cosmo-base_LRG3-z0.8-1.1-mean25-S2-97e7dbda/chain_0.pocomc.state
[001185.94]  06-07 10:37  Chain                        INFO     Saving /global/cfs/cdirs/desi/users/shengyu/Y3/full-shape/redshift_errors/fits/cosmo-base_LRG3-z0.8-1.1-mean25-S2-97e7dbda/chain_0.npy.
[001186.03]  06-07 10:37  PocoMCSampler                INFO     Diagnostics:
[001186.05]  06-07 10:37  Diagnostics                  INFO     - max eigen Gelman-Rubin - 1 is 0.00858; < 0.02.
[001186.08]  06-07 10:37  Diagnostics                  INFO     - max diag Gelman-Rubin - 1 is 0.00118.
[001186.17]  06-07 10:37  Diagnostics                  INFO     - max diag Gelman-Rubin - 1 at 1.0 sigmas is 0.0117.
[001186.18]  06-07 10:37  Diagnostics                  INFO     - max Geweke is 0.105.
[001186.18]  06-07 10:37  Diagnostics                  INFO     - Geweke p-value is 0.138.
[001186.53]  06-07 10:37  Diagnostics                  INFO     - effective sample size = (160 iterations / integrated autocorrelation time) (reliable) is 170.
[001186.53]  06-07 10:37  Diagnostics                  INFO     - max variation of integrated autocorrelation time is 0.0161.
Saving PMC state to /global/cfs/cdirs/desi/users/shengyu/Y3/full-shape/redshift_errors/fits/cosmo-base_LRG3-z0.8-1.1-mean25-S2-97e7dbda/chain_0.pocomc.state
[001232.56]  06-07 10:38  Chain                        INFO     Saving /global/cfs/cdirs/desi/users/shengyu/Y3/full-shape/redshift_errors/fits/cosmo-base_LRG3-z0.8-1.1-mean25-S2-97e7dbda/chain_0.npy.
[001232.65]  06-07 10:38  PocoMCSampler                INFO     Diagnostics:
[001232.67]  06-07 10:38  Diagnostics                  INFO     - max eigen Gelman-Rubin - 1 is 0.00548; < 0.02.
[001232.70]  06-07 10:38  Diagnostics                  INFO     - max diag Gelman-Rubin - 1 is 0.00099.
[001232.79]  06-07 10:38  Diagnostics                  INFO     - max diag Gelman-Rubin - 1 at 1.0 sigmas is 0.0157.
[001232.81]  06-07 10:38  Diagnostics                  INFO     - max Geweke is 0.0706.
[001232.81]  06-07 10:38  Diagnostics                  INFO     - Geweke p-value is 0.236.
[001233.15]  06-07 10:38  Diagnostics                  INFO     - effective sample size = (170 iterations / integrated autocorrelation time) (reliable) is 179.
[001233.15]  06-07 10:38  Diagnostics                  INFO     - max variation of integrated autocorrelation time is 0.0241.
Saving PMC state to /global/cfs/cdirs/desi/users/shengyu/Y3/full-shape/redshift_errors/fits/cosmo-base_LRG3-z0.8-1.1-mean25-S2-97e7dbda/chain_0.pocomc.state
[001284.55]  06-07 10:39  Chain                        INFO     Saving /global/cfs/cdirs/desi/users/shengyu/Y3/full-shape/redshift_errors/fits/cosmo-base_LRG3-z0.8-1.1-mean25-S2-97e7dbda/chain_0.npy.
[001284.64]  06-07 10:39  PocoMCSampler                INFO     Diagnostics:
[001284.66]  06-07 10:39  Diagnostics                  INFO     - max eigen Gelman-Rubin - 1 is 0.00504; < 0.02.
[001284.69]  06-07 10:39  Diagnostics                  INFO     - max diag Gelman-Rubin - 1 is 0.00127.
[001284.78]  06-07 10:39  Diagnostics                  INFO     - max diag Gelman-Rubin - 1 at 1.0 sigmas is 0.0192.
[001284.80]  06-07 10:39  Diagnostics                  INFO     - max Geweke is 0.12.
[001284.80]  06-07 10:39  Diagnostics                  INFO     - Geweke p-value is 0.0202.
[001285.15]  06-07 10:39  Diagnostics                  INFO     - effective sample size = (180 iterations / integrated autocorrelation time) (reliable) is 185.
[001285.15]  06-07 10:39  Diagnostics                  INFO     - max variation of integrated autocorrelation time is 0.0378.
Saving PMC state to /global/cfs/cdirs/desi/users/shengyu/Y3/full-shape/redshift_errors/fits/cosmo-base_LRG3-z0.8-1.1-mean25-S2-97e7dbda/chain_0.pocomc.state
[001344.22]  06-07 10:40  Chain                        INFO     Saving /global/cfs/cdirs/desi/users/shengyu/Y3/full-shape/redshift_errors/fits/cosmo-base_LRG3-z0.8-1.1-mean25-S2-97e7dbda/chain_0.npy.
[001344.35]  06-07 10:40  PocoMCSampler                INFO     Diagnostics:
[001344.38]  06-07 10:40  Diagnostics                  INFO     - max eigen Gelman-Rubin - 1 is 0.00658; < 0.02.
[001344.40]  06-07 10:40  Diagnostics                  INFO     - max diag Gelman-Rubin - 1 is 0.00186.
[001344.49]  06-07 10:40  Diagnostics                  INFO     - max diag Gelman-Rubin - 1 at 1.0 sigmas is 0.00994.
[001344.51]  06-07 10:40  Diagnostics                  INFO     - max Geweke is 0.0947.
[001344.51]  06-07 10:40  Diagnostics                  INFO     - Geweke p-value is 0.0218.
[001344.86]  06-07 10:40  Diagnostics                  INFO     - effective sample size = (190 iterations / integrated autocorrelation time) (reliable) is 193.
[001344.86]  06-07 10:40  Diagnostics                  INFO     - max variation of integrated autocorrelation time is 0.0146.
Saving PMC state to /global/cfs/cdirs/desi/users/shengyu/Y3/full-shape/redshift_errors/fits/cosmo-base_LRG3-z0.8-1.1-mean25-S2-97e7dbda/chain_0.pocomc.state
[001392.82]  06-07 10:41  Chain                        INFO     Saving /global/cfs/cdirs/desi/users/shengyu/Y3/full-shape/redshift_errors/fits/cosmo-base_LRG3-z0.8-1.1-mean25-S2-97e7dbda/chain_0.npy.
[001392.90]  06-07 10:41  PocoMCSampler                INFO     Diagnostics:
[001392.93]  06-07 10:41  Diagnostics                  INFO     - max eigen Gelman-Rubin - 1 is 0.00747; < 0.02.
[001392.95]  06-07 10:41  Diagnostics                  INFO     - max diag Gelman-Rubin - 1 is 0.00368.
[001393.05]  06-07 10:41  Diagnostics                  INFO     - max diag Gelman-Rubin - 1 at 1.0 sigmas is 0.0143.
[001393.06]  06-07 10:41  Diagnostics                  INFO     - max Geweke is 0.0683.
[001393.06]  06-07 10:41  Diagnostics                  INFO     - Geweke p-value is 0.137.
[001393.41]  06-07 10:41  Diagnostics                  INFO     - effective sample size = (200 iterations / integrated autocorrelation time) (reliable) is 204.
[001393.41]  06-07 10:41  Diagnostics                  INFO     - max variation of integrated autocorrelation time is 0.0307.
