Activate fit_env (Python 3.12.13).
Node nid005912 running run_fits.py tracer=LRG1 zerr=None stats=mesh2 mockid=0-24
[000000.00]  06-07 04:38  compute_mesh                 INFO     Received arguments: Namespace(todos=['sample'], version='AbacusHF-v2', cov_version='holi-v3', domain='altmtl', tracers=['LRG1'], mockid='0-24', zerrs=['None'], fits_dir='/global/cfs/cdirs/desi/users/shengyu/Y3/full-shape/redshift_errors/fits', stats=['mesh2'], kmax='0.300-0.300-0.20-0.08', regions=['ALL'], theory_model='folpsD', prior_basis='physical_aap', cosmo_params='base', sampler='pocomc', nchains=1, resume=False)
[000023.72]  06-07 04:38  jax._src.xla_bridge          ERROR    Jax plugin configuration error: Exception when calling jax_plugins.xla_cuda12.initialize()
Traceback (most recent call last):
  File "/global/homes/s/shengyu/.conda/envs/fit_env/lib/python3.12/site-packages/jax/_src/xla_bridge.py", line 487, in discover_pjrt_plugins
    plugin_module.initialize()
  File "/global/homes/s/shengyu/.conda/envs/fit_env/lib/python3.12/site-packages/jax_plugins/xla_cuda12/__init__.py", line 370, in initialize
    _check_cuda_versions(raise_on_first_error = True)
  File "/global/homes/s/shengyu/.conda/envs/fit_env/lib/python3.12/site-packages/jax_plugins/xla_cuda12/__init__.py", line 274, in _check_cuda_versions
    for d in range(cuda_versions.cuda_device_count())
                   ^^^^^^^^^^^^^^^^^^^^^^^^^^^^^^^^^
RuntimeError: jaxlib/cuda/versions_helpers.cc:135: operation cuInit(0) failed: CUDA_ERROR_NO_DEVICE
[000023.70]  06-07 04:38  jax._src.xla_bridge          ERROR    Jax plugin configuration error: Exception when calling jax_plugins.xla_cuda12.initialize()
Traceback (most recent call last):
  File "/global/homes/s/shengyu/.conda/envs/fit_env/lib/python3.12/site-packages/jax/_src/xla_bridge.py", line 487, in discover_pjrt_plugins
    plugin_module.initialize()
  File "/global/homes/s/shengyu/.conda/envs/fit_env/lib/python3.12/site-packages/jax_plugins/xla_cuda12/__init__.py", line 370, in initialize
    _check_cuda_versions(raise_on_first_error = True)
  File "/global/homes/s/shengyu/.conda/envs/fit_env/lib/python3.12/site-packages/jax_plugins/xla_cuda12/__init__.py", line 274, in _check_cuda_versions
    for d in range(cuda_versions.cuda_device_count())
                   ^^^^^^^^^^^^^^^^^^^^^^^^^^^^^^^^^
RuntimeError: jaxlib/cuda/versions_helpers.cc:135: operation cuInit(0) failed: CUDA_ERROR_NO_DEVICE
[000023.72]  06-07 04:38  jax._src.xla_bridge          ERROR    Jax plugin configuration error: Exception when calling jax_plugins.xla_cuda12.initialize()
Traceback (most recent call last):
  File "/global/homes/s/shengyu/.conda/envs/fit_env/lib/python3.12/site-packages/jax/_src/xla_bridge.py", line 487, in discover_pjrt_plugins
    plugin_module.initialize()
  File "/global/homes/s/shengyu/.conda/envs/fit_env/lib/python3.12/site-packages/jax_plugins/xla_cuda12/__init__.py", line 370, in initialize
    _check_cuda_versions(raise_on_first_error = True)
  File "/global/homes/s/shengyu/.conda/envs/fit_env/lib/python3.12/site-packages/jax_plugins/xla_cuda12/__init__.py", line 274, in _check_cuda_versions
    for d in range(cuda_versions.cuda_device_count())
                   ^^^^^^^^^^^^^^^^^^^^^^^^^^^^^^^^^
RuntimeError: jaxlib/cuda/versions_helpers.cc:135: operation cuInit(0) failed: CUDA_ERROR_NO_DEVICE
[000023.68]  06-07 04:38  jax._src.xla_bridge          ERROR    Jax plugin configuration error: Exception when calling jax_plugins.xla_cuda12.initialize()
Traceback (most recent call last):
  File "/global/homes/s/shengyu/.conda/envs/fit_env/lib/python3.12/site-packages/jax/_src/xla_bridge.py", line 487, in discover_pjrt_plugins
    plugin_module.initialize()
  File "/global/homes/s/shengyu/.conda/envs/fit_env/lib/python3.12/site-packages/jax_plugins/xla_cuda12/__init__.py", line 370, in initialize
    _check_cuda_versions(raise_on_first_error = True)
  File "/global/homes/s/shengyu/.conda/envs/fit_env/lib/python3.12/site-packages/jax_plugins/xla_cuda12/__init__.py", line 274, in _check_cuda_versions
    for d in range(cuda_versions.cuda_device_count())
                   ^^^^^^^^^^^^^^^^^^^^^^^^^^^^^^^^^
RuntimeError: jaxlib/cuda/versions_helpers.cc:135: operation cuInit(0) failed: CUDA_ERROR_NO_DEVICE
[000023.75]  06-07 04:38  jax._src.xla_bridge          INFO     Unable to initialize backend 'tpu': INTERNAL: Failed to open libtpu.so: libtpu.so: cannot open shared object file: No such file or directory
[000023.76]  06-07 04:38  jax._src.xla_bridge          INFO     Unable to initialize backend 'tpu': INTERNAL: Failed to open libtpu.so: libtpu.so: cannot open shared object file: No such file or directory
[000023.75]  06-07 04:38  jax._src.xla_bridge          INFO     Unable to initialize backend 'tpu': INTERNAL: Failed to open libtpu.so: libtpu.so: cannot open shared object file: No such file or directory
[000023.74]  06-07 04:38  jax._src.xla_bridge          INFO     Unable to initialize backend 'tpu': INTERNAL: Failed to open libtpu.so: libtpu.so: cannot open shared object file: No such file or directory
[000038.20]  06-07 04:39  fit_tools                    INFO     Reading cached stats /global/cfs/cdirs/desi/users/shengyu/Y3/full-shape/redshift_errors/fits/_cache/prepared_stats/data_LRG1-z0.4-0.6-mean25-S2-aaf07840.h5.
[000038.26]  06-07 04:39  fit_tools                    INFO     Reading cached stats /global/cfs/cdirs/desi/users/shengyu/Y3/full-shape/redshift_errors/fits/_cache/prepared_stats/window_LRG1-z0.4-0.6-mean25-S2-aaf07840.h5.
[000038.35]  06-07 04:39  fit_tools                    INFO     Reading cached stats /global/cfs/cdirs/desi/users/shengyu/Y3/full-shape/redshift_errors/fits/_cache/prepared_stats/covariance_LRG1-z0.4-0.6-mean25-S2+cov-mock-holi-v3-847e1bac.h5.
[000038.42]  06-07 04:39  fit_tools                    WARNING  No redshift found in data attributes; read z=0.510 from the mesh2 window.
[000038.40]  06-07 04:39  fit_tools                    WARNING  No redshift found in data attributes; read z=0.510 from the mesh2 window.
[000038.42]  06-07 04:39  fit_tools                    WARNING  No redshift found in data attributes; read z=0.510 from the mesh2 window.
[000038.38]  06-07 04:39  fit_tools                    WARNING  No redshift found in data attributes; read z=0.510 from the mesh2 window.
⚠️ No GPU found. Using JAX with CPU.
⚠️ No GPU found. Using JAX with CPU.
⚠️ No GPU found. Using JAX with CPU.
⚠️ No GPU found. Using JAX with CPU.
Calculating matrices (no save path specified)
Calculating matrices (no save path specified)
Calculating matrices (no save path specified)
Calculating matrices (no save path specified)
/global/homes/s/shengyu/.conda/envs/fit_env/lib/python3.12/site-packages/cosmoprimo/eisenstein_hu.py:25: UserWarning: EisensteinHuNoWiggleEngine cannot cope with massive neutrinos
  warnings.warn('{} cannot cope with massive neutrinos'.format(self.__class__.__name__))
/global/homes/s/shengyu/.conda/envs/fit_env/lib/python3.12/site-packages/cosmoprimo/eisenstein_hu.py:25: UserWarning: EisensteinHuNoWiggleEngine cannot cope with massive neutrinos
  warnings.warn('{} cannot cope with massive neutrinos'.format(self.__class__.__name__))
/global/homes/s/shengyu/.conda/envs/fit_env/lib/python3.12/site-packages/cosmoprimo/eisenstein_hu.py:25: UserWarning: EisensteinHuNoWiggleEngine cannot cope with massive neutrinos
  warnings.warn('{} cannot cope with massive neutrinos'.format(self.__class__.__name__))
/global/homes/s/shengyu/.conda/envs/fit_env/lib/python3.12/site-packages/cosmoprimo/eisenstein_hu.py:25: UserWarning: EisensteinHuNoWiggleEngine cannot cope with massive neutrinos
  warnings.warn('{} cannot cope with massive neutrinos'.format(self.__class__.__name__))
Calculating matrices (no save path specified)
Calculating matrices (no save path specified)
Calculating matrices (no save path specified)
Calculating matrices (no save path specified)
[000047.56]  06-07 04:39  fit_tools                    INFO     Fitting emulator /global/cfs/cdirs/desi/users/shengyu/Y3/full-shape/redshift_errors/fits/_cache/emulator_cosmo-base_taylor/emulator_LRG1-z0.4-0.6-mean25-S2-ell0-k0.02-0.30-0.005-ell2-k0.02-0.30-0.005-th-folpsD_861119db.npy
[000047.55]  06-07 04:39  fit_tools                    INFO     Fitting emulator /global/cfs/cdirs/desi/users/shengyu/Y3/full-shape/redshift_errors/fits/_cache/emulator_cosmo-base_taylor/emulator_LRG1-z0.4-0.6-mean25-S2-ell0-k0.02-0.30-0.005-ell2-k0.02-0.30-0.005-th-folpsD_861119db.npy
[000047.58]  06-07 04:39  fit_tools                    INFO     Fitting emulator /global/cfs/cdirs/desi/users/shengyu/Y3/full-shape/redshift_errors/fits/_cache/emulator_cosmo-base_taylor/emulator_LRG1-z0.4-0.6-mean25-S2-ell0-k0.02-0.30-0.005-ell2-k0.02-0.30-0.005-th-folpsD_861119db.npy
[000047.58]  06-07 04:39  fit_tools                    INFO     Fitting emulator /global/cfs/cdirs/desi/users/shengyu/Y3/full-shape/redshift_errors/fits/_cache/emulator_cosmo-base_taylor/emulator_LRG1-z0.4-0.6-mean25-S2-ell0-k0.02-0.30-0.005-ell2-k0.02-0.30-0.005-th-folpsD_861119db.npy
Calculating matrices (no save path specified)
Calculating matrices (no save path specified)
Calculating matrices (no save path specified)
Calculating matrices (no save path specified)
[000051.34]  06-07 04:39  Emulator                     INFO     Varied parameters: ['h', 'omega_cdm', 'omega_b', 'logA', 'n_s'].
[000051.34]  06-07 04:39  Emulator                     INFO     Found varying ['H0', 'Omega_m', 'sigma8_m', 'sigma8', 'fsigma8', 'pt-jac', 'pt-kap', 'pt-muap', 'pt-table', 'pt-table_now', 'pt-scalars', 'pt-scalars_now', 'pt-qpar', 'pt-qper', 'pt-f', 'pt-f0', 'pt-pklir'] and fixed ['k', 'z', 'ells', 'wmu', 'kt', 'pt-A_full', 'pt-remove_DeltaP'] outputs.
[000051.66]  06-07 04:39  Differentiation              INFO     Varied parameters: ['h', 'omega_cdm', 'omega_b', 'logA', 'n_s'].
[000053.02]  06-07 04:39  Differentiation              INFO     h grid is [0.6136 0.6436 0.6736 0.7036 0.7336].
[000053.02]  06-07 04:39  Differentiation              INFO     omega_cdm grid is [0.106 0.113 0.12  0.127 0.134].
[000053.02]  06-07 04:39  Differentiation              INFO     omega_b grid is [0.01937 0.02087 0.02237 0.02387 0.02537].
[000053.02]  06-07 04:39  Differentiation              INFO     logA grid is [2.93639426 2.98639426 3.03639426 3.08639426 3.13639426].
[000053.02]  06-07 04:39  Differentiation              INFO     n_s grid is [0.9549 0.9599 0.9649 0.9699 0.9749].
[000053.03]  06-07 04:39  Differentiation              INFO     Differentiation will evaluate 141 points.
[000067.36]  06-07 04:39  Emulator                     INFO     Fitting H0.
[000067.39]  06-07 04:39  Emulator                     INFO     Fitting Omega_m.
[000067.41]  06-07 04:39  Emulator                     INFO     Fitting sigma8_m.
[000067.44]  06-07 04:39  Emulator                     INFO     Fitting sigma8.
[000067.46]  06-07 04:39  Emulator                     INFO     Fitting fsigma8.
[000067.49]  06-07 04:39  Emulator                     INFO     Fitting pt-jac.
[000067.51]  06-07 04:39  Emulator                     INFO     Fitting pt-kap.
[000067.54]  06-07 04:39  Emulator                     INFO     Fitting pt-muap.
[000067.56]  06-07 04:39  Emulator                     INFO     Fitting pt-table.
[000067.59]  06-07 04:39  Emulator                     INFO     Fitting pt-table_now.
[000067.61]  06-07 04:39  Emulator                     INFO     Fitting pt-scalars.
[000067.64]  06-07 04:39  Emulator                     INFO     Fitting pt-scalars_now.
[000067.66]  06-07 04:39  Emulator                     INFO     Fitting pt-qpar.
[000067.69]  06-07 04:39  Emulator                     INFO     Fitting pt-qper.
[000067.71]  06-07 04:39  Emulator                     INFO     Fitting pt-f.
[000067.74]  06-07 04:39  Emulator                     INFO     Fitting pt-f0.
[000067.76]  06-07 04:39  Emulator                     INFO     Fitting pt-pklir.
[000068.17]  06-07 04:39  Emulator                     INFO     Saving /global/cfs/cdirs/desi/users/shengyu/Y3/full-shape/redshift_errors/fits/_cache/emulator_cosmo-base_taylor/emulator_LRG1-z0.4-0.6-mean25-S2-ell0-k0.02-0.30-0.005-ell2-k0.02-0.30-0.005-th-folpsD_861119db.npy.
[000068.22]  06-07 04:39  BaseConfig                   INFO     Saving /global/cfs/cdirs/desi/users/shengyu/Y3/full-shape/redshift_errors/fits/_cache/emulator_cosmo-base_taylor/emulator_LRG1-z0.4-0.6-mean25-S2-ell0-k0.02-0.30-0.005-ell2-k0.02-0.30-0.005-th-folpsD_861119db.yaml.
[000068.41]  06-07 04:39  PocoMCSampler                INFO     Varied parameters: ['h', 'omega_cdm', 'omega_b', 'logA', 'n_s', 'LRG1.b1p', 'LRG1.b2p', 'LRG1.bsp', 'LRG1.X_FoG_pp'].
[None]
[000129.26]  06-07 04:40  PocoMCSampler                INFO     Successfully vmap input likelihood.
[000133.13]  06-07 04:40  PocoMCSampler                INFO     Successfully jit input likelihood.
Saving PMC state to /global/cfs/cdirs/desi/users/shengyu/Y3/full-shape/redshift_errors/fits/cosmo-base_LRG1-z0.4-0.6-mean25-S2-863970d7/chain_0.pocomc.state
[000201.34]  06-07 04:41  Chain                        INFO     Saving /global/cfs/cdirs/desi/users/shengyu/Y3/full-shape/redshift_errors/fits/cosmo-base_LRG1-z0.4-0.6-mean25-S2-863970d7/chain_0.npy.
[000201.60]  06-07 04:41  PocoMCSampler                INFO     Diagnostics:
[000201.63]  06-07 04:41  Diagnostics                  INFO     - max eigen Gelman-Rubin - 1 is 0.255; not < 0.02.
[000201.65]  06-07 04:41  Diagnostics                  INFO     - max diag Gelman-Rubin - 1 is 0.165.
[000201.78]  06-07 04:41  Diagnostics                  INFO     - max diag Gelman-Rubin - 1 at 1.0 sigmas is 0.373.
[000201.79]  06-07 04:41  Diagnostics                  INFO     - max Geweke is 0.51.
[000201.79]  06-07 04:41  Diagnostics                  INFO     - Geweke p-value is 0.00427.
[000202.12]  06-07 04:41  Diagnostics                  INFO     - effective sample size = (10 iterations / integrated autocorrelation time) is 12.8.
Saving PMC state to /global/cfs/cdirs/desi/users/shengyu/Y3/full-shape/redshift_errors/fits/cosmo-base_LRG1-z0.4-0.6-mean25-S2-863970d7/chain_0.pocomc.state
[000233.20]  06-07 04:42  Chain                        INFO     Saving /global/cfs/cdirs/desi/users/shengyu/Y3/full-shape/redshift_errors/fits/cosmo-base_LRG1-z0.4-0.6-mean25-S2-863970d7/chain_0.npy.
[000233.27]  06-07 04:42  PocoMCSampler                INFO     Diagnostics:
[000233.30]  06-07 04:42  Diagnostics                  INFO     - max eigen Gelman-Rubin - 1 is 0.351; not < 0.02.
[000233.32]  06-07 04:42  Diagnostics                  INFO     - max diag Gelman-Rubin - 1 is 0.185.
[000233.53]  06-07 04:42  Diagnostics                  INFO     - max diag Gelman-Rubin - 1 at 1.0 sigmas is 0.295.
[000233.54]  06-07 04:42  Diagnostics                  INFO     - max Geweke is 0.213.
[000233.55]  06-07 04:42  Diagnostics                  INFO     - Geweke p-value is 0.124.
[000233.87]  06-07 04:42  Diagnostics                  INFO     - effective sample size = (20 iterations / integrated autocorrelation time) is 16.9.
[000233.87]  06-07 04:42  Diagnostics                  INFO     - max variation of integrated autocorrelation time is 0.603.
Saving PMC state to /global/cfs/cdirs/desi/users/shengyu/Y3/full-shape/redshift_errors/fits/cosmo-base_LRG1-z0.4-0.6-mean25-S2-863970d7/chain_0.pocomc.state
[000269.35]  06-07 04:43  Chain                        INFO     Saving /global/cfs/cdirs/desi/users/shengyu/Y3/full-shape/redshift_errors/fits/cosmo-base_LRG1-z0.4-0.6-mean25-S2-863970d7/chain_0.npy.
[000269.42]  06-07 04:43  PocoMCSampler                INFO     Diagnostics:
[000269.45]  06-07 04:43  Diagnostics                  INFO     - max eigen Gelman-Rubin - 1 is 0.224; not < 0.02.
[000269.47]  06-07 04:43  Diagnostics                  INFO     - max diag Gelman-Rubin - 1 is 0.179.
[000269.74]  06-07 04:43  Diagnostics                  INFO     - max diag Gelman-Rubin - 1 at 1.0 sigmas is 0.566.
[000269.75]  06-07 04:43  Diagnostics                  INFO     - max Geweke is 0.347.
[000269.75]  06-07 04:43  Diagnostics                  INFO     - Geweke p-value is 0.00195.
[000270.09]  06-07 04:43  Diagnostics                  INFO     - effective sample size = (30 iterations / integrated autocorrelation time) is 19.3.
[000270.09]  06-07 04:43  Diagnostics                  INFO     - max variation of integrated autocorrelation time is 0.246.
Saving PMC state to /global/cfs/cdirs/desi/users/shengyu/Y3/full-shape/redshift_errors/fits/cosmo-base_LRG1-z0.4-0.6-mean25-S2-863970d7/chain_0.pocomc.state
[000308.45]  06-07 04:43  Chain                        INFO     Saving /global/cfs/cdirs/desi/users/shengyu/Y3/full-shape/redshift_errors/fits/cosmo-base_LRG1-z0.4-0.6-mean25-S2-863970d7/chain_0.npy.
[000308.54]  06-07 04:43  PocoMCSampler                INFO     Diagnostics:
[000308.57]  06-07 04:43  Diagnostics                  INFO     - max eigen Gelman-Rubin - 1 is 0.719; not < 0.02.
[000308.59]  06-07 04:43  Diagnostics                  INFO     - max diag Gelman-Rubin - 1 is 0.473.
[000308.73]  06-07 04:43  Diagnostics                  INFO     - max diag Gelman-Rubin - 1 at 1.0 sigmas is 1.57.
[000308.75]  06-07 04:43  Diagnostics                  INFO     - max Geweke is 0.473.
[000308.75]  06-07 04:43  Diagnostics                  INFO     - Geweke p-value is 1.84e-05.
[000309.09]  06-07 04:43  Diagnostics                  INFO     - effective sample size = (40 iterations / integrated autocorrelation time) is 12.1.
[000309.09]  06-07 04:43  Diagnostics                  INFO     - max variation of integrated autocorrelation time is 0.531.
Saving PMC state to /global/cfs/cdirs/desi/users/shengyu/Y3/full-shape/redshift_errors/fits/cosmo-base_LRG1-z0.4-0.6-mean25-S2-863970d7/chain_0.pocomc.state
[000348.66]  06-07 04:44  Chain                        INFO     Saving /global/cfs/cdirs/desi/users/shengyu/Y3/full-shape/redshift_errors/fits/cosmo-base_LRG1-z0.4-0.6-mean25-S2-863970d7/chain_0.npy.
[000348.77]  06-07 04:44  PocoMCSampler                INFO     Diagnostics:
[000348.79]  06-07 04:44  Diagnostics                  INFO     - max eigen Gelman-Rubin - 1 is 1.19; not < 0.02.
[000348.81]  06-07 04:44  Diagnostics                  INFO     - max diag Gelman-Rubin - 1 is 0.663.
[000348.97]  06-07 04:44  Diagnostics                  INFO     - max diag Gelman-Rubin - 1 at 1.0 sigmas is 1.45.
[000348.99]  06-07 04:44  Diagnostics                  INFO     - max Geweke is 0.517.
[000348.99]  06-07 04:44  Diagnostics                  INFO     - Geweke p-value is 0.00316.
[000349.32]  06-07 04:44  Diagnostics                  INFO     - effective sample size = (50 iterations / integrated autocorrelation time) is 10.1.
[000349.32]  06-07 04:44  Diagnostics                  INFO     - max variation of integrated autocorrelation time is 0.584.
Saving PMC state to /global/cfs/cdirs/desi/users/shengyu/Y3/full-shape/redshift_errors/fits/cosmo-base_LRG1-z0.4-0.6-mean25-S2-863970d7/chain_0.pocomc.state
[000386.75]  06-07 04:45  Chain                        INFO     Saving /global/cfs/cdirs/desi/users/shengyu/Y3/full-shape/redshift_errors/fits/cosmo-base_LRG1-z0.4-0.6-mean25-S2-863970d7/chain_0.npy.
[000386.84]  06-07 04:45  PocoMCSampler                INFO     Diagnostics:
[000386.87]  06-07 04:45  Diagnostics                  INFO     - max eigen Gelman-Rubin - 1 is 1.6; not < 0.02.
[000386.89]  06-07 04:45  Diagnostics                  INFO     - max diag Gelman-Rubin - 1 is 0.916.
[000386.97]  06-07 04:45  Diagnostics                  INFO     - max diag Gelman-Rubin - 1 at 1.0 sigmas is 2.08.
[000386.99]  06-07 04:45  Diagnostics                  INFO     - max Geweke is 0.438.
[000386.99]  06-07 04:45  Diagnostics                  INFO     - Geweke p-value is 0.00155.
[000387.33]  06-07 04:45  Diagnostics                  INFO     - effective sample size = (60 iterations / integrated autocorrelation time) is 9.96.
[000387.33]  06-07 04:45  Diagnostics                  INFO     - max variation of integrated autocorrelation time is 0.419.
Saving PMC state to /global/cfs/cdirs/desi/users/shengyu/Y3/full-shape/redshift_errors/fits/cosmo-base_LRG1-z0.4-0.6-mean25-S2-863970d7/chain_0.pocomc.state
[000440.81]  06-07 04:45  Chain                        INFO     Saving /global/cfs/cdirs/desi/users/shengyu/Y3/full-shape/redshift_errors/fits/cosmo-base_LRG1-z0.4-0.6-mean25-S2-863970d7/chain_0.npy.
[000440.86]  06-07 04:45  PocoMCSampler                INFO     Diagnostics:
[000440.89]  06-07 04:45  Diagnostics                  INFO     - max eigen Gelman-Rubin - 1 is 0.938; not < 0.02.
[000440.91]  06-07 04:45  Diagnostics                  INFO     - max diag Gelman-Rubin - 1 is 0.57.
[000440.99]  06-07 04:45  Diagnostics                  INFO     - max diag Gelman-Rubin - 1 at 1.0 sigmas is 0.924.
[000441.01]  06-07 04:45  Diagnostics                  INFO     - max Geweke is 0.597.
[000441.01]  06-07 04:45  Diagnostics                  INFO     - Geweke p-value is 6.84e-05.
[000441.35]  06-07 04:45  Diagnostics                  INFO     - effective sample size = (70 iterations / integrated autocorrelation time) is 11.8.
[000441.35]  06-07 04:45  Diagnostics                  INFO     - max variation of integrated autocorrelation time is 0.396.
Saving PMC state to /global/cfs/cdirs/desi/users/shengyu/Y3/full-shape/redshift_errors/fits/cosmo-base_LRG1-z0.4-0.6-mean25-S2-863970d7/chain_0.pocomc.state
[000495.08]  06-07 04:46  Chain                        INFO     Saving /global/cfs/cdirs/desi/users/shengyu/Y3/full-shape/redshift_errors/fits/cosmo-base_LRG1-z0.4-0.6-mean25-S2-863970d7/chain_0.npy.
[000495.17]  06-07 04:46  PocoMCSampler                INFO     Diagnostics:
[000495.20]  06-07 04:46  Diagnostics                  INFO     - max eigen Gelman-Rubin - 1 is 0.641; not < 0.02.
[000495.22]  06-07 04:46  Diagnostics                  INFO     - max diag Gelman-Rubin - 1 is 0.304.
[000495.30]  06-07 04:46  Diagnostics                  INFO     - max diag Gelman-Rubin - 1 at 1.0 sigmas is 0.713.
[000495.32]  06-07 04:46  Diagnostics                  INFO     - max Geweke is 0.408.
[000495.32]  06-07 04:46  Diagnostics                  INFO     - Geweke p-value is 6.12e-07.
[000495.66]  06-07 04:46  Diagnostics                  INFO     - effective sample size = (80 iterations / integrated autocorrelation time) is 21.
[000495.66]  06-07 04:46  Diagnostics                  INFO     - max variation of integrated autocorrelation time is 0.615.
Saving PMC state to /global/cfs/cdirs/desi/users/shengyu/Y3/full-shape/redshift_errors/fits/cosmo-base_LRG1-z0.4-0.6-mean25-S2-863970d7/chain_0.pocomc.state
[000548.15]  06-07 04:47  Chain                        INFO     Saving /global/cfs/cdirs/desi/users/shengyu/Y3/full-shape/redshift_errors/fits/cosmo-base_LRG1-z0.4-0.6-mean25-S2-863970d7/chain_0.npy.
[000548.23]  06-07 04:47  PocoMCSampler                INFO     Diagnostics:
[000548.25]  06-07 04:47  Diagnostics                  INFO     - max eigen Gelman-Rubin - 1 is 0.344; not < 0.02.
[000548.28]  06-07 04:47  Diagnostics                  INFO     - max diag Gelman-Rubin - 1 is 0.08.
[000548.36]  06-07 04:47  Diagnostics                  INFO     - max diag Gelman-Rubin - 1 at 1.0 sigmas is 0.284.
[000548.38]  06-07 04:47  Diagnostics                  INFO     - max Geweke is 0.448.
[000548.38]  06-07 04:47  Diagnostics                  INFO     - Geweke p-value is 4.99e-09.
[000548.71]  06-07 04:47  Diagnostics                  INFO     - effective sample size = (90 iterations / integrated autocorrelation time) (reliable) is 64.5.
[000548.71]  06-07 04:47  Diagnostics                  INFO     - max variation of integrated autocorrelation time is 1.73.
Saving PMC state to /global/cfs/cdirs/desi/users/shengyu/Y3/full-shape/redshift_errors/fits/cosmo-base_LRG1-z0.4-0.6-mean25-S2-863970d7/chain_0.pocomc.state
[000601.94]  06-07 04:48  Chain                        INFO     Saving /global/cfs/cdirs/desi/users/shengyu/Y3/full-shape/redshift_errors/fits/cosmo-base_LRG1-z0.4-0.6-mean25-S2-863970d7/chain_0.npy.
[000602.02]  06-07 04:48  PocoMCSampler                INFO     Diagnostics:
[000602.04]  06-07 04:48  Diagnostics                  INFO     - max eigen Gelman-Rubin - 1 is 0.0828; not < 0.02.
[000602.06]  06-07 04:48  Diagnostics                  INFO     - max diag Gelman-Rubin - 1 is 0.0207.
[000602.15]  06-07 04:48  Diagnostics                  INFO     - max diag Gelman-Rubin - 1 at 1.0 sigmas is 0.0752.
[000602.17]  06-07 04:48  Diagnostics                  INFO     - max Geweke is 0.215.
[000602.17]  06-07 04:48  Diagnostics                  INFO     - Geweke p-value is 0.000401.
[000602.51]  06-07 04:48  Diagnostics                  INFO     - effective sample size = (100 iterations / integrated autocorrelation time) (reliable) is 98.3.
[000602.51]  06-07 04:48  Diagnostics                  INFO     - max variation of integrated autocorrelation time is 0.455.
Saving PMC state to /global/cfs/cdirs/desi/users/shengyu/Y3/full-shape/redshift_errors/fits/cosmo-base_LRG1-z0.4-0.6-mean25-S2-863970d7/chain_0.pocomc.state
[000651.28]  06-07 04:49  Chain                        INFO     Saving /global/cfs/cdirs/desi/users/shengyu/Y3/full-shape/redshift_errors/fits/cosmo-base_LRG1-z0.4-0.6-mean25-S2-863970d7/chain_0.npy.
[000651.34]  06-07 04:49  PocoMCSampler                INFO     Diagnostics:
[000651.37]  06-07 04:49  Diagnostics                  INFO     - max eigen Gelman-Rubin - 1 is 0.0151; < 0.02.
[000651.39]  06-07 04:49  Diagnostics                  INFO     - max diag Gelman-Rubin - 1 is 0.0119.
[000651.48]  06-07 04:49  Diagnostics                  INFO     - max diag Gelman-Rubin - 1 at 1.0 sigmas is 0.037.
[000651.49]  06-07 04:49  Diagnostics                  INFO     - max Geweke is 0.171.
[000651.49]  06-07 04:49  Diagnostics                  INFO     - Geweke p-value is 0.000906.
[000651.83]  06-07 04:49  Diagnostics                  INFO     - effective sample size = (110 iterations / integrated autocorrelation time) (reliable) is 116.
[000651.83]  06-07 04:49  Diagnostics                  INFO     - max variation of integrated autocorrelation time is 0.109.
Saving PMC state to /global/cfs/cdirs/desi/users/shengyu/Y3/full-shape/redshift_errors/fits/cosmo-base_LRG1-z0.4-0.6-mean25-S2-863970d7/chain_0.pocomc.state
[000698.78]  06-07 04:50  Chain                        INFO     Saving /global/cfs/cdirs/desi/users/shengyu/Y3/full-shape/redshift_errors/fits/cosmo-base_LRG1-z0.4-0.6-mean25-S2-863970d7/chain_0.npy.
[000698.85]  06-07 04:50  PocoMCSampler                INFO     Diagnostics:
[000698.87]  06-07 04:50  Diagnostics                  INFO     - max eigen Gelman-Rubin - 1 is 0.0102; < 0.02.
[000698.90]  06-07 04:50  Diagnostics                  INFO     - max diag Gelman-Rubin - 1 is 0.00622.
[000698.98]  06-07 04:50  Diagnostics                  INFO     - max diag Gelman-Rubin - 1 at 1.0 sigmas is 0.0235.
[000699.00]  06-07 04:50  Diagnostics                  INFO     - max Geweke is 0.115.
[000699.00]  06-07 04:50  Diagnostics                  INFO     - Geweke p-value is 0.000445.
[000699.34]  06-07 04:50  Diagnostics                  INFO     - effective sample size = (120 iterations / integrated autocorrelation time) (reliable) is 125.
[000699.34]  06-07 04:50  Diagnostics                  INFO     - max variation of integrated autocorrelation time is 0.0531.
Saving PMC state to /global/cfs/cdirs/desi/users/shengyu/Y3/full-shape/redshift_errors/fits/cosmo-base_LRG1-z0.4-0.6-mean25-S2-863970d7/chain_0.pocomc.state
[000749.32]  06-07 04:51  Chain                        INFO     Saving /global/cfs/cdirs/desi/users/shengyu/Y3/full-shape/redshift_errors/fits/cosmo-base_LRG1-z0.4-0.6-mean25-S2-863970d7/chain_0.npy.
[000749.39]  06-07 04:51  PocoMCSampler                INFO     Diagnostics:
[000749.41]  06-07 04:51  Diagnostics                  INFO     - max eigen Gelman-Rubin - 1 is 0.0057; < 0.02.
[000749.43]  06-07 04:51  Diagnostics                  INFO     - max diag Gelman-Rubin - 1 is 0.00177.
[000749.52]  06-07 04:51  Diagnostics                  INFO     - max diag Gelman-Rubin - 1 at 1.0 sigmas is 0.0138.
[000749.54]  06-07 04:51  Diagnostics                  INFO     - max Geweke is 0.135.
[000749.54]  06-07 04:51  Diagnostics                  INFO     - Geweke p-value is 1.63e-06.
[000749.89]  06-07 04:51  Diagnostics                  INFO     - effective sample size = (130 iterations / integrated autocorrelation time) (reliable) is 133.
[000749.89]  06-07 04:51  Diagnostics                  INFO     - max variation of integrated autocorrelation time is 0.0227.
Saving PMC state to /global/cfs/cdirs/desi/users/shengyu/Y3/full-shape/redshift_errors/fits/cosmo-base_LRG1-z0.4-0.6-mean25-S2-863970d7/chain_0.pocomc.state
[000801.44]  06-07 04:51  Chain                        INFO     Saving /global/cfs/cdirs/desi/users/shengyu/Y3/full-shape/redshift_errors/fits/cosmo-base_LRG1-z0.4-0.6-mean25-S2-863970d7/chain_0.npy.
[000801.49]  06-07 04:51  PocoMCSampler                INFO     Diagnostics:
[000801.52]  06-07 04:51  Diagnostics                  INFO     - max eigen Gelman-Rubin - 1 is 0.00421; < 0.02.
[000801.54]  06-07 04:51  Diagnostics                  INFO     - max diag Gelman-Rubin - 1 is 0.00112.
[000801.63]  06-07 04:51  Diagnostics                  INFO     - max diag Gelman-Rubin - 1 at 1.0 sigmas is 0.0137.
[000801.65]  06-07 04:51  Diagnostics                  INFO     - max Geweke is 0.0717.
[000801.65]  06-07 04:51  Diagnostics                  INFO     - Geweke p-value is 0.464.
[000802.00]  06-07 04:51  Diagnostics                  INFO     - effective sample size = (140 iterations / integrated autocorrelation time) (reliable) is 145.
[000802.00]  06-07 04:51  Diagnostics                  INFO     - max variation of integrated autocorrelation time is 0.0126.
Saving PMC state to /global/cfs/cdirs/desi/users/shengyu/Y3/full-shape/redshift_errors/fits/cosmo-base_LRG1-z0.4-0.6-mean25-S2-863970d7/chain_0.pocomc.state
[000850.29]  06-07 04:52  Chain                        INFO     Saving /global/cfs/cdirs/desi/users/shengyu/Y3/full-shape/redshift_errors/fits/cosmo-base_LRG1-z0.4-0.6-mean25-S2-863970d7/chain_0.npy.
[000850.37]  06-07 04:52  PocoMCSampler                INFO     Diagnostics:
[000850.39]  06-07 04:52  Diagnostics                  INFO     - max eigen Gelman-Rubin - 1 is 0.00735; < 0.02.
[000850.42]  06-07 04:52  Diagnostics                  INFO     - max diag Gelman-Rubin - 1 is 0.000746.
[000850.51]  06-07 04:52  Diagnostics                  INFO     - max diag Gelman-Rubin - 1 at 1.0 sigmas is 0.00957.
[000850.52]  06-07 04:52  Diagnostics                  INFO     - max Geweke is 0.137.
[000850.53]  06-07 04:52  Diagnostics                  INFO     - Geweke p-value is 0.000491.
[000850.87]  06-07 04:52  Diagnostics                  INFO     - effective sample size = (150 iterations / integrated autocorrelation time) (reliable) is 154.
[000850.87]  06-07 04:52  Diagnostics                  INFO     - max variation of integrated autocorrelation time is 0.0183.
Saving PMC state to /global/cfs/cdirs/desi/users/shengyu/Y3/full-shape/redshift_errors/fits/cosmo-base_LRG1-z0.4-0.6-mean25-S2-863970d7/chain_0.pocomc.state
[000896.15]  06-07 04:53  Chain                        INFO     Saving /global/cfs/cdirs/desi/users/shengyu/Y3/full-shape/redshift_errors/fits/cosmo-base_LRG1-z0.4-0.6-mean25-S2-863970d7/chain_0.npy.
[000896.22]  06-07 04:53  PocoMCSampler                INFO     Diagnostics:
[000896.25]  06-07 04:53  Diagnostics                  INFO     - max eigen Gelman-Rubin - 1 is 0.0134; < 0.02.
[000896.27]  06-07 04:53  Diagnostics                  INFO     - max diag Gelman-Rubin - 1 is 0.00336.
[000896.36]  06-07 04:53  Diagnostics                  INFO     - max diag Gelman-Rubin - 1 at 1.0 sigmas is 0.019.
[000896.38]  06-07 04:53  Diagnostics                  INFO     - max Geweke is 0.0905.
[000896.38]  06-07 04:53  Diagnostics                  INFO     - Geweke p-value is 0.142.
[000896.72]  06-07 04:53  Diagnostics                  INFO     - effective sample size = (160 iterations / integrated autocorrelation time) (reliable) is 164.
[000896.73]  06-07 04:53  Diagnostics                  INFO     - max variation of integrated autocorrelation time is 0.0459.
Saving PMC state to /global/cfs/cdirs/desi/users/shengyu/Y3/full-shape/redshift_errors/fits/cosmo-base_LRG1-z0.4-0.6-mean25-S2-863970d7/chain_0.pocomc.state
[000944.26]  06-07 04:54  Chain                        INFO     Saving /global/cfs/cdirs/desi/users/shengyu/Y3/full-shape/redshift_errors/fits/cosmo-base_LRG1-z0.4-0.6-mean25-S2-863970d7/chain_0.npy.
[000944.32]  06-07 04:54  PocoMCSampler                INFO     Diagnostics:
[000944.35]  06-07 04:54  Diagnostics                  INFO     - max eigen Gelman-Rubin - 1 is 0.0154; < 0.02.
[000944.37]  06-07 04:54  Diagnostics                  INFO     - max diag Gelman-Rubin - 1 is 0.0022.
[000944.47]  06-07 04:54  Diagnostics                  INFO     - max diag Gelman-Rubin - 1 at 1.0 sigmas is 0.016.
[000944.48]  06-07 04:54  Diagnostics                  INFO     - max Geweke is 0.108.
[000944.48]  06-07 04:54  Diagnostics                  INFO     - Geweke p-value is 0.00524.
[000944.83]  06-07 04:54  Diagnostics                  INFO     - effective sample size = (170 iterations / integrated autocorrelation time) (reliable) is 175.
[000944.83]  06-07 04:54  Diagnostics                  INFO     - max variation of integrated autocorrelation time is 0.0323.
Saving PMC state to /global/cfs/cdirs/desi/users/shengyu/Y3/full-shape/redshift_errors/fits/cosmo-base_LRG1-z0.4-0.6-mean25-S2-863970d7/chain_0.pocomc.state
[000995.13]  06-07 04:55  Chain                        INFO     Saving /global/cfs/cdirs/desi/users/shengyu/Y3/full-shape/redshift_errors/fits/cosmo-base_LRG1-z0.4-0.6-mean25-S2-863970d7/chain_0.npy.
[000995.20]  06-07 04:55  PocoMCSampler                INFO     Diagnostics:
[000995.22]  06-07 04:55  Diagnostics                  INFO     - max eigen Gelman-Rubin - 1 is 0.0115; < 0.02.
[000995.25]  06-07 04:55  Diagnostics                  INFO     - max diag Gelman-Rubin - 1 is 0.00216.
[000995.34]  06-07 04:55  Diagnostics                  INFO     - max diag Gelman-Rubin - 1 at 1.0 sigmas is 0.0093.
[000995.36]  06-07 04:55  Diagnostics                  INFO     - max Geweke is 0.105.
[000995.36]  06-07 04:55  Diagnostics                  INFO     - Geweke p-value is 0.0115.
[000995.71]  06-07 04:55  Diagnostics                  INFO     - effective sample size = (180 iterations / integrated autocorrelation time) (reliable) is 183.
[000995.71]  06-07 04:55  Diagnostics                  INFO     - max variation of integrated autocorrelation time is 0.0209.
Saving PMC state to /global/cfs/cdirs/desi/users/shengyu/Y3/full-shape/redshift_errors/fits/cosmo-base_LRG1-z0.4-0.6-mean25-S2-863970d7/chain_0.pocomc.state
[001041.35]  06-07 04:55  Chain                        INFO     Saving /global/cfs/cdirs/desi/users/shengyu/Y3/full-shape/redshift_errors/fits/cosmo-base_LRG1-z0.4-0.6-mean25-S2-863970d7/chain_0.npy.
[001041.42]  06-07 04:55  PocoMCSampler                INFO     Diagnostics:
[001041.45]  06-07 04:55  Diagnostics                  INFO     - max eigen Gelman-Rubin - 1 is 0.0126; < 0.02.
[001041.47]  06-07 04:55  Diagnostics                  INFO     - max diag Gelman-Rubin - 1 is 0.00234.
[001041.57]  06-07 04:55  Diagnostics                  INFO     - max diag Gelman-Rubin - 1 at 1.0 sigmas is 0.0102.
[001041.58]  06-07 04:55  Diagnostics                  INFO     - max Geweke is 0.0814.
[001041.58]  06-07 04:55  Diagnostics                  INFO     - Geweke p-value is 0.297.
[001041.94]  06-07 04:55  Diagnostics                  INFO     - effective sample size = (190 iterations / integrated autocorrelation time) (reliable) is 194.
[001041.94]  06-07 04:55  Diagnostics                  INFO     - max variation of integrated autocorrelation time is 0.0171.
Saving PMC state to /global/cfs/cdirs/desi/users/shengyu/Y3/full-shape/redshift_errors/fits/cosmo-base_LRG1-z0.4-0.6-mean25-S2-863970d7/chain_0.pocomc.state
[001087.47]  06-07 04:56  Chain                        INFO     Saving /global/cfs/cdirs/desi/users/shengyu/Y3/full-shape/redshift_errors/fits/cosmo-base_LRG1-z0.4-0.6-mean25-S2-863970d7/chain_0.npy.
[001087.55]  06-07 04:56  PocoMCSampler                INFO     Diagnostics:
[001087.58]  06-07 04:56  Diagnostics                  INFO     - max eigen Gelman-Rubin - 1 is 0.00588; < 0.02.
[001087.60]  06-07 04:56  Diagnostics                  INFO     - max diag Gelman-Rubin - 1 is 0.00152.
[001087.70]  06-07 04:56  Diagnostics                  INFO     - max diag Gelman-Rubin - 1 at 1.0 sigmas is 0.00957.
[001087.71]  06-07 04:56  Diagnostics                  INFO     - max Geweke is 0.0699.
[001087.71]  06-07 04:56  Diagnostics                  INFO     - Geweke p-value is 0.128.
[001088.06]  06-07 04:56  Diagnostics                  INFO     - effective sample size = (200 iterations / integrated autocorrelation time) (reliable) is 205.
[001088.06]  06-07 04:56  Diagnostics                  INFO     - max variation of integrated autocorrelation time is 0.0189.
